2026-03-28T03:10:28
jq: parse error: Invalid numeric literal at line 1, column 7
The project 'DPDK' doesn't exist.

run-dpdk-ci.sh exits because loongarch-dpdk-ci.sh is running
2026-03-27T03:19:00
https://patches.dpdk.org/api/events/?category=series-completed&page=1&since=2026-03-27T03:19:00
fetched series ids: 37785 37784 37783 37782 37781 37780 37779 37778 
2026-03-28T11:25:03 /home/loongson/.dpdk/dpdk-ci/tools/test-series.sh 37785
download-series.sh: request https://patches.dpdk.org/api/series/37785
pwid(s) for series 37785: 162762 
The number of patch(es) is: 1
/home/loongson/.dpdk/dpdk-ci/tools/../series/37785/162762.patch lines: 147
download series done!
list trees for series 37785: dpdk
try to apply on dpdk ...
Switched to branch 'unused'
Deleted branch main (was 626d4e3932).
Switched to a new branch 'main'
branch 'main' set up to track 'origin/main'.
need to update git base
Already up to date.
Deleted branch s-37785 (was dd614a1bbb).
Switched to a new branch 's-37785'
Applying: doc: update release notes for 26.03
Insert one base commit: 37785 626d4e39327333cd5508885162e45ca7fb94ef7f
The Meson build system
Version: 1.4.1
Source dir: /home/loongson/.dpdk/dpdk
Build dir: /home/loongson/.dpdk/dpdk/build
Build type: native build
Project name: DPDK
Project version: 26.03.0-rc3
C compiler for the host machine: cc (gcc 12.3.0 "cc (GCC) 12.3.0 20230508 (Loongnix OS 12.3.0-10)")
C linker for the host machine: cc ld.bfd 2.41-5
Host machine cpu family: loongarch64
Host machine cpu: loongarch64
Message: ## Building in Developer Mode ##
Program pkg-config found: YES (/usr/bin/pkg-config)
Program check-symbols.sh found: YES (/home/loongson/.dpdk/dpdk/buildtools/check-symbols.sh)
Program options-ibverbs-static.sh found: YES (/home/loongson/.dpdk/dpdk/buildtools/options-ibverbs-static.sh)
Program python3 found: YES (/usr/bin/python3)
Program python3 (elftools) found: YES (/usr/bin/python3) modules: elftools
Message: Minimum Meson required version is 0.57.2
Program cat found: YES (/usr/bin/cat)
Compiler for C supports arguments -march=native: YES 
Checking for size of "void *" : 8 
Checking for size of "void *" : 8 (cached)
Compiler for C supports link arguments -Wl,--undefined-version: YES 
Library m found: YES
Library numa found: YES
Has header "numaif.h" : YES 
Library fdt found: NO
Library execinfo found: NO
Has header "execinfo.h" : YES 
Found pkg-config: YES (/usr/bin/pkg-config) 1.9.5
Run-time dependency libarchive found: NO (tried pkgconfig)
Run-time dependency libbsd found: NO (tried pkgconfig)
Run-time dependency jansson found: NO (tried pkgconfig)
Run-time dependency openssl found: YES 3.0.12
Run-time dependency libpcap found: YES 1.10.4
Has header "pcap.h" with dependency libpcap: YES 
Compiler for C supports arguments -Wvla: YES 
Compiler for C supports arguments -Wno-shadow: YES 
Compiler for C supports arguments -Wno-comma: NO 
Compiler for C supports arguments -Wcast-qual: YES 
Compiler for C supports arguments -Wcomma: NO 
Compiler for C supports arguments -Wdeprecated: YES 
Compiler for C supports arguments -Wformat: YES 
Compiler for C supports arguments -Wformat-nonliteral: YES 
Compiler for C supports arguments -Wformat-security: YES 
Compiler for C supports arguments -Wmissing-declarations: YES 
Compiler for C supports arguments -Wmissing-prototypes: YES 
Compiler for C supports arguments -Wnested-externs: YES 
Compiler for C supports arguments -Wold-style-definition: YES 
Compiler for C supports arguments -Wpointer-arith: YES 
Compiler for C supports arguments -Wshadow: YES 
Compiler for C supports arguments -Wsign-compare: YES 
Compiler for C supports arguments -Wstrict-prototypes: YES 
Compiler for C supports arguments -Wundef: YES 
Compiler for C supports arguments -Wwrite-strings: YES 
Compiler for C supports arguments -Wno-packed-not-aligned: YES 
Compiler for C supports arguments -Wno-missing-field-initializers: YES 
Compiler for C supports arguments -fzero-init-padding-bits=all: NO 
Message: Implementer : Generic loongarch
Message: ['-march=loongarch64']
Message: lib/log: Defining dependency "log"
Message: lib/kvargs: Defining dependency "kvargs"
Message: lib/argparse: Defining dependency "argparse"
Message: lib/telemetry: Defining dependency "telemetry"
Message: lib/pmu: Defining dependency "pmu"
Checking for function "pthread_attr_setaffinity_np" : YES 
Checking for function "getentropy" : NO 
Message: lib/eal: Defining dependency "eal"
Message: lib/ptr_compress: Defining dependency "ptr_compress"
Message: lib/ring: Defining dependency "ring"
Message: lib/rcu: Defining dependency "rcu"
Message: lib/mempool: Defining dependency "mempool"
Message: lib/mbuf: Defining dependency "mbuf"
Message: lib/net: Defining dependency "net"
Message: lib/meter: Defining dependency "meter"
Message: lib/ethdev: Defining dependency "ethdev"
Message: lib/pci: Defining dependency "pci"
Message: lib/cmdline: Defining dependency "cmdline"
Message: lib/metrics: Defining dependency "metrics"
Message: lib/hash: Defining dependency "hash"
Message: lib/timer: Defining dependency "timer"
Message: lib/acl: Defining dependency "acl"
Message: lib/bbdev: Defining dependency "bbdev"
Message: lib/bitratestats: Defining dependency "bitratestats"
Run-time dependency libelf found: YES 0.190
Message: lib/bpf: Defining dependency "bpf"
Message: lib/cfgfile: Defining dependency "cfgfile"
Message: lib/compressdev: Defining dependency "compressdev"
Message: lib/cryptodev: Defining dependency "cryptodev"
Message: lib/distributor: Defining dependency "distributor"
Message: lib/dmadev: Defining dependency "dmadev"
Message: lib/efd: Defining dependency "efd"
Message: lib/eventdev: Defining dependency "eventdev"
Message: lib/dispatcher: Defining dependency "dispatcher"
Message: lib/gpudev: Defining dependency "gpudev"
Message: lib/gro: Defining dependency "gro"
Message: lib/gso: Defining dependency "gso"
Message: lib/ip_frag: Defining dependency "ip_frag"
Message: lib/jobstats: Defining dependency "jobstats"
Message: lib/latencystats: Defining dependency "latencystats"
Message: lib/lpm: Defining dependency "lpm"
Message: lib/member: Defining dependency "member"
Message: lib/pcapng: Defining dependency "pcapng"
Message: lib/power: Defining dependency "power"
Message: lib/rawdev: Defining dependency "rawdev"
Message: lib/regexdev: Defining dependency "regexdev"
Message: lib/mldev: Defining dependency "mldev"
Message: lib/rib: Defining dependency "rib"
Message: lib/reorder: Defining dependency "reorder"
Message: lib/sched: Defining dependency "sched"
Message: lib/security: Defining dependency "security"
Message: lib/stack: Defining dependency "stack"
Has header "linux/userfaultfd.h" : YES 
Compiler for C supports arguments -fno-strict-aliasing: YES 
Compiler for C supports arguments -Wno-address-of-packed-member: YES 
Message: lib/vhost: Defining dependency "vhost"
Message: lib/ipsec: Defining dependency "ipsec"
Message: lib/pdcp: Defining dependency "pdcp"
Message: lib/fib: Defining dependency "fib"
Message: lib/port: Defining dependency "port"
Message: lib/pdump: Defining dependency "pdump"
Message: lib/table: Defining dependency "table"
Message: lib/pipeline: Defining dependency "pipeline"
Message: lib/graph: Defining dependency "graph"
Message: lib/node: Defining dependency "node"
Compiler for C supports arguments -Wno-format-truncation: YES 
Compiler for C supports arguments -Wno-address-of-packed-member: YES (cached)
Message: drivers/common/cpt: Defining dependency "common_cpt"
Compiler for C supports arguments -Wno-cast-qual: YES 
Compiler for C supports arguments -Wno-pointer-arith: YES 
Message: drivers/common/dpaax: Defining dependency "common_dpaax"
Message: drivers/common/ionic: Defining dependency "common_ionic"
Run-time dependency libmusdk found: NO (tried pkgconfig)
Message: drivers/common/octeontx: Defining dependency "common_octeontx"
Message: drivers/bus/auxiliary: Defining dependency "bus_auxiliary"
Message: drivers/bus/cdx: Defining dependency "bus_cdx"
Compiler for C supports arguments -Wno-cast-qual: YES (cached)
Compiler for C supports arguments -Wno-pointer-arith: YES (cached)
Message: drivers/bus/dpaa: Defining dependency "bus_dpaa"
Message: drivers/bus/fslmc: Defining dependency "bus_fslmc"
Message: drivers/bus/ifpga: Defining dependency "bus_ifpga"
Message: drivers/bus/pci: Defining dependency "bus_pci"
Message: drivers/bus/platform: Defining dependency "bus_platform"
Message: drivers/bus/uacce: Defining dependency "bus_uacce"
Message: drivers/bus/vdev: Defining dependency "bus_vdev"
Message: drivers/bus/vmbus: Defining dependency "bus_vmbus"
Message: drivers/common/cnxk: Defining dependency "common_cnxk"
Compiler for C supports arguments -std=c11: YES 
Compiler for C supports arguments -Wno-strict-prototypes: YES 
Compiler for C supports arguments -D_BSD_SOURCE: YES 
Compiler for C supports arguments -D_DEFAULT_SOURCE: YES 
Compiler for C supports arguments -D_XOPEN_SOURCE=600: YES 
Run-time dependency libmlx5 found: YES 1.25.54.0
Run-time dependency libibverbs found: YES 1.14.54.0
Library mtcr_ul found: NO
Header "infiniband/verbs.h" has symbol "IBV_FLOW_SPEC_ESP" with dependencies libmlx5, libibverbs: YES 
Header "infiniband/verbs.h" has symbol "IBV_RX_HASH_IPSEC_SPI" with dependencies libmlx5, libibverbs: YES 
Header "infiniband/verbs.h" has symbol "IBV_ACCESS_RELAXED_ORDERING " with dependencies libmlx5, libibverbs: YES 
Header "infiniband/mlx5dv.h" has symbol "MLX5DV_CQE_RES_FORMAT_CSUM_STRIDX" with dependencies libmlx5, libibverbs: YES 
Header "infiniband/mlx5dv.h" has symbol "MLX5DV_CONTEXT_MASK_TUNNEL_OFFLOADS" with dependencies libmlx5, libibverbs: YES 
Header "infiniband/mlx5dv.h" has symbol "MLX5DV_CONTEXT_FLAGS_MPW_ALLOWED" with dependencies libmlx5, libibverbs: YES 
Header "infiniband/mlx5dv.h" has symbol "MLX5DV_CONTEXT_FLAGS_CQE_128B_COMP" with dependencies libmlx5, libibverbs: YES 
Header "infiniband/mlx5dv.h" has symbol "MLX5DV_CQ_INIT_ATTR_FLAGS_CQE_PAD" with dependencies libmlx5, libibverbs: YES 
Header "infiniband/mlx5dv.h" has symbol "mlx5dv_create_flow_action_packet_reformat" with dependencies libmlx5, libibverbs: YES 
Header "infiniband/verbs.h" has symbol "IBV_FLOW_SPEC_MPLS" with dependencies libmlx5, libibverbs: YES 
Header "infiniband/verbs.h" has symbol "IBV_WQ_FLAGS_PCI_WRITE_END_PADDING" with dependencies libmlx5, libibverbs: YES 
Header "infiniband/verbs.h" has symbol "IBV_WQ_FLAG_RX_END_PADDING" with dependencies libmlx5, libibverbs: NO 
Header "infiniband/mlx5dv.h" has symbol "mlx5dv_query_devx_port" with dependencies libmlx5, libibverbs: NO 
Header "infiniband/mlx5dv.h" has symbol "mlx5dv_query_port" with dependencies libmlx5, libibverbs: YES 
Header "infiniband/mlx5dv.h" has symbol "mlx5dv_dr_action_create_dest_ib_port" with dependencies libmlx5, libibverbs: YES 
Header "infiniband/mlx5dv.h" has symbol "mlx5dv_devx_obj_create" with dependencies libmlx5, libibverbs: YES 
Header "infiniband/mlx5dv.h" has symbol "MLX5DV_FLOW_ACTION_COUNTERS_DEVX" with dependencies libmlx5, libibverbs: YES 
Header "infiniband/mlx5dv.h" has symbol "MLX5DV_FLOW_ACTION_DEFAULT_MISS" with dependencies libmlx5, libibverbs: YES 
Header "infiniband/mlx5dv.h" has symbol "mlx5dv_devx_obj_query_async" with dependencies libmlx5, libibverbs: YES 
Header "infiniband/mlx5dv.h" has symbol "mlx5dv_devx_qp_query" with dependencies libmlx5, libibverbs: YES 
Header "infiniband/mlx5dv.h" has symbol "mlx5dv_pp_alloc" with dependencies libmlx5, libibverbs: YES 
Header "infiniband/mlx5dv.h" has symbol "mlx5dv_dr_action_create_dest_devx_tir" with dependencies libmlx5, libibverbs: YES 
Header "infiniband/mlx5dv.h" has symbol "mlx5dv_devx_get_event" with dependencies libmlx5, libibverbs: YES 
Header "infiniband/mlx5dv.h" has symbol "mlx5dv_dr_action_create_flow_meter" with dependencies libmlx5, libibverbs: YES 
Header "infiniband/mlx5dv.h" has symbol "MLX5_MMAP_GET_NC_PAGES_CMD" with dependencies libmlx5, libibverbs: YES 
Header "infiniband/mlx5dv.h" has symbol "MLX5DV_DR_DOMAIN_TYPE_NIC_RX" with dependencies libmlx5, libibverbs: YES 
Header "infiniband/mlx5dv.h" has symbol "MLX5DV_DR_DOMAIN_TYPE_FDB" with dependencies libmlx5, libibverbs: YES 
Header "infiniband/mlx5dv.h" has symbol "mlx5dv_dr_action_create_push_vlan" with dependencies libmlx5, libibverbs: YES 
Header "infiniband/mlx5dv.h" has symbol "mlx5dv_alloc_var" with dependencies libmlx5, libibverbs: YES 
Header "infiniband/mlx5dv.h" has symbol "MLX5_OPCODE_ENHANCED_MPSW" with dependencies libmlx5, libibverbs: NO 
Header "infiniband/mlx5dv.h" has symbol "MLX5_OPCODE_SEND_EN" with dependencies libmlx5, libibverbs: NO 
Header "infiniband/mlx5dv.h" has symbol "MLX5_OPCODE_WAIT" with dependencies libmlx5, libibverbs: NO 
Header "infiniband/mlx5dv.h" has symbol "MLX5_OPCODE_ACCESS_ASO" with dependencies libmlx5, libibverbs: NO 
Header "linux/if_link.h" has symbol "IFLA_NUM_VF" with dependencies libmlx5, libibverbs: YES 
Header "linux/if_link.h" has symbol "IFLA_EXT_MASK" with dependencies libmlx5, libibverbs: YES 
Header "linux/if_link.h" has symbol "IFLA_PHYS_SWITCH_ID" with dependencies libmlx5, libibverbs: YES 
Header "linux/if_link.h" has symbol "IFLA_PHYS_PORT_NAME" with dependencies libmlx5, libibverbs: YES 
Header "rdma/rdma_netlink.h" has symbol "RDMA_NL_NLDEV" with dependencies libmlx5, libibverbs: YES 
Header "rdma/rdma_netlink.h" has symbol "RDMA_NLDEV_CMD_GET" with dependencies libmlx5, libibverbs: YES 
Header "rdma/rdma_netlink.h" has symbol "RDMA_NLDEV_CMD_PORT_GET" with dependencies libmlx5, libibverbs: YES 
Header "rdma/rdma_netlink.h" has symbol "RDMA_NLDEV_ATTR_DEV_INDEX" with dependencies libmlx5, libibverbs: YES 
Header "rdma/rdma_netlink.h" has symbol "RDMA_NLDEV_ATTR_DEV_NAME" with dependencies libmlx5, libibverbs: YES 
Header "rdma/rdma_netlink.h" has symbol "RDMA_NLDEV_ATTR_PORT_INDEX" with dependencies libmlx5, libibverbs: YES 
Header "rdma/rdma_netlink.h" has symbol "RDMA_NLDEV_ATTR_PORT_STATE" with dependencies libmlx5, libibverbs: YES 
Header "rdma/rdma_netlink.h" has symbol "RDMA_NLDEV_ATTR_NDEV_INDEX" with dependencies libmlx5, libibverbs: YES 
Header "rdma/rdma_netlink.h" has symbol "RDMA_NL_GROUP_NOTIFY" with dependencies libmlx5, libibverbs: NO 
Header "rdma/rdma_netlink.h" has symbol "RDMA_NLDEV_CMD_SYS_GET" with dependencies libmlx5, libibverbs: YES 
Header "rdma/rdma_netlink.h" has symbol "RDMA_NLDEV_SYS_ATTR_MONITOR_MODE" with dependencies libmlx5, libibverbs: NO 
Header "rdma/rdma_netlink.h" has symbol "RDMA_NLDEV_ATTR_EVENT_TYPE" with dependencies libmlx5, libibverbs: NO 
Header "rdma/rdma_netlink.h" has symbol "RDMA_NLDEV_CMD_MONITOR" with dependencies libmlx5, libibverbs: NO 
Header "infiniband/mlx5dv.h" has symbol "mlx5dv_dump_dr_domain" with dependencies libmlx5, libibverbs: YES 
Header "infiniband/mlx5dv.h" has symbol "mlx5dv_dr_action_create_flow_sampler" with dependencies libmlx5, libibverbs: YES 
Header "infiniband/mlx5dv.h" has symbol "mlx5dv_dr_domain_set_reclaim_device_memory" with dependencies libmlx5, libibverbs: YES 
Header "infiniband/mlx5dv.h" has symbol "mlx5dv_dr_action_create_dest_array" with dependencies libmlx5, libibverbs: YES 
Header "linux/devlink.h" has symbol "DEVLINK_GENL_NAME" with dependencies libmlx5, libibverbs: YES 
Header "infiniband/mlx5dv.h" has symbol "mlx5dv_dr_action_create_aso" with dependencies libmlx5, libibverbs: YES 
Header "infiniband/verbs.h" has symbol "INFINIBAND_VERBS_H" with dependencies libmlx5, libibverbs: YES 
Header "infiniband/mlx5dv.h" has symbol "MLX5_WQE_UMR_CTRL_FLAG_INLINE" with dependencies libmlx5, libibverbs: YES 
Header "infiniband/mlx5dv.h" has symbol "mlx5dv_dump_dr_rule" with dependencies libmlx5, libibverbs: YES 
Header "infiniband/mlx5dv.h" has symbol "MLX5DV_DR_ACTION_FLAGS_ASO_CT_DIRECTION_INITIATOR" with dependencies libmlx5, libibverbs: YES 
Header "infiniband/mlx5dv.h" has symbol "mlx5dv_dr_domain_allow_duplicate_rules" with dependencies libmlx5, libibverbs: YES 
Header "infiniband/verbs.h" has symbol "ibv_reg_mr_iova" with dependencies libmlx5, libibverbs: YES 
Header "infiniband/verbs.h" has symbol "ibv_import_device" with dependencies libmlx5, libibverbs: YES 
Header "infiniband/mlx5dv.h" has symbol "mlx5dv_dr_action_create_dest_root_table" with dependencies libmlx5, libibverbs: YES 
Header "infiniband/mlx5dv.h" has symbol "mlx5dv_create_steering_anchor" with dependencies libmlx5, libibverbs: YES 
Header "infiniband/verbs.h" has symbol "ibv_is_fork_initialized" with dependencies libmlx5, libibverbs: YES 
Header "infiniband/mlx5dv.h" has symbol "MLX5DV_CONTEXT_MASK_REG_C0" with dependencies libmlx5, libibverbs: YES 
Header "infiniband/mlx5dv.h" has symbol "MLX5DV_FLOW_ACTION_COUNTERS_DEVX_WITH_OFFSET" with dependencies libmlx5, libibverbs: NO 
Checking whether type "struct mlx5dv_sw_parsing_caps" has member "sw_parsing_offloads" with dependencies libmlx5, libibverbs: YES 
Checking whether type "struct ibv_counter_set_init_attr" has member "counter_set_id" with dependencies libmlx5, libibverbs: NO 
Checking whether type "struct ibv_counters_init_attr" has member "comp_mask" with dependencies libmlx5, libibverbs: YES 
Checking whether type "struct mlx5dv_devx_uar" has member "mmap_off" with dependencies libmlx5, libibverbs: YES 
Checking whether type "struct mlx5dv_flow_matcher_attr" has member "ft_type" with dependencies libmlx5, libibverbs: YES 
Configuring mlx5_autoconf.h using configuration
Message: drivers/common/mlx5: Defining dependency "common_mlx5"
Message: drivers/common/nfp: Defining dependency "common_nfp"
Message: drivers/common/nitrox: Defining dependency "common_nitrox"
Run-time dependency libcrypto found: YES 3.0.12
Library IPSec_MB found: NO
Message: drivers/common/qat: Defining dependency "common_qat"
Compiler for C supports arguments -Wdisabled-optimization: YES 
Compiler for C supports arguments -Waggregate-return: YES 
Compiler for C supports arguments -Wbad-function-cast: YES 
Compiler for C supports arguments -Wno-sign-compare: YES 
Compiler for C supports arguments -Wno-unused-parameter: YES 
Compiler for C supports arguments -Wno-unused-variable: YES 
Compiler for C supports arguments -Wno-empty-body: YES 
Compiler for C supports arguments -Wno-unused-but-set-variable: YES 
Message: drivers/common/zsda: Defining dependency "common_zsda"
Message: drivers/mempool/bucket: Defining dependency "mempool_bucket"
Message: drivers/mempool/cnxk: Defining dependency "mempool_cnxk"
Message: drivers/mempool/dpaa: Defining dependency "mempool_dpaa"
Message: drivers/mempool/dpaa2: Defining dependency "mempool_dpaa2"
Message: drivers/mempool/octeontx: Defining dependency "mempool_octeontx"
Message: drivers/mempool/ring: Defining dependency "mempool_ring"
Message: drivers/mempool/stack: Defining dependency "mempool_stack"
Compiler for C supports arguments -Wno-uninitialized: YES 
Message: drivers/dma/cnxk: Defining dependency "dma_cnxk"
Compiler for C supports arguments -Wno-pointer-arith: YES (cached)
Message: drivers/dma/dpaa: Defining dependency "dma_dpaa"
Compiler for C supports arguments -Wno-pointer-arith: YES (cached)
Message: drivers/dma/dpaa2: Defining dependency "dma_dpaa2"
Message: drivers/dma/odm: Defining dependency "dma_odm"
Message: drivers/dma/skeleton: Defining dependency "dma_skeleton"
Message: drivers/net/af_packet: Defining dependency "net_af_packet"
Run-time dependency libxdp found: NO (tried pkgconfig)
Run-time dependency libbpf found: YES 1.2.2
Has header "linux/if_xdp.h" : YES 
Has header "bpf/xsk.h" : NO 
Message: drivers/net/ark: Defining dependency "net_ark"
Message: drivers/net/atlantic: Defining dependency "net_atlantic"
Message: drivers/net/avp: Defining dependency "net_avp"
Message: drivers/net/axgbe: Defining dependency "net_axgbe"
Run-time dependency zlib found: YES 1.2.13
Message: drivers/net/bnx2x: Defining dependency "net_bnx2x"
Compiler for C supports arguments -DSUPPORT_CFA_HW_P70=1: YES 
Compiler for C supports arguments -DSUPPORT_CFA_HW_P70=1: YES (cached)
Compiler for C supports arguments -DCFA_BLD_PRINT_OBJ=1: YES 
Message: drivers/net/bnxt: Defining dependency "net_bnxt"
Message: drivers/net/bonding: Defining dependency "net_bond"
Compiler for C supports arguments -flax-vector-conversions: YES 
Compiler for C supports arguments -Wno-strict-aliasing: YES 
Message: drivers/net/cnxk: Defining dependency "net_cnxk"
Message: drivers/net/cxgbe: Defining dependency "net_cxgbe"
Compiler for C supports arguments -Wno-pointer-arith: YES (cached)
Message: drivers/net/dpaa: Defining dependency "net_dpaa"
Message: drivers/net/dpaa2: Defining dependency "net_dpaa2"
Message: drivers/net/ena: Defining dependency "net_ena"
Message: drivers/net/enetc: Defining dependency "net_enetc"
Message: drivers/net/enetfec: Defining dependency "net_enetfec"
Message: drivers/net/enic: Defining dependency "net_enic"
Message: drivers/net/failsafe: Defining dependency "net_failsafe"
Message: drivers/net/gve: Defining dependency "net_gve"
Message: drivers/net/hinic: Defining dependency "net_hinic"
Message: drivers/net/intel/e1000: Defining dependency "net_e1000"
Message: drivers/net/intel/fm10k: Defining dependency "net_fm10k"
Message: drivers/net/intel/iavf: Defining dependency "net_iavf"
Compiler for C supports arguments -Wno-unused-but-set-variable: YES (cached)
Compiler for C supports arguments -Wno-unused-parameter: YES (cached)
Compiler for C supports arguments -Wno-array-bounds: YES 
Message: drivers/net/intel/ice: Defining dependency "net_ice"
Message: drivers/net/intel/idpf: Defining dependency "net_idpf"
Message: drivers/net/intel/ixgbe: Defining dependency "net_ixgbe"
Message: drivers/net/intel/cpfl: Defining dependency "net_cpfl"
Message: drivers/net/ionic: Defining dependency "net_ionic"
Message: drivers/net/memif: Defining dependency "net_memif"
Run-time dependency libmlx4 found: YES 1.0.54.0
Dependency libibverbs found: YES 1.14.54.0 (cached)
Compiler for C supports arguments -std=c11: YES (cached)
Compiler for C supports arguments -Wno-strict-prototypes: YES (cached)
Compiler for C supports arguments -D_BSD_SOURCE: YES (cached)
Compiler for C supports arguments -D_DEFAULT_SOURCE: YES (cached)
Compiler for C supports arguments -D_XOPEN_SOURCE=600: YES (cached)
Header "infiniband/mlx4dv.h" has symbol "MLX4DV_SET_CTX_ATTR_BUF_ALLOCATORS" with dependencies libmlx4, libibverbs: YES 
Header "infiniband/mlx4dv.h" has symbol "MLX4DV_QP_MASK_UAR_MMAP_OFFSET" with dependencies libmlx4, libibverbs: YES 
Checking whether type "struct mlx4_wqe_lso_seg" has member "mss_hdr_size" with dependencies libmlx4, libibverbs: YES 
Configuring mlx4_autoconf.h using configuration
Message: drivers/net/mlx4: Defining dependency "net_mlx4"
Compiler for C supports arguments -std=c11: YES (cached)
Compiler for C supports arguments -Wno-strict-prototypes: YES (cached)
Compiler for C supports arguments -D_BSD_SOURCE: YES (cached)
Compiler for C supports arguments -D_DEFAULT_SOURCE: YES (cached)
Compiler for C supports arguments -D_XOPEN_SOURCE=600: YES (cached)
Message: drivers/net/mlx5: Defining dependency "net_mlx5"
Run-time dependency libmusdk found: NO (tried pkgconfig)
Run-time dependency libmusdk found: NO (tried pkgconfig)
Message: drivers/net/nbl: Defining dependency "net_nbl"
Message: drivers/net/netvsc: Defining dependency "net_netvsc"
Run-time dependency netcope-common found: NO (tried pkgconfig)
Message: drivers/net/nfp: Defining dependency "net_nfp"
Message: drivers/net/ngbe: Defining dependency "net_ngbe"
Message: drivers/net/null: Defining dependency "net_null"
Message: drivers/net/octeontx: Defining dependency "net_octeontx"
Compiler for C supports arguments -Wno-strict-aliasing: YES (cached)
Compiler for C supports arguments -flax-vector-conversions: YES (cached)
Message: drivers/net/octeon_ep: Defining dependency "net_octeon_ep"
Message: drivers/net/pcap: Defining dependency "net_pcap"
Compiler for C supports arguments -Wno-pointer-arith: YES (cached)
Message: drivers/net/pfe: Defining dependency "net_pfe"
Compiler for C supports arguments -Wno-unused-parameter: YES (cached)
Compiler for C supports arguments -Wno-sign-compare: YES (cached)
Compiler for C supports arguments -Wno-missing-prototypes: YES 
Compiler for C supports arguments -Wno-cast-qual: YES (cached)
Compiler for C supports arguments -Wno-unused-function: YES 
Compiler for C supports arguments -Wno-unused-variable: YES (cached)
Compiler for C supports arguments -Wno-strict-aliasing: YES (cached)
Compiler for C supports arguments -Wno-missing-prototypes: YES (cached)
Compiler for C supports arguments -Wno-unused-value: YES 
Compiler for C supports arguments -Wno-format-nonliteral: YES 
Compiler for C supports arguments -Wno-shift-negative-value: YES 
Compiler for C supports arguments -Wno-unused-but-set-variable: YES (cached)
Compiler for C supports arguments -Wno-missing-declarations: YES 
Compiler for C supports arguments -Wno-maybe-uninitialized: YES 
Compiler for C supports arguments -Wno-strict-prototypes: YES (cached)
Compiler for C supports arguments -Wno-shift-negative-value: YES (cached)
Compiler for C supports arguments -Wno-implicit-fallthrough: YES 
Compiler for C supports arguments -Wno-format-extra-args: YES 
Compiler for C supports arguments -Wno-visibility: NO 
Compiler for C supports arguments -Wno-empty-body: YES (cached)
Compiler for C supports arguments -Wno-invalid-source-encoding: NO 
Compiler for C supports arguments -Wno-sometimes-uninitialized: NO 
Compiler for C supports arguments -Wno-pointer-bool-conversion: NO 
Compiler for C supports arguments -Wno-format-nonliteral: YES (cached)
Message: drivers/net/qede: Defining dependency "net_qede"
Message: drivers/net/r8169: Defining dependency "net_r8169"
Message: drivers/net/ring: Defining dependency "net_ring"
Message: drivers/net/rnp: Defining dependency "net_rnp"
Message: drivers/net/softnic: Defining dependency "net_softnic"
Header "linux/pkt_cls.h" has symbol "TCA_FLOWER_ACT" : YES 
Dependency libbpf found: YES 1.2.2 (cached)
Program bpftool /usr/sbin/bpftool found: NO
Message: net/tap: no RSS support missing bpftool
Message: drivers/net/tap: Defining dependency "net_tap"
Compiler for C supports arguments -fno-prefetch-loop-arrays: YES 
Compiler for C supports arguments -Wno-maybe-uninitialized: YES (cached)
Message: drivers/net/thunderx: Defining dependency "net_thunderx"
Message: drivers/net/txgbe: Defining dependency "net_txgbe"
Compiler for C supports arguments -D_BSD_SOURCE: YES (cached)
Compiler for C supports arguments -D_DEFAULT_SOURCE: YES (cached)
Compiler for C supports arguments -D_XOPEN_SOURCE=600: YES (cached)
Message: drivers/net/vdev_netvsc: Defining dependency "net_vdev_netvsc"
Message: drivers/net/vhost: Defining dependency "net_vhost"
Message: drivers/net/virtio: Defining dependency "net_virtio"
Compiler for C supports arguments -Wno-unused-parameter: YES (cached)
Compiler for C supports arguments -Wno-unused-value: YES (cached)
Compiler for C supports arguments -Wno-strict-aliasing: YES (cached)
Compiler for C supports arguments -Wno-format-extra-args: YES (cached)
Message: drivers/net/vmxnet3: Defining dependency "net_vmxnet3"
Message: drivers/net/xsc: Defining dependency "net_xsc"
Message: drivers/net/zxdh: Defining dependency "net_zxdh"
Message: drivers/raw/cnxk_bphy: Defining dependency "raw_cnxk_bphy"
Message: drivers/raw/cnxk_gpio: Defining dependency "raw_cnxk_gpio"
Message: drivers/raw/cnxk_rvu_lf: Defining dependency "raw_cnxk_rvu_lf"
Message: drivers/raw/dpaa2_cmdif: Defining dependency "raw_dpaa2_cmdif"
Message: drivers/raw/gdtc: Defining dependency "raw_gdtc"
Message: drivers/raw/ntb: Defining dependency "raw_ntb"
Message: drivers/raw/skeleton: Defining dependency "raw_skeleton"
Run-time dependency libaarch64crypto found: NO (tried pkgconfig)
Message: drivers/crypto/bcmfs: Defining dependency "crypto_bcmfs"
Message: drivers/crypto/caam_jr: Defining dependency "crypto_caam_jr"
Dependency libcrypto found: YES 3.0.12 (cached)
Message: drivers/crypto/ccp: Defining dependency "crypto_ccp"
Message: drivers/crypto/cnxk: Defining dependency "crypto_cnxk"
Message: drivers/crypto/dpaa_sec: Defining dependency "crypto_dpaa_sec"
Message: drivers/crypto/dpaa2_sec: Defining dependency "crypto_dpaa2_sec"
Message: drivers/crypto/ionic: Defining dependency "crypto_ionic"
Library IPSec_MB found: NO
Compiler for C supports arguments -std=c11: YES (cached)
Compiler for C supports arguments -Wno-strict-prototypes: YES (cached)
Compiler for C supports arguments -D_BSD_SOURCE: YES (cached)
Compiler for C supports arguments -D_DEFAULT_SOURCE: YES (cached)
Compiler for C supports arguments -D_XOPEN_SOURCE=600: YES (cached)
Message: drivers/crypto/mlx5: Defining dependency "crypto_mlx5"
Run-time dependency libmusdk found: NO (tried pkgconfig)
Message: drivers/crypto/nitrox: Defining dependency "crypto_nitrox"
Message: drivers/crypto/null: Defining dependency "crypto_null"
Message: drivers/crypto/octeontx: Defining dependency "crypto_octeontx"
Dependency libcrypto found: YES 3.0.12 (cached)
Message: drivers/crypto/openssl: Defining dependency "crypto_openssl"
Message: drivers/crypto/scheduler: Defining dependency "crypto_scheduler"
Run-time dependency libwd_crypto found: NO (tried pkgconfig)
Run-time dependency libwd found: NO (tried pkgconfig)
Message: drivers/crypto/virtio: Defining dependency "crypto_virtio"
Run-time dependency libisal found: NO (tried pkgconfig)
Compiler for C supports arguments -std=c11: YES (cached)
Compiler for C supports arguments -Wno-strict-prototypes: YES (cached)
Compiler for C supports arguments -D_BSD_SOURCE: YES (cached)
Compiler for C supports arguments -D_DEFAULT_SOURCE: YES (cached)
Compiler for C supports arguments -D_XOPEN_SOURCE=600: YES (cached)
Message: drivers/compress/mlx5: Defining dependency "compress_mlx5"
Message: drivers/compress/nitrox: Defining dependency "compress_nitrox"
Message: drivers/compress/octeontx: Defining dependency "compress_octeontx"
Run-time dependency libwd_comp found: NO (tried pkgconfig)
Run-time dependency libwd found: NO (tried pkgconfig)
Dependency zlib found: YES 1.2.13 (cached)
Message: drivers/compress/zlib: Defining dependency "compress_zlib"
Compiler for C supports arguments -std=c11: YES (cached)
Compiler for C supports arguments -Wno-strict-prototypes: YES (cached)
Compiler for C supports arguments -D_BSD_SOURCE: YES (cached)
Compiler for C supports arguments -D_DEFAULT_SOURCE: YES (cached)
Compiler for C supports arguments -D_XOPEN_SOURCE=600: YES (cached)
Message: drivers/regex/mlx5: Defining dependency "regex_mlx5"
Message: drivers/regex/cn9k: Defining dependency "regex_cn9k"
Message: drivers/ml/cnxk: libarchive not found
Message: drivers/ml/cnxk: jansson not found
Found CMake: /usr/bin/cmake (3.30.5)
Run-time dependency dlpack found: NO (tried cmake)
Message: drivers/ml/cnxk: dlpack not found
Run-time dependency dmlc found: NO (tried cmake)
Message: drivers/ml/cnxk: dmlc not found
Run-time dependency tvm found: NO (tried cmake)
Message: drivers/ml/cnxk: tvm_runtime not found
Run-time dependency tvmdp found: NO (tried pkgconfig)
Message: drivers/ml/cnxk: tvmdp not found
Message: drivers/ml/cnxk: Disabled TVM model support
Message: drivers/ml/cnxk: Defining dependency "ml_cnxk"
Message: drivers/vdpa/ifc: Defining dependency "vdpa_ifc"
Compiler for C supports arguments -std=c11: YES (cached)
Compiler for C supports arguments -Wno-strict-prototypes: YES (cached)
Compiler for C supports arguments -D_BSD_SOURCE: YES (cached)
Compiler for C supports arguments -D_DEFAULT_SOURCE: YES (cached)
Compiler for C supports arguments -D_XOPEN_SOURCE=600: YES (cached)
Message: drivers/vdpa/mlx5: Defining dependency "vdpa_mlx5"
Message: drivers/vdpa/nfp: Defining dependency "vdpa_nfp"
Compiler for C supports arguments -flax-vector-conversions: YES (cached)
Compiler for C supports arguments -Wno-strict-aliasing: YES (cached)
Message: drivers/event/cnxk: Defining dependency "event_cnxk"
Message: drivers/event/dpaa: Defining dependency "event_dpaa"
Message: drivers/event/dpaa2: Defining dependency "event_dpaa2"
Compiler for C supports arguments -Wno-format-nonliteral: YES (cached)
Message: drivers/event/dsw: Defining dependency "event_dsw"
Message: drivers/event/octeontx: Defining dependency "event_octeontx"
Message: drivers/event/opdl: Defining dependency "event_opdl"
Message: drivers/event/skeleton: Defining dependency "event_skeleton"
Message: drivers/event/sw: Defining dependency "event_sw"
Run-time dependency flexran_sdk_ldpc_decoder_5gnr found: NO (tried pkgconfig and cmake)
Message: drivers/baseband/acc: Defining dependency "baseband_acc"
Message: drivers/baseband/fpga_5gnr_fec: Defining dependency "baseband_fpga_5gnr_fec"
Message: drivers/baseband/fpga_lte_fec: Defining dependency "baseband_fpga_lte_fec"
Message: drivers/baseband/la12xx: Defining dependency "baseband_la12xx"
Message: drivers/baseband/null: Defining dependency "baseband_null"
Run-time dependency flexran_sdk_turbo found: NO (tried pkgconfig and cmake)
Run-time dependency flexran_sdk_ldpc_decoder_5gnr found: NO (tried pkgconfig and cmake)
Message: drivers/baseband/turbo_sw: Defining dependency "baseband_turbo_sw"
Has header "cuda.h" : NO 
Message: drivers/power/acpi: Defining dependency "power_acpi"
Message: drivers/power/amd_pstate: Defining dependency "power_amd_pstate"
Library e_smi64 found: NO
Message: drivers/power/cppc: Defining dependency "power_cppc"
Message: drivers/power/intel_pstate: Defining dependency "power_intel_pstate"
Message: drivers/power/intel_uncore: Defining dependency "power_intel_uncore"
Message: drivers/power/kvm_vm: Defining dependency "power_kvm_vm"
Has header "sys/epoll.h" : YES 
Dependency zlib found: YES 1.2.13 (cached)
Run-time dependency pcap found: YES 1.10.4
Compiler for C supports arguments -fno-strict-aliasing: YES (cached)
Program clang found: YES (/usr/bin/clang)
Program xxd found: YES (/usr/bin/xxd)
Message: hugepage availability: true
Program test_telemetry.sh found: YES (/home/loongson/.dpdk/dpdk/app/test/suites/test_telemetry.sh)
Program doxygen found: NO
Program sphinx-build found: NO
Configuring rte_build_config.h using configuration
Message: 
=================
Applications Enabled
=================

apps:
	dumpcap, graph, pdump, proc-info, test-acl, test-bbdev, test-cmdline, test-compress-perf, 
	test-crypto-perf, test-dma-perf, test-eventdev, test-fib, test-flow-perf, test-gpudev, test-mldev, test-pipeline, 
	test-pmd, test-regex, test-sad, test-security-perf, test, 

Message: 
=================
Libraries Enabled
=================

libs:
	log, kvargs, argparse, telemetry, pmu, eal, ptr_compress, ring, 
	rcu, mempool, mbuf, net, meter, ethdev, pci, cmdline, 
	metrics, hash, timer, acl, bbdev, bitratestats, bpf, cfgfile, 
	compressdev, cryptodev, distributor, dmadev, efd, eventdev, dispatcher, gpudev, 
	gro, gso, ip_frag, jobstats, latencystats, lpm, member, pcapng, 
	power, rawdev, regexdev, mldev, rib, reorder, sched, security, 
	stack, vhost, ipsec, pdcp, fib, port, pdump, table, 
	pipeline, graph, node, 

Message: 
===============
Drivers Enabled
===============

common:
	cpt, dpaax, ionic, octeontx, cnxk, mlx5, nfp, nitrox, 
	qat, zsda, 
bus:
	auxiliary, cdx, dpaa, fslmc, ifpga, pci, platform, uacce, 
	vdev, vmbus, 
mempool:
	bucket, cnxk, dpaa, dpaa2, octeontx, ring, stack, 
dma:
	cnxk, dpaa, dpaa2, odm, skeleton, 
net:
	af_packet, ark, atlantic, avp, axgbe, bnx2x, bnxt, bond, 
	cnxk, cxgbe, dpaa, dpaa2, ena, enetc, enetfec, enic, 
	failsafe, gve, hinic, e1000, fm10k, iavf, ice, idpf, 
	ixgbe, cpfl, ionic, memif, mlx4, mlx5, nbl, netvsc, 
	nfp, ngbe, null, octeontx, octeon_ep, pcap, pfe, qede, 
	r8169, ring, rnp, softnic, tap, thunderx, txgbe, vdev_netvsc, 
	vhost, virtio, vmxnet3, xsc, zxdh, 
raw:
	cnxk_bphy, cnxk_gpio, cnxk_rvu_lf, dpaa2_cmdif, gdtc, ntb, skeleton, 
crypto:
	bcmfs, caam_jr, ccp, cnxk, dpaa_sec, dpaa2_sec, ionic, mlx5, 
	nitrox, null, octeontx, openssl, scheduler, virtio, 
compress:
	mlx5, nitrox, octeontx, zlib, 
regex:
	mlx5, cn9k, 
ml:
	cnxk, 
vdpa:
	ifc, mlx5, nfp, 
event:
	cnxk, dpaa, dpaa2, dsw, octeontx, opdl, skeleton, sw, 
	
baseband:
	acc, fpga_5gnr_fec, fpga_lte_fec, la12xx, null, turbo_sw, 
gpu:
	
power:
	acpi, amd_pstate, cppc, intel_pstate, intel_uncore, kvm_vm, 

Message: 
=================
Content Skipped
=================

apps:
	
libs:
	
drivers:
	common/mvep:	missing dependency, "libmusdk"
	common/sfc_efx:	only supported on x86_64 and aarch64
	dma/hisi_acc:	only supported on x86_64 and aarch64
	dma/hisi_pciep:	only supported on x86_64 and aarch64
	dma/idxd:	only supported on x86
	dma/ioat:	only supported on x86
	net/af_xdp:	missing dependency, "libxdp >=1.2.2" and "libbpf"
	net/hinic3:	only supported on x86_64 and aarch64
	net/hns3:	only supported on x86_64 and aarch64
	net/intel/i40e:	not supported on LoongArch
	net/intel/ipn3ke:	missing dependency, "libfdt"
	net/mana:	only supported on x86 or arm64 Linux
	net/mvneta:	missing dependency, "libmusdk"
	net/mvpp2:	missing dependency, "libmusdk"
	net/nfb:	missing dependency, "libnfb"
	net/ntnic:	only supported on x86_64 Linux
	net/sfc:	only supported on x86_64 and aarch64
	raw/ifpga:	missing dependency, "libfdt"
	crypto/armv8:	missing dependency, "libAArch64crypto"
	crypto/ipsec_mb:	missing dependency, "libIPSec_MB"
	crypto/mvsam:	missing dependency, "libmusdk"
	crypto/uadk:	missing dependency, "libwd"
	compress/isal:	missing dependency, "libisal"
	compress/uadk:	missing dependency, "libwd"
	vdpa/sfc:	only supported on x86_64 and aarch64
	event/dlb2:	only supported on x86_64 Linux
	gpu/cuda:	missing dependency, "cuda.h"
	power/amd_uncore:	missing dependency, "libe_smi"
	

Message: DPDK build config complete:
  source path = "/home/loongson/.dpdk/dpdk"
  build path  = "/home/loongson/.dpdk/dpdk/build"
Build targets in project: 1080

Found ninja-1.11.1 at /usr/bin/ninja
WARNING: Running the setup command as `meson [options]` instead of `meson setup [options]` is ambiguous and deprecated.
meson & ninja build pass
finding context: loongarch-compilation for 162762 ...
contexts for 162762: "checkpatch" "loongarch-compilation" "loongarch-unit-testing" "github-robot: build"
test report for 162762 from loongarch-compilation existed!
send test report for series 37785 to John McNamara <john.mcnamara@intel.com>
touch: cannot touch '/home/loongson/.dpdk/dpdk-ci/tools/../reports/162762_report.txt': No such file or directory
2026-03-27T03:19:00
https://patches.dpdk.org/api/events/?category=series-completed&page=1&since=2026-03-27T03:19:00
fetched series ids: 37785 37784 37783 37782 37781 37780 37779 37778 
2026-03-28T11:30:03 /home/loongson/.dpdk/dpdk-ci/tools/test-series.sh 37785
download-series.sh: request https://patches.dpdk.org/api/series/37785
pwid(s) for series 37785: 162762 
The number of patch(es) is: 1
/home/loongson/.dpdk/dpdk-ci/tools/../series/37785/162762.patch lines: 147
download series done!
list trees for series 37785: dpdk
try to apply on dpdk ...
Switched to branch 'unused'
Deleted branch main (was 626d4e3932).
Switched to a new branch 'main'
branch 'main' set up to track 'origin/main'.
need to update git base
/home/loongson/.dpdk/dpdk-ci/tools/test-series.sh: line 106: 182126 Killed                  timeout -s SIGKILL 60s git pull --rebase
2026-03-27T03:19:00
https://patches.dpdk.org/api/events/?category=series-completed&page=1&since=2026-03-27T03:19:00
fetched series ids: 37785 37784 37783 37782 37781 37780 37779 37778 
2026-03-28T11:35:26 /home/loongson/.dpdk/dpdk-ci/tools/test-series.sh 37785
download-series.sh: request https://patches.dpdk.org/api/series/37785
pwid(s) for series 37785: 162762 
The number of patch(es) is: 1
/home/loongson/.dpdk/dpdk-ci/tools/../series/37785/162762.patch lines: 147
download series done!
list trees for series 37785: dpdk
try to apply on dpdk ...
Switched to branch 'unused'
Deleted branch main (was 626d4e3932).
Switched to a new branch 'main'
branch 'main' set up to track 'origin/main'.
need to update git base
Already up to date.
Deleted branch s-37785 (was be9b5f3839).
Switched to a new branch 's-37785'
Applying: doc: update release notes for 26.03
Insert one base commit: 37785 626d4e39327333cd5508885162e45ca7fb94ef7f
The Meson build system
Version: 1.4.1
Source dir: /home/loongson/.dpdk/dpdk
Build dir: /home/loongson/.dpdk/dpdk/build
Build type: native build
Project name: DPDK
Project version: 26.03.0-rc3
C compiler for the host machine: cc (gcc 12.3.0 "cc (GCC) 12.3.0 20230508 (Loongnix OS 12.3.0-10)")
C linker for the host machine: cc ld.bfd 2.41-5
Host machine cpu family: loongarch64
Host machine cpu: loongarch64
Message: ## Building in Developer Mode ##
Program pkg-config found: YES (/usr/bin/pkg-config)
Program check-symbols.sh found: YES (/home/loongson/.dpdk/dpdk/buildtools/check-symbols.sh)
Program options-ibverbs-static.sh found: YES (/home/loongson/.dpdk/dpdk/buildtools/options-ibverbs-static.sh)
Program python3 found: YES (/usr/bin/python3)
Program python3 (elftools) found: YES (/usr/bin/python3) modules: elftools
Message: Minimum Meson required version is 0.57.2
Program cat found: YES (/usr/bin/cat)
Compiler for C supports arguments -march=native: YES 
Checking for size of "void *" : 8 
Checking for size of "void *" : 8 (cached)
Compiler for C supports link arguments -Wl,--undefined-version: YES 
Library m found: YES
Library numa found: YES
Has header "numaif.h" : YES 
Library fdt found: NO
Library execinfo found: NO
Has header "execinfo.h" : YES 
Found pkg-config: YES (/usr/bin/pkg-config) 1.9.5
Run-time dependency libarchive found: NO (tried pkgconfig)
Run-time dependency libbsd found: NO (tried pkgconfig)
Run-time dependency jansson found: NO (tried pkgconfig)
Run-time dependency openssl found: YES 3.0.12
Run-time dependency libpcap found: YES 1.10.4
Has header "pcap.h" with dependency libpcap: YES 
Compiler for C supports arguments -Wvla: YES 
Compiler for C supports arguments -Wno-shadow: YES 
Compiler for C supports arguments -Wno-comma: NO 
Compiler for C supports arguments -Wcast-qual: YES 
Compiler for C supports arguments -Wcomma: NO 
Compiler for C supports arguments -Wdeprecated: YES 
Compiler for C supports arguments -Wformat: YES 
Compiler for C supports arguments -Wformat-nonliteral: YES 
Compiler for C supports arguments -Wformat-security: YES 
Compiler for C supports arguments -Wmissing-declarations: YES 
Compiler for C supports arguments -Wmissing-prototypes: YES 
Compiler for C supports arguments -Wnested-externs: YES 
Compiler for C supports arguments -Wold-style-definition: YES 
Compiler for C supports arguments -Wpointer-arith: YES 
Compiler for C supports arguments -Wshadow: YES 
Compiler for C supports arguments -Wsign-compare: YES 
Compiler for C supports arguments -Wstrict-prototypes: YES 
Compiler for C supports arguments -Wundef: YES 
Compiler for C supports arguments -Wwrite-strings: YES 
Compiler for C supports arguments -Wno-packed-not-aligned: YES 
Compiler for C supports arguments -Wno-missing-field-initializers: YES 
Compiler for C supports arguments -fzero-init-padding-bits=all: NO 
Message: Implementer : Generic loongarch
Message: ['-march=loongarch64']
Message: lib/log: Defining dependency "log"
Message: lib/kvargs: Defining dependency "kvargs"
Message: lib/argparse: Defining dependency "argparse"
Message: lib/telemetry: Defining dependency "telemetry"
Message: lib/pmu: Defining dependency "pmu"
Checking for function "pthread_attr_setaffinity_np" : YES 
Checking for function "getentropy" : NO 
Message: lib/eal: Defining dependency "eal"
Message: lib/ptr_compress: Defining dependency "ptr_compress"
Message: lib/ring: Defining dependency "ring"
Message: lib/rcu: Defining dependency "rcu"
Message: lib/mempool: Defining dependency "mempool"
Message: lib/mbuf: Defining dependency "mbuf"
Message: lib/net: Defining dependency "net"
Message: lib/meter: Defining dependency "meter"
Message: lib/ethdev: Defining dependency "ethdev"
Message: lib/pci: Defining dependency "pci"
Message: lib/cmdline: Defining dependency "cmdline"
Message: lib/metrics: Defining dependency "metrics"
Message: lib/hash: Defining dependency "hash"
Message: lib/timer: Defining dependency "timer"
Message: lib/acl: Defining dependency "acl"
Message: lib/bbdev: Defining dependency "bbdev"
Message: lib/bitratestats: Defining dependency "bitratestats"
Run-time dependency libelf found: YES 0.190
Message: lib/bpf: Defining dependency "bpf"
Message: lib/cfgfile: Defining dependency "cfgfile"
Message: lib/compressdev: Defining dependency "compressdev"
Message: lib/cryptodev: Defining dependency "cryptodev"
Message: lib/distributor: Defining dependency "distributor"
Message: lib/dmadev: Defining dependency "dmadev"
Message: lib/efd: Defining dependency "efd"
Message: lib/eventdev: Defining dependency "eventdev"
Message: lib/dispatcher: Defining dependency "dispatcher"
Message: lib/gpudev: Defining dependency "gpudev"
Message: lib/gro: Defining dependency "gro"
Message: lib/gso: Defining dependency "gso"
Message: lib/ip_frag: Defining dependency "ip_frag"
Message: lib/jobstats: Defining dependency "jobstats"
Message: lib/latencystats: Defining dependency "latencystats"
Message: lib/lpm: Defining dependency "lpm"
Message: lib/member: Defining dependency "member"
Message: lib/pcapng: Defining dependency "pcapng"
Message: lib/power: Defining dependency "power"
Message: lib/rawdev: Defining dependency "rawdev"
Message: lib/regexdev: Defining dependency "regexdev"
Message: lib/mldev: Defining dependency "mldev"
Message: lib/rib: Defining dependency "rib"
Message: lib/reorder: Defining dependency "reorder"
Message: lib/sched: Defining dependency "sched"
Message: lib/security: Defining dependency "security"
Message: lib/stack: Defining dependency "stack"
Has header "linux/userfaultfd.h" : YES 
Compiler for C supports arguments -fno-strict-aliasing: YES 
Compiler for C supports arguments -Wno-address-of-packed-member: YES 
Message: lib/vhost: Defining dependency "vhost"
Message: lib/ipsec: Defining dependency "ipsec"
Message: lib/pdcp: Defining dependency "pdcp"
Message: lib/fib: Defining dependency "fib"
Message: lib/port: Defining dependency "port"
Message: lib/pdump: Defining dependency "pdump"
Message: lib/table: Defining dependency "table"
Message: lib/pipeline: Defining dependency "pipeline"
Message: lib/graph: Defining dependency "graph"
Message: lib/node: Defining dependency "node"
Compiler for C supports arguments -Wno-format-truncation: YES 
Compiler for C supports arguments -Wno-address-of-packed-member: YES (cached)
Message: drivers/common/cpt: Defining dependency "common_cpt"
Compiler for C supports arguments -Wno-cast-qual: YES 
Compiler for C supports arguments -Wno-pointer-arith: YES 
Message: drivers/common/dpaax: Defining dependency "common_dpaax"
Message: drivers/common/ionic: Defining dependency "common_ionic"
Run-time dependency libmusdk found: NO (tried pkgconfig)
Message: drivers/common/octeontx: Defining dependency "common_octeontx"
Message: drivers/bus/auxiliary: Defining dependency "bus_auxiliary"
Message: drivers/bus/cdx: Defining dependency "bus_cdx"
Compiler for C supports arguments -Wno-cast-qual: YES (cached)
Compiler for C supports arguments -Wno-pointer-arith: YES (cached)
Message: drivers/bus/dpaa: Defining dependency "bus_dpaa"
Message: drivers/bus/fslmc: Defining dependency "bus_fslmc"
Message: drivers/bus/ifpga: Defining dependency "bus_ifpga"
Message: drivers/bus/pci: Defining dependency "bus_pci"
Message: drivers/bus/platform: Defining dependency "bus_platform"
Message: drivers/bus/uacce: Defining dependency "bus_uacce"
Message: drivers/bus/vdev: Defining dependency "bus_vdev"
Message: drivers/bus/vmbus: Defining dependency "bus_vmbus"
Message: drivers/common/cnxk: Defining dependency "common_cnxk"
Compiler for C supports arguments -std=c11: YES 
Compiler for C supports arguments -Wno-strict-prototypes: YES 
Compiler for C supports arguments -D_BSD_SOURCE: YES 
Compiler for C supports arguments -D_DEFAULT_SOURCE: YES 
Compiler for C supports arguments -D_XOPEN_SOURCE=600: YES 
Run-time dependency libmlx5 found: YES 1.25.54.0
Run-time dependency libibverbs found: YES 1.14.54.0
Library mtcr_ul found: NO
Header "infiniband/verbs.h" has symbol "IBV_FLOW_SPEC_ESP" with dependencies libmlx5, libibverbs: YES 
Header "infiniband/verbs.h" has symbol "IBV_RX_HASH_IPSEC_SPI" with dependencies libmlx5, libibverbs: YES 
Header "infiniband/verbs.h" has symbol "IBV_ACCESS_RELAXED_ORDERING " with dependencies libmlx5, libibverbs: YES 
Header "infiniband/mlx5dv.h" has symbol "MLX5DV_CQE_RES_FORMAT_CSUM_STRIDX" with dependencies libmlx5, libibverbs: YES 
Header "infiniband/mlx5dv.h" has symbol "MLX5DV_CONTEXT_MASK_TUNNEL_OFFLOADS" with dependencies libmlx5, libibverbs: YES 
Header "infiniband/mlx5dv.h" has symbol "MLX5DV_CONTEXT_FLAGS_MPW_ALLOWED" with dependencies libmlx5, libibverbs: YES 
Header "infiniband/mlx5dv.h" has symbol "MLX5DV_CONTEXT_FLAGS_CQE_128B_COMP" with dependencies libmlx5, libibverbs: YES 
Header "infiniband/mlx5dv.h" has symbol "MLX5DV_CQ_INIT_ATTR_FLAGS_CQE_PAD" with dependencies libmlx5, libibverbs: YES 
Header "infiniband/mlx5dv.h" has symbol "mlx5dv_create_flow_action_packet_reformat" with dependencies libmlx5, libibverbs: YES 
Header "infiniband/verbs.h" has symbol "IBV_FLOW_SPEC_MPLS" with dependencies libmlx5, libibverbs: YES 
Header "infiniband/verbs.h" has symbol "IBV_WQ_FLAGS_PCI_WRITE_END_PADDING" with dependencies libmlx5, libibverbs: YES 
Header "infiniband/verbs.h" has symbol "IBV_WQ_FLAG_RX_END_PADDING" with dependencies libmlx5, libibverbs: NO 
Header "infiniband/mlx5dv.h" has symbol "mlx5dv_query_devx_port" with dependencies libmlx5, libibverbs: NO 
Header "infiniband/mlx5dv.h" has symbol "mlx5dv_query_port" with dependencies libmlx5, libibverbs: YES 
Header "infiniband/mlx5dv.h" has symbol "mlx5dv_dr_action_create_dest_ib_port" with dependencies libmlx5, libibverbs: YES 
Header "infiniband/mlx5dv.h" has symbol "mlx5dv_devx_obj_create" with dependencies libmlx5, libibverbs: YES 
Header "infiniband/mlx5dv.h" has symbol "MLX5DV_FLOW_ACTION_COUNTERS_DEVX" with dependencies libmlx5, libibverbs: YES 
Header "infiniband/mlx5dv.h" has symbol "MLX5DV_FLOW_ACTION_DEFAULT_MISS" with dependencies libmlx5, libibverbs: YES 
Header "infiniband/mlx5dv.h" has symbol "mlx5dv_devx_obj_query_async" with dependencies libmlx5, libibverbs: YES 
Header "infiniband/mlx5dv.h" has symbol "mlx5dv_devx_qp_query" with dependencies libmlx5, libibverbs: YES 
Header "infiniband/mlx5dv.h" has symbol "mlx5dv_pp_alloc" with dependencies libmlx5, libibverbs: YES 
Header "infiniband/mlx5dv.h" has symbol "mlx5dv_dr_action_create_dest_devx_tir" with dependencies libmlx5, libibverbs: YES 
Header "infiniband/mlx5dv.h" has symbol "mlx5dv_devx_get_event" with dependencies libmlx5, libibverbs: YES 
Header "infiniband/mlx5dv.h" has symbol "mlx5dv_dr_action_create_flow_meter" with dependencies libmlx5, libibverbs: YES 
Header "infiniband/mlx5dv.h" has symbol "MLX5_MMAP_GET_NC_PAGES_CMD" with dependencies libmlx5, libibverbs: YES 
Header "infiniband/mlx5dv.h" has symbol "MLX5DV_DR_DOMAIN_TYPE_NIC_RX" with dependencies libmlx5, libibverbs: YES 
Header "infiniband/mlx5dv.h" has symbol "MLX5DV_DR_DOMAIN_TYPE_FDB" with dependencies libmlx5, libibverbs: YES 
Header "infiniband/mlx5dv.h" has symbol "mlx5dv_dr_action_create_push_vlan" with dependencies libmlx5, libibverbs: YES 
Header "infiniband/mlx5dv.h" has symbol "mlx5dv_alloc_var" with dependencies libmlx5, libibverbs: YES 
Header "infiniband/mlx5dv.h" has symbol "MLX5_OPCODE_ENHANCED_MPSW" with dependencies libmlx5, libibverbs: NO 
Header "infiniband/mlx5dv.h" has symbol "MLX5_OPCODE_SEND_EN" with dependencies libmlx5, libibverbs: NO 
Header "infiniband/mlx5dv.h" has symbol "MLX5_OPCODE_WAIT" with dependencies libmlx5, libibverbs: NO 
Header "infiniband/mlx5dv.h" has symbol "MLX5_OPCODE_ACCESS_ASO" with dependencies libmlx5, libibverbs: NO 
Header "linux/if_link.h" has symbol "IFLA_NUM_VF" with dependencies libmlx5, libibverbs: YES 
Header "linux/if_link.h" has symbol "IFLA_EXT_MASK" with dependencies libmlx5, libibverbs: YES 
Header "linux/if_link.h" has symbol "IFLA_PHYS_SWITCH_ID" with dependencies libmlx5, libibverbs: YES 
Header "linux/if_link.h" has symbol "IFLA_PHYS_PORT_NAME" with dependencies libmlx5, libibverbs: YES 
Header "rdma/rdma_netlink.h" has symbol "RDMA_NL_NLDEV" with dependencies libmlx5, libibverbs: YES 
Header "rdma/rdma_netlink.h" has symbol "RDMA_NLDEV_CMD_GET" with dependencies libmlx5, libibverbs: YES 
Header "rdma/rdma_netlink.h" has symbol "RDMA_NLDEV_CMD_PORT_GET" with dependencies libmlx5, libibverbs: YES 
Header "rdma/rdma_netlink.h" has symbol "RDMA_NLDEV_ATTR_DEV_INDEX" with dependencies libmlx5, libibverbs: YES 
Header "rdma/rdma_netlink.h" has symbol "RDMA_NLDEV_ATTR_DEV_NAME" with dependencies libmlx5, libibverbs: YES 
Header "rdma/rdma_netlink.h" has symbol "RDMA_NLDEV_ATTR_PORT_INDEX" with dependencies libmlx5, libibverbs: YES 
Header "rdma/rdma_netlink.h" has symbol "RDMA_NLDEV_ATTR_PORT_STATE" with dependencies libmlx5, libibverbs: YES 
Header "rdma/rdma_netlink.h" has symbol "RDMA_NLDEV_ATTR_NDEV_INDEX" with dependencies libmlx5, libibverbs: YES 
Header "rdma/rdma_netlink.h" has symbol "RDMA_NL_GROUP_NOTIFY" with dependencies libmlx5, libibverbs: NO 
Header "rdma/rdma_netlink.h" has symbol "RDMA_NLDEV_CMD_SYS_GET" with dependencies libmlx5, libibverbs: YES 
Header "rdma/rdma_netlink.h" has symbol "RDMA_NLDEV_SYS_ATTR_MONITOR_MODE" with dependencies libmlx5, libibverbs: NO 
Header "rdma/rdma_netlink.h" has symbol "RDMA_NLDEV_ATTR_EVENT_TYPE" with dependencies libmlx5, libibverbs: NO 
Header "rdma/rdma_netlink.h" has symbol "RDMA_NLDEV_CMD_MONITOR" with dependencies libmlx5, libibverbs: NO 
Header "infiniband/mlx5dv.h" has symbol "mlx5dv_dump_dr_domain" with dependencies libmlx5, libibverbs: YES 
Header "infiniband/mlx5dv.h" has symbol "mlx5dv_dr_action_create_flow_sampler" with dependencies libmlx5, libibverbs: YES 
Header "infiniband/mlx5dv.h" has symbol "mlx5dv_dr_domain_set_reclaim_device_memory" with dependencies libmlx5, libibverbs: YES 
Header "infiniband/mlx5dv.h" has symbol "mlx5dv_dr_action_create_dest_array" with dependencies libmlx5, libibverbs: YES 
Header "linux/devlink.h" has symbol "DEVLINK_GENL_NAME" with dependencies libmlx5, libibverbs: YES 
Header "infiniband/mlx5dv.h" has symbol "mlx5dv_dr_action_create_aso" with dependencies libmlx5, libibverbs: YES 
Header "infiniband/verbs.h" has symbol "INFINIBAND_VERBS_H" with dependencies libmlx5, libibverbs: YES 
Header "infiniband/mlx5dv.h" has symbol "MLX5_WQE_UMR_CTRL_FLAG_INLINE" with dependencies libmlx5, libibverbs: YES 
Header "infiniband/mlx5dv.h" has symbol "mlx5dv_dump_dr_rule" with dependencies libmlx5, libibverbs: YES 
Header "infiniband/mlx5dv.h" has symbol "MLX5DV_DR_ACTION_FLAGS_ASO_CT_DIRECTION_INITIATOR" with dependencies libmlx5, libibverbs: YES 
Header "infiniband/mlx5dv.h" has symbol "mlx5dv_dr_domain_allow_duplicate_rules" with dependencies libmlx5, libibverbs: YES 
Header "infiniband/verbs.h" has symbol "ibv_reg_mr_iova" with dependencies libmlx5, libibverbs: YES 
Header "infiniband/verbs.h" has symbol "ibv_import_device" with dependencies libmlx5, libibverbs: YES 
Header "infiniband/mlx5dv.h" has symbol "mlx5dv_dr_action_create_dest_root_table" with dependencies libmlx5, libibverbs: YES 
Header "infiniband/mlx5dv.h" has symbol "mlx5dv_create_steering_anchor" with dependencies libmlx5, libibverbs: YES 
Header "infiniband/verbs.h" has symbol "ibv_is_fork_initialized" with dependencies libmlx5, libibverbs: YES 
Header "infiniband/mlx5dv.h" has symbol "MLX5DV_CONTEXT_MASK_REG_C0" with dependencies libmlx5, libibverbs: YES 
Header "infiniband/mlx5dv.h" has symbol "MLX5DV_FLOW_ACTION_COUNTERS_DEVX_WITH_OFFSET" with dependencies libmlx5, libibverbs: NO 
Checking whether type "struct mlx5dv_sw_parsing_caps" has member "sw_parsing_offloads" with dependencies libmlx5, libibverbs: YES 
Checking whether type "struct ibv_counter_set_init_attr" has member "counter_set_id" with dependencies libmlx5, libibverbs: NO 
Checking whether type "struct ibv_counters_init_attr" has member "comp_mask" with dependencies libmlx5, libibverbs: YES 
Checking whether type "struct mlx5dv_devx_uar" has member "mmap_off" with dependencies libmlx5, libibverbs: YES 
Checking whether type "struct mlx5dv_flow_matcher_attr" has member "ft_type" with dependencies libmlx5, libibverbs: YES 
Configuring mlx5_autoconf.h using configuration
Message: drivers/common/mlx5: Defining dependency "common_mlx5"
Message: drivers/common/nfp: Defining dependency "common_nfp"
Message: drivers/common/nitrox: Defining dependency "common_nitrox"
Run-time dependency libcrypto found: YES 3.0.12
Library IPSec_MB found: NO
Message: drivers/common/qat: Defining dependency "common_qat"
Compiler for C supports arguments -Wdisabled-optimization: YES 
Compiler for C supports arguments -Waggregate-return: YES 
Compiler for C supports arguments -Wbad-function-cast: YES 
Compiler for C supports arguments -Wno-sign-compare: YES 
Compiler for C supports arguments -Wno-unused-parameter: YES 
Compiler for C supports arguments -Wno-unused-variable: YES 
Compiler for C supports arguments -Wno-empty-body: YES 
Compiler for C supports arguments -Wno-unused-but-set-variable: YES 
Message: drivers/common/zsda: Defining dependency "common_zsda"
Message: drivers/mempool/bucket: Defining dependency "mempool_bucket"
Message: drivers/mempool/cnxk: Defining dependency "mempool_cnxk"
Message: drivers/mempool/dpaa: Defining dependency "mempool_dpaa"
Message: drivers/mempool/dpaa2: Defining dependency "mempool_dpaa2"
Message: drivers/mempool/octeontx: Defining dependency "mempool_octeontx"
Message: drivers/mempool/ring: Defining dependency "mempool_ring"
Message: drivers/mempool/stack: Defining dependency "mempool_stack"
Compiler for C supports arguments -Wno-uninitialized: YES 
Message: drivers/dma/cnxk: Defining dependency "dma_cnxk"
Compiler for C supports arguments -Wno-pointer-arith: YES (cached)
Message: drivers/dma/dpaa: Defining dependency "dma_dpaa"
Compiler for C supports arguments -Wno-pointer-arith: YES (cached)
Message: drivers/dma/dpaa2: Defining dependency "dma_dpaa2"
Message: drivers/dma/odm: Defining dependency "dma_odm"
Message: drivers/dma/skeleton: Defining dependency "dma_skeleton"
Message: drivers/net/af_packet: Defining dependency "net_af_packet"
Run-time dependency libxdp found: NO (tried pkgconfig)
Run-time dependency libbpf found: YES 1.2.2
Has header "linux/if_xdp.h" : YES 
Has header "bpf/xsk.h" : NO 
Message: drivers/net/ark: Defining dependency "net_ark"
Message: drivers/net/atlantic: Defining dependency "net_atlantic"
Message: drivers/net/avp: Defining dependency "net_avp"
Message: drivers/net/axgbe: Defining dependency "net_axgbe"
Run-time dependency zlib found: YES 1.2.13
Message: drivers/net/bnx2x: Defining dependency "net_bnx2x"
Compiler for C supports arguments -DSUPPORT_CFA_HW_P70=1: YES 
Compiler for C supports arguments -DSUPPORT_CFA_HW_P70=1: YES (cached)
Compiler for C supports arguments -DCFA_BLD_PRINT_OBJ=1: YES 
Message: drivers/net/bnxt: Defining dependency "net_bnxt"
Message: drivers/net/bonding: Defining dependency "net_bond"
Compiler for C supports arguments -flax-vector-conversions: YES 
Compiler for C supports arguments -Wno-strict-aliasing: YES 
Message: drivers/net/cnxk: Defining dependency "net_cnxk"
Message: drivers/net/cxgbe: Defining dependency "net_cxgbe"
Compiler for C supports arguments -Wno-pointer-arith: YES (cached)
Message: drivers/net/dpaa: Defining dependency "net_dpaa"
Message: drivers/net/dpaa2: Defining dependency "net_dpaa2"
Message: drivers/net/ena: Defining dependency "net_ena"
Message: drivers/net/enetc: Defining dependency "net_enetc"
Message: drivers/net/enetfec: Defining dependency "net_enetfec"
Message: drivers/net/enic: Defining dependency "net_enic"
Message: drivers/net/failsafe: Defining dependency "net_failsafe"
Message: drivers/net/gve: Defining dependency "net_gve"
Message: drivers/net/hinic: Defining dependency "net_hinic"
Message: drivers/net/intel/e1000: Defining dependency "net_e1000"
Message: drivers/net/intel/fm10k: Defining dependency "net_fm10k"
Message: drivers/net/intel/iavf: Defining dependency "net_iavf"
Compiler for C supports arguments -Wno-unused-but-set-variable: YES (cached)
Compiler for C supports arguments -Wno-unused-parameter: YES (cached)
Compiler for C supports arguments -Wno-array-bounds: YES 
Message: drivers/net/intel/ice: Defining dependency "net_ice"
Message: drivers/net/intel/idpf: Defining dependency "net_idpf"
Message: drivers/net/intel/ixgbe: Defining dependency "net_ixgbe"
Message: drivers/net/intel/cpfl: Defining dependency "net_cpfl"
Message: drivers/net/ionic: Defining dependency "net_ionic"
Message: drivers/net/memif: Defining dependency "net_memif"
Run-time dependency libmlx4 found: YES 1.0.54.0
Dependency libibverbs found: YES 1.14.54.0 (cached)
Compiler for C supports arguments -std=c11: YES (cached)
Compiler for C supports arguments -Wno-strict-prototypes: YES (cached)
Compiler for C supports arguments -D_BSD_SOURCE: YES (cached)
Compiler for C supports arguments -D_DEFAULT_SOURCE: YES (cached)
Compiler for C supports arguments -D_XOPEN_SOURCE=600: YES (cached)
Header "infiniband/mlx4dv.h" has symbol "MLX4DV_SET_CTX_ATTR_BUF_ALLOCATORS" with dependencies libmlx4, libibverbs: YES 
Header "infiniband/mlx4dv.h" has symbol "MLX4DV_QP_MASK_UAR_MMAP_OFFSET" with dependencies libmlx4, libibverbs: YES 
Checking whether type "struct mlx4_wqe_lso_seg" has member "mss_hdr_size" with dependencies libmlx4, libibverbs: YES 
Configuring mlx4_autoconf.h using configuration
Message: drivers/net/mlx4: Defining dependency "net_mlx4"
Compiler for C supports arguments -std=c11: YES (cached)
Compiler for C supports arguments -Wno-strict-prototypes: YES (cached)
Compiler for C supports arguments -D_BSD_SOURCE: YES (cached)
Compiler for C supports arguments -D_DEFAULT_SOURCE: YES (cached)
Compiler for C supports arguments -D_XOPEN_SOURCE=600: YES (cached)
Message: drivers/net/mlx5: Defining dependency "net_mlx5"
Run-time dependency libmusdk found: NO (tried pkgconfig)
Run-time dependency libmusdk found: NO (tried pkgconfig)
Message: drivers/net/nbl: Defining dependency "net_nbl"
Message: drivers/net/netvsc: Defining dependency "net_netvsc"
Run-time dependency netcope-common found: NO (tried pkgconfig)
Message: drivers/net/nfp: Defining dependency "net_nfp"
Message: drivers/net/ngbe: Defining dependency "net_ngbe"
Message: drivers/net/null: Defining dependency "net_null"
Message: drivers/net/octeontx: Defining dependency "net_octeontx"
Compiler for C supports arguments -Wno-strict-aliasing: YES (cached)
Compiler for C supports arguments -flax-vector-conversions: YES (cached)
Message: drivers/net/octeon_ep: Defining dependency "net_octeon_ep"
Message: drivers/net/pcap: Defining dependency "net_pcap"
Compiler for C supports arguments -Wno-pointer-arith: YES (cached)
Message: drivers/net/pfe: Defining dependency "net_pfe"
Compiler for C supports arguments -Wno-unused-parameter: YES (cached)
Compiler for C supports arguments -Wno-sign-compare: YES (cached)
Compiler for C supports arguments -Wno-missing-prototypes: YES 
Compiler for C supports arguments -Wno-cast-qual: YES (cached)
Compiler for C supports arguments -Wno-unused-function: YES 
Compiler for C supports arguments -Wno-unused-variable: YES (cached)
Compiler for C supports arguments -Wno-strict-aliasing: YES (cached)
Compiler for C supports arguments -Wno-missing-prototypes: YES (cached)
Compiler for C supports arguments -Wno-unused-value: YES 
Compiler for C supports arguments -Wno-format-nonliteral: YES 
Compiler for C supports arguments -Wno-shift-negative-value: YES 
Compiler for C supports arguments -Wno-unused-but-set-variable: YES (cached)
Compiler for C supports arguments -Wno-missing-declarations: YES 
Compiler for C supports arguments -Wno-maybe-uninitialized: YES 
Compiler for C supports arguments -Wno-strict-prototypes: YES (cached)
Compiler for C supports arguments -Wno-shift-negative-value: YES (cached)
Compiler for C supports arguments -Wno-implicit-fallthrough: YES 
Compiler for C supports arguments -Wno-format-extra-args: YES 
Compiler for C supports arguments -Wno-visibility: NO 
Compiler for C supports arguments -Wno-empty-body: YES (cached)
Compiler for C supports arguments -Wno-invalid-source-encoding: NO 
Compiler for C supports arguments -Wno-sometimes-uninitialized: NO 
Compiler for C supports arguments -Wno-pointer-bool-conversion: NO 
Compiler for C supports arguments -Wno-format-nonliteral: YES (cached)
Message: drivers/net/qede: Defining dependency "net_qede"
Message: drivers/net/r8169: Defining dependency "net_r8169"
Message: drivers/net/ring: Defining dependency "net_ring"
Message: drivers/net/rnp: Defining dependency "net_rnp"
Message: drivers/net/softnic: Defining dependency "net_softnic"
Header "linux/pkt_cls.h" has symbol "TCA_FLOWER_ACT" : YES 
Dependency libbpf found: YES 1.2.2 (cached)
Program bpftool /usr/sbin/bpftool found: NO
Message: net/tap: no RSS support missing bpftool
Message: drivers/net/tap: Defining dependency "net_tap"
Compiler for C supports arguments -fno-prefetch-loop-arrays: YES 
Compiler for C supports arguments -Wno-maybe-uninitialized: YES (cached)
Message: drivers/net/thunderx: Defining dependency "net_thunderx"
Message: drivers/net/txgbe: Defining dependency "net_txgbe"
Compiler for C supports arguments -D_BSD_SOURCE: YES (cached)
Compiler for C supports arguments -D_DEFAULT_SOURCE: YES (cached)
Compiler for C supports arguments -D_XOPEN_SOURCE=600: YES (cached)
Message: drivers/net/vdev_netvsc: Defining dependency "net_vdev_netvsc"
Message: drivers/net/vhost: Defining dependency "net_vhost"
Message: drivers/net/virtio: Defining dependency "net_virtio"
Compiler for C supports arguments -Wno-unused-parameter: YES (cached)
Compiler for C supports arguments -Wno-unused-value: YES (cached)
Compiler for C supports arguments -Wno-strict-aliasing: YES (cached)
Compiler for C supports arguments -Wno-format-extra-args: YES (cached)
Message: drivers/net/vmxnet3: Defining dependency "net_vmxnet3"
Message: drivers/net/xsc: Defining dependency "net_xsc"
Message: drivers/net/zxdh: Defining dependency "net_zxdh"
Message: drivers/raw/cnxk_bphy: Defining dependency "raw_cnxk_bphy"
Message: drivers/raw/cnxk_gpio: Defining dependency "raw_cnxk_gpio"
Message: drivers/raw/cnxk_rvu_lf: Defining dependency "raw_cnxk_rvu_lf"
Message: drivers/raw/dpaa2_cmdif: Defining dependency "raw_dpaa2_cmdif"
Message: drivers/raw/gdtc: Defining dependency "raw_gdtc"
Message: drivers/raw/ntb: Defining dependency "raw_ntb"
Message: drivers/raw/skeleton: Defining dependency "raw_skeleton"
Run-time dependency libaarch64crypto found: NO (tried pkgconfig)
Message: drivers/crypto/bcmfs: Defining dependency "crypto_bcmfs"
Message: drivers/crypto/caam_jr: Defining dependency "crypto_caam_jr"
Dependency libcrypto found: YES 3.0.12 (cached)
Message: drivers/crypto/ccp: Defining dependency "crypto_ccp"
Message: drivers/crypto/cnxk: Defining dependency "crypto_cnxk"
Message: drivers/crypto/dpaa_sec: Defining dependency "crypto_dpaa_sec"
Message: drivers/crypto/dpaa2_sec: Defining dependency "crypto_dpaa2_sec"
Message: drivers/crypto/ionic: Defining dependency "crypto_ionic"
Library IPSec_MB found: NO
Compiler for C supports arguments -std=c11: YES (cached)
Compiler for C supports arguments -Wno-strict-prototypes: YES (cached)
Compiler for C supports arguments -D_BSD_SOURCE: YES (cached)
Compiler for C supports arguments -D_DEFAULT_SOURCE: YES (cached)
Compiler for C supports arguments -D_XOPEN_SOURCE=600: YES (cached)
Message: drivers/crypto/mlx5: Defining dependency "crypto_mlx5"
Run-time dependency libmusdk found: NO (tried pkgconfig)
Message: drivers/crypto/nitrox: Defining dependency "crypto_nitrox"
Message: drivers/crypto/null: Defining dependency "crypto_null"
Message: drivers/crypto/octeontx: Defining dependency "crypto_octeontx"
Dependency libcrypto found: YES 3.0.12 (cached)
Message: drivers/crypto/openssl: Defining dependency "crypto_openssl"
Message: drivers/crypto/scheduler: Defining dependency "crypto_scheduler"
Run-time dependency libwd_crypto found: NO (tried pkgconfig)
Run-time dependency libwd found: NO (tried pkgconfig)
Message: drivers/crypto/virtio: Defining dependency "crypto_virtio"
Run-time dependency libisal found: NO (tried pkgconfig)
Compiler for C supports arguments -std=c11: YES (cached)
Compiler for C supports arguments -Wno-strict-prototypes: YES (cached)
Compiler for C supports arguments -D_BSD_SOURCE: YES (cached)
Compiler for C supports arguments -D_DEFAULT_SOURCE: YES (cached)
Compiler for C supports arguments -D_XOPEN_SOURCE=600: YES (cached)
Message: drivers/compress/mlx5: Defining dependency "compress_mlx5"
Message: drivers/compress/nitrox: Defining dependency "compress_nitrox"
Message: drivers/compress/octeontx: Defining dependency "compress_octeontx"
Run-time dependency libwd_comp found: NO (tried pkgconfig)
Run-time dependency libwd found: NO (tried pkgconfig)
Dependency zlib found: YES 1.2.13 (cached)
Message: drivers/compress/zlib: Defining dependency "compress_zlib"
Compiler for C supports arguments -std=c11: YES (cached)
Compiler for C supports arguments -Wno-strict-prototypes: YES (cached)
Compiler for C supports arguments -D_BSD_SOURCE: YES (cached)
Compiler for C supports arguments -D_DEFAULT_SOURCE: YES (cached)
Compiler for C supports arguments -D_XOPEN_SOURCE=600: YES (cached)
Message: drivers/regex/mlx5: Defining dependency "regex_mlx5"
Message: drivers/regex/cn9k: Defining dependency "regex_cn9k"
Message: drivers/ml/cnxk: libarchive not found
Message: drivers/ml/cnxk: jansson not found
Found CMake: /usr/bin/cmake (3.30.5)
Run-time dependency dlpack found: NO (tried cmake)
Message: drivers/ml/cnxk: dlpack not found
Run-time dependency dmlc found: NO (tried cmake)
Message: drivers/ml/cnxk: dmlc not found
Run-time dependency tvm found: NO (tried cmake)
Message: drivers/ml/cnxk: tvm_runtime not found
Run-time dependency tvmdp found: NO (tried pkgconfig)
Message: drivers/ml/cnxk: tvmdp not found
Message: drivers/ml/cnxk: Disabled TVM model support
Message: drivers/ml/cnxk: Defining dependency "ml_cnxk"
Message: drivers/vdpa/ifc: Defining dependency "vdpa_ifc"
Compiler for C supports arguments -std=c11: YES (cached)
Compiler for C supports arguments -Wno-strict-prototypes: YES (cached)
Compiler for C supports arguments -D_BSD_SOURCE: YES (cached)
Compiler for C supports arguments -D_DEFAULT_SOURCE: YES (cached)
Compiler for C supports arguments -D_XOPEN_SOURCE=600: YES (cached)
Message: drivers/vdpa/mlx5: Defining dependency "vdpa_mlx5"
Message: drivers/vdpa/nfp: Defining dependency "vdpa_nfp"
Compiler for C supports arguments -flax-vector-conversions: YES (cached)
Compiler for C supports arguments -Wno-strict-aliasing: YES (cached)
Message: drivers/event/cnxk: Defining dependency "event_cnxk"
Message: drivers/event/dpaa: Defining dependency "event_dpaa"
Message: drivers/event/dpaa2: Defining dependency "event_dpaa2"
Compiler for C supports arguments -Wno-format-nonliteral: YES (cached)
Message: drivers/event/dsw: Defining dependency "event_dsw"
Message: drivers/event/octeontx: Defining dependency "event_octeontx"
Message: drivers/event/opdl: Defining dependency "event_opdl"
Message: drivers/event/skeleton: Defining dependency "event_skeleton"
Message: drivers/event/sw: Defining dependency "event_sw"
Run-time dependency flexran_sdk_ldpc_decoder_5gnr found: NO (tried pkgconfig and cmake)
Message: drivers/baseband/acc: Defining dependency "baseband_acc"
Message: drivers/baseband/fpga_5gnr_fec: Defining dependency "baseband_fpga_5gnr_fec"
Message: drivers/baseband/fpga_lte_fec: Defining dependency "baseband_fpga_lte_fec"
Message: drivers/baseband/la12xx: Defining dependency "baseband_la12xx"
Message: drivers/baseband/null: Defining dependency "baseband_null"
Run-time dependency flexran_sdk_turbo found: NO (tried pkgconfig and cmake)
Run-time dependency flexran_sdk_ldpc_decoder_5gnr found: NO (tried pkgconfig and cmake)
Message: drivers/baseband/turbo_sw: Defining dependency "baseband_turbo_sw"
Has header "cuda.h" : NO 
Message: drivers/power/acpi: Defining dependency "power_acpi"
Message: drivers/power/amd_pstate: Defining dependency "power_amd_pstate"
Library e_smi64 found: NO
Message: drivers/power/cppc: Defining dependency "power_cppc"
Message: drivers/power/intel_pstate: Defining dependency "power_intel_pstate"
Message: drivers/power/intel_uncore: Defining dependency "power_intel_uncore"
Message: drivers/power/kvm_vm: Defining dependency "power_kvm_vm"
Has header "sys/epoll.h" : YES 
Dependency zlib found: YES 1.2.13 (cached)
Run-time dependency pcap found: YES 1.10.4
Compiler for C supports arguments -fno-strict-aliasing: YES (cached)
Program clang found: YES (/usr/bin/clang)
Program xxd found: YES (/usr/bin/xxd)
Message: hugepage availability: true
Program test_telemetry.sh found: YES (/home/loongson/.dpdk/dpdk/app/test/suites/test_telemetry.sh)
Program doxygen found: NO
Program sphinx-build found: NO
Configuring rte_build_config.h using configuration
Message: 
=================
Applications Enabled
=================

apps:
	dumpcap, graph, pdump, proc-info, test-acl, test-bbdev, test-cmdline, test-compress-perf, 
	test-crypto-perf, test-dma-perf, test-eventdev, test-fib, test-flow-perf, test-gpudev, test-mldev, test-pipeline, 
	test-pmd, test-regex, test-sad, test-security-perf, test, 

Message: 
=================
Libraries Enabled
=================

libs:
	log, kvargs, argparse, telemetry, pmu, eal, ptr_compress, ring, 
	rcu, mempool, mbuf, net, meter, ethdev, pci, cmdline, 
	metrics, hash, timer, acl, bbdev, bitratestats, bpf, cfgfile, 
	compressdev, cryptodev, distributor, dmadev, efd, eventdev, dispatcher, gpudev, 
	gro, gso, ip_frag, jobstats, latencystats, lpm, member, pcapng, 
	power, rawdev, regexdev, mldev, rib, reorder, sched, security, 
	stack, vhost, ipsec, pdcp, fib, port, pdump, table, 
	pipeline, graph, node, 

Message: 
===============
Drivers Enabled
===============

common:
	cpt, dpaax, ionic, octeontx, cnxk, mlx5, nfp, nitrox, 
	qat, zsda, 
bus:
	auxiliary, cdx, dpaa, fslmc, ifpga, pci, platform, uacce, 
	vdev, vmbus, 
mempool:
	bucket, cnxk, dpaa, dpaa2, octeontx, ring, stack, 
dma:
	cnxk, dpaa, dpaa2, odm, skeleton, 
net:
	af_packet, ark, atlantic, avp, axgbe, bnx2x, bnxt, bond, 
	cnxk, cxgbe, dpaa, dpaa2, ena, enetc, enetfec, enic, 
	failsafe, gve, hinic, e1000, fm10k, iavf, ice, idpf, 
	ixgbe, cpfl, ionic, memif, mlx4, mlx5, nbl, netvsc, 
	nfp, ngbe, null, octeontx, octeon_ep, pcap, pfe, qede, 
	r8169, ring, rnp, softnic, tap, thunderx, txgbe, vdev_netvsc, 
	vhost, virtio, vmxnet3, xsc, zxdh, 
raw:
	cnxk_bphy, cnxk_gpio, cnxk_rvu_lf, dpaa2_cmdif, gdtc, ntb, skeleton, 
crypto:
	bcmfs, caam_jr, ccp, cnxk, dpaa_sec, dpaa2_sec, ionic, mlx5, 
	nitrox, null, octeontx, openssl, scheduler, virtio, 
compress:
	mlx5, nitrox, octeontx, zlib, 
regex:
	mlx5, cn9k, 
ml:
	cnxk, 
vdpa:
	ifc, mlx5, nfp, 
event:
	cnxk, dpaa, dpaa2, dsw, octeontx, opdl, skeleton, sw, 
	
baseband:
	acc, fpga_5gnr_fec, fpga_lte_fec, la12xx, null, turbo_sw, 
gpu:
	
power:
	acpi, amd_pstate, cppc, intel_pstate, intel_uncore, kvm_vm, 

Message: 
=================
Content Skipped
=================

apps:
	
libs:
	
drivers:
	common/mvep:	missing dependency, "libmusdk"
	common/sfc_efx:	only supported on x86_64 and aarch64
	dma/hisi_acc:	only supported on x86_64 and aarch64
	dma/hisi_pciep:	only supported on x86_64 and aarch64
	dma/idxd:	only supported on x86
	dma/ioat:	only supported on x86
	net/af_xdp:	missing dependency, "libxdp >=1.2.2" and "libbpf"
	net/hinic3:	only supported on x86_64 and aarch64
	net/hns3:	only supported on x86_64 and aarch64
	net/intel/i40e:	not supported on LoongArch
	net/intel/ipn3ke:	missing dependency, "libfdt"
	net/mana:	only supported on x86 or arm64 Linux
	net/mvneta:	missing dependency, "libmusdk"
	net/mvpp2:	missing dependency, "libmusdk"
	net/nfb:	missing dependency, "libnfb"
	net/ntnic:	only supported on x86_64 Linux
	net/sfc:	only supported on x86_64 and aarch64
	raw/ifpga:	missing dependency, "libfdt"
	crypto/armv8:	missing dependency, "libAArch64crypto"
	crypto/ipsec_mb:	missing dependency, "libIPSec_MB"
	crypto/mvsam:	missing dependency, "libmusdk"
	crypto/uadk:	missing dependency, "libwd"
	compress/isal:	missing dependency, "libisal"
	compress/uadk:	missing dependency, "libwd"
	vdpa/sfc:	only supported on x86_64 and aarch64
	event/dlb2:	only supported on x86_64 Linux
	gpu/cuda:	missing dependency, "cuda.h"
	power/amd_uncore:	missing dependency, "libe_smi"
	

Message: DPDK build config complete:
  source path = "/home/loongson/.dpdk/dpdk"
  build path  = "/home/loongson/.dpdk/dpdk/build"
Build targets in project: 1080

Found ninja-1.11.1 at /usr/bin/ninja
WARNING: Running the setup command as `meson [options]` instead of `meson setup [options]` is ambiguous and deprecated.
meson & ninja build pass
finding context: loongarch-compilation for 162762 ...
contexts for 162762: "checkpatch" "loongarch-compilation" "loongarch-unit-testing" "github-robot: build"
test report for 162762 from loongarch-compilation existed!
send test report for series 37785 to John McNamara <john.mcnamara@intel.com>
touch: cannot touch '/home/loongson/.dpdk/dpdk-ci/tools/../reports/162762_report.txt': No such file or directory
2026-03-27T03:35:18
https://patches.dpdk.org/api/events/?category=series-completed&page=1&since=2026-03-27T03:35:18
fetched series ids: 37785 37784 37783 37782 37781 37780 37779 37778 
2026-03-28T11:40:03 /home/loongson/.dpdk/dpdk-ci/tools/test-series.sh 37785
download-series.sh: request https://patches.dpdk.org/api/series/37785
pwid(s) for series 37785: 162762 
The number of patch(es) is: 1
/home/loongson/.dpdk/dpdk-ci/tools/../series/37785/162762.patch lines: 147
download series done!
list trees for series 37785: dpdk
try to apply on dpdk ...
Switched to branch 'unused'
Deleted branch main (was 626d4e3932).
Switched to a new branch 'main'
branch 'main' set up to track 'origin/main'.
need to update git base
/home/loongson/.dpdk/dpdk-ci/tools/test-series.sh: line 106: 207293 Killed                  timeout -s SIGKILL 60s git pull --rebase
2026-03-27T03:40:02
https://patches.dpdk.org/api/events/?category=series-completed&page=1&since=2026-03-27T03:40:02
fetched series ids: 37785 37784 37783 37782 37781 37780 37779 37778 
2026-03-28T11:45:03 /home/loongson/.dpdk/dpdk-ci/tools/test-series.sh 37785
download-series.sh: request https://patches.dpdk.org/api/series/37785
pwid(s) for series 37785: 162762 
The number of patch(es) is: 1
/home/loongson/.dpdk/dpdk-ci/tools/../series/37785/162762.patch lines: 147
download series done!
list trees for series 37785: dpdk
try to apply on dpdk ...
Switched to branch 'unused'
Deleted branch main (was 626d4e3932).
Switched to a new branch 'main'
branch 'main' set up to track 'origin/main'.
need to update git base
/home/loongson/.dpdk/dpdk-ci/tools/test-series.sh: line 106: 230905 Killed                  timeout -s SIGKILL 60s git pull --rebase
2026-03-27T03:40:02
https://patches.dpdk.org/api/events/?category=series-completed&page=1&since=2026-03-27T03:40:02
fetched series ids: 37785 37784 37783 37782 37781 37780 37779 37778 
2026-03-28T11:50:03 /home/loongson/.dpdk/dpdk-ci/tools/test-series.sh 37785
download-series.sh: request https://patches.dpdk.org/api/series/37785
pwid(s) for series 37785: 162762 
The number of patch(es) is: 1
/home/loongson/.dpdk/dpdk-ci/tools/../series/37785/162762.patch lines: 147
download series done!
list trees for series 37785: dpdk
try to apply on dpdk ...
Switched to branch 'unused'
Deleted branch main (was 626d4e3932).
Switched to a new branch 'main'
branch 'main' set up to track 'origin/main'.
need to update git base
Already up to date.
Deleted branch s-37785 (was 2142a63c3d).
Switched to a new branch 's-37785'
Applying: doc: update release notes for 26.03
Insert one base commit: 37785 626d4e39327333cd5508885162e45ca7fb94ef7f
The Meson build system
Version: 1.4.1
Source dir: /home/loongson/.dpdk/dpdk
Build dir: /home/loongson/.dpdk/dpdk/build
Build type: native build
Project name: DPDK
Project version: 26.03.0-rc3
C compiler for the host machine: cc (gcc 12.3.0 "cc (GCC) 12.3.0 20230508 (Loongnix OS 12.3.0-10)")
C linker for the host machine: cc ld.bfd 2.41-5
Host machine cpu family: loongarch64
Host machine cpu: loongarch64
Message: ## Building in Developer Mode ##
Program pkg-config found: YES (/usr/bin/pkg-config)
Program check-symbols.sh found: YES (/home/loongson/.dpdk/dpdk/buildtools/check-symbols.sh)
Program options-ibverbs-static.sh found: YES (/home/loongson/.dpdk/dpdk/buildtools/options-ibverbs-static.sh)
Program python3 found: YES (/usr/bin/python3)
Program python3 (elftools) found: YES (/usr/bin/python3) modules: elftools
Message: Minimum Meson required version is 0.57.2
Program cat found: YES (/usr/bin/cat)
Compiler for C supports arguments -march=native: YES 
Checking for size of "void *" : 8 
Checking for size of "void *" : 8 (cached)
Compiler for C supports link arguments -Wl,--undefined-version: YES 
Library m found: YES
Library numa found: YES
Has header "numaif.h" : YES 
Library fdt found: NO
Library execinfo found: NO
Has header "execinfo.h" : YES 
Found pkg-config: YES (/usr/bin/pkg-config) 1.9.5
Run-time dependency libarchive found: NO (tried pkgconfig)
Run-time dependency libbsd found: NO (tried pkgconfig)
Run-time dependency jansson found: NO (tried pkgconfig)
Run-time dependency openssl found: YES 3.0.12
Run-time dependency libpcap found: YES 1.10.4
Has header "pcap.h" with dependency libpcap: YES 
Compiler for C supports arguments -Wvla: YES 
Compiler for C supports arguments -Wno-shadow: YES 
Compiler for C supports arguments -Wno-comma: NO 
Compiler for C supports arguments -Wcast-qual: YES 
Compiler for C supports arguments -Wcomma: NO 
Compiler for C supports arguments -Wdeprecated: YES 
Compiler for C supports arguments -Wformat: YES 
Compiler for C supports arguments -Wformat-nonliteral: YES 
Compiler for C supports arguments -Wformat-security: YES 
Compiler for C supports arguments -Wmissing-declarations: YES 
Compiler for C supports arguments -Wmissing-prototypes: YES 
Compiler for C supports arguments -Wnested-externs: YES 
Compiler for C supports arguments -Wold-style-definition: YES 
Compiler for C supports arguments -Wpointer-arith: YES 
Compiler for C supports arguments -Wshadow: YES 
Compiler for C supports arguments -Wsign-compare: YES 
Compiler for C supports arguments -Wstrict-prototypes: YES 
Compiler for C supports arguments -Wundef: YES 
Compiler for C supports arguments -Wwrite-strings: YES 
Compiler for C supports arguments -Wno-packed-not-aligned: YES 
Compiler for C supports arguments -Wno-missing-field-initializers: YES 
Compiler for C supports arguments -fzero-init-padding-bits=all: NO 
Message: Implementer : Generic loongarch
Message: ['-march=loongarch64']
Message: lib/log: Defining dependency "log"
Message: lib/kvargs: Defining dependency "kvargs"
Message: lib/argparse: Defining dependency "argparse"
Message: lib/telemetry: Defining dependency "telemetry"
Message: lib/pmu: Defining dependency "pmu"
Checking for function "pthread_attr_setaffinity_np" : YES 
Checking for function "getentropy" : NO 
Message: lib/eal: Defining dependency "eal"
Message: lib/ptr_compress: Defining dependency "ptr_compress"
Message: lib/ring: Defining dependency "ring"
Message: lib/rcu: Defining dependency "rcu"
Message: lib/mempool: Defining dependency "mempool"
Message: lib/mbuf: Defining dependency "mbuf"
Message: lib/net: Defining dependency "net"
Message: lib/meter: Defining dependency "meter"
Message: lib/ethdev: Defining dependency "ethdev"
Message: lib/pci: Defining dependency "pci"
Message: lib/cmdline: Defining dependency "cmdline"
Message: lib/metrics: Defining dependency "metrics"
Message: lib/hash: Defining dependency "hash"
Message: lib/timer: Defining dependency "timer"
Message: lib/acl: Defining dependency "acl"
Message: lib/bbdev: Defining dependency "bbdev"
Message: lib/bitratestats: Defining dependency "bitratestats"
Run-time dependency libelf found: YES 0.190
Message: lib/bpf: Defining dependency "bpf"
Message: lib/cfgfile: Defining dependency "cfgfile"
Message: lib/compressdev: Defining dependency "compressdev"
Message: lib/cryptodev: Defining dependency "cryptodev"
Message: lib/distributor: Defining dependency "distributor"
Message: lib/dmadev: Defining dependency "dmadev"
Message: lib/efd: Defining dependency "efd"
Message: lib/eventdev: Defining dependency "eventdev"
Message: lib/dispatcher: Defining dependency "dispatcher"
Message: lib/gpudev: Defining dependency "gpudev"
Message: lib/gro: Defining dependency "gro"
Message: lib/gso: Defining dependency "gso"
Message: lib/ip_frag: Defining dependency "ip_frag"
Message: lib/jobstats: Defining dependency "jobstats"
Message: lib/latencystats: Defining dependency "latencystats"
Message: lib/lpm: Defining dependency "lpm"
Message: lib/member: Defining dependency "member"
Message: lib/pcapng: Defining dependency "pcapng"
Message: lib/power: Defining dependency "power"
Message: lib/rawdev: Defining dependency "rawdev"
Message: lib/regexdev: Defining dependency "regexdev"
Message: lib/mldev: Defining dependency "mldev"
Message: lib/rib: Defining dependency "rib"
Message: lib/reorder: Defining dependency "reorder"
Message: lib/sched: Defining dependency "sched"
Message: lib/security: Defining dependency "security"
Message: lib/stack: Defining dependency "stack"
Has header "linux/userfaultfd.h" : YES 
Compiler for C supports arguments -fno-strict-aliasing: YES 
Compiler for C supports arguments -Wno-address-of-packed-member: YES 
Message: lib/vhost: Defining dependency "vhost"
Message: lib/ipsec: Defining dependency "ipsec"
Message: lib/pdcp: Defining dependency "pdcp"
Message: lib/fib: Defining dependency "fib"
Message: lib/port: Defining dependency "port"
Message: lib/pdump: Defining dependency "pdump"
Message: lib/table: Defining dependency "table"
Message: lib/pipeline: Defining dependency "pipeline"
Message: lib/graph: Defining dependency "graph"
Message: lib/node: Defining dependency "node"
Compiler for C supports arguments -Wno-format-truncation: YES 
Compiler for C supports arguments -Wno-address-of-packed-member: YES (cached)
Message: drivers/common/cpt: Defining dependency "common_cpt"
Compiler for C supports arguments -Wno-cast-qual: YES 
Compiler for C supports arguments -Wno-pointer-arith: YES 
Message: drivers/common/dpaax: Defining dependency "common_dpaax"
Message: drivers/common/ionic: Defining dependency "common_ionic"
Run-time dependency libmusdk found: NO (tried pkgconfig)
Message: drivers/common/octeontx: Defining dependency "common_octeontx"
Message: drivers/bus/auxiliary: Defining dependency "bus_auxiliary"
Message: drivers/bus/cdx: Defining dependency "bus_cdx"
Compiler for C supports arguments -Wno-cast-qual: YES (cached)
Compiler for C supports arguments -Wno-pointer-arith: YES (cached)
Message: drivers/bus/dpaa: Defining dependency "bus_dpaa"
Message: drivers/bus/fslmc: Defining dependency "bus_fslmc"
Message: drivers/bus/ifpga: Defining dependency "bus_ifpga"
Message: drivers/bus/pci: Defining dependency "bus_pci"
Message: drivers/bus/platform: Defining dependency "bus_platform"
Message: drivers/bus/uacce: Defining dependency "bus_uacce"
Message: drivers/bus/vdev: Defining dependency "bus_vdev"
Message: drivers/bus/vmbus: Defining dependency "bus_vmbus"
Message: drivers/common/cnxk: Defining dependency "common_cnxk"
Compiler for C supports arguments -std=c11: YES 
Compiler for C supports arguments -Wno-strict-prototypes: YES 
Compiler for C supports arguments -D_BSD_SOURCE: YES 
Compiler for C supports arguments -D_DEFAULT_SOURCE: YES 
Compiler for C supports arguments -D_XOPEN_SOURCE=600: YES 
Run-time dependency libmlx5 found: YES 1.25.54.0
Run-time dependency libibverbs found: YES 1.14.54.0
Library mtcr_ul found: NO
Header "infiniband/verbs.h" has symbol "IBV_FLOW_SPEC_ESP" with dependencies libmlx5, libibverbs: YES 
Header "infiniband/verbs.h" has symbol "IBV_RX_HASH_IPSEC_SPI" with dependencies libmlx5, libibverbs: YES 
Header "infiniband/verbs.h" has symbol "IBV_ACCESS_RELAXED_ORDERING " with dependencies libmlx5, libibverbs: YES 
Header "infiniband/mlx5dv.h" has symbol "MLX5DV_CQE_RES_FORMAT_CSUM_STRIDX" with dependencies libmlx5, libibverbs: YES 
Header "infiniband/mlx5dv.h" has symbol "MLX5DV_CONTEXT_MASK_TUNNEL_OFFLOADS" with dependencies libmlx5, libibverbs: YES 
Header "infiniband/mlx5dv.h" has symbol "MLX5DV_CONTEXT_FLAGS_MPW_ALLOWED" with dependencies libmlx5, libibverbs: YES 
Header "infiniband/mlx5dv.h" has symbol "MLX5DV_CONTEXT_FLAGS_CQE_128B_COMP" with dependencies libmlx5, libibverbs: YES 
Header "infiniband/mlx5dv.h" has symbol "MLX5DV_CQ_INIT_ATTR_FLAGS_CQE_PAD" with dependencies libmlx5, libibverbs: YES 
Header "infiniband/mlx5dv.h" has symbol "mlx5dv_create_flow_action_packet_reformat" with dependencies libmlx5, libibverbs: YES 
Header "infiniband/verbs.h" has symbol "IBV_FLOW_SPEC_MPLS" with dependencies libmlx5, libibverbs: YES 
Header "infiniband/verbs.h" has symbol "IBV_WQ_FLAGS_PCI_WRITE_END_PADDING" with dependencies libmlx5, libibverbs: YES 
Header "infiniband/verbs.h" has symbol "IBV_WQ_FLAG_RX_END_PADDING" with dependencies libmlx5, libibverbs: NO 
Header "infiniband/mlx5dv.h" has symbol "mlx5dv_query_devx_port" with dependencies libmlx5, libibverbs: NO 
Header "infiniband/mlx5dv.h" has symbol "mlx5dv_query_port" with dependencies libmlx5, libibverbs: YES 
Header "infiniband/mlx5dv.h" has symbol "mlx5dv_dr_action_create_dest_ib_port" with dependencies libmlx5, libibverbs: YES 
Header "infiniband/mlx5dv.h" has symbol "mlx5dv_devx_obj_create" with dependencies libmlx5, libibverbs: YES 
Header "infiniband/mlx5dv.h" has symbol "MLX5DV_FLOW_ACTION_COUNTERS_DEVX" with dependencies libmlx5, libibverbs: YES 
Header "infiniband/mlx5dv.h" has symbol "MLX5DV_FLOW_ACTION_DEFAULT_MISS" with dependencies libmlx5, libibverbs: YES 
Header "infiniband/mlx5dv.h" has symbol "mlx5dv_devx_obj_query_async" with dependencies libmlx5, libibverbs: YES 
Header "infiniband/mlx5dv.h" has symbol "mlx5dv_devx_qp_query" with dependencies libmlx5, libibverbs: YES 
Header "infiniband/mlx5dv.h" has symbol "mlx5dv_pp_alloc" with dependencies libmlx5, libibverbs: YES 
Header "infiniband/mlx5dv.h" has symbol "mlx5dv_dr_action_create_dest_devx_tir" with dependencies libmlx5, libibverbs: YES 
Header "infiniband/mlx5dv.h" has symbol "mlx5dv_devx_get_event" with dependencies libmlx5, libibverbs: YES 
Header "infiniband/mlx5dv.h" has symbol "mlx5dv_dr_action_create_flow_meter" with dependencies libmlx5, libibverbs: YES 
Header "infiniband/mlx5dv.h" has symbol "MLX5_MMAP_GET_NC_PAGES_CMD" with dependencies libmlx5, libibverbs: YES 
Header "infiniband/mlx5dv.h" has symbol "MLX5DV_DR_DOMAIN_TYPE_NIC_RX" with dependencies libmlx5, libibverbs: YES 
Header "infiniband/mlx5dv.h" has symbol "MLX5DV_DR_DOMAIN_TYPE_FDB" with dependencies libmlx5, libibverbs: YES 
Header "infiniband/mlx5dv.h" has symbol "mlx5dv_dr_action_create_push_vlan" with dependencies libmlx5, libibverbs: YES 
Header "infiniband/mlx5dv.h" has symbol "mlx5dv_alloc_var" with dependencies libmlx5, libibverbs: YES 
Header "infiniband/mlx5dv.h" has symbol "MLX5_OPCODE_ENHANCED_MPSW" with dependencies libmlx5, libibverbs: NO 
Header "infiniband/mlx5dv.h" has symbol "MLX5_OPCODE_SEND_EN" with dependencies libmlx5, libibverbs: NO 
Header "infiniband/mlx5dv.h" has symbol "MLX5_OPCODE_WAIT" with dependencies libmlx5, libibverbs: NO 
Header "infiniband/mlx5dv.h" has symbol "MLX5_OPCODE_ACCESS_ASO" with dependencies libmlx5, libibverbs: NO 
Header "linux/if_link.h" has symbol "IFLA_NUM_VF" with dependencies libmlx5, libibverbs: YES 
Header "linux/if_link.h" has symbol "IFLA_EXT_MASK" with dependencies libmlx5, libibverbs: YES 
Header "linux/if_link.h" has symbol "IFLA_PHYS_SWITCH_ID" with dependencies libmlx5, libibverbs: YES 
Header "linux/if_link.h" has symbol "IFLA_PHYS_PORT_NAME" with dependencies libmlx5, libibverbs: YES 
Header "rdma/rdma_netlink.h" has symbol "RDMA_NL_NLDEV" with dependencies libmlx5, libibverbs: YES 
Header "rdma/rdma_netlink.h" has symbol "RDMA_NLDEV_CMD_GET" with dependencies libmlx5, libibverbs: YES 
Header "rdma/rdma_netlink.h" has symbol "RDMA_NLDEV_CMD_PORT_GET" with dependencies libmlx5, libibverbs: YES 
Header "rdma/rdma_netlink.h" has symbol "RDMA_NLDEV_ATTR_DEV_INDEX" with dependencies libmlx5, libibverbs: YES 
Header "rdma/rdma_netlink.h" has symbol "RDMA_NLDEV_ATTR_DEV_NAME" with dependencies libmlx5, libibverbs: YES 
Header "rdma/rdma_netlink.h" has symbol "RDMA_NLDEV_ATTR_PORT_INDEX" with dependencies libmlx5, libibverbs: YES 
Header "rdma/rdma_netlink.h" has symbol "RDMA_NLDEV_ATTR_PORT_STATE" with dependencies libmlx5, libibverbs: YES 
Header "rdma/rdma_netlink.h" has symbol "RDMA_NLDEV_ATTR_NDEV_INDEX" with dependencies libmlx5, libibverbs: YES 
Header "rdma/rdma_netlink.h" has symbol "RDMA_NL_GROUP_NOTIFY" with dependencies libmlx5, libibverbs: NO 
Header "rdma/rdma_netlink.h" has symbol "RDMA_NLDEV_CMD_SYS_GET" with dependencies libmlx5, libibverbs: YES 
Header "rdma/rdma_netlink.h" has symbol "RDMA_NLDEV_SYS_ATTR_MONITOR_MODE" with dependencies libmlx5, libibverbs: NO 
Header "rdma/rdma_netlink.h" has symbol "RDMA_NLDEV_ATTR_EVENT_TYPE" with dependencies libmlx5, libibverbs: NO 
Header "rdma/rdma_netlink.h" has symbol "RDMA_NLDEV_CMD_MONITOR" with dependencies libmlx5, libibverbs: NO 
Header "infiniband/mlx5dv.h" has symbol "mlx5dv_dump_dr_domain" with dependencies libmlx5, libibverbs: YES 
Header "infiniband/mlx5dv.h" has symbol "mlx5dv_dr_action_create_flow_sampler" with dependencies libmlx5, libibverbs: YES 
Header "infiniband/mlx5dv.h" has symbol "mlx5dv_dr_domain_set_reclaim_device_memory" with dependencies libmlx5, libibverbs: YES 
Header "infiniband/mlx5dv.h" has symbol "mlx5dv_dr_action_create_dest_array" with dependencies libmlx5, libibverbs: YES 
Header "linux/devlink.h" has symbol "DEVLINK_GENL_NAME" with dependencies libmlx5, libibverbs: YES 
Header "infiniband/mlx5dv.h" has symbol "mlx5dv_dr_action_create_aso" with dependencies libmlx5, libibverbs: YES 
Header "infiniband/verbs.h" has symbol "INFINIBAND_VERBS_H" with dependencies libmlx5, libibverbs: YES 
Header "infiniband/mlx5dv.h" has symbol "MLX5_WQE_UMR_CTRL_FLAG_INLINE" with dependencies libmlx5, libibverbs: YES 
Header "infiniband/mlx5dv.h" has symbol "mlx5dv_dump_dr_rule" with dependencies libmlx5, libibverbs: YES 
Header "infiniband/mlx5dv.h" has symbol "MLX5DV_DR_ACTION_FLAGS_ASO_CT_DIRECTION_INITIATOR" with dependencies libmlx5, libibverbs: YES 
Header "infiniband/mlx5dv.h" has symbol "mlx5dv_dr_domain_allow_duplicate_rules" with dependencies libmlx5, libibverbs: YES 
Header "infiniband/verbs.h" has symbol "ibv_reg_mr_iova" with dependencies libmlx5, libibverbs: YES 
Header "infiniband/verbs.h" has symbol "ibv_import_device" with dependencies libmlx5, libibverbs: YES 
Header "infiniband/mlx5dv.h" has symbol "mlx5dv_dr_action_create_dest_root_table" with dependencies libmlx5, libibverbs: YES 
Header "infiniband/mlx5dv.h" has symbol "mlx5dv_create_steering_anchor" with dependencies libmlx5, libibverbs: YES 
Header "infiniband/verbs.h" has symbol "ibv_is_fork_initialized" with dependencies libmlx5, libibverbs: YES 
Header "infiniband/mlx5dv.h" has symbol "MLX5DV_CONTEXT_MASK_REG_C0" with dependencies libmlx5, libibverbs: YES 
Header "infiniband/mlx5dv.h" has symbol "MLX5DV_FLOW_ACTION_COUNTERS_DEVX_WITH_OFFSET" with dependencies libmlx5, libibverbs: NO 
Checking whether type "struct mlx5dv_sw_parsing_caps" has member "sw_parsing_offloads" with dependencies libmlx5, libibverbs: YES 
Checking whether type "struct ibv_counter_set_init_attr" has member "counter_set_id" with dependencies libmlx5, libibverbs: NO 
Checking whether type "struct ibv_counters_init_attr" has member "comp_mask" with dependencies libmlx5, libibverbs: YES 
Checking whether type "struct mlx5dv_devx_uar" has member "mmap_off" with dependencies libmlx5, libibverbs: YES 
Checking whether type "struct mlx5dv_flow_matcher_attr" has member "ft_type" with dependencies libmlx5, libibverbs: YES 
Configuring mlx5_autoconf.h using configuration
Message: drivers/common/mlx5: Defining dependency "common_mlx5"
Message: drivers/common/nfp: Defining dependency "common_nfp"
Message: drivers/common/nitrox: Defining dependency "common_nitrox"
Run-time dependency libcrypto found: YES 3.0.12
Library IPSec_MB found: NO
Message: drivers/common/qat: Defining dependency "common_qat"
Compiler for C supports arguments -Wdisabled-optimization: YES 
Compiler for C supports arguments -Waggregate-return: YES 
Compiler for C supports arguments -Wbad-function-cast: YES 
Compiler for C supports arguments -Wno-sign-compare: YES 
Compiler for C supports arguments -Wno-unused-parameter: YES 
Compiler for C supports arguments -Wno-unused-variable: YES 
Compiler for C supports arguments -Wno-empty-body: YES 
Compiler for C supports arguments -Wno-unused-but-set-variable: YES 
Message: drivers/common/zsda: Defining dependency "common_zsda"
Message: drivers/mempool/bucket: Defining dependency "mempool_bucket"
Message: drivers/mempool/cnxk: Defining dependency "mempool_cnxk"
Message: drivers/mempool/dpaa: Defining dependency "mempool_dpaa"
Message: drivers/mempool/dpaa2: Defining dependency "mempool_dpaa2"
Message: drivers/mempool/octeontx: Defining dependency "mempool_octeontx"
Message: drivers/mempool/ring: Defining dependency "mempool_ring"
Message: drivers/mempool/stack: Defining dependency "mempool_stack"
Compiler for C supports arguments -Wno-uninitialized: YES 
Message: drivers/dma/cnxk: Defining dependency "dma_cnxk"
Compiler for C supports arguments -Wno-pointer-arith: YES (cached)
Message: drivers/dma/dpaa: Defining dependency "dma_dpaa"
Compiler for C supports arguments -Wno-pointer-arith: YES (cached)
Message: drivers/dma/dpaa2: Defining dependency "dma_dpaa2"
Message: drivers/dma/odm: Defining dependency "dma_odm"
Message: drivers/dma/skeleton: Defining dependency "dma_skeleton"
Message: drivers/net/af_packet: Defining dependency "net_af_packet"
Run-time dependency libxdp found: NO (tried pkgconfig)
Run-time dependency libbpf found: YES 1.2.2
Has header "linux/if_xdp.h" : YES 
Has header "bpf/xsk.h" : NO 
Message: drivers/net/ark: Defining dependency "net_ark"
Message: drivers/net/atlantic: Defining dependency "net_atlantic"
Message: drivers/net/avp: Defining dependency "net_avp"
Message: drivers/net/axgbe: Defining dependency "net_axgbe"
Run-time dependency zlib found: YES 1.2.13
Message: drivers/net/bnx2x: Defining dependency "net_bnx2x"
Compiler for C supports arguments -DSUPPORT_CFA_HW_P70=1: YES 
Compiler for C supports arguments -DSUPPORT_CFA_HW_P70=1: YES (cached)
Compiler for C supports arguments -DCFA_BLD_PRINT_OBJ=1: YES 
Message: drivers/net/bnxt: Defining dependency "net_bnxt"
Message: drivers/net/bonding: Defining dependency "net_bond"
Compiler for C supports arguments -flax-vector-conversions: YES 
Compiler for C supports arguments -Wno-strict-aliasing: YES 
Message: drivers/net/cnxk: Defining dependency "net_cnxk"
Message: drivers/net/cxgbe: Defining dependency "net_cxgbe"
Compiler for C supports arguments -Wno-pointer-arith: YES (cached)
Message: drivers/net/dpaa: Defining dependency "net_dpaa"
Message: drivers/net/dpaa2: Defining dependency "net_dpaa2"
Message: drivers/net/ena: Defining dependency "net_ena"
Message: drivers/net/enetc: Defining dependency "net_enetc"
Message: drivers/net/enetfec: Defining dependency "net_enetfec"
Message: drivers/net/enic: Defining dependency "net_enic"
Message: drivers/net/failsafe: Defining dependency "net_failsafe"
Message: drivers/net/gve: Defining dependency "net_gve"
Message: drivers/net/hinic: Defining dependency "net_hinic"
Message: drivers/net/intel/e1000: Defining dependency "net_e1000"
Message: drivers/net/intel/fm10k: Defining dependency "net_fm10k"
Message: drivers/net/intel/iavf: Defining dependency "net_iavf"
Compiler for C supports arguments -Wno-unused-but-set-variable: YES (cached)
Compiler for C supports arguments -Wno-unused-parameter: YES (cached)
Compiler for C supports arguments -Wno-array-bounds: YES 
Message: drivers/net/intel/ice: Defining dependency "net_ice"
Message: drivers/net/intel/idpf: Defining dependency "net_idpf"
Message: drivers/net/intel/ixgbe: Defining dependency "net_ixgbe"
Message: drivers/net/intel/cpfl: Defining dependency "net_cpfl"
Message: drivers/net/ionic: Defining dependency "net_ionic"
Message: drivers/net/memif: Defining dependency "net_memif"
Run-time dependency libmlx4 found: YES 1.0.54.0
Dependency libibverbs found: YES 1.14.54.0 (cached)
Compiler for C supports arguments -std=c11: YES (cached)
Compiler for C supports arguments -Wno-strict-prototypes: YES (cached)
Compiler for C supports arguments -D_BSD_SOURCE: YES (cached)
Compiler for C supports arguments -D_DEFAULT_SOURCE: YES (cached)
Compiler for C supports arguments -D_XOPEN_SOURCE=600: YES (cached)
Header "infiniband/mlx4dv.h" has symbol "MLX4DV_SET_CTX_ATTR_BUF_ALLOCATORS" with dependencies libmlx4, libibverbs: YES 
Header "infiniband/mlx4dv.h" has symbol "MLX4DV_QP_MASK_UAR_MMAP_OFFSET" with dependencies libmlx4, libibverbs: YES 
Checking whether type "struct mlx4_wqe_lso_seg" has member "mss_hdr_size" with dependencies libmlx4, libibverbs: YES 
Configuring mlx4_autoconf.h using configuration
Message: drivers/net/mlx4: Defining dependency "net_mlx4"
Compiler for C supports arguments -std=c11: YES (cached)
Compiler for C supports arguments -Wno-strict-prototypes: YES (cached)
Compiler for C supports arguments -D_BSD_SOURCE: YES (cached)
Compiler for C supports arguments -D_DEFAULT_SOURCE: YES (cached)
Compiler for C supports arguments -D_XOPEN_SOURCE=600: YES (cached)
Message: drivers/net/mlx5: Defining dependency "net_mlx5"
Run-time dependency libmusdk found: NO (tried pkgconfig)
Run-time dependency libmusdk found: NO (tried pkgconfig)
Message: drivers/net/nbl: Defining dependency "net_nbl"
Message: drivers/net/netvsc: Defining dependency "net_netvsc"
Run-time dependency netcope-common found: NO (tried pkgconfig)
Message: drivers/net/nfp: Defining dependency "net_nfp"
Message: drivers/net/ngbe: Defining dependency "net_ngbe"
Message: drivers/net/null: Defining dependency "net_null"
Message: drivers/net/octeontx: Defining dependency "net_octeontx"
Compiler for C supports arguments -Wno-strict-aliasing: YES (cached)
Compiler for C supports arguments -flax-vector-conversions: YES (cached)
Message: drivers/net/octeon_ep: Defining dependency "net_octeon_ep"
Message: drivers/net/pcap: Defining dependency "net_pcap"
Compiler for C supports arguments -Wno-pointer-arith: YES (cached)
Message: drivers/net/pfe: Defining dependency "net_pfe"
Compiler for C supports arguments -Wno-unused-parameter: YES (cached)
Compiler for C supports arguments -Wno-sign-compare: YES (cached)
Compiler for C supports arguments -Wno-missing-prototypes: YES 
Compiler for C supports arguments -Wno-cast-qual: YES (cached)
Compiler for C supports arguments -Wno-unused-function: YES 
Compiler for C supports arguments -Wno-unused-variable: YES (cached)
Compiler for C supports arguments -Wno-strict-aliasing: YES (cached)
Compiler for C supports arguments -Wno-missing-prototypes: YES (cached)
Compiler for C supports arguments -Wno-unused-value: YES 
Compiler for C supports arguments -Wno-format-nonliteral: YES 
Compiler for C supports arguments -Wno-shift-negative-value: YES 
Compiler for C supports arguments -Wno-unused-but-set-variable: YES (cached)
Compiler for C supports arguments -Wno-missing-declarations: YES 
Compiler for C supports arguments -Wno-maybe-uninitialized: YES 
Compiler for C supports arguments -Wno-strict-prototypes: YES (cached)
Compiler for C supports arguments -Wno-shift-negative-value: YES (cached)
Compiler for C supports arguments -Wno-implicit-fallthrough: YES 
Compiler for C supports arguments -Wno-format-extra-args: YES 
Compiler for C supports arguments -Wno-visibility: NO 
Compiler for C supports arguments -Wno-empty-body: YES (cached)
Compiler for C supports arguments -Wno-invalid-source-encoding: NO 
Compiler for C supports arguments -Wno-sometimes-uninitialized: NO 
Compiler for C supports arguments -Wno-pointer-bool-conversion: NO 
Compiler for C supports arguments -Wno-format-nonliteral: YES (cached)
Message: drivers/net/qede: Defining dependency "net_qede"
Message: drivers/net/r8169: Defining dependency "net_r8169"
Message: drivers/net/ring: Defining dependency "net_ring"
Message: drivers/net/rnp: Defining dependency "net_rnp"
Message: drivers/net/softnic: Defining dependency "net_softnic"
Header "linux/pkt_cls.h" has symbol "TCA_FLOWER_ACT" : YES 
Dependency libbpf found: YES 1.2.2 (cached)
Program bpftool /usr/sbin/bpftool found: NO
Message: net/tap: no RSS support missing bpftool
Message: drivers/net/tap: Defining dependency "net_tap"
Compiler for C supports arguments -fno-prefetch-loop-arrays: YES 
Compiler for C supports arguments -Wno-maybe-uninitialized: YES (cached)
Message: drivers/net/thunderx: Defining dependency "net_thunderx"
Message: drivers/net/txgbe: Defining dependency "net_txgbe"
Compiler for C supports arguments -D_BSD_SOURCE: YES (cached)
Compiler for C supports arguments -D_DEFAULT_SOURCE: YES (cached)
Compiler for C supports arguments -D_XOPEN_SOURCE=600: YES (cached)
Message: drivers/net/vdev_netvsc: Defining dependency "net_vdev_netvsc"
Message: drivers/net/vhost: Defining dependency "net_vhost"
Message: drivers/net/virtio: Defining dependency "net_virtio"
Compiler for C supports arguments -Wno-unused-parameter: YES (cached)
Compiler for C supports arguments -Wno-unused-value: YES (cached)
Compiler for C supports arguments -Wno-strict-aliasing: YES (cached)
Compiler for C supports arguments -Wno-format-extra-args: YES (cached)
Message: drivers/net/vmxnet3: Defining dependency "net_vmxnet3"
Message: drivers/net/xsc: Defining dependency "net_xsc"
Message: drivers/net/zxdh: Defining dependency "net_zxdh"
Message: drivers/raw/cnxk_bphy: Defining dependency "raw_cnxk_bphy"
Message: drivers/raw/cnxk_gpio: Defining dependency "raw_cnxk_gpio"
Message: drivers/raw/cnxk_rvu_lf: Defining dependency "raw_cnxk_rvu_lf"
Message: drivers/raw/dpaa2_cmdif: Defining dependency "raw_dpaa2_cmdif"
Message: drivers/raw/gdtc: Defining dependency "raw_gdtc"
Message: drivers/raw/ntb: Defining dependency "raw_ntb"
Message: drivers/raw/skeleton: Defining dependency "raw_skeleton"
Run-time dependency libaarch64crypto found: NO (tried pkgconfig)
Message: drivers/crypto/bcmfs: Defining dependency "crypto_bcmfs"
Message: drivers/crypto/caam_jr: Defining dependency "crypto_caam_jr"
Dependency libcrypto found: YES 3.0.12 (cached)
Message: drivers/crypto/ccp: Defining dependency "crypto_ccp"
Message: drivers/crypto/cnxk: Defining dependency "crypto_cnxk"
Message: drivers/crypto/dpaa_sec: Defining dependency "crypto_dpaa_sec"
Message: drivers/crypto/dpaa2_sec: Defining dependency "crypto_dpaa2_sec"
Message: drivers/crypto/ionic: Defining dependency "crypto_ionic"
Library IPSec_MB found: NO
Compiler for C supports arguments -std=c11: YES (cached)
Compiler for C supports arguments -Wno-strict-prototypes: YES (cached)
Compiler for C supports arguments -D_BSD_SOURCE: YES (cached)
Compiler for C supports arguments -D_DEFAULT_SOURCE: YES (cached)
Compiler for C supports arguments -D_XOPEN_SOURCE=600: YES (cached)
Message: drivers/crypto/mlx5: Defining dependency "crypto_mlx5"
Run-time dependency libmusdk found: NO (tried pkgconfig)
Message: drivers/crypto/nitrox: Defining dependency "crypto_nitrox"
Message: drivers/crypto/null: Defining dependency "crypto_null"
Message: drivers/crypto/octeontx: Defining dependency "crypto_octeontx"
Dependency libcrypto found: YES 3.0.12 (cached)
Message: drivers/crypto/openssl: Defining dependency "crypto_openssl"
Message: drivers/crypto/scheduler: Defining dependency "crypto_scheduler"
Run-time dependency libwd_crypto found: NO (tried pkgconfig)
Run-time dependency libwd found: NO (tried pkgconfig)
Message: drivers/crypto/virtio: Defining dependency "crypto_virtio"
Run-time dependency libisal found: NO (tried pkgconfig)
Compiler for C supports arguments -std=c11: YES (cached)
Compiler for C supports arguments -Wno-strict-prototypes: YES (cached)
Compiler for C supports arguments -D_BSD_SOURCE: YES (cached)
Compiler for C supports arguments -D_DEFAULT_SOURCE: YES (cached)
Compiler for C supports arguments -D_XOPEN_SOURCE=600: YES (cached)
Message: drivers/compress/mlx5: Defining dependency "compress_mlx5"
Message: drivers/compress/nitrox: Defining dependency "compress_nitrox"
Message: drivers/compress/octeontx: Defining dependency "compress_octeontx"
Run-time dependency libwd_comp found: NO (tried pkgconfig)
Run-time dependency libwd found: NO (tried pkgconfig)
Dependency zlib found: YES 1.2.13 (cached)
Message: drivers/compress/zlib: Defining dependency "compress_zlib"
Compiler for C supports arguments -std=c11: YES (cached)
Compiler for C supports arguments -Wno-strict-prototypes: YES (cached)
Compiler for C supports arguments -D_BSD_SOURCE: YES (cached)
Compiler for C supports arguments -D_DEFAULT_SOURCE: YES (cached)
Compiler for C supports arguments -D_XOPEN_SOURCE=600: YES (cached)
Message: drivers/regex/mlx5: Defining dependency "regex_mlx5"
Message: drivers/regex/cn9k: Defining dependency "regex_cn9k"
Message: drivers/ml/cnxk: libarchive not found
Message: drivers/ml/cnxk: jansson not found
Found CMake: /usr/bin/cmake (3.30.5)
Run-time dependency dlpack found: NO (tried cmake)
Message: drivers/ml/cnxk: dlpack not found
Run-time dependency dmlc found: NO (tried cmake)
Message: drivers/ml/cnxk: dmlc not found
Run-time dependency tvm found: NO (tried cmake)
Message: drivers/ml/cnxk: tvm_runtime not found
Run-time dependency tvmdp found: NO (tried pkgconfig)
Message: drivers/ml/cnxk: tvmdp not found
Message: drivers/ml/cnxk: Disabled TVM model support
Message: drivers/ml/cnxk: Defining dependency "ml_cnxk"
Message: drivers/vdpa/ifc: Defining dependency "vdpa_ifc"
Compiler for C supports arguments -std=c11: YES (cached)
Compiler for C supports arguments -Wno-strict-prototypes: YES (cached)
Compiler for C supports arguments -D_BSD_SOURCE: YES (cached)
Compiler for C supports arguments -D_DEFAULT_SOURCE: YES (cached)
Compiler for C supports arguments -D_XOPEN_SOURCE=600: YES (cached)
Message: drivers/vdpa/mlx5: Defining dependency "vdpa_mlx5"
Message: drivers/vdpa/nfp: Defining dependency "vdpa_nfp"
Compiler for C supports arguments -flax-vector-conversions: YES (cached)
Compiler for C supports arguments -Wno-strict-aliasing: YES (cached)
Message: drivers/event/cnxk: Defining dependency "event_cnxk"
Message: drivers/event/dpaa: Defining dependency "event_dpaa"
Message: drivers/event/dpaa2: Defining dependency "event_dpaa2"
Compiler for C supports arguments -Wno-format-nonliteral: YES (cached)
Message: drivers/event/dsw: Defining dependency "event_dsw"
Message: drivers/event/octeontx: Defining dependency "event_octeontx"
Message: drivers/event/opdl: Defining dependency "event_opdl"
Message: drivers/event/skeleton: Defining dependency "event_skeleton"
Message: drivers/event/sw: Defining dependency "event_sw"
Run-time dependency flexran_sdk_ldpc_decoder_5gnr found: NO (tried pkgconfig and cmake)
Message: drivers/baseband/acc: Defining dependency "baseband_acc"
Message: drivers/baseband/fpga_5gnr_fec: Defining dependency "baseband_fpga_5gnr_fec"
Message: drivers/baseband/fpga_lte_fec: Defining dependency "baseband_fpga_lte_fec"
Message: drivers/baseband/la12xx: Defining dependency "baseband_la12xx"
Message: drivers/baseband/null: Defining dependency "baseband_null"
Run-time dependency flexran_sdk_turbo found: NO (tried pkgconfig and cmake)
Run-time dependency flexran_sdk_ldpc_decoder_5gnr found: NO (tried pkgconfig and cmake)
Message: drivers/baseband/turbo_sw: Defining dependency "baseband_turbo_sw"
Has header "cuda.h" : NO 
Message: drivers/power/acpi: Defining dependency "power_acpi"
Message: drivers/power/amd_pstate: Defining dependency "power_amd_pstate"
Library e_smi64 found: NO
Message: drivers/power/cppc: Defining dependency "power_cppc"
Message: drivers/power/intel_pstate: Defining dependency "power_intel_pstate"
Message: drivers/power/intel_uncore: Defining dependency "power_intel_uncore"
Message: drivers/power/kvm_vm: Defining dependency "power_kvm_vm"
Has header "sys/epoll.h" : YES 
Dependency zlib found: YES 1.2.13 (cached)
Run-time dependency pcap found: YES 1.10.4
Compiler for C supports arguments -fno-strict-aliasing: YES (cached)
Program clang found: YES (/usr/bin/clang)
Program xxd found: YES (/usr/bin/xxd)
Message: hugepage availability: true
Program test_telemetry.sh found: YES (/home/loongson/.dpdk/dpdk/app/test/suites/test_telemetry.sh)
Program doxygen found: NO
Program sphinx-build found: NO
Configuring rte_build_config.h using configuration
Message: 
=================
Applications Enabled
=================

apps:
	dumpcap, graph, pdump, proc-info, test-acl, test-bbdev, test-cmdline, test-compress-perf, 
	test-crypto-perf, test-dma-perf, test-eventdev, test-fib, test-flow-perf, test-gpudev, test-mldev, test-pipeline, 
	test-pmd, test-regex, test-sad, test-security-perf, test, 

Message: 
=================
Libraries Enabled
=================

libs:
	log, kvargs, argparse, telemetry, pmu, eal, ptr_compress, ring, 
	rcu, mempool, mbuf, net, meter, ethdev, pci, cmdline, 
	metrics, hash, timer, acl, bbdev, bitratestats, bpf, cfgfile, 
	compressdev, cryptodev, distributor, dmadev, efd, eventdev, dispatcher, gpudev, 
	gro, gso, ip_frag, jobstats, latencystats, lpm, member, pcapng, 
	power, rawdev, regexdev, mldev, rib, reorder, sched, security, 
	stack, vhost, ipsec, pdcp, fib, port, pdump, table, 
	pipeline, graph, node, 

Message: 
===============
Drivers Enabled
===============

common:
	cpt, dpaax, ionic, octeontx, cnxk, mlx5, nfp, nitrox, 
	qat, zsda, 
bus:
	auxiliary, cdx, dpaa, fslmc, ifpga, pci, platform, uacce, 
	vdev, vmbus, 
mempool:
	bucket, cnxk, dpaa, dpaa2, octeontx, ring, stack, 
dma:
	cnxk, dpaa, dpaa2, odm, skeleton, 
net:
	af_packet, ark, atlantic, avp, axgbe, bnx2x, bnxt, bond, 
	cnxk, cxgbe, dpaa, dpaa2, ena, enetc, enetfec, enic, 
	failsafe, gve, hinic, e1000, fm10k, iavf, ice, idpf, 
	ixgbe, cpfl, ionic, memif, mlx4, mlx5, nbl, netvsc, 
	nfp, ngbe, null, octeontx, octeon_ep, pcap, pfe, qede, 
	r8169, ring, rnp, softnic, tap, thunderx, txgbe, vdev_netvsc, 
	vhost, virtio, vmxnet3, xsc, zxdh, 
raw:
	cnxk_bphy, cnxk_gpio, cnxk_rvu_lf, dpaa2_cmdif, gdtc, ntb, skeleton, 
crypto:
	bcmfs, caam_jr, ccp, cnxk, dpaa_sec, dpaa2_sec, ionic, mlx5, 
	nitrox, null, octeontx, openssl, scheduler, virtio, 
compress:
	mlx5, nitrox, octeontx, zlib, 
regex:
	mlx5, cn9k, 
ml:
	cnxk, 
vdpa:
	ifc, mlx5, nfp, 
event:
	cnxk, dpaa, dpaa2, dsw, octeontx, opdl, skeleton, sw, 
	
baseband:
	acc, fpga_5gnr_fec, fpga_lte_fec, la12xx, null, turbo_sw, 
gpu:
	
power:
	acpi, amd_pstate, cppc, intel_pstate, intel_uncore, kvm_vm, 

Message: 
=================
Content Skipped
=================

apps:
	
libs:
	
drivers:
	common/mvep:	missing dependency, "libmusdk"
	common/sfc_efx:	only supported on x86_64 and aarch64
	dma/hisi_acc:	only supported on x86_64 and aarch64
	dma/hisi_pciep:	only supported on x86_64 and aarch64
	dma/idxd:	only supported on x86
	dma/ioat:	only supported on x86
	net/af_xdp:	missing dependency, "libxdp >=1.2.2" and "libbpf"
	net/hinic3:	only supported on x86_64 and aarch64
	net/hns3:	only supported on x86_64 and aarch64
	net/intel/i40e:	not supported on LoongArch
	net/intel/ipn3ke:	missing dependency, "libfdt"
	net/mana:	only supported on x86 or arm64 Linux
	net/mvneta:	missing dependency, "libmusdk"
	net/mvpp2:	missing dependency, "libmusdk"
	net/nfb:	missing dependency, "libnfb"
	net/ntnic:	only supported on x86_64 Linux
	net/sfc:	only supported on x86_64 and aarch64
	raw/ifpga:	missing dependency, "libfdt"
	crypto/armv8:	missing dependency, "libAArch64crypto"
	crypto/ipsec_mb:	missing dependency, "libIPSec_MB"
	crypto/mvsam:	missing dependency, "libmusdk"
	crypto/uadk:	missing dependency, "libwd"
	compress/isal:	missing dependency, "libisal"
	compress/uadk:	missing dependency, "libwd"
	vdpa/sfc:	only supported on x86_64 and aarch64
	event/dlb2:	only supported on x86_64 Linux
	gpu/cuda:	missing dependency, "cuda.h"
	power/amd_uncore:	missing dependency, "libe_smi"
	

Message: DPDK build config complete:
  source path = "/home/loongson/.dpdk/dpdk"
  build path  = "/home/loongson/.dpdk/dpdk/build"
Build targets in project: 1080

Found ninja-1.11.1 at /usr/bin/ninja
WARNING: Running the setup command as `meson [options]` instead of `meson setup [options]` is ambiguous and deprecated.
meson & ninja build pass
finding context: loongarch-compilation for 162762 ...
contexts for 162762: "checkpatch" "loongarch-compilation" "loongarch-unit-testing" "github-robot: build"
test report for 162762 from loongarch-compilation existed!
send test report for series 37785 to John McNamara <john.mcnamara@intel.com>
touch: cannot touch '/home/loongson/.dpdk/dpdk-ci/tools/../reports/162762_report.txt': No such file or directory
2026-03-27T03:40:02
https://patches.dpdk.org/api/events/?category=series-completed&page=1&since=2026-03-27T03:40:02
fetched series ids: 37785 37784 37783 37782 37781 37780 37779 37778 
2026-03-28T11:55:02 /home/loongson/.dpdk/dpdk-ci/tools/test-series.sh 37785
download-series.sh: request https://patches.dpdk.org/api/series/37785
pwid(s) for series 37785: 162762 
The number of patch(es) is: 1
/home/loongson/.dpdk/dpdk-ci/tools/../series/37785/162762.patch lines: 147
download series done!
list trees for series 37785: dpdk
try to apply on dpdk ...
Switched to branch 'unused'
Deleted branch main (was 626d4e3932).
Switched to a new branch 'main'
branch 'main' set up to track 'origin/main'.
need to update git base
/home/loongson/.dpdk/dpdk-ci/tools/test-series.sh: line 106: 255025 Killed                  timeout -s SIGKILL 60s git pull --rebase
2026-03-27T03:40:02
https://patches.dpdk.org/api/events/?category=series-completed&page=1&since=2026-03-27T03:40:02
fetched series ids: 37785 37784 37783 37782 37781 37780 37779 37778 
2026-03-28T12:00:04 /home/loongson/.dpdk/dpdk-ci/tools/test-series.sh 37785
download-series.sh: request https://patches.dpdk.org/api/series/37785
pwid(s) for series 37785: 162762 
The number of patch(es) is: 1
/home/loongson/.dpdk/dpdk-ci/tools/../series/37785/162762.patch lines: 147
download series done!
list trees for series 37785: dpdk
try to apply on dpdk ...
Switched to branch 'unused'
Deleted branch main (was 626d4e3932).
Switched to a new branch 'main'
branch 'main' set up to track 'origin/main'.
need to update git base
/home/loongson/.dpdk/dpdk-ci/tools/test-series.sh: line 106: 255620 Killed                  timeout -s SIGKILL 60s git pull --rebase
2026-03-27T03:40:02
https://patches.dpdk.org/api/events/?category=series-completed&page=1&since=2026-03-27T03:40:02
fetched series ids: 37785 37784 37783 37782 37781 37780 37779 37778 
2026-03-28T12:05:03 /home/loongson/.dpdk/dpdk-ci/tools/test-series.sh 37785
download-series.sh: request https://patches.dpdk.org/api/series/37785
pwid(s) for series 37785: 162762 
The number of patch(es) is: 1
/home/loongson/.dpdk/dpdk-ci/tools/../series/37785/162762.patch lines: 147
download series done!
list trees for series 37785: dpdk
try to apply on dpdk ...
Switched to branch 'unused'
Deleted branch main (was 626d4e3932).
Switched to a new branch 'main'
branch 'main' set up to track 'origin/main'.
need to update git base
Already up to date.
Deleted branch s-37785 (was 95d98aecb2).
Switched to a new branch 's-37785'
Applying: doc: update release notes for 26.03
Insert one base commit: 37785 626d4e39327333cd5508885162e45ca7fb94ef7f
The Meson build system
Version: 1.4.1
Source dir: /home/loongson/.dpdk/dpdk
Build dir: /home/loongson/.dpdk/dpdk/build
Build type: native build
Project name: DPDK
Project version: 26.03.0-rc3
C compiler for the host machine: cc (gcc 12.3.0 "cc (GCC) 12.3.0 20230508 (Loongnix OS 12.3.0-10)")
C linker for the host machine: cc ld.bfd 2.41-5
Host machine cpu family: loongarch64
Host machine cpu: loongarch64
Message: ## Building in Developer Mode ##
Program pkg-config found: YES (/usr/bin/pkg-config)
Program check-symbols.sh found: YES (/home/loongson/.dpdk/dpdk/buildtools/check-symbols.sh)
Program options-ibverbs-static.sh found: YES (/home/loongson/.dpdk/dpdk/buildtools/options-ibverbs-static.sh)
Program python3 found: YES (/usr/bin/python3)
Program python3 (elftools) found: YES (/usr/bin/python3) modules: elftools
Message: Minimum Meson required version is 0.57.2
Program cat found: YES (/usr/bin/cat)
Compiler for C supports arguments -march=native: YES 
Checking for size of "void *" : 8 
Checking for size of "void *" : 8 (cached)
Compiler for C supports link arguments -Wl,--undefined-version: YES 
Library m found: YES
Library numa found: YES
Has header "numaif.h" : YES 
Library fdt found: NO
Library execinfo found: NO
Has header "execinfo.h" : YES 
Found pkg-config: YES (/usr/bin/pkg-config) 1.9.5
Run-time dependency libarchive found: NO (tried pkgconfig)
Run-time dependency libbsd found: NO (tried pkgconfig)
Run-time dependency jansson found: NO (tried pkgconfig)
Run-time dependency openssl found: YES 3.0.12
Run-time dependency libpcap found: YES 1.10.4
Has header "pcap.h" with dependency libpcap: YES 
Compiler for C supports arguments -Wvla: YES 
Compiler for C supports arguments -Wno-shadow: YES 
Compiler for C supports arguments -Wno-comma: NO 
Compiler for C supports arguments -Wcast-qual: YES 
Compiler for C supports arguments -Wcomma: NO 
Compiler for C supports arguments -Wdeprecated: YES 
Compiler for C supports arguments -Wformat: YES 
Compiler for C supports arguments -Wformat-nonliteral: YES 
Compiler for C supports arguments -Wformat-security: YES 
Compiler for C supports arguments -Wmissing-declarations: YES 
Compiler for C supports arguments -Wmissing-prototypes: YES 
Compiler for C supports arguments -Wnested-externs: YES 
Compiler for C supports arguments -Wold-style-definition: YES 
Compiler for C supports arguments -Wpointer-arith: YES 
Compiler for C supports arguments -Wshadow: YES 
Compiler for C supports arguments -Wsign-compare: YES 
Compiler for C supports arguments -Wstrict-prototypes: YES 
Compiler for C supports arguments -Wundef: YES 
Compiler for C supports arguments -Wwrite-strings: YES 
Compiler for C supports arguments -Wno-packed-not-aligned: YES 
Compiler for C supports arguments -Wno-missing-field-initializers: YES 
Compiler for C supports arguments -fzero-init-padding-bits=all: NO 
Message: Implementer : Generic loongarch
Message: ['-march=loongarch64']
Message: lib/log: Defining dependency "log"
Message: lib/kvargs: Defining dependency "kvargs"
Message: lib/argparse: Defining dependency "argparse"
Message: lib/telemetry: Defining dependency "telemetry"
Message: lib/pmu: Defining dependency "pmu"
Checking for function "pthread_attr_setaffinity_np" : YES 
Checking for function "getentropy" : NO 
Message: lib/eal: Defining dependency "eal"
Message: lib/ptr_compress: Defining dependency "ptr_compress"
Message: lib/ring: Defining dependency "ring"
Message: lib/rcu: Defining dependency "rcu"
Message: lib/mempool: Defining dependency "mempool"
Message: lib/mbuf: Defining dependency "mbuf"
Message: lib/net: Defining dependency "net"
Message: lib/meter: Defining dependency "meter"
Message: lib/ethdev: Defining dependency "ethdev"
Message: lib/pci: Defining dependency "pci"
Message: lib/cmdline: Defining dependency "cmdline"
Message: lib/metrics: Defining dependency "metrics"
Message: lib/hash: Defining dependency "hash"
Message: lib/timer: Defining dependency "timer"
Message: lib/acl: Defining dependency "acl"
Message: lib/bbdev: Defining dependency "bbdev"
Message: lib/bitratestats: Defining dependency "bitratestats"
Run-time dependency libelf found: YES 0.190
Message: lib/bpf: Defining dependency "bpf"
Message: lib/cfgfile: Defining dependency "cfgfile"
Message: lib/compressdev: Defining dependency "compressdev"
Message: lib/cryptodev: Defining dependency "cryptodev"
Message: lib/distributor: Defining dependency "distributor"
Message: lib/dmadev: Defining dependency "dmadev"
Message: lib/efd: Defining dependency "efd"
Message: lib/eventdev: Defining dependency "eventdev"
Message: lib/dispatcher: Defining dependency "dispatcher"
Message: lib/gpudev: Defining dependency "gpudev"
Message: lib/gro: Defining dependency "gro"
Message: lib/gso: Defining dependency "gso"
Message: lib/ip_frag: Defining dependency "ip_frag"
Message: lib/jobstats: Defining dependency "jobstats"
Message: lib/latencystats: Defining dependency "latencystats"
Message: lib/lpm: Defining dependency "lpm"
Message: lib/member: Defining dependency "member"
Message: lib/pcapng: Defining dependency "pcapng"
Message: lib/power: Defining dependency "power"
Message: lib/rawdev: Defining dependency "rawdev"
Message: lib/regexdev: Defining dependency "regexdev"
Message: lib/mldev: Defining dependency "mldev"
Message: lib/rib: Defining dependency "rib"
Message: lib/reorder: Defining dependency "reorder"
Message: lib/sched: Defining dependency "sched"
Message: lib/security: Defining dependency "security"
Message: lib/stack: Defining dependency "stack"
Has header "linux/userfaultfd.h" : YES 
Compiler for C supports arguments -fno-strict-aliasing: YES 
Compiler for C supports arguments -Wno-address-of-packed-member: YES 
Message: lib/vhost: Defining dependency "vhost"
Message: lib/ipsec: Defining dependency "ipsec"
Message: lib/pdcp: Defining dependency "pdcp"
Message: lib/fib: Defining dependency "fib"
Message: lib/port: Defining dependency "port"
Message: lib/pdump: Defining dependency "pdump"
Message: lib/table: Defining dependency "table"
Message: lib/pipeline: Defining dependency "pipeline"
Message: lib/graph: Defining dependency "graph"
Message: lib/node: Defining dependency "node"
Compiler for C supports arguments -Wno-format-truncation: YES 
Compiler for C supports arguments -Wno-address-of-packed-member: YES (cached)
Message: drivers/common/cpt: Defining dependency "common_cpt"
Compiler for C supports arguments -Wno-cast-qual: YES 
Compiler for C supports arguments -Wno-pointer-arith: YES 
Message: drivers/common/dpaax: Defining dependency "common_dpaax"
Message: drivers/common/ionic: Defining dependency "common_ionic"
Run-time dependency libmusdk found: NO (tried pkgconfig)
Message: drivers/common/octeontx: Defining dependency "common_octeontx"
Message: drivers/bus/auxiliary: Defining dependency "bus_auxiliary"
Message: drivers/bus/cdx: Defining dependency "bus_cdx"
Compiler for C supports arguments -Wno-cast-qual: YES (cached)
Compiler for C supports arguments -Wno-pointer-arith: YES (cached)
Message: drivers/bus/dpaa: Defining dependency "bus_dpaa"
Message: drivers/bus/fslmc: Defining dependency "bus_fslmc"
Message: drivers/bus/ifpga: Defining dependency "bus_ifpga"
Message: drivers/bus/pci: Defining dependency "bus_pci"
Message: drivers/bus/platform: Defining dependency "bus_platform"
Message: drivers/bus/uacce: Defining dependency "bus_uacce"
Message: drivers/bus/vdev: Defining dependency "bus_vdev"
Message: drivers/bus/vmbus: Defining dependency "bus_vmbus"
Message: drivers/common/cnxk: Defining dependency "common_cnxk"
Compiler for C supports arguments -std=c11: YES 
Compiler for C supports arguments -Wno-strict-prototypes: YES 
Compiler for C supports arguments -D_BSD_SOURCE: YES 
Compiler for C supports arguments -D_DEFAULT_SOURCE: YES 
Compiler for C supports arguments -D_XOPEN_SOURCE=600: YES 
Run-time dependency libmlx5 found: YES 1.25.54.0
Run-time dependency libibverbs found: YES 1.14.54.0
Library mtcr_ul found: NO
Header "infiniband/verbs.h" has symbol "IBV_FLOW_SPEC_ESP" with dependencies libmlx5, libibverbs: YES 
Header "infiniband/verbs.h" has symbol "IBV_RX_HASH_IPSEC_SPI" with dependencies libmlx5, libibverbs: YES 
Header "infiniband/verbs.h" has symbol "IBV_ACCESS_RELAXED_ORDERING " with dependencies libmlx5, libibverbs: YES 
Header "infiniband/mlx5dv.h" has symbol "MLX5DV_CQE_RES_FORMAT_CSUM_STRIDX" with dependencies libmlx5, libibverbs: YES 
Header "infiniband/mlx5dv.h" has symbol "MLX5DV_CONTEXT_MASK_TUNNEL_OFFLOADS" with dependencies libmlx5, libibverbs: YES 
Header "infiniband/mlx5dv.h" has symbol "MLX5DV_CONTEXT_FLAGS_MPW_ALLOWED" with dependencies libmlx5, libibverbs: YES 
Header "infiniband/mlx5dv.h" has symbol "MLX5DV_CONTEXT_FLAGS_CQE_128B_COMP" with dependencies libmlx5, libibverbs: YES 
Header "infiniband/mlx5dv.h" has symbol "MLX5DV_CQ_INIT_ATTR_FLAGS_CQE_PAD" with dependencies libmlx5, libibverbs: YES 
Header "infiniband/mlx5dv.h" has symbol "mlx5dv_create_flow_action_packet_reformat" with dependencies libmlx5, libibverbs: YES 
Header "infiniband/verbs.h" has symbol "IBV_FLOW_SPEC_MPLS" with dependencies libmlx5, libibverbs: YES 
Header "infiniband/verbs.h" has symbol "IBV_WQ_FLAGS_PCI_WRITE_END_PADDING" with dependencies libmlx5, libibverbs: YES 
Header "infiniband/verbs.h" has symbol "IBV_WQ_FLAG_RX_END_PADDING" with dependencies libmlx5, libibverbs: NO 
Header "infiniband/mlx5dv.h" has symbol "mlx5dv_query_devx_port" with dependencies libmlx5, libibverbs: NO 
Header "infiniband/mlx5dv.h" has symbol "mlx5dv_query_port" with dependencies libmlx5, libibverbs: YES 
Header "infiniband/mlx5dv.h" has symbol "mlx5dv_dr_action_create_dest_ib_port" with dependencies libmlx5, libibverbs: YES 
Header "infiniband/mlx5dv.h" has symbol "mlx5dv_devx_obj_create" with dependencies libmlx5, libibverbs: YES 
Header "infiniband/mlx5dv.h" has symbol "MLX5DV_FLOW_ACTION_COUNTERS_DEVX" with dependencies libmlx5, libibverbs: YES 
Header "infiniband/mlx5dv.h" has symbol "MLX5DV_FLOW_ACTION_DEFAULT_MISS" with dependencies libmlx5, libibverbs: YES 
Header "infiniband/mlx5dv.h" has symbol "mlx5dv_devx_obj_query_async" with dependencies libmlx5, libibverbs: YES 
Header "infiniband/mlx5dv.h" has symbol "mlx5dv_devx_qp_query" with dependencies libmlx5, libibverbs: YES 
Header "infiniband/mlx5dv.h" has symbol "mlx5dv_pp_alloc" with dependencies libmlx5, libibverbs: YES 
Header "infiniband/mlx5dv.h" has symbol "mlx5dv_dr_action_create_dest_devx_tir" with dependencies libmlx5, libibverbs: YES 
Header "infiniband/mlx5dv.h" has symbol "mlx5dv_devx_get_event" with dependencies libmlx5, libibverbs: YES 
Header "infiniband/mlx5dv.h" has symbol "mlx5dv_dr_action_create_flow_meter" with dependencies libmlx5, libibverbs: YES 
Header "infiniband/mlx5dv.h" has symbol "MLX5_MMAP_GET_NC_PAGES_CMD" with dependencies libmlx5, libibverbs: YES 
Header "infiniband/mlx5dv.h" has symbol "MLX5DV_DR_DOMAIN_TYPE_NIC_RX" with dependencies libmlx5, libibverbs: YES 
Header "infiniband/mlx5dv.h" has symbol "MLX5DV_DR_DOMAIN_TYPE_FDB" with dependencies libmlx5, libibverbs: YES 
Header "infiniband/mlx5dv.h" has symbol "mlx5dv_dr_action_create_push_vlan" with dependencies libmlx5, libibverbs: YES 
Header "infiniband/mlx5dv.h" has symbol "mlx5dv_alloc_var" with dependencies libmlx5, libibverbs: YES 
Header "infiniband/mlx5dv.h" has symbol "MLX5_OPCODE_ENHANCED_MPSW" with dependencies libmlx5, libibverbs: NO 
Header "infiniband/mlx5dv.h" has symbol "MLX5_OPCODE_SEND_EN" with dependencies libmlx5, libibverbs: NO 
Header "infiniband/mlx5dv.h" has symbol "MLX5_OPCODE_WAIT" with dependencies libmlx5, libibverbs: NO 
Header "infiniband/mlx5dv.h" has symbol "MLX5_OPCODE_ACCESS_ASO" with dependencies libmlx5, libibverbs: NO 
Header "linux/if_link.h" has symbol "IFLA_NUM_VF" with dependencies libmlx5, libibverbs: YES 
Header "linux/if_link.h" has symbol "IFLA_EXT_MASK" with dependencies libmlx5, libibverbs: YES 
Header "linux/if_link.h" has symbol "IFLA_PHYS_SWITCH_ID" with dependencies libmlx5, libibverbs: YES 
Header "linux/if_link.h" has symbol "IFLA_PHYS_PORT_NAME" with dependencies libmlx5, libibverbs: YES 
Header "rdma/rdma_netlink.h" has symbol "RDMA_NL_NLDEV" with dependencies libmlx5, libibverbs: YES 
Header "rdma/rdma_netlink.h" has symbol "RDMA_NLDEV_CMD_GET" with dependencies libmlx5, libibverbs: YES 
Header "rdma/rdma_netlink.h" has symbol "RDMA_NLDEV_CMD_PORT_GET" with dependencies libmlx5, libibverbs: YES 
Header "rdma/rdma_netlink.h" has symbol "RDMA_NLDEV_ATTR_DEV_INDEX" with dependencies libmlx5, libibverbs: YES 
Header "rdma/rdma_netlink.h" has symbol "RDMA_NLDEV_ATTR_DEV_NAME" with dependencies libmlx5, libibverbs: YES 
Header "rdma/rdma_netlink.h" has symbol "RDMA_NLDEV_ATTR_PORT_INDEX" with dependencies libmlx5, libibverbs: YES 
Header "rdma/rdma_netlink.h" has symbol "RDMA_NLDEV_ATTR_PORT_STATE" with dependencies libmlx5, libibverbs: YES 
Header "rdma/rdma_netlink.h" has symbol "RDMA_NLDEV_ATTR_NDEV_INDEX" with dependencies libmlx5, libibverbs: YES 
Header "rdma/rdma_netlink.h" has symbol "RDMA_NL_GROUP_NOTIFY" with dependencies libmlx5, libibverbs: NO 
Header "rdma/rdma_netlink.h" has symbol "RDMA_NLDEV_CMD_SYS_GET" with dependencies libmlx5, libibverbs: YES 
Header "rdma/rdma_netlink.h" has symbol "RDMA_NLDEV_SYS_ATTR_MONITOR_MODE" with dependencies libmlx5, libibverbs: NO 
Header "rdma/rdma_netlink.h" has symbol "RDMA_NLDEV_ATTR_EVENT_TYPE" with dependencies libmlx5, libibverbs: NO 
Header "rdma/rdma_netlink.h" has symbol "RDMA_NLDEV_CMD_MONITOR" with dependencies libmlx5, libibverbs: NO 
Header "infiniband/mlx5dv.h" has symbol "mlx5dv_dump_dr_domain" with dependencies libmlx5, libibverbs: YES 
Header "infiniband/mlx5dv.h" has symbol "mlx5dv_dr_action_create_flow_sampler" with dependencies libmlx5, libibverbs: YES 
Header "infiniband/mlx5dv.h" has symbol "mlx5dv_dr_domain_set_reclaim_device_memory" with dependencies libmlx5, libibverbs: YES 
Header "infiniband/mlx5dv.h" has symbol "mlx5dv_dr_action_create_dest_array" with dependencies libmlx5, libibverbs: YES 
Header "linux/devlink.h" has symbol "DEVLINK_GENL_NAME" with dependencies libmlx5, libibverbs: YES 
Header "infiniband/mlx5dv.h" has symbol "mlx5dv_dr_action_create_aso" with dependencies libmlx5, libibverbs: YES 
Header "infiniband/verbs.h" has symbol "INFINIBAND_VERBS_H" with dependencies libmlx5, libibverbs: YES 
Header "infiniband/mlx5dv.h" has symbol "MLX5_WQE_UMR_CTRL_FLAG_INLINE" with dependencies libmlx5, libibverbs: YES 
Header "infiniband/mlx5dv.h" has symbol "mlx5dv_dump_dr_rule" with dependencies libmlx5, libibverbs: YES 
Header "infiniband/mlx5dv.h" has symbol "MLX5DV_DR_ACTION_FLAGS_ASO_CT_DIRECTION_INITIATOR" with dependencies libmlx5, libibverbs: YES 
Header "infiniband/mlx5dv.h" has symbol "mlx5dv_dr_domain_allow_duplicate_rules" with dependencies libmlx5, libibverbs: YES 
Header "infiniband/verbs.h" has symbol "ibv_reg_mr_iova" with dependencies libmlx5, libibverbs: YES 
Header "infiniband/verbs.h" has symbol "ibv_import_device" with dependencies libmlx5, libibverbs: YES 
Header "infiniband/mlx5dv.h" has symbol "mlx5dv_dr_action_create_dest_root_table" with dependencies libmlx5, libibverbs: YES 
Header "infiniband/mlx5dv.h" has symbol "mlx5dv_create_steering_anchor" with dependencies libmlx5, libibverbs: YES 
Header "infiniband/verbs.h" has symbol "ibv_is_fork_initialized" with dependencies libmlx5, libibverbs: YES 
Header "infiniband/mlx5dv.h" has symbol "MLX5DV_CONTEXT_MASK_REG_C0" with dependencies libmlx5, libibverbs: YES 
Header "infiniband/mlx5dv.h" has symbol "MLX5DV_FLOW_ACTION_COUNTERS_DEVX_WITH_OFFSET" with dependencies libmlx5, libibverbs: NO 
Checking whether type "struct mlx5dv_sw_parsing_caps" has member "sw_parsing_offloads" with dependencies libmlx5, libibverbs: YES 
Checking whether type "struct ibv_counter_set_init_attr" has member "counter_set_id" with dependencies libmlx5, libibverbs: NO 
Checking whether type "struct ibv_counters_init_attr" has member "comp_mask" with dependencies libmlx5, libibverbs: YES 
Checking whether type "struct mlx5dv_devx_uar" has member "mmap_off" with dependencies libmlx5, libibverbs: YES 
Checking whether type "struct mlx5dv_flow_matcher_attr" has member "ft_type" with dependencies libmlx5, libibverbs: YES 
Configuring mlx5_autoconf.h using configuration
Message: drivers/common/mlx5: Defining dependency "common_mlx5"
Message: drivers/common/nfp: Defining dependency "common_nfp"
Message: drivers/common/nitrox: Defining dependency "common_nitrox"
Run-time dependency libcrypto found: YES 3.0.12
Library IPSec_MB found: NO
Message: drivers/common/qat: Defining dependency "common_qat"
Compiler for C supports arguments -Wdisabled-optimization: YES 
Compiler for C supports arguments -Waggregate-return: YES 
Compiler for C supports arguments -Wbad-function-cast: YES 
Compiler for C supports arguments -Wno-sign-compare: YES 
Compiler for C supports arguments -Wno-unused-parameter: YES 
Compiler for C supports arguments -Wno-unused-variable: YES 
Compiler for C supports arguments -Wno-empty-body: YES 
Compiler for C supports arguments -Wno-unused-but-set-variable: YES 
Message: drivers/common/zsda: Defining dependency "common_zsda"
Message: drivers/mempool/bucket: Defining dependency "mempool_bucket"
Message: drivers/mempool/cnxk: Defining dependency "mempool_cnxk"
Message: drivers/mempool/dpaa: Defining dependency "mempool_dpaa"
Message: drivers/mempool/dpaa2: Defining dependency "mempool_dpaa2"
Message: drivers/mempool/octeontx: Defining dependency "mempool_octeontx"
Message: drivers/mempool/ring: Defining dependency "mempool_ring"
Message: drivers/mempool/stack: Defining dependency "mempool_stack"
Compiler for C supports arguments -Wno-uninitialized: YES 
Message: drivers/dma/cnxk: Defining dependency "dma_cnxk"
Compiler for C supports arguments -Wno-pointer-arith: YES (cached)
Message: drivers/dma/dpaa: Defining dependency "dma_dpaa"
Compiler for C supports arguments -Wno-pointer-arith: YES (cached)
Message: drivers/dma/dpaa2: Defining dependency "dma_dpaa2"
Message: drivers/dma/odm: Defining dependency "dma_odm"
Message: drivers/dma/skeleton: Defining dependency "dma_skeleton"
Message: drivers/net/af_packet: Defining dependency "net_af_packet"
Run-time dependency libxdp found: NO (tried pkgconfig)
Run-time dependency libbpf found: YES 1.2.2
Has header "linux/if_xdp.h" : YES 
Has header "bpf/xsk.h" : NO 
Message: drivers/net/ark: Defining dependency "net_ark"
Message: drivers/net/atlantic: Defining dependency "net_atlantic"
Message: drivers/net/avp: Defining dependency "net_avp"
Message: drivers/net/axgbe: Defining dependency "net_axgbe"
Run-time dependency zlib found: YES 1.2.13
Message: drivers/net/bnx2x: Defining dependency "net_bnx2x"
Compiler for C supports arguments -DSUPPORT_CFA_HW_P70=1: YES 
Compiler for C supports arguments -DSUPPORT_CFA_HW_P70=1: YES (cached)
Compiler for C supports arguments -DCFA_BLD_PRINT_OBJ=1: YES 
Message: drivers/net/bnxt: Defining dependency "net_bnxt"
Message: drivers/net/bonding: Defining dependency "net_bond"
Compiler for C supports arguments -flax-vector-conversions: YES 
Compiler for C supports arguments -Wno-strict-aliasing: YES 
Message: drivers/net/cnxk: Defining dependency "net_cnxk"
Message: drivers/net/cxgbe: Defining dependency "net_cxgbe"
Compiler for C supports arguments -Wno-pointer-arith: YES (cached)
Message: drivers/net/dpaa: Defining dependency "net_dpaa"
Message: drivers/net/dpaa2: Defining dependency "net_dpaa2"
Message: drivers/net/ena: Defining dependency "net_ena"
Message: drivers/net/enetc: Defining dependency "net_enetc"
Message: drivers/net/enetfec: Defining dependency "net_enetfec"
Message: drivers/net/enic: Defining dependency "net_enic"
Message: drivers/net/failsafe: Defining dependency "net_failsafe"
Message: drivers/net/gve: Defining dependency "net_gve"
Message: drivers/net/hinic: Defining dependency "net_hinic"
Message: drivers/net/intel/e1000: Defining dependency "net_e1000"
Message: drivers/net/intel/fm10k: Defining dependency "net_fm10k"
Message: drivers/net/intel/iavf: Defining dependency "net_iavf"
Compiler for C supports arguments -Wno-unused-but-set-variable: YES (cached)
Compiler for C supports arguments -Wno-unused-parameter: YES (cached)
Compiler for C supports arguments -Wno-array-bounds: YES 
Message: drivers/net/intel/ice: Defining dependency "net_ice"
Message: drivers/net/intel/idpf: Defining dependency "net_idpf"
Message: drivers/net/intel/ixgbe: Defining dependency "net_ixgbe"
Message: drivers/net/intel/cpfl: Defining dependency "net_cpfl"
Message: drivers/net/ionic: Defining dependency "net_ionic"
Message: drivers/net/memif: Defining dependency "net_memif"
Run-time dependency libmlx4 found: YES 1.0.54.0
Dependency libibverbs found: YES 1.14.54.0 (cached)
Compiler for C supports arguments -std=c11: YES (cached)
Compiler for C supports arguments -Wno-strict-prototypes: YES (cached)
Compiler for C supports arguments -D_BSD_SOURCE: YES (cached)
Compiler for C supports arguments -D_DEFAULT_SOURCE: YES (cached)
Compiler for C supports arguments -D_XOPEN_SOURCE=600: YES (cached)
Header "infiniband/mlx4dv.h" has symbol "MLX4DV_SET_CTX_ATTR_BUF_ALLOCATORS" with dependencies libmlx4, libibverbs: YES 
Header "infiniband/mlx4dv.h" has symbol "MLX4DV_QP_MASK_UAR_MMAP_OFFSET" with dependencies libmlx4, libibverbs: YES 
Checking whether type "struct mlx4_wqe_lso_seg" has member "mss_hdr_size" with dependencies libmlx4, libibverbs: YES 
Configuring mlx4_autoconf.h using configuration
Message: drivers/net/mlx4: Defining dependency "net_mlx4"
Compiler for C supports arguments -std=c11: YES (cached)
Compiler for C supports arguments -Wno-strict-prototypes: YES (cached)
Compiler for C supports arguments -D_BSD_SOURCE: YES (cached)
Compiler for C supports arguments -D_DEFAULT_SOURCE: YES (cached)
Compiler for C supports arguments -D_XOPEN_SOURCE=600: YES (cached)
Message: drivers/net/mlx5: Defining dependency "net_mlx5"
Run-time dependency libmusdk found: NO (tried pkgconfig)
Run-time dependency libmusdk found: NO (tried pkgconfig)
Message: drivers/net/nbl: Defining dependency "net_nbl"
Message: drivers/net/netvsc: Defining dependency "net_netvsc"
Run-time dependency netcope-common found: NO (tried pkgconfig)
Message: drivers/net/nfp: Defining dependency "net_nfp"
Message: drivers/net/ngbe: Defining dependency "net_ngbe"
Message: drivers/net/null: Defining dependency "net_null"
Message: drivers/net/octeontx: Defining dependency "net_octeontx"
Compiler for C supports arguments -Wno-strict-aliasing: YES (cached)
Compiler for C supports arguments -flax-vector-conversions: YES (cached)
Message: drivers/net/octeon_ep: Defining dependency "net_octeon_ep"
Message: drivers/net/pcap: Defining dependency "net_pcap"
Compiler for C supports arguments -Wno-pointer-arith: YES (cached)
Message: drivers/net/pfe: Defining dependency "net_pfe"
Compiler for C supports arguments -Wno-unused-parameter: YES (cached)
Compiler for C supports arguments -Wno-sign-compare: YES (cached)
Compiler for C supports arguments -Wno-missing-prototypes: YES 
Compiler for C supports arguments -Wno-cast-qual: YES (cached)
Compiler for C supports arguments -Wno-unused-function: YES 
Compiler for C supports arguments -Wno-unused-variable: YES (cached)
Compiler for C supports arguments -Wno-strict-aliasing: YES (cached)
Compiler for C supports arguments -Wno-missing-prototypes: YES (cached)
Compiler for C supports arguments -Wno-unused-value: YES 
Compiler for C supports arguments -Wno-format-nonliteral: YES 
Compiler for C supports arguments -Wno-shift-negative-value: YES 
Compiler for C supports arguments -Wno-unused-but-set-variable: YES (cached)
Compiler for C supports arguments -Wno-missing-declarations: YES 
Compiler for C supports arguments -Wno-maybe-uninitialized: YES 
Compiler for C supports arguments -Wno-strict-prototypes: YES (cached)
Compiler for C supports arguments -Wno-shift-negative-value: YES (cached)
Compiler for C supports arguments -Wno-implicit-fallthrough: YES 
Compiler for C supports arguments -Wno-format-extra-args: YES 
Compiler for C supports arguments -Wno-visibility: NO 
Compiler for C supports arguments -Wno-empty-body: YES (cached)
Compiler for C supports arguments -Wno-invalid-source-encoding: NO 
Compiler for C supports arguments -Wno-sometimes-uninitialized: NO 
Compiler for C supports arguments -Wno-pointer-bool-conversion: NO 
Compiler for C supports arguments -Wno-format-nonliteral: YES (cached)
Message: drivers/net/qede: Defining dependency "net_qede"
Message: drivers/net/r8169: Defining dependency "net_r8169"
Message: drivers/net/ring: Defining dependency "net_ring"
Message: drivers/net/rnp: Defining dependency "net_rnp"
Message: drivers/net/softnic: Defining dependency "net_softnic"
Header "linux/pkt_cls.h" has symbol "TCA_FLOWER_ACT" : YES 
Dependency libbpf found: YES 1.2.2 (cached)
Program bpftool /usr/sbin/bpftool found: NO
Message: net/tap: no RSS support missing bpftool
Message: drivers/net/tap: Defining dependency "net_tap"
Compiler for C supports arguments -fno-prefetch-loop-arrays: YES 
Compiler for C supports arguments -Wno-maybe-uninitialized: YES (cached)
Message: drivers/net/thunderx: Defining dependency "net_thunderx"
Message: drivers/net/txgbe: Defining dependency "net_txgbe"
Compiler for C supports arguments -D_BSD_SOURCE: YES (cached)
Compiler for C supports arguments -D_DEFAULT_SOURCE: YES (cached)
Compiler for C supports arguments -D_XOPEN_SOURCE=600: YES (cached)
Message: drivers/net/vdev_netvsc: Defining dependency "net_vdev_netvsc"
Message: drivers/net/vhost: Defining dependency "net_vhost"
Message: drivers/net/virtio: Defining dependency "net_virtio"
Compiler for C supports arguments -Wno-unused-parameter: YES (cached)
Compiler for C supports arguments -Wno-unused-value: YES (cached)
Compiler for C supports arguments -Wno-strict-aliasing: YES (cached)
Compiler for C supports arguments -Wno-format-extra-args: YES (cached)
Message: drivers/net/vmxnet3: Defining dependency "net_vmxnet3"
Message: drivers/net/xsc: Defining dependency "net_xsc"
Message: drivers/net/zxdh: Defining dependency "net_zxdh"
Message: drivers/raw/cnxk_bphy: Defining dependency "raw_cnxk_bphy"
Message: drivers/raw/cnxk_gpio: Defining dependency "raw_cnxk_gpio"
Message: drivers/raw/cnxk_rvu_lf: Defining dependency "raw_cnxk_rvu_lf"
Message: drivers/raw/dpaa2_cmdif: Defining dependency "raw_dpaa2_cmdif"
Message: drivers/raw/gdtc: Defining dependency "raw_gdtc"
Message: drivers/raw/ntb: Defining dependency "raw_ntb"
Message: drivers/raw/skeleton: Defining dependency "raw_skeleton"
Run-time dependency libaarch64crypto found: NO (tried pkgconfig)
Message: drivers/crypto/bcmfs: Defining dependency "crypto_bcmfs"
Message: drivers/crypto/caam_jr: Defining dependency "crypto_caam_jr"
Dependency libcrypto found: YES 3.0.12 (cached)
Message: drivers/crypto/ccp: Defining dependency "crypto_ccp"
Message: drivers/crypto/cnxk: Defining dependency "crypto_cnxk"
Message: drivers/crypto/dpaa_sec: Defining dependency "crypto_dpaa_sec"
Message: drivers/crypto/dpaa2_sec: Defining dependency "crypto_dpaa2_sec"
Message: drivers/crypto/ionic: Defining dependency "crypto_ionic"
Library IPSec_MB found: NO
Compiler for C supports arguments -std=c11: YES (cached)
Compiler for C supports arguments -Wno-strict-prototypes: YES (cached)
Compiler for C supports arguments -D_BSD_SOURCE: YES (cached)
Compiler for C supports arguments -D_DEFAULT_SOURCE: YES (cached)
Compiler for C supports arguments -D_XOPEN_SOURCE=600: YES (cached)
Message: drivers/crypto/mlx5: Defining dependency "crypto_mlx5"
Run-time dependency libmusdk found: NO (tried pkgconfig)
Message: drivers/crypto/nitrox: Defining dependency "crypto_nitrox"
Message: drivers/crypto/null: Defining dependency "crypto_null"
Message: drivers/crypto/octeontx: Defining dependency "crypto_octeontx"
Dependency libcrypto found: YES 3.0.12 (cached)
Message: drivers/crypto/openssl: Defining dependency "crypto_openssl"
Message: drivers/crypto/scheduler: Defining dependency "crypto_scheduler"
Run-time dependency libwd_crypto found: NO (tried pkgconfig)
Run-time dependency libwd found: NO (tried pkgconfig)
Message: drivers/crypto/virtio: Defining dependency "crypto_virtio"
Run-time dependency libisal found: NO (tried pkgconfig)
Compiler for C supports arguments -std=c11: YES (cached)
Compiler for C supports arguments -Wno-strict-prototypes: YES (cached)
Compiler for C supports arguments -D_BSD_SOURCE: YES (cached)
Compiler for C supports arguments -D_DEFAULT_SOURCE: YES (cached)
Compiler for C supports arguments -D_XOPEN_SOURCE=600: YES (cached)
Message: drivers/compress/mlx5: Defining dependency "compress_mlx5"
Message: drivers/compress/nitrox: Defining dependency "compress_nitrox"
Message: drivers/compress/octeontx: Defining dependency "compress_octeontx"
Run-time dependency libwd_comp found: NO (tried pkgconfig)
Run-time dependency libwd found: NO (tried pkgconfig)
Dependency zlib found: YES 1.2.13 (cached)
Message: drivers/compress/zlib: Defining dependency "compress_zlib"
Compiler for C supports arguments -std=c11: YES (cached)
Compiler for C supports arguments -Wno-strict-prototypes: YES (cached)
Compiler for C supports arguments -D_BSD_SOURCE: YES (cached)
Compiler for C supports arguments -D_DEFAULT_SOURCE: YES (cached)
Compiler for C supports arguments -D_XOPEN_SOURCE=600: YES (cached)
Message: drivers/regex/mlx5: Defining dependency "regex_mlx5"
Message: drivers/regex/cn9k: Defining dependency "regex_cn9k"
Message: drivers/ml/cnxk: libarchive not found
Message: drivers/ml/cnxk: jansson not found
Found CMake: /usr/bin/cmake (3.30.5)
Run-time dependency dlpack found: NO (tried cmake)
Message: drivers/ml/cnxk: dlpack not found
Run-time dependency dmlc found: NO (tried cmake)
Message: drivers/ml/cnxk: dmlc not found
Run-time dependency tvm found: NO (tried cmake)
Message: drivers/ml/cnxk: tvm_runtime not found
Run-time dependency tvmdp found: NO (tried pkgconfig)
Message: drivers/ml/cnxk: tvmdp not found
Message: drivers/ml/cnxk: Disabled TVM model support
Message: drivers/ml/cnxk: Defining dependency "ml_cnxk"
Message: drivers/vdpa/ifc: Defining dependency "vdpa_ifc"
Compiler for C supports arguments -std=c11: YES (cached)
Compiler for C supports arguments -Wno-strict-prototypes: YES (cached)
Compiler for C supports arguments -D_BSD_SOURCE: YES (cached)
Compiler for C supports arguments -D_DEFAULT_SOURCE: YES (cached)
Compiler for C supports arguments -D_XOPEN_SOURCE=600: YES (cached)
Message: drivers/vdpa/mlx5: Defining dependency "vdpa_mlx5"
Message: drivers/vdpa/nfp: Defining dependency "vdpa_nfp"
Compiler for C supports arguments -flax-vector-conversions: YES (cached)
Compiler for C supports arguments -Wno-strict-aliasing: YES (cached)
Message: drivers/event/cnxk: Defining dependency "event_cnxk"
Message: drivers/event/dpaa: Defining dependency "event_dpaa"
Message: drivers/event/dpaa2: Defining dependency "event_dpaa2"
Compiler for C supports arguments -Wno-format-nonliteral: YES (cached)
Message: drivers/event/dsw: Defining dependency "event_dsw"
Message: drivers/event/octeontx: Defining dependency "event_octeontx"
Message: drivers/event/opdl: Defining dependency "event_opdl"
Message: drivers/event/skeleton: Defining dependency "event_skeleton"
Message: drivers/event/sw: Defining dependency "event_sw"
Run-time dependency flexran_sdk_ldpc_decoder_5gnr found: NO (tried pkgconfig and cmake)
Message: drivers/baseband/acc: Defining dependency "baseband_acc"
Message: drivers/baseband/fpga_5gnr_fec: Defining dependency "baseband_fpga_5gnr_fec"
Message: drivers/baseband/fpga_lte_fec: Defining dependency "baseband_fpga_lte_fec"
Message: drivers/baseband/la12xx: Defining dependency "baseband_la12xx"
Message: drivers/baseband/null: Defining dependency "baseband_null"
Run-time dependency flexran_sdk_turbo found: NO (tried pkgconfig and cmake)
Run-time dependency flexran_sdk_ldpc_decoder_5gnr found: NO (tried pkgconfig and cmake)
Message: drivers/baseband/turbo_sw: Defining dependency "baseband_turbo_sw"
Has header "cuda.h" : NO 
Message: drivers/power/acpi: Defining dependency "power_acpi"
Message: drivers/power/amd_pstate: Defining dependency "power_amd_pstate"
Library e_smi64 found: NO
Message: drivers/power/cppc: Defining dependency "power_cppc"
Message: drivers/power/intel_pstate: Defining dependency "power_intel_pstate"
Message: drivers/power/intel_uncore: Defining dependency "power_intel_uncore"
Message: drivers/power/kvm_vm: Defining dependency "power_kvm_vm"
Has header "sys/epoll.h" : YES 
Dependency zlib found: YES 1.2.13 (cached)
Run-time dependency pcap found: YES 1.10.4
Compiler for C supports arguments -fno-strict-aliasing: YES (cached)
Program clang found: YES (/usr/bin/clang)
Program xxd found: YES (/usr/bin/xxd)
Message: hugepage availability: true
Program test_telemetry.sh found: YES (/home/loongson/.dpdk/dpdk/app/test/suites/test_telemetry.sh)
Program doxygen found: NO
Program sphinx-build found: NO
Configuring rte_build_config.h using configuration
Message: 
=================
Applications Enabled
=================

apps:
	dumpcap, graph, pdump, proc-info, test-acl, test-bbdev, test-cmdline, test-compress-perf, 
	test-crypto-perf, test-dma-perf, test-eventdev, test-fib, test-flow-perf, test-gpudev, test-mldev, test-pipeline, 
	test-pmd, test-regex, test-sad, test-security-perf, test, 

Message: 
=================
Libraries Enabled
=================

libs:
	log, kvargs, argparse, telemetry, pmu, eal, ptr_compress, ring, 
	rcu, mempool, mbuf, net, meter, ethdev, pci, cmdline, 
	metrics, hash, timer, acl, bbdev, bitratestats, bpf, cfgfile, 
	compressdev, cryptodev, distributor, dmadev, efd, eventdev, dispatcher, gpudev, 
	gro, gso, ip_frag, jobstats, latencystats, lpm, member, pcapng, 
	power, rawdev, regexdev, mldev, rib, reorder, sched, security, 
	stack, vhost, ipsec, pdcp, fib, port, pdump, table, 
	pipeline, graph, node, 

Message: 
===============
Drivers Enabled
===============

common:
	cpt, dpaax, ionic, octeontx, cnxk, mlx5, nfp, nitrox, 
	qat, zsda, 
bus:
	auxiliary, cdx, dpaa, fslmc, ifpga, pci, platform, uacce, 
	vdev, vmbus, 
mempool:
	bucket, cnxk, dpaa, dpaa2, octeontx, ring, stack, 
dma:
	cnxk, dpaa, dpaa2, odm, skeleton, 
net:
	af_packet, ark, atlantic, avp, axgbe, bnx2x, bnxt, bond, 
	cnxk, cxgbe, dpaa, dpaa2, ena, enetc, enetfec, enic, 
	failsafe, gve, hinic, e1000, fm10k, iavf, ice, idpf, 
	ixgbe, cpfl, ionic, memif, mlx4, mlx5, nbl, netvsc, 
	nfp, ngbe, null, octeontx, octeon_ep, pcap, pfe, qede, 
	r8169, ring, rnp, softnic, tap, thunderx, txgbe, vdev_netvsc, 
	vhost, virtio, vmxnet3, xsc, zxdh, 
raw:
	cnxk_bphy, cnxk_gpio, cnxk_rvu_lf, dpaa2_cmdif, gdtc, ntb, skeleton, 
crypto:
	bcmfs, caam_jr, ccp, cnxk, dpaa_sec, dpaa2_sec, ionic, mlx5, 
	nitrox, null, octeontx, openssl, scheduler, virtio, 
compress:
	mlx5, nitrox, octeontx, zlib, 
regex:
	mlx5, cn9k, 
ml:
	cnxk, 
vdpa:
	ifc, mlx5, nfp, 
event:
	cnxk, dpaa, dpaa2, dsw, octeontx, opdl, skeleton, sw, 
	
baseband:
	acc, fpga_5gnr_fec, fpga_lte_fec, la12xx, null, turbo_sw, 
gpu:
	
power:
	acpi, amd_pstate, cppc, intel_pstate, intel_uncore, kvm_vm, 

Message: 
=================
Content Skipped
=================

apps:
	
libs:
	
drivers:
	common/mvep:	missing dependency, "libmusdk"
	common/sfc_efx:	only supported on x86_64 and aarch64
	dma/hisi_acc:	only supported on x86_64 and aarch64
	dma/hisi_pciep:	only supported on x86_64 and aarch64
	dma/idxd:	only supported on x86
	dma/ioat:	only supported on x86
	net/af_xdp:	missing dependency, "libxdp >=1.2.2" and "libbpf"
	net/hinic3:	only supported on x86_64 and aarch64
	net/hns3:	only supported on x86_64 and aarch64
	net/intel/i40e:	not supported on LoongArch
	net/intel/ipn3ke:	missing dependency, "libfdt"
	net/mana:	only supported on x86 or arm64 Linux
	net/mvneta:	missing dependency, "libmusdk"
	net/mvpp2:	missing dependency, "libmusdk"
	net/nfb:	missing dependency, "libnfb"
	net/ntnic:	only supported on x86_64 Linux
	net/sfc:	only supported on x86_64 and aarch64
	raw/ifpga:	missing dependency, "libfdt"
	crypto/armv8:	missing dependency, "libAArch64crypto"
	crypto/ipsec_mb:	missing dependency, "libIPSec_MB"
	crypto/mvsam:	missing dependency, "libmusdk"
	crypto/uadk:	missing dependency, "libwd"
	compress/isal:	missing dependency, "libisal"
	compress/uadk:	missing dependency, "libwd"
	vdpa/sfc:	only supported on x86_64 and aarch64
	event/dlb2:	only supported on x86_64 Linux
	gpu/cuda:	missing dependency, "cuda.h"
	power/amd_uncore:	missing dependency, "libe_smi"
	

Message: DPDK build config complete:
  source path = "/home/loongson/.dpdk/dpdk"
  build path  = "/home/loongson/.dpdk/dpdk/build"
Build targets in project: 1080

Found ninja-1.11.1 at /usr/bin/ninja
WARNING: Running the setup command as `meson [options]` instead of `meson setup [options]` is ambiguous and deprecated.
meson & ninja build pass
finding context: loongarch-compilation for 162762 ...
contexts for 162762: "checkpatch" "loongarch-compilation" "loongarch-unit-testing" "github-robot: build"
test report for 162762 from loongarch-compilation existed!
send test report for series 37785 to John McNamara <john.mcnamara@intel.com>
touch: cannot touch '/home/loongson/.dpdk/dpdk-ci/tools/../reports/162762_report.txt': No such file or directory
2026-03-27T03:40:02
https://patches.dpdk.org/api/events/?category=series-completed&page=1&since=2026-03-27T03:40:02
fetched series ids: 37785 37784 37783 37782 37781 37780 37779 37778 
2026-03-28T12:10:03 /home/loongson/.dpdk/dpdk-ci/tools/test-series.sh 37785
download-series.sh: request https://patches.dpdk.org/api/series/37785
pwid(s) for series 37785: 162762 
The number of patch(es) is: 1
/home/loongson/.dpdk/dpdk-ci/tools/../series/37785/162762.patch lines: 147
download series done!
list trees for series 37785: dpdk
try to apply on dpdk ...
Switched to branch 'unused'
Deleted branch main (was 626d4e3932).
Switched to a new branch 'main'
branch 'main' set up to track 'origin/main'.
need to update git base
Already up to date.
Deleted branch s-37785 (was f60b90bcc1).
Switched to a new branch 's-37785'
Applying: doc: update release notes for 26.03
Insert one base commit: 37785 626d4e39327333cd5508885162e45ca7fb94ef7f
The Meson build system
Version: 1.4.1
Source dir: /home/loongson/.dpdk/dpdk
Build dir: /home/loongson/.dpdk/dpdk/build
Build type: native build
Project name: DPDK
Project version: 26.03.0-rc3
C compiler for the host machine: cc (gcc 12.3.0 "cc (GCC) 12.3.0 20230508 (Loongnix OS 12.3.0-10)")
C linker for the host machine: cc ld.bfd 2.41-5
Host machine cpu family: loongarch64
Host machine cpu: loongarch64
Message: ## Building in Developer Mode ##
Program pkg-config found: YES (/usr/bin/pkg-config)
Program check-symbols.sh found: YES (/home/loongson/.dpdk/dpdk/buildtools/check-symbols.sh)
Program options-ibverbs-static.sh found: YES (/home/loongson/.dpdk/dpdk/buildtools/options-ibverbs-static.sh)
Program python3 found: YES (/usr/bin/python3)
Program python3 (elftools) found: YES (/usr/bin/python3) modules: elftools
Message: Minimum Meson required version is 0.57.2
Program cat found: YES (/usr/bin/cat)
Compiler for C supports arguments -march=native: YES 
Checking for size of "void *" : 8 
Checking for size of "void *" : 8 (cached)
Compiler for C supports link arguments -Wl,--undefined-version: YES 
Library m found: YES
Library numa found: YES
Has header "numaif.h" : YES 
Library fdt found: NO
Library execinfo found: NO
Has header "execinfo.h" : YES 
Found pkg-config: YES (/usr/bin/pkg-config) 1.9.5
Run-time dependency libarchive found: NO (tried pkgconfig)
Run-time dependency libbsd found: NO (tried pkgconfig)
Run-time dependency jansson found: NO (tried pkgconfig)
Run-time dependency openssl found: YES 3.0.12
Run-time dependency libpcap found: YES 1.10.4
Has header "pcap.h" with dependency libpcap: YES 
Compiler for C supports arguments -Wvla: YES 
Compiler for C supports arguments -Wno-shadow: YES 
Compiler for C supports arguments -Wno-comma: NO 
Compiler for C supports arguments -Wcast-qual: YES 
Compiler for C supports arguments -Wcomma: NO 
Compiler for C supports arguments -Wdeprecated: YES 
Compiler for C supports arguments -Wformat: YES 
Compiler for C supports arguments -Wformat-nonliteral: YES 
Compiler for C supports arguments -Wformat-security: YES 
Compiler for C supports arguments -Wmissing-declarations: YES 
Compiler for C supports arguments -Wmissing-prototypes: YES 
Compiler for C supports arguments -Wnested-externs: YES 
Compiler for C supports arguments -Wold-style-definition: YES 
Compiler for C supports arguments -Wpointer-arith: YES 
Compiler for C supports arguments -Wshadow: YES 
Compiler for C supports arguments -Wsign-compare: YES 
Compiler for C supports arguments -Wstrict-prototypes: YES 
Compiler for C supports arguments -Wundef: YES 
Compiler for C supports arguments -Wwrite-strings: YES 
Compiler for C supports arguments -Wno-packed-not-aligned: YES 
Compiler for C supports arguments -Wno-missing-field-initializers: YES 
Compiler for C supports arguments -fzero-init-padding-bits=all: NO 
Message: Implementer : Generic loongarch
Message: ['-march=loongarch64']
Message: lib/log: Defining dependency "log"
Message: lib/kvargs: Defining dependency "kvargs"
Message: lib/argparse: Defining dependency "argparse"
Message: lib/telemetry: Defining dependency "telemetry"
Message: lib/pmu: Defining dependency "pmu"
Checking for function "pthread_attr_setaffinity_np" : YES 
Checking for function "getentropy" : NO 
Message: lib/eal: Defining dependency "eal"
Message: lib/ptr_compress: Defining dependency "ptr_compress"
Message: lib/ring: Defining dependency "ring"
Message: lib/rcu: Defining dependency "rcu"
Message: lib/mempool: Defining dependency "mempool"
Message: lib/mbuf: Defining dependency "mbuf"
Message: lib/net: Defining dependency "net"
Message: lib/meter: Defining dependency "meter"
Message: lib/ethdev: Defining dependency "ethdev"
Message: lib/pci: Defining dependency "pci"
Message: lib/cmdline: Defining dependency "cmdline"
Message: lib/metrics: Defining dependency "metrics"
Message: lib/hash: Defining dependency "hash"
Message: lib/timer: Defining dependency "timer"
Message: lib/acl: Defining dependency "acl"
Message: lib/bbdev: Defining dependency "bbdev"
Message: lib/bitratestats: Defining dependency "bitratestats"
Run-time dependency libelf found: YES 0.190
Message: lib/bpf: Defining dependency "bpf"
Message: lib/cfgfile: Defining dependency "cfgfile"
Message: lib/compressdev: Defining dependency "compressdev"
Message: lib/cryptodev: Defining dependency "cryptodev"
Message: lib/distributor: Defining dependency "distributor"
Message: lib/dmadev: Defining dependency "dmadev"
Message: lib/efd: Defining dependency "efd"
Message: lib/eventdev: Defining dependency "eventdev"
Message: lib/dispatcher: Defining dependency "dispatcher"
Message: lib/gpudev: Defining dependency "gpudev"
Message: lib/gro: Defining dependency "gro"
Message: lib/gso: Defining dependency "gso"
Message: lib/ip_frag: Defining dependency "ip_frag"
Message: lib/jobstats: Defining dependency "jobstats"
Message: lib/latencystats: Defining dependency "latencystats"
Message: lib/lpm: Defining dependency "lpm"
Message: lib/member: Defining dependency "member"
Message: lib/pcapng: Defining dependency "pcapng"
Message: lib/power: Defining dependency "power"
Message: lib/rawdev: Defining dependency "rawdev"
Message: lib/regexdev: Defining dependency "regexdev"
Message: lib/mldev: Defining dependency "mldev"
Message: lib/rib: Defining dependency "rib"
Message: lib/reorder: Defining dependency "reorder"
Message: lib/sched: Defining dependency "sched"
Message: lib/security: Defining dependency "security"
Message: lib/stack: Defining dependency "stack"
Has header "linux/userfaultfd.h" : YES 
Compiler for C supports arguments -fno-strict-aliasing: YES 
Compiler for C supports arguments -Wno-address-of-packed-member: YES 
Message: lib/vhost: Defining dependency "vhost"
Message: lib/ipsec: Defining dependency "ipsec"
Message: lib/pdcp: Defining dependency "pdcp"
Message: lib/fib: Defining dependency "fib"
Message: lib/port: Defining dependency "port"
Message: lib/pdump: Defining dependency "pdump"
Message: lib/table: Defining dependency "table"
Message: lib/pipeline: Defining dependency "pipeline"
Message: lib/graph: Defining dependency "graph"
Message: lib/node: Defining dependency "node"
Compiler for C supports arguments -Wno-format-truncation: YES 
Compiler for C supports arguments -Wno-address-of-packed-member: YES (cached)
Message: drivers/common/cpt: Defining dependency "common_cpt"
Compiler for C supports arguments -Wno-cast-qual: YES 
Compiler for C supports arguments -Wno-pointer-arith: YES 
Message: drivers/common/dpaax: Defining dependency "common_dpaax"
Message: drivers/common/ionic: Defining dependency "common_ionic"
Run-time dependency libmusdk found: NO (tried pkgconfig)
Message: drivers/common/octeontx: Defining dependency "common_octeontx"
Message: drivers/bus/auxiliary: Defining dependency "bus_auxiliary"
Message: drivers/bus/cdx: Defining dependency "bus_cdx"
Compiler for C supports arguments -Wno-cast-qual: YES (cached)
Compiler for C supports arguments -Wno-pointer-arith: YES (cached)
Message: drivers/bus/dpaa: Defining dependency "bus_dpaa"
Message: drivers/bus/fslmc: Defining dependency "bus_fslmc"
Message: drivers/bus/ifpga: Defining dependency "bus_ifpga"
Message: drivers/bus/pci: Defining dependency "bus_pci"
Message: drivers/bus/platform: Defining dependency "bus_platform"
Message: drivers/bus/uacce: Defining dependency "bus_uacce"
Message: drivers/bus/vdev: Defining dependency "bus_vdev"
Message: drivers/bus/vmbus: Defining dependency "bus_vmbus"
Message: drivers/common/cnxk: Defining dependency "common_cnxk"
Compiler for C supports arguments -std=c11: YES 
Compiler for C supports arguments -Wno-strict-prototypes: YES 
Compiler for C supports arguments -D_BSD_SOURCE: YES 
Compiler for C supports arguments -D_DEFAULT_SOURCE: YES 
Compiler for C supports arguments -D_XOPEN_SOURCE=600: YES 
Run-time dependency libmlx5 found: YES 1.25.54.0
Run-time dependency libibverbs found: YES 1.14.54.0
Library mtcr_ul found: NO
Header "infiniband/verbs.h" has symbol "IBV_FLOW_SPEC_ESP" with dependencies libmlx5, libibverbs: YES 
Header "infiniband/verbs.h" has symbol "IBV_RX_HASH_IPSEC_SPI" with dependencies libmlx5, libibverbs: YES 
Header "infiniband/verbs.h" has symbol "IBV_ACCESS_RELAXED_ORDERING " with dependencies libmlx5, libibverbs: YES 
Header "infiniband/mlx5dv.h" has symbol "MLX5DV_CQE_RES_FORMAT_CSUM_STRIDX" with dependencies libmlx5, libibverbs: YES 
Header "infiniband/mlx5dv.h" has symbol "MLX5DV_CONTEXT_MASK_TUNNEL_OFFLOADS" with dependencies libmlx5, libibverbs: YES 
Header "infiniband/mlx5dv.h" has symbol "MLX5DV_CONTEXT_FLAGS_MPW_ALLOWED" with dependencies libmlx5, libibverbs: YES 
Header "infiniband/mlx5dv.h" has symbol "MLX5DV_CONTEXT_FLAGS_CQE_128B_COMP" with dependencies libmlx5, libibverbs: YES 
Header "infiniband/mlx5dv.h" has symbol "MLX5DV_CQ_INIT_ATTR_FLAGS_CQE_PAD" with dependencies libmlx5, libibverbs: YES 
Header "infiniband/mlx5dv.h" has symbol "mlx5dv_create_flow_action_packet_reformat" with dependencies libmlx5, libibverbs: YES 
Header "infiniband/verbs.h" has symbol "IBV_FLOW_SPEC_MPLS" with dependencies libmlx5, libibverbs: YES 
Header "infiniband/verbs.h" has symbol "IBV_WQ_FLAGS_PCI_WRITE_END_PADDING" with dependencies libmlx5, libibverbs: YES 
Header "infiniband/verbs.h" has symbol "IBV_WQ_FLAG_RX_END_PADDING" with dependencies libmlx5, libibverbs: NO 
Header "infiniband/mlx5dv.h" has symbol "mlx5dv_query_devx_port" with dependencies libmlx5, libibverbs: NO 
Header "infiniband/mlx5dv.h" has symbol "mlx5dv_query_port" with dependencies libmlx5, libibverbs: YES 
Header "infiniband/mlx5dv.h" has symbol "mlx5dv_dr_action_create_dest_ib_port" with dependencies libmlx5, libibverbs: YES 
Header "infiniband/mlx5dv.h" has symbol "mlx5dv_devx_obj_create" with dependencies libmlx5, libibverbs: YES 
Header "infiniband/mlx5dv.h" has symbol "MLX5DV_FLOW_ACTION_COUNTERS_DEVX" with dependencies libmlx5, libibverbs: YES 
Header "infiniband/mlx5dv.h" has symbol "MLX5DV_FLOW_ACTION_DEFAULT_MISS" with dependencies libmlx5, libibverbs: YES 
Header "infiniband/mlx5dv.h" has symbol "mlx5dv_devx_obj_query_async" with dependencies libmlx5, libibverbs: YES 
Header "infiniband/mlx5dv.h" has symbol "mlx5dv_devx_qp_query" with dependencies libmlx5, libibverbs: YES 
Header "infiniband/mlx5dv.h" has symbol "mlx5dv_pp_alloc" with dependencies libmlx5, libibverbs: YES 
Header "infiniband/mlx5dv.h" has symbol "mlx5dv_dr_action_create_dest_devx_tir" with dependencies libmlx5, libibverbs: YES 
Header "infiniband/mlx5dv.h" has symbol "mlx5dv_devx_get_event" with dependencies libmlx5, libibverbs: YES 
Header "infiniband/mlx5dv.h" has symbol "mlx5dv_dr_action_create_flow_meter" with dependencies libmlx5, libibverbs: YES 
Header "infiniband/mlx5dv.h" has symbol "MLX5_MMAP_GET_NC_PAGES_CMD" with dependencies libmlx5, libibverbs: YES 
Header "infiniband/mlx5dv.h" has symbol "MLX5DV_DR_DOMAIN_TYPE_NIC_RX" with dependencies libmlx5, libibverbs: YES 
Header "infiniband/mlx5dv.h" has symbol "MLX5DV_DR_DOMAIN_TYPE_FDB" with dependencies libmlx5, libibverbs: YES 
Header "infiniband/mlx5dv.h" has symbol "mlx5dv_dr_action_create_push_vlan" with dependencies libmlx5, libibverbs: YES 
Header "infiniband/mlx5dv.h" has symbol "mlx5dv_alloc_var" with dependencies libmlx5, libibverbs: YES 
Header "infiniband/mlx5dv.h" has symbol "MLX5_OPCODE_ENHANCED_MPSW" with dependencies libmlx5, libibverbs: NO 
Header "infiniband/mlx5dv.h" has symbol "MLX5_OPCODE_SEND_EN" with dependencies libmlx5, libibverbs: NO 
Header "infiniband/mlx5dv.h" has symbol "MLX5_OPCODE_WAIT" with dependencies libmlx5, libibverbs: NO 
Header "infiniband/mlx5dv.h" has symbol "MLX5_OPCODE_ACCESS_ASO" with dependencies libmlx5, libibverbs: NO 
Header "linux/if_link.h" has symbol "IFLA_NUM_VF" with dependencies libmlx5, libibverbs: YES 
Header "linux/if_link.h" has symbol "IFLA_EXT_MASK" with dependencies libmlx5, libibverbs: YES 
Header "linux/if_link.h" has symbol "IFLA_PHYS_SWITCH_ID" with dependencies libmlx5, libibverbs: YES 
Header "linux/if_link.h" has symbol "IFLA_PHYS_PORT_NAME" with dependencies libmlx5, libibverbs: YES 
Header "rdma/rdma_netlink.h" has symbol "RDMA_NL_NLDEV" with dependencies libmlx5, libibverbs: YES 
Header "rdma/rdma_netlink.h" has symbol "RDMA_NLDEV_CMD_GET" with dependencies libmlx5, libibverbs: YES 
Header "rdma/rdma_netlink.h" has symbol "RDMA_NLDEV_CMD_PORT_GET" with dependencies libmlx5, libibverbs: YES 
Header "rdma/rdma_netlink.h" has symbol "RDMA_NLDEV_ATTR_DEV_INDEX" with dependencies libmlx5, libibverbs: YES 
Header "rdma/rdma_netlink.h" has symbol "RDMA_NLDEV_ATTR_DEV_NAME" with dependencies libmlx5, libibverbs: YES 
Header "rdma/rdma_netlink.h" has symbol "RDMA_NLDEV_ATTR_PORT_INDEX" with dependencies libmlx5, libibverbs: YES 
Header "rdma/rdma_netlink.h" has symbol "RDMA_NLDEV_ATTR_PORT_STATE" with dependencies libmlx5, libibverbs: YES 
Header "rdma/rdma_netlink.h" has symbol "RDMA_NLDEV_ATTR_NDEV_INDEX" with dependencies libmlx5, libibverbs: YES 
Header "rdma/rdma_netlink.h" has symbol "RDMA_NL_GROUP_NOTIFY" with dependencies libmlx5, libibverbs: NO 
Header "rdma/rdma_netlink.h" has symbol "RDMA_NLDEV_CMD_SYS_GET" with dependencies libmlx5, libibverbs: YES 
Header "rdma/rdma_netlink.h" has symbol "RDMA_NLDEV_SYS_ATTR_MONITOR_MODE" with dependencies libmlx5, libibverbs: NO 
Header "rdma/rdma_netlink.h" has symbol "RDMA_NLDEV_ATTR_EVENT_TYPE" with dependencies libmlx5, libibverbs: NO 
Header "rdma/rdma_netlink.h" has symbol "RDMA_NLDEV_CMD_MONITOR" with dependencies libmlx5, libibverbs: NO 
Header "infiniband/mlx5dv.h" has symbol "mlx5dv_dump_dr_domain" with dependencies libmlx5, libibverbs: YES 
Header "infiniband/mlx5dv.h" has symbol "mlx5dv_dr_action_create_flow_sampler" with dependencies libmlx5, libibverbs: YES 
Header "infiniband/mlx5dv.h" has symbol "mlx5dv_dr_domain_set_reclaim_device_memory" with dependencies libmlx5, libibverbs: YES 
Header "infiniband/mlx5dv.h" has symbol "mlx5dv_dr_action_create_dest_array" with dependencies libmlx5, libibverbs: YES 
Header "linux/devlink.h" has symbol "DEVLINK_GENL_NAME" with dependencies libmlx5, libibverbs: YES 
Header "infiniband/mlx5dv.h" has symbol "mlx5dv_dr_action_create_aso" with dependencies libmlx5, libibverbs: YES 
Header "infiniband/verbs.h" has symbol "INFINIBAND_VERBS_H" with dependencies libmlx5, libibverbs: YES 
Header "infiniband/mlx5dv.h" has symbol "MLX5_WQE_UMR_CTRL_FLAG_INLINE" with dependencies libmlx5, libibverbs: YES 
Header "infiniband/mlx5dv.h" has symbol "mlx5dv_dump_dr_rule" with dependencies libmlx5, libibverbs: YES 
Header "infiniband/mlx5dv.h" has symbol "MLX5DV_DR_ACTION_FLAGS_ASO_CT_DIRECTION_INITIATOR" with dependencies libmlx5, libibverbs: YES 
Header "infiniband/mlx5dv.h" has symbol "mlx5dv_dr_domain_allow_duplicate_rules" with dependencies libmlx5, libibverbs: YES 
Header "infiniband/verbs.h" has symbol "ibv_reg_mr_iova" with dependencies libmlx5, libibverbs: YES 
Header "infiniband/verbs.h" has symbol "ibv_import_device" with dependencies libmlx5, libibverbs: YES 
Header "infiniband/mlx5dv.h" has symbol "mlx5dv_dr_action_create_dest_root_table" with dependencies libmlx5, libibverbs: YES 
Header "infiniband/mlx5dv.h" has symbol "mlx5dv_create_steering_anchor" with dependencies libmlx5, libibverbs: YES 
Header "infiniband/verbs.h" has symbol "ibv_is_fork_initialized" with dependencies libmlx5, libibverbs: YES 
Header "infiniband/mlx5dv.h" has symbol "MLX5DV_CONTEXT_MASK_REG_C0" with dependencies libmlx5, libibverbs: YES 
Header "infiniband/mlx5dv.h" has symbol "MLX5DV_FLOW_ACTION_COUNTERS_DEVX_WITH_OFFSET" with dependencies libmlx5, libibverbs: NO 
Checking whether type "struct mlx5dv_sw_parsing_caps" has member "sw_parsing_offloads" with dependencies libmlx5, libibverbs: YES 
Checking whether type "struct ibv_counter_set_init_attr" has member "counter_set_id" with dependencies libmlx5, libibverbs: NO 
Checking whether type "struct ibv_counters_init_attr" has member "comp_mask" with dependencies libmlx5, libibverbs: YES 
Checking whether type "struct mlx5dv_devx_uar" has member "mmap_off" with dependencies libmlx5, libibverbs: YES 
Checking whether type "struct mlx5dv_flow_matcher_attr" has member "ft_type" with dependencies libmlx5, libibverbs: YES 
Configuring mlx5_autoconf.h using configuration
Message: drivers/common/mlx5: Defining dependency "common_mlx5"
Message: drivers/common/nfp: Defining dependency "common_nfp"
Message: drivers/common/nitrox: Defining dependency "common_nitrox"
Run-time dependency libcrypto found: YES 3.0.12
Library IPSec_MB found: NO
Message: drivers/common/qat: Defining dependency "common_qat"
Compiler for C supports arguments -Wdisabled-optimization: YES 
Compiler for C supports arguments -Waggregate-return: YES 
Compiler for C supports arguments -Wbad-function-cast: YES 
Compiler for C supports arguments -Wno-sign-compare: YES 
Compiler for C supports arguments -Wno-unused-parameter: YES 
Compiler for C supports arguments -Wno-unused-variable: YES 
Compiler for C supports arguments -Wno-empty-body: YES 
Compiler for C supports arguments -Wno-unused-but-set-variable: YES 
Message: drivers/common/zsda: Defining dependency "common_zsda"
Message: drivers/mempool/bucket: Defining dependency "mempool_bucket"
Message: drivers/mempool/cnxk: Defining dependency "mempool_cnxk"
Message: drivers/mempool/dpaa: Defining dependency "mempool_dpaa"
Message: drivers/mempool/dpaa2: Defining dependency "mempool_dpaa2"
Message: drivers/mempool/octeontx: Defining dependency "mempool_octeontx"
Message: drivers/mempool/ring: Defining dependency "mempool_ring"
Message: drivers/mempool/stack: Defining dependency "mempool_stack"
Compiler for C supports arguments -Wno-uninitialized: YES 
Message: drivers/dma/cnxk: Defining dependency "dma_cnxk"
Compiler for C supports arguments -Wno-pointer-arith: YES (cached)
Message: drivers/dma/dpaa: Defining dependency "dma_dpaa"
Compiler for C supports arguments -Wno-pointer-arith: YES (cached)
Message: drivers/dma/dpaa2: Defining dependency "dma_dpaa2"
Message: drivers/dma/odm: Defining dependency "dma_odm"
Message: drivers/dma/skeleton: Defining dependency "dma_skeleton"
Message: drivers/net/af_packet: Defining dependency "net_af_packet"
Run-time dependency libxdp found: NO (tried pkgconfig)
Run-time dependency libbpf found: YES 1.2.2
Has header "linux/if_xdp.h" : YES 
Has header "bpf/xsk.h" : NO 
Message: drivers/net/ark: Defining dependency "net_ark"
Message: drivers/net/atlantic: Defining dependency "net_atlantic"
Message: drivers/net/avp: Defining dependency "net_avp"
Message: drivers/net/axgbe: Defining dependency "net_axgbe"
Run-time dependency zlib found: YES 1.2.13
Message: drivers/net/bnx2x: Defining dependency "net_bnx2x"
Compiler for C supports arguments -DSUPPORT_CFA_HW_P70=1: YES 
Compiler for C supports arguments -DSUPPORT_CFA_HW_P70=1: YES (cached)
Compiler for C supports arguments -DCFA_BLD_PRINT_OBJ=1: YES 
Message: drivers/net/bnxt: Defining dependency "net_bnxt"
Message: drivers/net/bonding: Defining dependency "net_bond"
Compiler for C supports arguments -flax-vector-conversions: YES 
Compiler for C supports arguments -Wno-strict-aliasing: YES 
Message: drivers/net/cnxk: Defining dependency "net_cnxk"
Message: drivers/net/cxgbe: Defining dependency "net_cxgbe"
Compiler for C supports arguments -Wno-pointer-arith: YES (cached)
Message: drivers/net/dpaa: Defining dependency "net_dpaa"
Message: drivers/net/dpaa2: Defining dependency "net_dpaa2"
Message: drivers/net/ena: Defining dependency "net_ena"
Message: drivers/net/enetc: Defining dependency "net_enetc"
Message: drivers/net/enetfec: Defining dependency "net_enetfec"
Message: drivers/net/enic: Defining dependency "net_enic"
Message: drivers/net/failsafe: Defining dependency "net_failsafe"
Message: drivers/net/gve: Defining dependency "net_gve"
Message: drivers/net/hinic: Defining dependency "net_hinic"
Message: drivers/net/intel/e1000: Defining dependency "net_e1000"
Message: drivers/net/intel/fm10k: Defining dependency "net_fm10k"
Message: drivers/net/intel/iavf: Defining dependency "net_iavf"
Compiler for C supports arguments -Wno-unused-but-set-variable: YES (cached)
Compiler for C supports arguments -Wno-unused-parameter: YES (cached)
Compiler for C supports arguments -Wno-array-bounds: YES 
Message: drivers/net/intel/ice: Defining dependency "net_ice"
Message: drivers/net/intel/idpf: Defining dependency "net_idpf"
Message: drivers/net/intel/ixgbe: Defining dependency "net_ixgbe"
Message: drivers/net/intel/cpfl: Defining dependency "net_cpfl"
Message: drivers/net/ionic: Defining dependency "net_ionic"
Message: drivers/net/memif: Defining dependency "net_memif"
Run-time dependency libmlx4 found: YES 1.0.54.0
Dependency libibverbs found: YES 1.14.54.0 (cached)
Compiler for C supports arguments -std=c11: YES (cached)
Compiler for C supports arguments -Wno-strict-prototypes: YES (cached)
Compiler for C supports arguments -D_BSD_SOURCE: YES (cached)
Compiler for C supports arguments -D_DEFAULT_SOURCE: YES (cached)
Compiler for C supports arguments -D_XOPEN_SOURCE=600: YES (cached)
Header "infiniband/mlx4dv.h" has symbol "MLX4DV_SET_CTX_ATTR_BUF_ALLOCATORS" with dependencies libmlx4, libibverbs: YES 
Header "infiniband/mlx4dv.h" has symbol "MLX4DV_QP_MASK_UAR_MMAP_OFFSET" with dependencies libmlx4, libibverbs: YES 
Checking whether type "struct mlx4_wqe_lso_seg" has member "mss_hdr_size" with dependencies libmlx4, libibverbs: YES 
Configuring mlx4_autoconf.h using configuration
Message: drivers/net/mlx4: Defining dependency "net_mlx4"
Compiler for C supports arguments -std=c11: YES (cached)
Compiler for C supports arguments -Wno-strict-prototypes: YES (cached)
Compiler for C supports arguments -D_BSD_SOURCE: YES (cached)
Compiler for C supports arguments -D_DEFAULT_SOURCE: YES (cached)
Compiler for C supports arguments -D_XOPEN_SOURCE=600: YES (cached)
Message: drivers/net/mlx5: Defining dependency "net_mlx5"
Run-time dependency libmusdk found: NO (tried pkgconfig)
Run-time dependency libmusdk found: NO (tried pkgconfig)
Message: drivers/net/nbl: Defining dependency "net_nbl"
Message: drivers/net/netvsc: Defining dependency "net_netvsc"
Run-time dependency netcope-common found: NO (tried pkgconfig)
Message: drivers/net/nfp: Defining dependency "net_nfp"
Message: drivers/net/ngbe: Defining dependency "net_ngbe"
Message: drivers/net/null: Defining dependency "net_null"
Message: drivers/net/octeontx: Defining dependency "net_octeontx"
Compiler for C supports arguments -Wno-strict-aliasing: YES (cached)
Compiler for C supports arguments -flax-vector-conversions: YES (cached)
Message: drivers/net/octeon_ep: Defining dependency "net_octeon_ep"
Message: drivers/net/pcap: Defining dependency "net_pcap"
Compiler for C supports arguments -Wno-pointer-arith: YES (cached)
Message: drivers/net/pfe: Defining dependency "net_pfe"
Compiler for C supports arguments -Wno-unused-parameter: YES (cached)
Compiler for C supports arguments -Wno-sign-compare: YES (cached)
Compiler for C supports arguments -Wno-missing-prototypes: YES 
Compiler for C supports arguments -Wno-cast-qual: YES (cached)
Compiler for C supports arguments -Wno-unused-function: YES 
Compiler for C supports arguments -Wno-unused-variable: YES (cached)
Compiler for C supports arguments -Wno-strict-aliasing: YES (cached)
Compiler for C supports arguments -Wno-missing-prototypes: YES (cached)
Compiler for C supports arguments -Wno-unused-value: YES 
Compiler for C supports arguments -Wno-format-nonliteral: YES 
Compiler for C supports arguments -Wno-shift-negative-value: YES 
Compiler for C supports arguments -Wno-unused-but-set-variable: YES (cached)
Compiler for C supports arguments -Wno-missing-declarations: YES 
Compiler for C supports arguments -Wno-maybe-uninitialized: YES 
Compiler for C supports arguments -Wno-strict-prototypes: YES (cached)
Compiler for C supports arguments -Wno-shift-negative-value: YES (cached)
Compiler for C supports arguments -Wno-implicit-fallthrough: YES 
Compiler for C supports arguments -Wno-format-extra-args: YES 
Compiler for C supports arguments -Wno-visibility: NO 
Compiler for C supports arguments -Wno-empty-body: YES (cached)
Compiler for C supports arguments -Wno-invalid-source-encoding: NO 
Compiler for C supports arguments -Wno-sometimes-uninitialized: NO 
Compiler for C supports arguments -Wno-pointer-bool-conversion: NO 
Compiler for C supports arguments -Wno-format-nonliteral: YES (cached)
Message: drivers/net/qede: Defining dependency "net_qede"
Message: drivers/net/r8169: Defining dependency "net_r8169"
Message: drivers/net/ring: Defining dependency "net_ring"
Message: drivers/net/rnp: Defining dependency "net_rnp"
Message: drivers/net/softnic: Defining dependency "net_softnic"
Header "linux/pkt_cls.h" has symbol "TCA_FLOWER_ACT" : YES 
Dependency libbpf found: YES 1.2.2 (cached)
Program bpftool /usr/sbin/bpftool found: NO
Message: net/tap: no RSS support missing bpftool
Message: drivers/net/tap: Defining dependency "net_tap"
Compiler for C supports arguments -fno-prefetch-loop-arrays: YES 
Compiler for C supports arguments -Wno-maybe-uninitialized: YES (cached)
Message: drivers/net/thunderx: Defining dependency "net_thunderx"
Message: drivers/net/txgbe: Defining dependency "net_txgbe"
Compiler for C supports arguments -D_BSD_SOURCE: YES (cached)
Compiler for C supports arguments -D_DEFAULT_SOURCE: YES (cached)
Compiler for C supports arguments -D_XOPEN_SOURCE=600: YES (cached)
Message: drivers/net/vdev_netvsc: Defining dependency "net_vdev_netvsc"
Message: drivers/net/vhost: Defining dependency "net_vhost"
Message: drivers/net/virtio: Defining dependency "net_virtio"
Compiler for C supports arguments -Wno-unused-parameter: YES (cached)
Compiler for C supports arguments -Wno-unused-value: YES (cached)
Compiler for C supports arguments -Wno-strict-aliasing: YES (cached)
Compiler for C supports arguments -Wno-format-extra-args: YES (cached)
Message: drivers/net/vmxnet3: Defining dependency "net_vmxnet3"
Message: drivers/net/xsc: Defining dependency "net_xsc"
Message: drivers/net/zxdh: Defining dependency "net_zxdh"
Message: drivers/raw/cnxk_bphy: Defining dependency "raw_cnxk_bphy"
Message: drivers/raw/cnxk_gpio: Defining dependency "raw_cnxk_gpio"
Message: drivers/raw/cnxk_rvu_lf: Defining dependency "raw_cnxk_rvu_lf"
Message: drivers/raw/dpaa2_cmdif: Defining dependency "raw_dpaa2_cmdif"
Message: drivers/raw/gdtc: Defining dependency "raw_gdtc"
Message: drivers/raw/ntb: Defining dependency "raw_ntb"
Message: drivers/raw/skeleton: Defining dependency "raw_skeleton"
Run-time dependency libaarch64crypto found: NO (tried pkgconfig)
Message: drivers/crypto/bcmfs: Defining dependency "crypto_bcmfs"
Message: drivers/crypto/caam_jr: Defining dependency "crypto_caam_jr"
Dependency libcrypto found: YES 3.0.12 (cached)
Message: drivers/crypto/ccp: Defining dependency "crypto_ccp"
Message: drivers/crypto/cnxk: Defining dependency "crypto_cnxk"
Message: drivers/crypto/dpaa_sec: Defining dependency "crypto_dpaa_sec"
Message: drivers/crypto/dpaa2_sec: Defining dependency "crypto_dpaa2_sec"
Message: drivers/crypto/ionic: Defining dependency "crypto_ionic"
Library IPSec_MB found: NO
Compiler for C supports arguments -std=c11: YES (cached)
Compiler for C supports arguments -Wno-strict-prototypes: YES (cached)
Compiler for C supports arguments -D_BSD_SOURCE: YES (cached)
Compiler for C supports arguments -D_DEFAULT_SOURCE: YES (cached)
Compiler for C supports arguments -D_XOPEN_SOURCE=600: YES (cached)
Message: drivers/crypto/mlx5: Defining dependency "crypto_mlx5"
Run-time dependency libmusdk found: NO (tried pkgconfig)
Message: drivers/crypto/nitrox: Defining dependency "crypto_nitrox"
Message: drivers/crypto/null: Defining dependency "crypto_null"
Message: drivers/crypto/octeontx: Defining dependency "crypto_octeontx"
Dependency libcrypto found: YES 3.0.12 (cached)
Message: drivers/crypto/openssl: Defining dependency "crypto_openssl"
Message: drivers/crypto/scheduler: Defining dependency "crypto_scheduler"
Run-time dependency libwd_crypto found: NO (tried pkgconfig)
Run-time dependency libwd found: NO (tried pkgconfig)
Message: drivers/crypto/virtio: Defining dependency "crypto_virtio"
Run-time dependency libisal found: NO (tried pkgconfig)
Compiler for C supports arguments -std=c11: YES (cached)
Compiler for C supports arguments -Wno-strict-prototypes: YES (cached)
Compiler for C supports arguments -D_BSD_SOURCE: YES (cached)
Compiler for C supports arguments -D_DEFAULT_SOURCE: YES (cached)
Compiler for C supports arguments -D_XOPEN_SOURCE=600: YES (cached)
Message: drivers/compress/mlx5: Defining dependency "compress_mlx5"
Message: drivers/compress/nitrox: Defining dependency "compress_nitrox"
Message: drivers/compress/octeontx: Defining dependency "compress_octeontx"
Run-time dependency libwd_comp found: NO (tried pkgconfig)
Run-time dependency libwd found: NO (tried pkgconfig)
Dependency zlib found: YES 1.2.13 (cached)
Message: drivers/compress/zlib: Defining dependency "compress_zlib"
Compiler for C supports arguments -std=c11: YES (cached)
Compiler for C supports arguments -Wno-strict-prototypes: YES (cached)
Compiler for C supports arguments -D_BSD_SOURCE: YES (cached)
Compiler for C supports arguments -D_DEFAULT_SOURCE: YES (cached)
Compiler for C supports arguments -D_XOPEN_SOURCE=600: YES (cached)
Message: drivers/regex/mlx5: Defining dependency "regex_mlx5"
Message: drivers/regex/cn9k: Defining dependency "regex_cn9k"
Message: drivers/ml/cnxk: libarchive not found
Message: drivers/ml/cnxk: jansson not found
Found CMake: /usr/bin/cmake (3.30.5)
Run-time dependency dlpack found: NO (tried cmake)
Message: drivers/ml/cnxk: dlpack not found
Run-time dependency dmlc found: NO (tried cmake)
Message: drivers/ml/cnxk: dmlc not found
Run-time dependency tvm found: NO (tried cmake)
Message: drivers/ml/cnxk: tvm_runtime not found
Run-time dependency tvmdp found: NO (tried pkgconfig)
Message: drivers/ml/cnxk: tvmdp not found
Message: drivers/ml/cnxk: Disabled TVM model support
Message: drivers/ml/cnxk: Defining dependency "ml_cnxk"
Message: drivers/vdpa/ifc: Defining dependency "vdpa_ifc"
Compiler for C supports arguments -std=c11: YES (cached)
Compiler for C supports arguments -Wno-strict-prototypes: YES (cached)
Compiler for C supports arguments -D_BSD_SOURCE: YES (cached)
Compiler for C supports arguments -D_DEFAULT_SOURCE: YES (cached)
Compiler for C supports arguments -D_XOPEN_SOURCE=600: YES (cached)
Message: drivers/vdpa/mlx5: Defining dependency "vdpa_mlx5"
Message: drivers/vdpa/nfp: Defining dependency "vdpa_nfp"
Compiler for C supports arguments -flax-vector-conversions: YES (cached)
Compiler for C supports arguments -Wno-strict-aliasing: YES (cached)
Message: drivers/event/cnxk: Defining dependency "event_cnxk"
Message: drivers/event/dpaa: Defining dependency "event_dpaa"
Message: drivers/event/dpaa2: Defining dependency "event_dpaa2"
Compiler for C supports arguments -Wno-format-nonliteral: YES (cached)
Message: drivers/event/dsw: Defining dependency "event_dsw"
Message: drivers/event/octeontx: Defining dependency "event_octeontx"
Message: drivers/event/opdl: Defining dependency "event_opdl"
Message: drivers/event/skeleton: Defining dependency "event_skeleton"
Message: drivers/event/sw: Defining dependency "event_sw"
Run-time dependency flexran_sdk_ldpc_decoder_5gnr found: NO (tried pkgconfig and cmake)
Message: drivers/baseband/acc: Defining dependency "baseband_acc"
Message: drivers/baseband/fpga_5gnr_fec: Defining dependency "baseband_fpga_5gnr_fec"
Message: drivers/baseband/fpga_lte_fec: Defining dependency "baseband_fpga_lte_fec"
Message: drivers/baseband/la12xx: Defining dependency "baseband_la12xx"
Message: drivers/baseband/null: Defining dependency "baseband_null"
Run-time dependency flexran_sdk_turbo found: NO (tried pkgconfig and cmake)
Run-time dependency flexran_sdk_ldpc_decoder_5gnr found: NO (tried pkgconfig and cmake)
Message: drivers/baseband/turbo_sw: Defining dependency "baseband_turbo_sw"
Has header "cuda.h" : NO 
Message: drivers/power/acpi: Defining dependency "power_acpi"
Message: drivers/power/amd_pstate: Defining dependency "power_amd_pstate"
Library e_smi64 found: NO
Message: drivers/power/cppc: Defining dependency "power_cppc"
Message: drivers/power/intel_pstate: Defining dependency "power_intel_pstate"
Message: drivers/power/intel_uncore: Defining dependency "power_intel_uncore"
Message: drivers/power/kvm_vm: Defining dependency "power_kvm_vm"
Has header "sys/epoll.h" : YES 
Dependency zlib found: YES 1.2.13 (cached)
Run-time dependency pcap found: YES 1.10.4
Compiler for C supports arguments -fno-strict-aliasing: YES (cached)
Program clang found: YES (/usr/bin/clang)
Program xxd found: YES (/usr/bin/xxd)
Message: hugepage availability: true
Program test_telemetry.sh found: YES (/home/loongson/.dpdk/dpdk/app/test/suites/test_telemetry.sh)
Program doxygen found: NO
Program sphinx-build found: NO
Configuring rte_build_config.h using configuration
Message: 
=================
Applications Enabled
=================

apps:
	dumpcap, graph, pdump, proc-info, test-acl, test-bbdev, test-cmdline, test-compress-perf, 
	test-crypto-perf, test-dma-perf, test-eventdev, test-fib, test-flow-perf, test-gpudev, test-mldev, test-pipeline, 
	test-pmd, test-regex, test-sad, test-security-perf, test, 

Message: 
=================
Libraries Enabled
=================

libs:
	log, kvargs, argparse, telemetry, pmu, eal, ptr_compress, ring, 
	rcu, mempool, mbuf, net, meter, ethdev, pci, cmdline, 
	metrics, hash, timer, acl, bbdev, bitratestats, bpf, cfgfile, 
	compressdev, cryptodev, distributor, dmadev, efd, eventdev, dispatcher, gpudev, 
	gro, gso, ip_frag, jobstats, latencystats, lpm, member, pcapng, 
	power, rawdev, regexdev, mldev, rib, reorder, sched, security, 
	stack, vhost, ipsec, pdcp, fib, port, pdump, table, 
	pipeline, graph, node, 

Message: 
===============
Drivers Enabled
===============

common:
	cpt, dpaax, ionic, octeontx, cnxk, mlx5, nfp, nitrox, 
	qat, zsda, 
bus:
	auxiliary, cdx, dpaa, fslmc, ifpga, pci, platform, uacce, 
	vdev, vmbus, 
mempool:
	bucket, cnxk, dpaa, dpaa2, octeontx, ring, stack, 
dma:
	cnxk, dpaa, dpaa2, odm, skeleton, 
net:
	af_packet, ark, atlantic, avp, axgbe, bnx2x, bnxt, bond, 
	cnxk, cxgbe, dpaa, dpaa2, ena, enetc, enetfec, enic, 
	failsafe, gve, hinic, e1000, fm10k, iavf, ice, idpf, 
	ixgbe, cpfl, ionic, memif, mlx4, mlx5, nbl, netvsc, 
	nfp, ngbe, null, octeontx, octeon_ep, pcap, pfe, qede, 
	r8169, ring, rnp, softnic, tap, thunderx, txgbe, vdev_netvsc, 
	vhost, virtio, vmxnet3, xsc, zxdh, 
raw:
	cnxk_bphy, cnxk_gpio, cnxk_rvu_lf, dpaa2_cmdif, gdtc, ntb, skeleton, 
crypto:
	bcmfs, caam_jr, ccp, cnxk, dpaa_sec, dpaa2_sec, ionic, mlx5, 
	nitrox, null, octeontx, openssl, scheduler, virtio, 
compress:
	mlx5, nitrox, octeontx, zlib, 
regex:
	mlx5, cn9k, 
ml:
	cnxk, 
vdpa:
	ifc, mlx5, nfp, 
event:
	cnxk, dpaa, dpaa2, dsw, octeontx, opdl, skeleton, sw, 
	
baseband:
	acc, fpga_5gnr_fec, fpga_lte_fec, la12xx, null, turbo_sw, 
gpu:
	
power:
	acpi, amd_pstate, cppc, intel_pstate, intel_uncore, kvm_vm, 

Message: 
=================
Content Skipped
=================

apps:
	
libs:
	
drivers:
	common/mvep:	missing dependency, "libmusdk"
	common/sfc_efx:	only supported on x86_64 and aarch64
	dma/hisi_acc:	only supported on x86_64 and aarch64
	dma/hisi_pciep:	only supported on x86_64 and aarch64
	dma/idxd:	only supported on x86
	dma/ioat:	only supported on x86
	net/af_xdp:	missing dependency, "libxdp >=1.2.2" and "libbpf"
	net/hinic3:	only supported on x86_64 and aarch64
	net/hns3:	only supported on x86_64 and aarch64
	net/intel/i40e:	not supported on LoongArch
	net/intel/ipn3ke:	missing dependency, "libfdt"
	net/mana:	only supported on x86 or arm64 Linux
	net/mvneta:	missing dependency, "libmusdk"
	net/mvpp2:	missing dependency, "libmusdk"
	net/nfb:	missing dependency, "libnfb"
	net/ntnic:	only supported on x86_64 Linux
	net/sfc:	only supported on x86_64 and aarch64
	raw/ifpga:	missing dependency, "libfdt"
	crypto/armv8:	missing dependency, "libAArch64crypto"
	crypto/ipsec_mb:	missing dependency, "libIPSec_MB"
	crypto/mvsam:	missing dependency, "libmusdk"
	crypto/uadk:	missing dependency, "libwd"
	compress/isal:	missing dependency, "libisal"
	compress/uadk:	missing dependency, "libwd"
	vdpa/sfc:	only supported on x86_64 and aarch64
	event/dlb2:	only supported on x86_64 Linux
	gpu/cuda:	missing dependency, "cuda.h"
	power/amd_uncore:	missing dependency, "libe_smi"
	

Message: DPDK build config complete:
  source path = "/home/loongson/.dpdk/dpdk"
  build path  = "/home/loongson/.dpdk/dpdk/build"
Build targets in project: 1080

Found ninja-1.11.1 at /usr/bin/ninja
WARNING: Running the setup command as `meson [options]` instead of `meson setup [options]` is ambiguous and deprecated.
meson & ninja build pass
finding context: loongarch-compilation for 162762 ...
contexts for 162762: "checkpatch" "loongarch-compilation" "loongarch-unit-testing" "github-robot: build"
test report for 162762 from loongarch-compilation existed!
send test report for series 37785 to John McNamara <john.mcnamara@intel.com>
touch: cannot touch '/home/loongson/.dpdk/dpdk-ci/tools/../reports/162762_report.txt': No such file or directory
2026-03-27T03:40:02
https://patches.dpdk.org/api/events/?category=series-completed&page=1&since=2026-03-27T03:40:02
fetched series ids: 37785 37784 37783 37782 37781 37780 37779 37778 
2026-03-28T12:15:03 /home/loongson/.dpdk/dpdk-ci/tools/test-series.sh 37785
download-series.sh: request https://patches.dpdk.org/api/series/37785
pwid(s) for series 37785: 162762 
The number of patch(es) is: 1
/home/loongson/.dpdk/dpdk-ci/tools/../series/37785/162762.patch lines: 147
download series done!
list trees for series 37785: dpdk
try to apply on dpdk ...
Switched to branch 'unused'
Deleted branch main (was 626d4e3932).
Switched to a new branch 'main'
branch 'main' set up to track 'origin/main'.
need to update git base
Already up to date.
Deleted branch s-37785 (was d2fe472150).
Switched to a new branch 's-37785'
Applying: doc: update release notes for 26.03
Insert one base commit: 37785 626d4e39327333cd5508885162e45ca7fb94ef7f
The Meson build system
Version: 1.4.1
Source dir: /home/loongson/.dpdk/dpdk
Build dir: /home/loongson/.dpdk/dpdk/build
Build type: native build
Project name: DPDK
Project version: 26.03.0-rc3
C compiler for the host machine: cc (gcc 12.3.0 "cc (GCC) 12.3.0 20230508 (Loongnix OS 12.3.0-10)")
C linker for the host machine: cc ld.bfd 2.41-5
Host machine cpu family: loongarch64
Host machine cpu: loongarch64
Message: ## Building in Developer Mode ##
Program pkg-config found: YES (/usr/bin/pkg-config)
Program check-symbols.sh found: YES (/home/loongson/.dpdk/dpdk/buildtools/check-symbols.sh)
Program options-ibverbs-static.sh found: YES (/home/loongson/.dpdk/dpdk/buildtools/options-ibverbs-static.sh)
Program python3 found: YES (/usr/bin/python3)
Program python3 (elftools) found: YES (/usr/bin/python3) modules: elftools
Message: Minimum Meson required version is 0.57.2
Program cat found: YES (/usr/bin/cat)
Compiler for C supports arguments -march=native: YES 
Checking for size of "void *" : 8 
Checking for size of "void *" : 8 (cached)
Compiler for C supports link arguments -Wl,--undefined-version: YES 
Library m found: YES
Library numa found: YES
Has header "numaif.h" : YES 
Library fdt found: NO
Library execinfo found: NO
Has header "execinfo.h" : YES 
Found pkg-config: YES (/usr/bin/pkg-config) 1.9.5
Run-time dependency libarchive found: NO (tried pkgconfig)
Run-time dependency libbsd found: NO (tried pkgconfig)
Run-time dependency jansson found: NO (tried pkgconfig)
Run-time dependency openssl found: YES 3.0.12
Run-time dependency libpcap found: YES 1.10.4
Has header "pcap.h" with dependency libpcap: YES 
Compiler for C supports arguments -Wvla: YES 
Compiler for C supports arguments -Wno-shadow: YES 
Compiler for C supports arguments -Wno-comma: NO 
Compiler for C supports arguments -Wcast-qual: YES 
Compiler for C supports arguments -Wcomma: NO 
Compiler for C supports arguments -Wdeprecated: YES 
Compiler for C supports arguments -Wformat: YES 
Compiler for C supports arguments -Wformat-nonliteral: YES 
Compiler for C supports arguments -Wformat-security: YES 
Compiler for C supports arguments -Wmissing-declarations: YES 
Compiler for C supports arguments -Wmissing-prototypes: YES 
Compiler for C supports arguments -Wnested-externs: YES 
Compiler for C supports arguments -Wold-style-definition: YES 
Compiler for C supports arguments -Wpointer-arith: YES 
Compiler for C supports arguments -Wshadow: YES 
Compiler for C supports arguments -Wsign-compare: YES 
Compiler for C supports arguments -Wstrict-prototypes: YES 
Compiler for C supports arguments -Wundef: YES 
Compiler for C supports arguments -Wwrite-strings: YES 
Compiler for C supports arguments -Wno-packed-not-aligned: YES 
Compiler for C supports arguments -Wno-missing-field-initializers: YES 
Compiler for C supports arguments -fzero-init-padding-bits=all: NO 
Message: Implementer : Generic loongarch
Message: ['-march=loongarch64']
Message: lib/log: Defining dependency "log"
Message: lib/kvargs: Defining dependency "kvargs"
Message: lib/argparse: Defining dependency "argparse"
Message: lib/telemetry: Defining dependency "telemetry"
Message: lib/pmu: Defining dependency "pmu"
Checking for function "pthread_attr_setaffinity_np" : YES 
Checking for function "getentropy" : NO 
Message: lib/eal: Defining dependency "eal"
Message: lib/ptr_compress: Defining dependency "ptr_compress"
Message: lib/ring: Defining dependency "ring"
Message: lib/rcu: Defining dependency "rcu"
Message: lib/mempool: Defining dependency "mempool"
Message: lib/mbuf: Defining dependency "mbuf"
Message: lib/net: Defining dependency "net"
Message: lib/meter: Defining dependency "meter"
Message: lib/ethdev: Defining dependency "ethdev"
Message: lib/pci: Defining dependency "pci"
Message: lib/cmdline: Defining dependency "cmdline"
Message: lib/metrics: Defining dependency "metrics"
Message: lib/hash: Defining dependency "hash"
Message: lib/timer: Defining dependency "timer"
Message: lib/acl: Defining dependency "acl"
Message: lib/bbdev: Defining dependency "bbdev"
Message: lib/bitratestats: Defining dependency "bitratestats"
Run-time dependency libelf found: YES 0.190
Message: lib/bpf: Defining dependency "bpf"
Message: lib/cfgfile: Defining dependency "cfgfile"
Message: lib/compressdev: Defining dependency "compressdev"
Message: lib/cryptodev: Defining dependency "cryptodev"
Message: lib/distributor: Defining dependency "distributor"
Message: lib/dmadev: Defining dependency "dmadev"
Message: lib/efd: Defining dependency "efd"
Message: lib/eventdev: Defining dependency "eventdev"
Message: lib/dispatcher: Defining dependency "dispatcher"
Message: lib/gpudev: Defining dependency "gpudev"
Message: lib/gro: Defining dependency "gro"
Message: lib/gso: Defining dependency "gso"
Message: lib/ip_frag: Defining dependency "ip_frag"
Message: lib/jobstats: Defining dependency "jobstats"
Message: lib/latencystats: Defining dependency "latencystats"
Message: lib/lpm: Defining dependency "lpm"
Message: lib/member: Defining dependency "member"
Message: lib/pcapng: Defining dependency "pcapng"
Message: lib/power: Defining dependency "power"
Message: lib/rawdev: Defining dependency "rawdev"
Message: lib/regexdev: Defining dependency "regexdev"
Message: lib/mldev: Defining dependency "mldev"
Message: lib/rib: Defining dependency "rib"
Message: lib/reorder: Defining dependency "reorder"
Message: lib/sched: Defining dependency "sched"
Message: lib/security: Defining dependency "security"
Message: lib/stack: Defining dependency "stack"
Has header "linux/userfaultfd.h" : YES 
Compiler for C supports arguments -fno-strict-aliasing: YES 
Compiler for C supports arguments -Wno-address-of-packed-member: YES 
Message: lib/vhost: Defining dependency "vhost"
Message: lib/ipsec: Defining dependency "ipsec"
Message: lib/pdcp: Defining dependency "pdcp"
Message: lib/fib: Defining dependency "fib"
Message: lib/port: Defining dependency "port"
Message: lib/pdump: Defining dependency "pdump"
Message: lib/table: Defining dependency "table"
Message: lib/pipeline: Defining dependency "pipeline"
Message: lib/graph: Defining dependency "graph"
Message: lib/node: Defining dependency "node"
Compiler for C supports arguments -Wno-format-truncation: YES 
Compiler for C supports arguments -Wno-address-of-packed-member: YES (cached)
Message: drivers/common/cpt: Defining dependency "common_cpt"
Compiler for C supports arguments -Wno-cast-qual: YES 
Compiler for C supports arguments -Wno-pointer-arith: YES 
Message: drivers/common/dpaax: Defining dependency "common_dpaax"
Message: drivers/common/ionic: Defining dependency "common_ionic"
Run-time dependency libmusdk found: NO (tried pkgconfig)
Message: drivers/common/octeontx: Defining dependency "common_octeontx"
Message: drivers/bus/auxiliary: Defining dependency "bus_auxiliary"
Message: drivers/bus/cdx: Defining dependency "bus_cdx"
Compiler for C supports arguments -Wno-cast-qual: YES (cached)
Compiler for C supports arguments -Wno-pointer-arith: YES (cached)
Message: drivers/bus/dpaa: Defining dependency "bus_dpaa"
Message: drivers/bus/fslmc: Defining dependency "bus_fslmc"
Message: drivers/bus/ifpga: Defining dependency "bus_ifpga"
Message: drivers/bus/pci: Defining dependency "bus_pci"
Message: drivers/bus/platform: Defining dependency "bus_platform"
Message: drivers/bus/uacce: Defining dependency "bus_uacce"
Message: drivers/bus/vdev: Defining dependency "bus_vdev"
Message: drivers/bus/vmbus: Defining dependency "bus_vmbus"
Message: drivers/common/cnxk: Defining dependency "common_cnxk"
Compiler for C supports arguments -std=c11: YES 
Compiler for C supports arguments -Wno-strict-prototypes: YES 
Compiler for C supports arguments -D_BSD_SOURCE: YES 
Compiler for C supports arguments -D_DEFAULT_SOURCE: YES 
Compiler for C supports arguments -D_XOPEN_SOURCE=600: YES 
Run-time dependency libmlx5 found: YES 1.25.54.0
Run-time dependency libibverbs found: YES 1.14.54.0
Library mtcr_ul found: NO
Header "infiniband/verbs.h" has symbol "IBV_FLOW_SPEC_ESP" with dependencies libmlx5, libibverbs: YES 
Header "infiniband/verbs.h" has symbol "IBV_RX_HASH_IPSEC_SPI" with dependencies libmlx5, libibverbs: YES 
Header "infiniband/verbs.h" has symbol "IBV_ACCESS_RELAXED_ORDERING " with dependencies libmlx5, libibverbs: YES 
Header "infiniband/mlx5dv.h" has symbol "MLX5DV_CQE_RES_FORMAT_CSUM_STRIDX" with dependencies libmlx5, libibverbs: YES 
Header "infiniband/mlx5dv.h" has symbol "MLX5DV_CONTEXT_MASK_TUNNEL_OFFLOADS" with dependencies libmlx5, libibverbs: YES 
Header "infiniband/mlx5dv.h" has symbol "MLX5DV_CONTEXT_FLAGS_MPW_ALLOWED" with dependencies libmlx5, libibverbs: YES 
Header "infiniband/mlx5dv.h" has symbol "MLX5DV_CONTEXT_FLAGS_CQE_128B_COMP" with dependencies libmlx5, libibverbs: YES 
Header "infiniband/mlx5dv.h" has symbol "MLX5DV_CQ_INIT_ATTR_FLAGS_CQE_PAD" with dependencies libmlx5, libibverbs: YES 
Header "infiniband/mlx5dv.h" has symbol "mlx5dv_create_flow_action_packet_reformat" with dependencies libmlx5, libibverbs: YES 
Header "infiniband/verbs.h" has symbol "IBV_FLOW_SPEC_MPLS" with dependencies libmlx5, libibverbs: YES 
Header "infiniband/verbs.h" has symbol "IBV_WQ_FLAGS_PCI_WRITE_END_PADDING" with dependencies libmlx5, libibverbs: YES 
Header "infiniband/verbs.h" has symbol "IBV_WQ_FLAG_RX_END_PADDING" with dependencies libmlx5, libibverbs: NO 
Header "infiniband/mlx5dv.h" has symbol "mlx5dv_query_devx_port" with dependencies libmlx5, libibverbs: NO 
Header "infiniband/mlx5dv.h" has symbol "mlx5dv_query_port" with dependencies libmlx5, libibverbs: YES 
Header "infiniband/mlx5dv.h" has symbol "mlx5dv_dr_action_create_dest_ib_port" with dependencies libmlx5, libibverbs: YES 
Header "infiniband/mlx5dv.h" has symbol "mlx5dv_devx_obj_create" with dependencies libmlx5, libibverbs: YES 
Header "infiniband/mlx5dv.h" has symbol "MLX5DV_FLOW_ACTION_COUNTERS_DEVX" with dependencies libmlx5, libibverbs: YES 
Header "infiniband/mlx5dv.h" has symbol "MLX5DV_FLOW_ACTION_DEFAULT_MISS" with dependencies libmlx5, libibverbs: YES 
Header "infiniband/mlx5dv.h" has symbol "mlx5dv_devx_obj_query_async" with dependencies libmlx5, libibverbs: YES 
Header "infiniband/mlx5dv.h" has symbol "mlx5dv_devx_qp_query" with dependencies libmlx5, libibverbs: YES 
Header "infiniband/mlx5dv.h" has symbol "mlx5dv_pp_alloc" with dependencies libmlx5, libibverbs: YES 
Header "infiniband/mlx5dv.h" has symbol "mlx5dv_dr_action_create_dest_devx_tir" with dependencies libmlx5, libibverbs: YES 
Header "infiniband/mlx5dv.h" has symbol "mlx5dv_devx_get_event" with dependencies libmlx5, libibverbs: YES 
Header "infiniband/mlx5dv.h" has symbol "mlx5dv_dr_action_create_flow_meter" with dependencies libmlx5, libibverbs: YES 
Header "infiniband/mlx5dv.h" has symbol "MLX5_MMAP_GET_NC_PAGES_CMD" with dependencies libmlx5, libibverbs: YES 
Header "infiniband/mlx5dv.h" has symbol "MLX5DV_DR_DOMAIN_TYPE_NIC_RX" with dependencies libmlx5, libibverbs: YES 
Header "infiniband/mlx5dv.h" has symbol "MLX5DV_DR_DOMAIN_TYPE_FDB" with dependencies libmlx5, libibverbs: YES 
Header "infiniband/mlx5dv.h" has symbol "mlx5dv_dr_action_create_push_vlan" with dependencies libmlx5, libibverbs: YES 
Header "infiniband/mlx5dv.h" has symbol "mlx5dv_alloc_var" with dependencies libmlx5, libibverbs: YES 
Header "infiniband/mlx5dv.h" has symbol "MLX5_OPCODE_ENHANCED_MPSW" with dependencies libmlx5, libibverbs: NO 
Header "infiniband/mlx5dv.h" has symbol "MLX5_OPCODE_SEND_EN" with dependencies libmlx5, libibverbs: NO 
Header "infiniband/mlx5dv.h" has symbol "MLX5_OPCODE_WAIT" with dependencies libmlx5, libibverbs: NO 
Header "infiniband/mlx5dv.h" has symbol "MLX5_OPCODE_ACCESS_ASO" with dependencies libmlx5, libibverbs: NO 
Header "linux/if_link.h" has symbol "IFLA_NUM_VF" with dependencies libmlx5, libibverbs: YES 
Header "linux/if_link.h" has symbol "IFLA_EXT_MASK" with dependencies libmlx5, libibverbs: YES 
Header "linux/if_link.h" has symbol "IFLA_PHYS_SWITCH_ID" with dependencies libmlx5, libibverbs: YES 
Header "linux/if_link.h" has symbol "IFLA_PHYS_PORT_NAME" with dependencies libmlx5, libibverbs: YES 
Header "rdma/rdma_netlink.h" has symbol "RDMA_NL_NLDEV" with dependencies libmlx5, libibverbs: YES 
Header "rdma/rdma_netlink.h" has symbol "RDMA_NLDEV_CMD_GET" with dependencies libmlx5, libibverbs: YES 
Header "rdma/rdma_netlink.h" has symbol "RDMA_NLDEV_CMD_PORT_GET" with dependencies libmlx5, libibverbs: YES 
Header "rdma/rdma_netlink.h" has symbol "RDMA_NLDEV_ATTR_DEV_INDEX" with dependencies libmlx5, libibverbs: YES 
Header "rdma/rdma_netlink.h" has symbol "RDMA_NLDEV_ATTR_DEV_NAME" with dependencies libmlx5, libibverbs: YES 
Header "rdma/rdma_netlink.h" has symbol "RDMA_NLDEV_ATTR_PORT_INDEX" with dependencies libmlx5, libibverbs: YES 
Header "rdma/rdma_netlink.h" has symbol "RDMA_NLDEV_ATTR_PORT_STATE" with dependencies libmlx5, libibverbs: YES 
Header "rdma/rdma_netlink.h" has symbol "RDMA_NLDEV_ATTR_NDEV_INDEX" with dependencies libmlx5, libibverbs: YES 
Header "rdma/rdma_netlink.h" has symbol "RDMA_NL_GROUP_NOTIFY" with dependencies libmlx5, libibverbs: NO 
Header "rdma/rdma_netlink.h" has symbol "RDMA_NLDEV_CMD_SYS_GET" with dependencies libmlx5, libibverbs: YES 
Header "rdma/rdma_netlink.h" has symbol "RDMA_NLDEV_SYS_ATTR_MONITOR_MODE" with dependencies libmlx5, libibverbs: NO 
Header "rdma/rdma_netlink.h" has symbol "RDMA_NLDEV_ATTR_EVENT_TYPE" with dependencies libmlx5, libibverbs: NO 
Header "rdma/rdma_netlink.h" has symbol "RDMA_NLDEV_CMD_MONITOR" with dependencies libmlx5, libibverbs: NO 
Header "infiniband/mlx5dv.h" has symbol "mlx5dv_dump_dr_domain" with dependencies libmlx5, libibverbs: YES 
Header "infiniband/mlx5dv.h" has symbol "mlx5dv_dr_action_create_flow_sampler" with dependencies libmlx5, libibverbs: YES 
Header "infiniband/mlx5dv.h" has symbol "mlx5dv_dr_domain_set_reclaim_device_memory" with dependencies libmlx5, libibverbs: YES 
Header "infiniband/mlx5dv.h" has symbol "mlx5dv_dr_action_create_dest_array" with dependencies libmlx5, libibverbs: YES 
Header "linux/devlink.h" has symbol "DEVLINK_GENL_NAME" with dependencies libmlx5, libibverbs: YES 
Header "infiniband/mlx5dv.h" has symbol "mlx5dv_dr_action_create_aso" with dependencies libmlx5, libibverbs: YES 
Header "infiniband/verbs.h" has symbol "INFINIBAND_VERBS_H" with dependencies libmlx5, libibverbs: YES 
Header "infiniband/mlx5dv.h" has symbol "MLX5_WQE_UMR_CTRL_FLAG_INLINE" with dependencies libmlx5, libibverbs: YES 
Header "infiniband/mlx5dv.h" has symbol "mlx5dv_dump_dr_rule" with dependencies libmlx5, libibverbs: YES 
Header "infiniband/mlx5dv.h" has symbol "MLX5DV_DR_ACTION_FLAGS_ASO_CT_DIRECTION_INITIATOR" with dependencies libmlx5, libibverbs: YES 
Header "infiniband/mlx5dv.h" has symbol "mlx5dv_dr_domain_allow_duplicate_rules" with dependencies libmlx5, libibverbs: YES 
Header "infiniband/verbs.h" has symbol "ibv_reg_mr_iova" with dependencies libmlx5, libibverbs: YES 
Header "infiniband/verbs.h" has symbol "ibv_import_device" with dependencies libmlx5, libibverbs: YES 
Header "infiniband/mlx5dv.h" has symbol "mlx5dv_dr_action_create_dest_root_table" with dependencies libmlx5, libibverbs: YES 
Header "infiniband/mlx5dv.h" has symbol "mlx5dv_create_steering_anchor" with dependencies libmlx5, libibverbs: YES 
Header "infiniband/verbs.h" has symbol "ibv_is_fork_initialized" with dependencies libmlx5, libibverbs: YES 
Header "infiniband/mlx5dv.h" has symbol "MLX5DV_CONTEXT_MASK_REG_C0" with dependencies libmlx5, libibverbs: YES 
Header "infiniband/mlx5dv.h" has symbol "MLX5DV_FLOW_ACTION_COUNTERS_DEVX_WITH_OFFSET" with dependencies libmlx5, libibverbs: NO 
Checking whether type "struct mlx5dv_sw_parsing_caps" has member "sw_parsing_offloads" with dependencies libmlx5, libibverbs: YES 
Checking whether type "struct ibv_counter_set_init_attr" has member "counter_set_id" with dependencies libmlx5, libibverbs: NO 
Checking whether type "struct ibv_counters_init_attr" has member "comp_mask" with dependencies libmlx5, libibverbs: YES 
Checking whether type "struct mlx5dv_devx_uar" has member "mmap_off" with dependencies libmlx5, libibverbs: YES 
Checking whether type "struct mlx5dv_flow_matcher_attr" has member "ft_type" with dependencies libmlx5, libibverbs: YES 
Configuring mlx5_autoconf.h using configuration
Message: drivers/common/mlx5: Defining dependency "common_mlx5"
Message: drivers/common/nfp: Defining dependency "common_nfp"
Message: drivers/common/nitrox: Defining dependency "common_nitrox"
Run-time dependency libcrypto found: YES 3.0.12
Library IPSec_MB found: NO
Message: drivers/common/qat: Defining dependency "common_qat"
Compiler for C supports arguments -Wdisabled-optimization: YES 
Compiler for C supports arguments -Waggregate-return: YES 
Compiler for C supports arguments -Wbad-function-cast: YES 
Compiler for C supports arguments -Wno-sign-compare: YES 
Compiler for C supports arguments -Wno-unused-parameter: YES 
Compiler for C supports arguments -Wno-unused-variable: YES 
Compiler for C supports arguments -Wno-empty-body: YES 
Compiler for C supports arguments -Wno-unused-but-set-variable: YES 
Message: drivers/common/zsda: Defining dependency "common_zsda"
Message: drivers/mempool/bucket: Defining dependency "mempool_bucket"
Message: drivers/mempool/cnxk: Defining dependency "mempool_cnxk"
Message: drivers/mempool/dpaa: Defining dependency "mempool_dpaa"
Message: drivers/mempool/dpaa2: Defining dependency "mempool_dpaa2"
Message: drivers/mempool/octeontx: Defining dependency "mempool_octeontx"
Message: drivers/mempool/ring: Defining dependency "mempool_ring"
Message: drivers/mempool/stack: Defining dependency "mempool_stack"
Compiler for C supports arguments -Wno-uninitialized: YES 
Message: drivers/dma/cnxk: Defining dependency "dma_cnxk"
Compiler for C supports arguments -Wno-pointer-arith: YES (cached)
Message: drivers/dma/dpaa: Defining dependency "dma_dpaa"
Compiler for C supports arguments -Wno-pointer-arith: YES (cached)
Message: drivers/dma/dpaa2: Defining dependency "dma_dpaa2"
Message: drivers/dma/odm: Defining dependency "dma_odm"
Message: drivers/dma/skeleton: Defining dependency "dma_skeleton"
Message: drivers/net/af_packet: Defining dependency "net_af_packet"
Run-time dependency libxdp found: NO (tried pkgconfig)
Run-time dependency libbpf found: YES 1.2.2
Has header "linux/if_xdp.h" : YES 
Has header "bpf/xsk.h" : NO 
Message: drivers/net/ark: Defining dependency "net_ark"
Message: drivers/net/atlantic: Defining dependency "net_atlantic"
Message: drivers/net/avp: Defining dependency "net_avp"
Message: drivers/net/axgbe: Defining dependency "net_axgbe"
Run-time dependency zlib found: YES 1.2.13
Message: drivers/net/bnx2x: Defining dependency "net_bnx2x"
Compiler for C supports arguments -DSUPPORT_CFA_HW_P70=1: YES 
Compiler for C supports arguments -DSUPPORT_CFA_HW_P70=1: YES (cached)
Compiler for C supports arguments -DCFA_BLD_PRINT_OBJ=1: YES 
Message: drivers/net/bnxt: Defining dependency "net_bnxt"
Message: drivers/net/bonding: Defining dependency "net_bond"
Compiler for C supports arguments -flax-vector-conversions: YES 
Compiler for C supports arguments -Wno-strict-aliasing: YES 
Message: drivers/net/cnxk: Defining dependency "net_cnxk"
Message: drivers/net/cxgbe: Defining dependency "net_cxgbe"
Compiler for C supports arguments -Wno-pointer-arith: YES (cached)
Message: drivers/net/dpaa: Defining dependency "net_dpaa"
Message: drivers/net/dpaa2: Defining dependency "net_dpaa2"
Message: drivers/net/ena: Defining dependency "net_ena"
Message: drivers/net/enetc: Defining dependency "net_enetc"
Message: drivers/net/enetfec: Defining dependency "net_enetfec"
Message: drivers/net/enic: Defining dependency "net_enic"
Message: drivers/net/failsafe: Defining dependency "net_failsafe"
Message: drivers/net/gve: Defining dependency "net_gve"
Message: drivers/net/hinic: Defining dependency "net_hinic"
Message: drivers/net/intel/e1000: Defining dependency "net_e1000"
Message: drivers/net/intel/fm10k: Defining dependency "net_fm10k"
Message: drivers/net/intel/iavf: Defining dependency "net_iavf"
Compiler for C supports arguments -Wno-unused-but-set-variable: YES (cached)
Compiler for C supports arguments -Wno-unused-parameter: YES (cached)
Compiler for C supports arguments -Wno-array-bounds: YES 
Message: drivers/net/intel/ice: Defining dependency "net_ice"
Message: drivers/net/intel/idpf: Defining dependency "net_idpf"
Message: drivers/net/intel/ixgbe: Defining dependency "net_ixgbe"
Message: drivers/net/intel/cpfl: Defining dependency "net_cpfl"
Message: drivers/net/ionic: Defining dependency "net_ionic"
Message: drivers/net/memif: Defining dependency "net_memif"
Run-time dependency libmlx4 found: YES 1.0.54.0
Dependency libibverbs found: YES 1.14.54.0 (cached)
Compiler for C supports arguments -std=c11: YES (cached)
Compiler for C supports arguments -Wno-strict-prototypes: YES (cached)
Compiler for C supports arguments -D_BSD_SOURCE: YES (cached)
Compiler for C supports arguments -D_DEFAULT_SOURCE: YES (cached)
Compiler for C supports arguments -D_XOPEN_SOURCE=600: YES (cached)
Header "infiniband/mlx4dv.h" has symbol "MLX4DV_SET_CTX_ATTR_BUF_ALLOCATORS" with dependencies libmlx4, libibverbs: YES 
Header "infiniband/mlx4dv.h" has symbol "MLX4DV_QP_MASK_UAR_MMAP_OFFSET" with dependencies libmlx4, libibverbs: YES 
Checking whether type "struct mlx4_wqe_lso_seg" has member "mss_hdr_size" with dependencies libmlx4, libibverbs: YES 
Configuring mlx4_autoconf.h using configuration
Message: drivers/net/mlx4: Defining dependency "net_mlx4"
Compiler for C supports arguments -std=c11: YES (cached)
Compiler for C supports arguments -Wno-strict-prototypes: YES (cached)
Compiler for C supports arguments -D_BSD_SOURCE: YES (cached)
Compiler for C supports arguments -D_DEFAULT_SOURCE: YES (cached)
Compiler for C supports arguments -D_XOPEN_SOURCE=600: YES (cached)
Message: drivers/net/mlx5: Defining dependency "net_mlx5"
Run-time dependency libmusdk found: NO (tried pkgconfig)
Run-time dependency libmusdk found: NO (tried pkgconfig)
Message: drivers/net/nbl: Defining dependency "net_nbl"
Message: drivers/net/netvsc: Defining dependency "net_netvsc"
Run-time dependency netcope-common found: NO (tried pkgconfig)
Message: drivers/net/nfp: Defining dependency "net_nfp"
Message: drivers/net/ngbe: Defining dependency "net_ngbe"
Message: drivers/net/null: Defining dependency "net_null"
Message: drivers/net/octeontx: Defining dependency "net_octeontx"
Compiler for C supports arguments -Wno-strict-aliasing: YES (cached)
Compiler for C supports arguments -flax-vector-conversions: YES (cached)
Message: drivers/net/octeon_ep: Defining dependency "net_octeon_ep"
Message: drivers/net/pcap: Defining dependency "net_pcap"
Compiler for C supports arguments -Wno-pointer-arith: YES (cached)
Message: drivers/net/pfe: Defining dependency "net_pfe"
Compiler for C supports arguments -Wno-unused-parameter: YES (cached)
Compiler for C supports arguments -Wno-sign-compare: YES (cached)
Compiler for C supports arguments -Wno-missing-prototypes: YES 
Compiler for C supports arguments -Wno-cast-qual: YES (cached)
Compiler for C supports arguments -Wno-unused-function: YES 
Compiler for C supports arguments -Wno-unused-variable: YES (cached)
Compiler for C supports arguments -Wno-strict-aliasing: YES (cached)
Compiler for C supports arguments -Wno-missing-prototypes: YES (cached)
Compiler for C supports arguments -Wno-unused-value: YES 
Compiler for C supports arguments -Wno-format-nonliteral: YES 
Compiler for C supports arguments -Wno-shift-negative-value: YES 
Compiler for C supports arguments -Wno-unused-but-set-variable: YES (cached)
Compiler for C supports arguments -Wno-missing-declarations: YES 
Compiler for C supports arguments -Wno-maybe-uninitialized: YES 
Compiler for C supports arguments -Wno-strict-prototypes: YES (cached)
Compiler for C supports arguments -Wno-shift-negative-value: YES (cached)
Compiler for C supports arguments -Wno-implicit-fallthrough: YES 
Compiler for C supports arguments -Wno-format-extra-args: YES 
Compiler for C supports arguments -Wno-visibility: NO 
Compiler for C supports arguments -Wno-empty-body: YES (cached)
Compiler for C supports arguments -Wno-invalid-source-encoding: NO 
Compiler for C supports arguments -Wno-sometimes-uninitialized: NO 
Compiler for C supports arguments -Wno-pointer-bool-conversion: NO 
Compiler for C supports arguments -Wno-format-nonliteral: YES (cached)
Message: drivers/net/qede: Defining dependency "net_qede"
Message: drivers/net/r8169: Defining dependency "net_r8169"
Message: drivers/net/ring: Defining dependency "net_ring"
Message: drivers/net/rnp: Defining dependency "net_rnp"
Message: drivers/net/softnic: Defining dependency "net_softnic"
Header "linux/pkt_cls.h" has symbol "TCA_FLOWER_ACT" : YES 
Dependency libbpf found: YES 1.2.2 (cached)
Program bpftool /usr/sbin/bpftool found: NO
Message: net/tap: no RSS support missing bpftool
Message: drivers/net/tap: Defining dependency "net_tap"
Compiler for C supports arguments -fno-prefetch-loop-arrays: YES 
Compiler for C supports arguments -Wno-maybe-uninitialized: YES (cached)
Message: drivers/net/thunderx: Defining dependency "net_thunderx"
Message: drivers/net/txgbe: Defining dependency "net_txgbe"
Compiler for C supports arguments -D_BSD_SOURCE: YES (cached)
Compiler for C supports arguments -D_DEFAULT_SOURCE: YES (cached)
Compiler for C supports arguments -D_XOPEN_SOURCE=600: YES (cached)
Message: drivers/net/vdev_netvsc: Defining dependency "net_vdev_netvsc"
Message: drivers/net/vhost: Defining dependency "net_vhost"
Message: drivers/net/virtio: Defining dependency "net_virtio"
Compiler for C supports arguments -Wno-unused-parameter: YES (cached)
Compiler for C supports arguments -Wno-unused-value: YES (cached)
Compiler for C supports arguments -Wno-strict-aliasing: YES (cached)
Compiler for C supports arguments -Wno-format-extra-args: YES (cached)
Message: drivers/net/vmxnet3: Defining dependency "net_vmxnet3"
Message: drivers/net/xsc: Defining dependency "net_xsc"
Message: drivers/net/zxdh: Defining dependency "net_zxdh"
Message: drivers/raw/cnxk_bphy: Defining dependency "raw_cnxk_bphy"
Message: drivers/raw/cnxk_gpio: Defining dependency "raw_cnxk_gpio"
Message: drivers/raw/cnxk_rvu_lf: Defining dependency "raw_cnxk_rvu_lf"
Message: drivers/raw/dpaa2_cmdif: Defining dependency "raw_dpaa2_cmdif"
Message: drivers/raw/gdtc: Defining dependency "raw_gdtc"
Message: drivers/raw/ntb: Defining dependency "raw_ntb"
Message: drivers/raw/skeleton: Defining dependency "raw_skeleton"
Run-time dependency libaarch64crypto found: NO (tried pkgconfig)
Message: drivers/crypto/bcmfs: Defining dependency "crypto_bcmfs"
Message: drivers/crypto/caam_jr: Defining dependency "crypto_caam_jr"
Dependency libcrypto found: YES 3.0.12 (cached)
Message: drivers/crypto/ccp: Defining dependency "crypto_ccp"
Message: drivers/crypto/cnxk: Defining dependency "crypto_cnxk"
Message: drivers/crypto/dpaa_sec: Defining dependency "crypto_dpaa_sec"
Message: drivers/crypto/dpaa2_sec: Defining dependency "crypto_dpaa2_sec"
Message: drivers/crypto/ionic: Defining dependency "crypto_ionic"
Library IPSec_MB found: NO
Compiler for C supports arguments -std=c11: YES (cached)
Compiler for C supports arguments -Wno-strict-prototypes: YES (cached)
Compiler for C supports arguments -D_BSD_SOURCE: YES (cached)
Compiler for C supports arguments -D_DEFAULT_SOURCE: YES (cached)
Compiler for C supports arguments -D_XOPEN_SOURCE=600: YES (cached)
Message: drivers/crypto/mlx5: Defining dependency "crypto_mlx5"
Run-time dependency libmusdk found: NO (tried pkgconfig)
Message: drivers/crypto/nitrox: Defining dependency "crypto_nitrox"
Message: drivers/crypto/null: Defining dependency "crypto_null"
Message: drivers/crypto/octeontx: Defining dependency "crypto_octeontx"
Dependency libcrypto found: YES 3.0.12 (cached)
Message: drivers/crypto/openssl: Defining dependency "crypto_openssl"
Message: drivers/crypto/scheduler: Defining dependency "crypto_scheduler"
Run-time dependency libwd_crypto found: NO (tried pkgconfig)
Run-time dependency libwd found: NO (tried pkgconfig)
Message: drivers/crypto/virtio: Defining dependency "crypto_virtio"
Run-time dependency libisal found: NO (tried pkgconfig)
Compiler for C supports arguments -std=c11: YES (cached)
Compiler for C supports arguments -Wno-strict-prototypes: YES (cached)
Compiler for C supports arguments -D_BSD_SOURCE: YES (cached)
Compiler for C supports arguments -D_DEFAULT_SOURCE: YES (cached)
Compiler for C supports arguments -D_XOPEN_SOURCE=600: YES (cached)
Message: drivers/compress/mlx5: Defining dependency "compress_mlx5"
Message: drivers/compress/nitrox: Defining dependency "compress_nitrox"
Message: drivers/compress/octeontx: Defining dependency "compress_octeontx"
Run-time dependency libwd_comp found: NO (tried pkgconfig)
Run-time dependency libwd found: NO (tried pkgconfig)
Dependency zlib found: YES 1.2.13 (cached)
Message: drivers/compress/zlib: Defining dependency "compress_zlib"
Compiler for C supports arguments -std=c11: YES (cached)
Compiler for C supports arguments -Wno-strict-prototypes: YES (cached)
Compiler for C supports arguments -D_BSD_SOURCE: YES (cached)
Compiler for C supports arguments -D_DEFAULT_SOURCE: YES (cached)
Compiler for C supports arguments -D_XOPEN_SOURCE=600: YES (cached)
Message: drivers/regex/mlx5: Defining dependency "regex_mlx5"
Message: drivers/regex/cn9k: Defining dependency "regex_cn9k"
Message: drivers/ml/cnxk: libarchive not found
Message: drivers/ml/cnxk: jansson not found
Found CMake: /usr/bin/cmake (3.30.5)
Run-time dependency dlpack found: NO (tried cmake)
Message: drivers/ml/cnxk: dlpack not found
Run-time dependency dmlc found: NO (tried cmake)
Message: drivers/ml/cnxk: dmlc not found
Run-time dependency tvm found: NO (tried cmake)
Message: drivers/ml/cnxk: tvm_runtime not found
Run-time dependency tvmdp found: NO (tried pkgconfig)
Message: drivers/ml/cnxk: tvmdp not found
Message: drivers/ml/cnxk: Disabled TVM model support
Message: drivers/ml/cnxk: Defining dependency "ml_cnxk"
Message: drivers/vdpa/ifc: Defining dependency "vdpa_ifc"
Compiler for C supports arguments -std=c11: YES (cached)
Compiler for C supports arguments -Wno-strict-prototypes: YES (cached)
Compiler for C supports arguments -D_BSD_SOURCE: YES (cached)
Compiler for C supports arguments -D_DEFAULT_SOURCE: YES (cached)
Compiler for C supports arguments -D_XOPEN_SOURCE=600: YES (cached)
Message: drivers/vdpa/mlx5: Defining dependency "vdpa_mlx5"
Message: drivers/vdpa/nfp: Defining dependency "vdpa_nfp"
Compiler for C supports arguments -flax-vector-conversions: YES (cached)
Compiler for C supports arguments -Wno-strict-aliasing: YES (cached)
Message: drivers/event/cnxk: Defining dependency "event_cnxk"
Message: drivers/event/dpaa: Defining dependency "event_dpaa"
Message: drivers/event/dpaa2: Defining dependency "event_dpaa2"
Compiler for C supports arguments -Wno-format-nonliteral: YES (cached)
Message: drivers/event/dsw: Defining dependency "event_dsw"
Message: drivers/event/octeontx: Defining dependency "event_octeontx"
Message: drivers/event/opdl: Defining dependency "event_opdl"
Message: drivers/event/skeleton: Defining dependency "event_skeleton"
Message: drivers/event/sw: Defining dependency "event_sw"
Run-time dependency flexran_sdk_ldpc_decoder_5gnr found: NO (tried pkgconfig and cmake)
Message: drivers/baseband/acc: Defining dependency "baseband_acc"
Message: drivers/baseband/fpga_5gnr_fec: Defining dependency "baseband_fpga_5gnr_fec"
Message: drivers/baseband/fpga_lte_fec: Defining dependency "baseband_fpga_lte_fec"
Message: drivers/baseband/la12xx: Defining dependency "baseband_la12xx"
Message: drivers/baseband/null: Defining dependency "baseband_null"
Run-time dependency flexran_sdk_turbo found: NO (tried pkgconfig and cmake)
Run-time dependency flexran_sdk_ldpc_decoder_5gnr found: NO (tried pkgconfig and cmake)
Message: drivers/baseband/turbo_sw: Defining dependency "baseband_turbo_sw"
Has header "cuda.h" : NO 
Message: drivers/power/acpi: Defining dependency "power_acpi"
Message: drivers/power/amd_pstate: Defining dependency "power_amd_pstate"
Library e_smi64 found: NO
Message: drivers/power/cppc: Defining dependency "power_cppc"
Message: drivers/power/intel_pstate: Defining dependency "power_intel_pstate"
Message: drivers/power/intel_uncore: Defining dependency "power_intel_uncore"
Message: drivers/power/kvm_vm: Defining dependency "power_kvm_vm"
Has header "sys/epoll.h" : YES 
Dependency zlib found: YES 1.2.13 (cached)
Run-time dependency pcap found: YES 1.10.4
Compiler for C supports arguments -fno-strict-aliasing: YES (cached)
Program clang found: YES (/usr/bin/clang)
Program xxd found: YES (/usr/bin/xxd)
Message: hugepage availability: true
Program test_telemetry.sh found: YES (/home/loongson/.dpdk/dpdk/app/test/suites/test_telemetry.sh)
Program doxygen found: NO
Program sphinx-build found: NO
Configuring rte_build_config.h using configuration
Message: 
=================
Applications Enabled
=================

apps:
	dumpcap, graph, pdump, proc-info, test-acl, test-bbdev, test-cmdline, test-compress-perf, 
	test-crypto-perf, test-dma-perf, test-eventdev, test-fib, test-flow-perf, test-gpudev, test-mldev, test-pipeline, 
	test-pmd, test-regex, test-sad, test-security-perf, test, 

Message: 
=================
Libraries Enabled
=================

libs:
	log, kvargs, argparse, telemetry, pmu, eal, ptr_compress, ring, 
	rcu, mempool, mbuf, net, meter, ethdev, pci, cmdline, 
	metrics, hash, timer, acl, bbdev, bitratestats, bpf, cfgfile, 
	compressdev, cryptodev, distributor, dmadev, efd, eventdev, dispatcher, gpudev, 
	gro, gso, ip_frag, jobstats, latencystats, lpm, member, pcapng, 
	power, rawdev, regexdev, mldev, rib, reorder, sched, security, 
	stack, vhost, ipsec, pdcp, fib, port, pdump, table, 
	pipeline, graph, node, 

Message: 
===============
Drivers Enabled
===============

common:
	cpt, dpaax, ionic, octeontx, cnxk, mlx5, nfp, nitrox, 
	qat, zsda, 
bus:
	auxiliary, cdx, dpaa, fslmc, ifpga, pci, platform, uacce, 
	vdev, vmbus, 
mempool:
	bucket, cnxk, dpaa, dpaa2, octeontx, ring, stack, 
dma:
	cnxk, dpaa, dpaa2, odm, skeleton, 
net:
	af_packet, ark, atlantic, avp, axgbe, bnx2x, bnxt, bond, 
	cnxk, cxgbe, dpaa, dpaa2, ena, enetc, enetfec, enic, 
	failsafe, gve, hinic, e1000, fm10k, iavf, ice, idpf, 
	ixgbe, cpfl, ionic, memif, mlx4, mlx5, nbl, netvsc, 
	nfp, ngbe, null, octeontx, octeon_ep, pcap, pfe, qede, 
	r8169, ring, rnp, softnic, tap, thunderx, txgbe, vdev_netvsc, 
	vhost, virtio, vmxnet3, xsc, zxdh, 
raw:
	cnxk_bphy, cnxk_gpio, cnxk_rvu_lf, dpaa2_cmdif, gdtc, ntb, skeleton, 
crypto:
	bcmfs, caam_jr, ccp, cnxk, dpaa_sec, dpaa2_sec, ionic, mlx5, 
	nitrox, null, octeontx, openssl, scheduler, virtio, 
compress:
	mlx5, nitrox, octeontx, zlib, 
regex:
	mlx5, cn9k, 
ml:
	cnxk, 
vdpa:
	ifc, mlx5, nfp, 
event:
	cnxk, dpaa, dpaa2, dsw, octeontx, opdl, skeleton, sw, 
	
baseband:
	acc, fpga_5gnr_fec, fpga_lte_fec, la12xx, null, turbo_sw, 
gpu:
	
power:
	acpi, amd_pstate, cppc, intel_pstate, intel_uncore, kvm_vm, 

Message: 
=================
Content Skipped
=================

apps:
	
libs:
	
drivers:
	common/mvep:	missing dependency, "libmusdk"
	common/sfc_efx:	only supported on x86_64 and aarch64
	dma/hisi_acc:	only supported on x86_64 and aarch64
	dma/hisi_pciep:	only supported on x86_64 and aarch64
	dma/idxd:	only supported on x86
	dma/ioat:	only supported on x86
	net/af_xdp:	missing dependency, "libxdp >=1.2.2" and "libbpf"
	net/hinic3:	only supported on x86_64 and aarch64
	net/hns3:	only supported on x86_64 and aarch64
	net/intel/i40e:	not supported on LoongArch
	net/intel/ipn3ke:	missing dependency, "libfdt"
	net/mana:	only supported on x86 or arm64 Linux
	net/mvneta:	missing dependency, "libmusdk"
	net/mvpp2:	missing dependency, "libmusdk"
	net/nfb:	missing dependency, "libnfb"
	net/ntnic:	only supported on x86_64 Linux
	net/sfc:	only supported on x86_64 and aarch64
	raw/ifpga:	missing dependency, "libfdt"
	crypto/armv8:	missing dependency, "libAArch64crypto"
	crypto/ipsec_mb:	missing dependency, "libIPSec_MB"
	crypto/mvsam:	missing dependency, "libmusdk"
	crypto/uadk:	missing dependency, "libwd"
	compress/isal:	missing dependency, "libisal"
	compress/uadk:	missing dependency, "libwd"
	vdpa/sfc:	only supported on x86_64 and aarch64
	event/dlb2:	only supported on x86_64 Linux
	gpu/cuda:	missing dependency, "cuda.h"
	power/amd_uncore:	missing dependency, "libe_smi"
	

Message: DPDK build config complete:
  source path = "/home/loongson/.dpdk/dpdk"
  build path  = "/home/loongson/.dpdk/dpdk/build"
Build targets in project: 1080

Found ninja-1.11.1 at /usr/bin/ninja
WARNING: Running the setup command as `meson [options]` instead of `meson setup [options]` is ambiguous and deprecated.
meson & ninja build pass
finding context: loongarch-compilation for 162762 ...
contexts for 162762: "checkpatch" "loongarch-compilation" "loongarch-unit-testing" "github-robot: build"
test report for 162762 from loongarch-compilation existed!
send test report for series 37785 to John McNamara <john.mcnamara@intel.com>
touch: cannot touch '/home/loongson/.dpdk/dpdk-ci/tools/../reports/162762_report.txt': No such file or directory
2026-03-27T03:40:02
https://patches.dpdk.org/api/events/?category=series-completed&page=1&since=2026-03-27T03:40:02
fetched series ids: 37785 37784 37783 37782 37781 37780 37779 37778 
2026-03-28T12:20:03 /home/loongson/.dpdk/dpdk-ci/tools/test-series.sh 37785
download-series.sh: request https://patches.dpdk.org/api/series/37785
pwid(s) for series 37785: 162762 
The number of patch(es) is: 1
/home/loongson/.dpdk/dpdk-ci/tools/../series/37785/162762.patch lines: 147
download series done!
list trees for series 37785: dpdk
try to apply on dpdk ...
Switched to branch 'unused'
Deleted branch main (was 626d4e3932).
Switched to a new branch 'main'
branch 'main' set up to track 'origin/main'.
need to update git base
/home/loongson/.dpdk/dpdk-ci/tools/test-series.sh: line 106: 326741 Killed                  timeout -s SIGKILL 60s git pull --rebase
2026-03-27T03:40:02
https://patches.dpdk.org/api/events/?category=series-completed&page=1&since=2026-03-27T03:40:02
fetched series ids: 37785 37784 37783 37782 37781 37780 37779 37778 
2026-03-28T12:25:03 /home/loongson/.dpdk/dpdk-ci/tools/test-series.sh 37785
download-series.sh: request https://patches.dpdk.org/api/series/37785
pwid(s) for series 37785: 162762 
The number of patch(es) is: 1
/home/loongson/.dpdk/dpdk-ci/tools/../series/37785/162762.patch lines: 147
download series done!
list trees for series 37785: dpdk
try to apply on dpdk ...
Switched to branch 'unused'
Deleted branch main (was 626d4e3932).
Switched to a new branch 'main'
branch 'main' set up to track 'origin/main'.
need to update git base
/home/loongson/.dpdk/dpdk-ci/tools/test-series.sh: line 106: 327366 Killed                  timeout -s SIGKILL 60s git pull --rebase
2026-03-27T03:40:02
https://patches.dpdk.org/api/events/?category=series-completed&page=1&since=2026-03-27T03:40:02
fetched series ids: 37785 37784 37783 37782 37781 37780 37779 37778 
2026-03-28T12:30:02 /home/loongson/.dpdk/dpdk-ci/tools/test-series.sh 37785
download-series.sh: request https://patches.dpdk.org/api/series/37785
pwid(s) for series 37785: 162762 
The number of patch(es) is: 1
/home/loongson/.dpdk/dpdk-ci/tools/../series/37785/162762.patch lines: 147
download series done!
list trees for series 37785: dpdk
try to apply on dpdk ...
Switched to branch 'unused'
Deleted branch main (was 626d4e3932).
Switched to a new branch 'main'
branch 'main' set up to track 'origin/main'.
need to update git base
Already up to date.
Deleted branch s-37785 (was 23f8430a27).
Switched to a new branch 's-37785'
Applying: doc: update release notes for 26.03
Insert one base commit: 37785 626d4e39327333cd5508885162e45ca7fb94ef7f
The Meson build system
Version: 1.4.1
Source dir: /home/loongson/.dpdk/dpdk
Build dir: /home/loongson/.dpdk/dpdk/build
Build type: native build
Project name: DPDK
Project version: 26.03.0-rc3
C compiler for the host machine: cc (gcc 12.3.0 "cc (GCC) 12.3.0 20230508 (Loongnix OS 12.3.0-10)")
C linker for the host machine: cc ld.bfd 2.41-5
Host machine cpu family: loongarch64
Host machine cpu: loongarch64
Message: ## Building in Developer Mode ##
Program pkg-config found: YES (/usr/bin/pkg-config)
Program check-symbols.sh found: YES (/home/loongson/.dpdk/dpdk/buildtools/check-symbols.sh)
Program options-ibverbs-static.sh found: YES (/home/loongson/.dpdk/dpdk/buildtools/options-ibverbs-static.sh)
Program python3 found: YES (/usr/bin/python3)
Program python3 (elftools) found: YES (/usr/bin/python3) modules: elftools
Message: Minimum Meson required version is 0.57.2
Program cat found: YES (/usr/bin/cat)
Compiler for C supports arguments -march=native: YES 
Checking for size of "void *" : 8 
Checking for size of "void *" : 8 (cached)
Compiler for C supports link arguments -Wl,--undefined-version: YES 
Library m found: YES
Library numa found: YES
Has header "numaif.h" : YES 
Library fdt found: NO
Library execinfo found: NO
Has header "execinfo.h" : YES 
Found pkg-config: YES (/usr/bin/pkg-config) 1.9.5
Run-time dependency libarchive found: NO (tried pkgconfig)
Run-time dependency libbsd found: NO (tried pkgconfig)
Run-time dependency jansson found: NO (tried pkgconfig)
Run-time dependency openssl found: YES 3.0.12
Run-time dependency libpcap found: YES 1.10.4
Has header "pcap.h" with dependency libpcap: YES 
Compiler for C supports arguments -Wvla: YES 
Compiler for C supports arguments -Wno-shadow: YES 
Compiler for C supports arguments -Wno-comma: NO 
Compiler for C supports arguments -Wcast-qual: YES 
Compiler for C supports arguments -Wcomma: NO 
Compiler for C supports arguments -Wdeprecated: YES 
Compiler for C supports arguments -Wformat: YES 
Compiler for C supports arguments -Wformat-nonliteral: YES 
Compiler for C supports arguments -Wformat-security: YES 
Compiler for C supports arguments -Wmissing-declarations: YES 
Compiler for C supports arguments -Wmissing-prototypes: YES 
Compiler for C supports arguments -Wnested-externs: YES 
Compiler for C supports arguments -Wold-style-definition: YES 
Compiler for C supports arguments -Wpointer-arith: YES 
Compiler for C supports arguments -Wshadow: YES 
Compiler for C supports arguments -Wsign-compare: YES 
Compiler for C supports arguments -Wstrict-prototypes: YES 
Compiler for C supports arguments -Wundef: YES 
Compiler for C supports arguments -Wwrite-strings: YES 
Compiler for C supports arguments -Wno-packed-not-aligned: YES 
Compiler for C supports arguments -Wno-missing-field-initializers: YES 
Compiler for C supports arguments -fzero-init-padding-bits=all: NO 
Message: Implementer : Generic loongarch
Message: ['-march=loongarch64']
Message: lib/log: Defining dependency "log"
Message: lib/kvargs: Defining dependency "kvargs"
Message: lib/argparse: Defining dependency "argparse"
Message: lib/telemetry: Defining dependency "telemetry"
Message: lib/pmu: Defining dependency "pmu"
Checking for function "pthread_attr_setaffinity_np" : YES 
Checking for function "getentropy" : NO 
Message: lib/eal: Defining dependency "eal"
Message: lib/ptr_compress: Defining dependency "ptr_compress"
Message: lib/ring: Defining dependency "ring"
Message: lib/rcu: Defining dependency "rcu"
Message: lib/mempool: Defining dependency "mempool"
Message: lib/mbuf: Defining dependency "mbuf"
Message: lib/net: Defining dependency "net"
Message: lib/meter: Defining dependency "meter"
Message: lib/ethdev: Defining dependency "ethdev"
Message: lib/pci: Defining dependency "pci"
Message: lib/cmdline: Defining dependency "cmdline"
Message: lib/metrics: Defining dependency "metrics"
Message: lib/hash: Defining dependency "hash"
Message: lib/timer: Defining dependency "timer"
Message: lib/acl: Defining dependency "acl"
Message: lib/bbdev: Defining dependency "bbdev"
Message: lib/bitratestats: Defining dependency "bitratestats"
Run-time dependency libelf found: YES 0.190
Message: lib/bpf: Defining dependency "bpf"
Message: lib/cfgfile: Defining dependency "cfgfile"
Message: lib/compressdev: Defining dependency "compressdev"
Message: lib/cryptodev: Defining dependency "cryptodev"
Message: lib/distributor: Defining dependency "distributor"
Message: lib/dmadev: Defining dependency "dmadev"
Message: lib/efd: Defining dependency "efd"
Message: lib/eventdev: Defining dependency "eventdev"
Message: lib/dispatcher: Defining dependency "dispatcher"
Message: lib/gpudev: Defining dependency "gpudev"
Message: lib/gro: Defining dependency "gro"
Message: lib/gso: Defining dependency "gso"
Message: lib/ip_frag: Defining dependency "ip_frag"
Message: lib/jobstats: Defining dependency "jobstats"
Message: lib/latencystats: Defining dependency "latencystats"
Message: lib/lpm: Defining dependency "lpm"
Message: lib/member: Defining dependency "member"
Message: lib/pcapng: Defining dependency "pcapng"
Message: lib/power: Defining dependency "power"
Message: lib/rawdev: Defining dependency "rawdev"
Message: lib/regexdev: Defining dependency "regexdev"
Message: lib/mldev: Defining dependency "mldev"
Message: lib/rib: Defining dependency "rib"
Message: lib/reorder: Defining dependency "reorder"
Message: lib/sched: Defining dependency "sched"
Message: lib/security: Defining dependency "security"
Message: lib/stack: Defining dependency "stack"
Has header "linux/userfaultfd.h" : YES 
Compiler for C supports arguments -fno-strict-aliasing: YES 
Compiler for C supports arguments -Wno-address-of-packed-member: YES 
Message: lib/vhost: Defining dependency "vhost"
Message: lib/ipsec: Defining dependency "ipsec"
Message: lib/pdcp: Defining dependency "pdcp"
Message: lib/fib: Defining dependency "fib"
Message: lib/port: Defining dependency "port"
Message: lib/pdump: Defining dependency "pdump"
Message: lib/table: Defining dependency "table"
Message: lib/pipeline: Defining dependency "pipeline"
Message: lib/graph: Defining dependency "graph"
Message: lib/node: Defining dependency "node"
Compiler for C supports arguments -Wno-format-truncation: YES 
Compiler for C supports arguments -Wno-address-of-packed-member: YES (cached)
Message: drivers/common/cpt: Defining dependency "common_cpt"
Compiler for C supports arguments -Wno-cast-qual: YES 
Compiler for C supports arguments -Wno-pointer-arith: YES 
Message: drivers/common/dpaax: Defining dependency "common_dpaax"
Message: drivers/common/ionic: Defining dependency "common_ionic"
Run-time dependency libmusdk found: NO (tried pkgconfig)
Message: drivers/common/octeontx: Defining dependency "common_octeontx"
Message: drivers/bus/auxiliary: Defining dependency "bus_auxiliary"
Message: drivers/bus/cdx: Defining dependency "bus_cdx"
Compiler for C supports arguments -Wno-cast-qual: YES (cached)
Compiler for C supports arguments -Wno-pointer-arith: YES (cached)
Message: drivers/bus/dpaa: Defining dependency "bus_dpaa"
Message: drivers/bus/fslmc: Defining dependency "bus_fslmc"
Message: drivers/bus/ifpga: Defining dependency "bus_ifpga"
Message: drivers/bus/pci: Defining dependency "bus_pci"
Message: drivers/bus/platform: Defining dependency "bus_platform"
Message: drivers/bus/uacce: Defining dependency "bus_uacce"
Message: drivers/bus/vdev: Defining dependency "bus_vdev"
Message: drivers/bus/vmbus: Defining dependency "bus_vmbus"
Message: drivers/common/cnxk: Defining dependency "common_cnxk"
Compiler for C supports arguments -std=c11: YES 
Compiler for C supports arguments -Wno-strict-prototypes: YES 
Compiler for C supports arguments -D_BSD_SOURCE: YES 
Compiler for C supports arguments -D_DEFAULT_SOURCE: YES 
Compiler for C supports arguments -D_XOPEN_SOURCE=600: YES 
Run-time dependency libmlx5 found: YES 1.25.54.0
Run-time dependency libibverbs found: YES 1.14.54.0
Library mtcr_ul found: NO
Header "infiniband/verbs.h" has symbol "IBV_FLOW_SPEC_ESP" with dependencies libmlx5, libibverbs: YES 
Header "infiniband/verbs.h" has symbol "IBV_RX_HASH_IPSEC_SPI" with dependencies libmlx5, libibverbs: YES 
Header "infiniband/verbs.h" has symbol "IBV_ACCESS_RELAXED_ORDERING " with dependencies libmlx5, libibverbs: YES 
Header "infiniband/mlx5dv.h" has symbol "MLX5DV_CQE_RES_FORMAT_CSUM_STRIDX" with dependencies libmlx5, libibverbs: YES 
Header "infiniband/mlx5dv.h" has symbol "MLX5DV_CONTEXT_MASK_TUNNEL_OFFLOADS" with dependencies libmlx5, libibverbs: YES 
Header "infiniband/mlx5dv.h" has symbol "MLX5DV_CONTEXT_FLAGS_MPW_ALLOWED" with dependencies libmlx5, libibverbs: YES 
Header "infiniband/mlx5dv.h" has symbol "MLX5DV_CONTEXT_FLAGS_CQE_128B_COMP" with dependencies libmlx5, libibverbs: YES 
Header "infiniband/mlx5dv.h" has symbol "MLX5DV_CQ_INIT_ATTR_FLAGS_CQE_PAD" with dependencies libmlx5, libibverbs: YES 
Header "infiniband/mlx5dv.h" has symbol "mlx5dv_create_flow_action_packet_reformat" with dependencies libmlx5, libibverbs: YES 
Header "infiniband/verbs.h" has symbol "IBV_FLOW_SPEC_MPLS" with dependencies libmlx5, libibverbs: YES 
Header "infiniband/verbs.h" has symbol "IBV_WQ_FLAGS_PCI_WRITE_END_PADDING" with dependencies libmlx5, libibverbs: YES 
Header "infiniband/verbs.h" has symbol "IBV_WQ_FLAG_RX_END_PADDING" with dependencies libmlx5, libibverbs: NO 
Header "infiniband/mlx5dv.h" has symbol "mlx5dv_query_devx_port" with dependencies libmlx5, libibverbs: NO 
Header "infiniband/mlx5dv.h" has symbol "mlx5dv_query_port" with dependencies libmlx5, libibverbs: YES 
Header "infiniband/mlx5dv.h" has symbol "mlx5dv_dr_action_create_dest_ib_port" with dependencies libmlx5, libibverbs: YES 
Header "infiniband/mlx5dv.h" has symbol "mlx5dv_devx_obj_create" with dependencies libmlx5, libibverbs: YES 
Header "infiniband/mlx5dv.h" has symbol "MLX5DV_FLOW_ACTION_COUNTERS_DEVX" with dependencies libmlx5, libibverbs: YES 
Header "infiniband/mlx5dv.h" has symbol "MLX5DV_FLOW_ACTION_DEFAULT_MISS" with dependencies libmlx5, libibverbs: YES 
Header "infiniband/mlx5dv.h" has symbol "mlx5dv_devx_obj_query_async" with dependencies libmlx5, libibverbs: YES 
Header "infiniband/mlx5dv.h" has symbol "mlx5dv_devx_qp_query" with dependencies libmlx5, libibverbs: YES 
Header "infiniband/mlx5dv.h" has symbol "mlx5dv_pp_alloc" with dependencies libmlx5, libibverbs: YES 
Header "infiniband/mlx5dv.h" has symbol "mlx5dv_dr_action_create_dest_devx_tir" with dependencies libmlx5, libibverbs: YES 
Header "infiniband/mlx5dv.h" has symbol "mlx5dv_devx_get_event" with dependencies libmlx5, libibverbs: YES 
Header "infiniband/mlx5dv.h" has symbol "mlx5dv_dr_action_create_flow_meter" with dependencies libmlx5, libibverbs: YES 
Header "infiniband/mlx5dv.h" has symbol "MLX5_MMAP_GET_NC_PAGES_CMD" with dependencies libmlx5, libibverbs: YES 
Header "infiniband/mlx5dv.h" has symbol "MLX5DV_DR_DOMAIN_TYPE_NIC_RX" with dependencies libmlx5, libibverbs: YES 
Header "infiniband/mlx5dv.h" has symbol "MLX5DV_DR_DOMAIN_TYPE_FDB" with dependencies libmlx5, libibverbs: YES 
Header "infiniband/mlx5dv.h" has symbol "mlx5dv_dr_action_create_push_vlan" with dependencies libmlx5, libibverbs: YES 
Header "infiniband/mlx5dv.h" has symbol "mlx5dv_alloc_var" with dependencies libmlx5, libibverbs: YES 
Header "infiniband/mlx5dv.h" has symbol "MLX5_OPCODE_ENHANCED_MPSW" with dependencies libmlx5, libibverbs: NO 
Header "infiniband/mlx5dv.h" has symbol "MLX5_OPCODE_SEND_EN" with dependencies libmlx5, libibverbs: NO 
Header "infiniband/mlx5dv.h" has symbol "MLX5_OPCODE_WAIT" with dependencies libmlx5, libibverbs: NO 
Header "infiniband/mlx5dv.h" has symbol "MLX5_OPCODE_ACCESS_ASO" with dependencies libmlx5, libibverbs: NO 
Header "linux/if_link.h" has symbol "IFLA_NUM_VF" with dependencies libmlx5, libibverbs: YES 
Header "linux/if_link.h" has symbol "IFLA_EXT_MASK" with dependencies libmlx5, libibverbs: YES 
Header "linux/if_link.h" has symbol "IFLA_PHYS_SWITCH_ID" with dependencies libmlx5, libibverbs: YES 
Header "linux/if_link.h" has symbol "IFLA_PHYS_PORT_NAME" with dependencies libmlx5, libibverbs: YES 
Header "rdma/rdma_netlink.h" has symbol "RDMA_NL_NLDEV" with dependencies libmlx5, libibverbs: YES 
Header "rdma/rdma_netlink.h" has symbol "RDMA_NLDEV_CMD_GET" with dependencies libmlx5, libibverbs: YES 
Header "rdma/rdma_netlink.h" has symbol "RDMA_NLDEV_CMD_PORT_GET" with dependencies libmlx5, libibverbs: YES 
Header "rdma/rdma_netlink.h" has symbol "RDMA_NLDEV_ATTR_DEV_INDEX" with dependencies libmlx5, libibverbs: YES 
Header "rdma/rdma_netlink.h" has symbol "RDMA_NLDEV_ATTR_DEV_NAME" with dependencies libmlx5, libibverbs: YES 
Header "rdma/rdma_netlink.h" has symbol "RDMA_NLDEV_ATTR_PORT_INDEX" with dependencies libmlx5, libibverbs: YES 
Header "rdma/rdma_netlink.h" has symbol "RDMA_NLDEV_ATTR_PORT_STATE" with dependencies libmlx5, libibverbs: YES 
Header "rdma/rdma_netlink.h" has symbol "RDMA_NLDEV_ATTR_NDEV_INDEX" with dependencies libmlx5, libibverbs: YES 
Header "rdma/rdma_netlink.h" has symbol "RDMA_NL_GROUP_NOTIFY" with dependencies libmlx5, libibverbs: NO 
Header "rdma/rdma_netlink.h" has symbol "RDMA_NLDEV_CMD_SYS_GET" with dependencies libmlx5, libibverbs: YES 
Header "rdma/rdma_netlink.h" has symbol "RDMA_NLDEV_SYS_ATTR_MONITOR_MODE" with dependencies libmlx5, libibverbs: NO 
Header "rdma/rdma_netlink.h" has symbol "RDMA_NLDEV_ATTR_EVENT_TYPE" with dependencies libmlx5, libibverbs: NO 
Header "rdma/rdma_netlink.h" has symbol "RDMA_NLDEV_CMD_MONITOR" with dependencies libmlx5, libibverbs: NO 
Header "infiniband/mlx5dv.h" has symbol "mlx5dv_dump_dr_domain" with dependencies libmlx5, libibverbs: YES 
Header "infiniband/mlx5dv.h" has symbol "mlx5dv_dr_action_create_flow_sampler" with dependencies libmlx5, libibverbs: YES 
Header "infiniband/mlx5dv.h" has symbol "mlx5dv_dr_domain_set_reclaim_device_memory" with dependencies libmlx5, libibverbs: YES 
Header "infiniband/mlx5dv.h" has symbol "mlx5dv_dr_action_create_dest_array" with dependencies libmlx5, libibverbs: YES 
Header "linux/devlink.h" has symbol "DEVLINK_GENL_NAME" with dependencies libmlx5, libibverbs: YES 
Header "infiniband/mlx5dv.h" has symbol "mlx5dv_dr_action_create_aso" with dependencies libmlx5, libibverbs: YES 
Header "infiniband/verbs.h" has symbol "INFINIBAND_VERBS_H" with dependencies libmlx5, libibverbs: YES 
Header "infiniband/mlx5dv.h" has symbol "MLX5_WQE_UMR_CTRL_FLAG_INLINE" with dependencies libmlx5, libibverbs: YES 
Header "infiniband/mlx5dv.h" has symbol "mlx5dv_dump_dr_rule" with dependencies libmlx5, libibverbs: YES 
Header "infiniband/mlx5dv.h" has symbol "MLX5DV_DR_ACTION_FLAGS_ASO_CT_DIRECTION_INITIATOR" with dependencies libmlx5, libibverbs: YES 
Header "infiniband/mlx5dv.h" has symbol "mlx5dv_dr_domain_allow_duplicate_rules" with dependencies libmlx5, libibverbs: YES 
Header "infiniband/verbs.h" has symbol "ibv_reg_mr_iova" with dependencies libmlx5, libibverbs: YES 
Header "infiniband/verbs.h" has symbol "ibv_import_device" with dependencies libmlx5, libibverbs: YES 
Header "infiniband/mlx5dv.h" has symbol "mlx5dv_dr_action_create_dest_root_table" with dependencies libmlx5, libibverbs: YES 
Header "infiniband/mlx5dv.h" has symbol "mlx5dv_create_steering_anchor" with dependencies libmlx5, libibverbs: YES 
Header "infiniband/verbs.h" has symbol "ibv_is_fork_initialized" with dependencies libmlx5, libibverbs: YES 
Header "infiniband/mlx5dv.h" has symbol "MLX5DV_CONTEXT_MASK_REG_C0" with dependencies libmlx5, libibverbs: YES 
Header "infiniband/mlx5dv.h" has symbol "MLX5DV_FLOW_ACTION_COUNTERS_DEVX_WITH_OFFSET" with dependencies libmlx5, libibverbs: NO 
Checking whether type "struct mlx5dv_sw_parsing_caps" has member "sw_parsing_offloads" with dependencies libmlx5, libibverbs: YES 
Checking whether type "struct ibv_counter_set_init_attr" has member "counter_set_id" with dependencies libmlx5, libibverbs: NO 
Checking whether type "struct ibv_counters_init_attr" has member "comp_mask" with dependencies libmlx5, libibverbs: YES 
Checking whether type "struct mlx5dv_devx_uar" has member "mmap_off" with dependencies libmlx5, libibverbs: YES 
Checking whether type "struct mlx5dv_flow_matcher_attr" has member "ft_type" with dependencies libmlx5, libibverbs: YES 
Configuring mlx5_autoconf.h using configuration
Message: drivers/common/mlx5: Defining dependency "common_mlx5"
Message: drivers/common/nfp: Defining dependency "common_nfp"
Message: drivers/common/nitrox: Defining dependency "common_nitrox"
Run-time dependency libcrypto found: YES 3.0.12
Library IPSec_MB found: NO
Message: drivers/common/qat: Defining dependency "common_qat"
Compiler for C supports arguments -Wdisabled-optimization: YES 
Compiler for C supports arguments -Waggregate-return: YES 
Compiler for C supports arguments -Wbad-function-cast: YES 
Compiler for C supports arguments -Wno-sign-compare: YES 
Compiler for C supports arguments -Wno-unused-parameter: YES 
Compiler for C supports arguments -Wno-unused-variable: YES 
Compiler for C supports arguments -Wno-empty-body: YES 
Compiler for C supports arguments -Wno-unused-but-set-variable: YES 
Message: drivers/common/zsda: Defining dependency "common_zsda"
Message: drivers/mempool/bucket: Defining dependency "mempool_bucket"
Message: drivers/mempool/cnxk: Defining dependency "mempool_cnxk"
Message: drivers/mempool/dpaa: Defining dependency "mempool_dpaa"
Message: drivers/mempool/dpaa2: Defining dependency "mempool_dpaa2"
Message: drivers/mempool/octeontx: Defining dependency "mempool_octeontx"
Message: drivers/mempool/ring: Defining dependency "mempool_ring"
Message: drivers/mempool/stack: Defining dependency "mempool_stack"
Compiler for C supports arguments -Wno-uninitialized: YES 
Message: drivers/dma/cnxk: Defining dependency "dma_cnxk"
Compiler for C supports arguments -Wno-pointer-arith: YES (cached)
Message: drivers/dma/dpaa: Defining dependency "dma_dpaa"
Compiler for C supports arguments -Wno-pointer-arith: YES (cached)
Message: drivers/dma/dpaa2: Defining dependency "dma_dpaa2"
Message: drivers/dma/odm: Defining dependency "dma_odm"
Message: drivers/dma/skeleton: Defining dependency "dma_skeleton"
Message: drivers/net/af_packet: Defining dependency "net_af_packet"
Run-time dependency libxdp found: NO (tried pkgconfig)
Run-time dependency libbpf found: YES 1.2.2
Has header "linux/if_xdp.h" : YES 
Has header "bpf/xsk.h" : NO 
Message: drivers/net/ark: Defining dependency "net_ark"
Message: drivers/net/atlantic: Defining dependency "net_atlantic"
Message: drivers/net/avp: Defining dependency "net_avp"
Message: drivers/net/axgbe: Defining dependency "net_axgbe"
Run-time dependency zlib found: YES 1.2.13
Message: drivers/net/bnx2x: Defining dependency "net_bnx2x"
Compiler for C supports arguments -DSUPPORT_CFA_HW_P70=1: YES 
Compiler for C supports arguments -DSUPPORT_CFA_HW_P70=1: YES (cached)
Compiler for C supports arguments -DCFA_BLD_PRINT_OBJ=1: YES 
Message: drivers/net/bnxt: Defining dependency "net_bnxt"
Message: drivers/net/bonding: Defining dependency "net_bond"
Compiler for C supports arguments -flax-vector-conversions: YES 
Compiler for C supports arguments -Wno-strict-aliasing: YES 
Message: drivers/net/cnxk: Defining dependency "net_cnxk"
Message: drivers/net/cxgbe: Defining dependency "net_cxgbe"
Compiler for C supports arguments -Wno-pointer-arith: YES (cached)
Message: drivers/net/dpaa: Defining dependency "net_dpaa"
Message: drivers/net/dpaa2: Defining dependency "net_dpaa2"
Message: drivers/net/ena: Defining dependency "net_ena"
Message: drivers/net/enetc: Defining dependency "net_enetc"
Message: drivers/net/enetfec: Defining dependency "net_enetfec"
Message: drivers/net/enic: Defining dependency "net_enic"
Message: drivers/net/failsafe: Defining dependency "net_failsafe"
Message: drivers/net/gve: Defining dependency "net_gve"
Message: drivers/net/hinic: Defining dependency "net_hinic"
Message: drivers/net/intel/e1000: Defining dependency "net_e1000"
Message: drivers/net/intel/fm10k: Defining dependency "net_fm10k"
Message: drivers/net/intel/iavf: Defining dependency "net_iavf"
Compiler for C supports arguments -Wno-unused-but-set-variable: YES (cached)
Compiler for C supports arguments -Wno-unused-parameter: YES (cached)
Compiler for C supports arguments -Wno-array-bounds: YES 
Message: drivers/net/intel/ice: Defining dependency "net_ice"
Message: drivers/net/intel/idpf: Defining dependency "net_idpf"
Message: drivers/net/intel/ixgbe: Defining dependency "net_ixgbe"
Message: drivers/net/intel/cpfl: Defining dependency "net_cpfl"
Message: drivers/net/ionic: Defining dependency "net_ionic"
Message: drivers/net/memif: Defining dependency "net_memif"
Run-time dependency libmlx4 found: YES 1.0.54.0
Dependency libibverbs found: YES 1.14.54.0 (cached)
Compiler for C supports arguments -std=c11: YES (cached)
Compiler for C supports arguments -Wno-strict-prototypes: YES (cached)
Compiler for C supports arguments -D_BSD_SOURCE: YES (cached)
Compiler for C supports arguments -D_DEFAULT_SOURCE: YES (cached)
Compiler for C supports arguments -D_XOPEN_SOURCE=600: YES (cached)
Header "infiniband/mlx4dv.h" has symbol "MLX4DV_SET_CTX_ATTR_BUF_ALLOCATORS" with dependencies libmlx4, libibverbs: YES 
Header "infiniband/mlx4dv.h" has symbol "MLX4DV_QP_MASK_UAR_MMAP_OFFSET" with dependencies libmlx4, libibverbs: YES 
Checking whether type "struct mlx4_wqe_lso_seg" has member "mss_hdr_size" with dependencies libmlx4, libibverbs: YES 
Configuring mlx4_autoconf.h using configuration
Message: drivers/net/mlx4: Defining dependency "net_mlx4"
Compiler for C supports arguments -std=c11: YES (cached)
Compiler for C supports arguments -Wno-strict-prototypes: YES (cached)
Compiler for C supports arguments -D_BSD_SOURCE: YES (cached)
Compiler for C supports arguments -D_DEFAULT_SOURCE: YES (cached)
Compiler for C supports arguments -D_XOPEN_SOURCE=600: YES (cached)
Message: drivers/net/mlx5: Defining dependency "net_mlx5"
Run-time dependency libmusdk found: NO (tried pkgconfig)
Run-time dependency libmusdk found: NO (tried pkgconfig)
Message: drivers/net/nbl: Defining dependency "net_nbl"
Message: drivers/net/netvsc: Defining dependency "net_netvsc"
Run-time dependency netcope-common found: NO (tried pkgconfig)
Message: drivers/net/nfp: Defining dependency "net_nfp"
Message: drivers/net/ngbe: Defining dependency "net_ngbe"
Message: drivers/net/null: Defining dependency "net_null"
Message: drivers/net/octeontx: Defining dependency "net_octeontx"
Compiler for C supports arguments -Wno-strict-aliasing: YES (cached)
Compiler for C supports arguments -flax-vector-conversions: YES (cached)
Message: drivers/net/octeon_ep: Defining dependency "net_octeon_ep"
Message: drivers/net/pcap: Defining dependency "net_pcap"
Compiler for C supports arguments -Wno-pointer-arith: YES (cached)
Message: drivers/net/pfe: Defining dependency "net_pfe"
Compiler for C supports arguments -Wno-unused-parameter: YES (cached)
Compiler for C supports arguments -Wno-sign-compare: YES (cached)
Compiler for C supports arguments -Wno-missing-prototypes: YES 
Compiler for C supports arguments -Wno-cast-qual: YES (cached)
Compiler for C supports arguments -Wno-unused-function: YES 
Compiler for C supports arguments -Wno-unused-variable: YES (cached)
Compiler for C supports arguments -Wno-strict-aliasing: YES (cached)
Compiler for C supports arguments -Wno-missing-prototypes: YES (cached)
Compiler for C supports arguments -Wno-unused-value: YES 
Compiler for C supports arguments -Wno-format-nonliteral: YES 
Compiler for C supports arguments -Wno-shift-negative-value: YES 
Compiler for C supports arguments -Wno-unused-but-set-variable: YES (cached)
Compiler for C supports arguments -Wno-missing-declarations: YES 
Compiler for C supports arguments -Wno-maybe-uninitialized: YES 
Compiler for C supports arguments -Wno-strict-prototypes: YES (cached)
Compiler for C supports arguments -Wno-shift-negative-value: YES (cached)
Compiler for C supports arguments -Wno-implicit-fallthrough: YES 
Compiler for C supports arguments -Wno-format-extra-args: YES 
Compiler for C supports arguments -Wno-visibility: NO 
Compiler for C supports arguments -Wno-empty-body: YES (cached)
Compiler for C supports arguments -Wno-invalid-source-encoding: NO 
Compiler for C supports arguments -Wno-sometimes-uninitialized: NO 
Compiler for C supports arguments -Wno-pointer-bool-conversion: NO 
Compiler for C supports arguments -Wno-format-nonliteral: YES (cached)
Message: drivers/net/qede: Defining dependency "net_qede"
Message: drivers/net/r8169: Defining dependency "net_r8169"
Message: drivers/net/ring: Defining dependency "net_ring"
Message: drivers/net/rnp: Defining dependency "net_rnp"
Message: drivers/net/softnic: Defining dependency "net_softnic"
Header "linux/pkt_cls.h" has symbol "TCA_FLOWER_ACT" : YES 
Dependency libbpf found: YES 1.2.2 (cached)
Program bpftool /usr/sbin/bpftool found: NO
Message: net/tap: no RSS support missing bpftool
Message: drivers/net/tap: Defining dependency "net_tap"
Compiler for C supports arguments -fno-prefetch-loop-arrays: YES 
Compiler for C supports arguments -Wno-maybe-uninitialized: YES (cached)
Message: drivers/net/thunderx: Defining dependency "net_thunderx"
Message: drivers/net/txgbe: Defining dependency "net_txgbe"
Compiler for C supports arguments -D_BSD_SOURCE: YES (cached)
Compiler for C supports arguments -D_DEFAULT_SOURCE: YES (cached)
Compiler for C supports arguments -D_XOPEN_SOURCE=600: YES (cached)
Message: drivers/net/vdev_netvsc: Defining dependency "net_vdev_netvsc"
Message: drivers/net/vhost: Defining dependency "net_vhost"
Message: drivers/net/virtio: Defining dependency "net_virtio"
Compiler for C supports arguments -Wno-unused-parameter: YES (cached)
Compiler for C supports arguments -Wno-unused-value: YES (cached)
Compiler for C supports arguments -Wno-strict-aliasing: YES (cached)
Compiler for C supports arguments -Wno-format-extra-args: YES (cached)
Message: drivers/net/vmxnet3: Defining dependency "net_vmxnet3"
Message: drivers/net/xsc: Defining dependency "net_xsc"
Message: drivers/net/zxdh: Defining dependency "net_zxdh"
Message: drivers/raw/cnxk_bphy: Defining dependency "raw_cnxk_bphy"
Message: drivers/raw/cnxk_gpio: Defining dependency "raw_cnxk_gpio"
Message: drivers/raw/cnxk_rvu_lf: Defining dependency "raw_cnxk_rvu_lf"
Message: drivers/raw/dpaa2_cmdif: Defining dependency "raw_dpaa2_cmdif"
Message: drivers/raw/gdtc: Defining dependency "raw_gdtc"
Message: drivers/raw/ntb: Defining dependency "raw_ntb"
Message: drivers/raw/skeleton: Defining dependency "raw_skeleton"
Run-time dependency libaarch64crypto found: NO (tried pkgconfig)
Message: drivers/crypto/bcmfs: Defining dependency "crypto_bcmfs"
Message: drivers/crypto/caam_jr: Defining dependency "crypto_caam_jr"
Dependency libcrypto found: YES 3.0.12 (cached)
Message: drivers/crypto/ccp: Defining dependency "crypto_ccp"
Message: drivers/crypto/cnxk: Defining dependency "crypto_cnxk"
Message: drivers/crypto/dpaa_sec: Defining dependency "crypto_dpaa_sec"
Message: drivers/crypto/dpaa2_sec: Defining dependency "crypto_dpaa2_sec"
Message: drivers/crypto/ionic: Defining dependency "crypto_ionic"
Library IPSec_MB found: NO
Compiler for C supports arguments -std=c11: YES (cached)
Compiler for C supports arguments -Wno-strict-prototypes: YES (cached)
Compiler for C supports arguments -D_BSD_SOURCE: YES (cached)
Compiler for C supports arguments -D_DEFAULT_SOURCE: YES (cached)
Compiler for C supports arguments -D_XOPEN_SOURCE=600: YES (cached)
Message: drivers/crypto/mlx5: Defining dependency "crypto_mlx5"
Run-time dependency libmusdk found: NO (tried pkgconfig)
Message: drivers/crypto/nitrox: Defining dependency "crypto_nitrox"
Message: drivers/crypto/null: Defining dependency "crypto_null"
Message: drivers/crypto/octeontx: Defining dependency "crypto_octeontx"
Dependency libcrypto found: YES 3.0.12 (cached)
Message: drivers/crypto/openssl: Defining dependency "crypto_openssl"
Message: drivers/crypto/scheduler: Defining dependency "crypto_scheduler"
Run-time dependency libwd_crypto found: NO (tried pkgconfig)
Run-time dependency libwd found: NO (tried pkgconfig)
Message: drivers/crypto/virtio: Defining dependency "crypto_virtio"
Run-time dependency libisal found: NO (tried pkgconfig)
Compiler for C supports arguments -std=c11: YES (cached)
Compiler for C supports arguments -Wno-strict-prototypes: YES (cached)
Compiler for C supports arguments -D_BSD_SOURCE: YES (cached)
Compiler for C supports arguments -D_DEFAULT_SOURCE: YES (cached)
Compiler for C supports arguments -D_XOPEN_SOURCE=600: YES (cached)
Message: drivers/compress/mlx5: Defining dependency "compress_mlx5"
Message: drivers/compress/nitrox: Defining dependency "compress_nitrox"
Message: drivers/compress/octeontx: Defining dependency "compress_octeontx"
Run-time dependency libwd_comp found: NO (tried pkgconfig)
Run-time dependency libwd found: NO (tried pkgconfig)
Dependency zlib found: YES 1.2.13 (cached)
Message: drivers/compress/zlib: Defining dependency "compress_zlib"
Compiler for C supports arguments -std=c11: YES (cached)
Compiler for C supports arguments -Wno-strict-prototypes: YES (cached)
Compiler for C supports arguments -D_BSD_SOURCE: YES (cached)
Compiler for C supports arguments -D_DEFAULT_SOURCE: YES (cached)
Compiler for C supports arguments -D_XOPEN_SOURCE=600: YES (cached)
Message: drivers/regex/mlx5: Defining dependency "regex_mlx5"
Message: drivers/regex/cn9k: Defining dependency "regex_cn9k"
Message: drivers/ml/cnxk: libarchive not found
Message: drivers/ml/cnxk: jansson not found
Found CMake: /usr/bin/cmake (3.30.5)
Run-time dependency dlpack found: NO (tried cmake)
Message: drivers/ml/cnxk: dlpack not found
Run-time dependency dmlc found: NO (tried cmake)
Message: drivers/ml/cnxk: dmlc not found
Run-time dependency tvm found: NO (tried cmake)
Message: drivers/ml/cnxk: tvm_runtime not found
Run-time dependency tvmdp found: NO (tried pkgconfig)
Message: drivers/ml/cnxk: tvmdp not found
Message: drivers/ml/cnxk: Disabled TVM model support
Message: drivers/ml/cnxk: Defining dependency "ml_cnxk"
Message: drivers/vdpa/ifc: Defining dependency "vdpa_ifc"
Compiler for C supports arguments -std=c11: YES (cached)
Compiler for C supports arguments -Wno-strict-prototypes: YES (cached)
Compiler for C supports arguments -D_BSD_SOURCE: YES (cached)
Compiler for C supports arguments -D_DEFAULT_SOURCE: YES (cached)
Compiler for C supports arguments -D_XOPEN_SOURCE=600: YES (cached)
Message: drivers/vdpa/mlx5: Defining dependency "vdpa_mlx5"
Message: drivers/vdpa/nfp: Defining dependency "vdpa_nfp"
Compiler for C supports arguments -flax-vector-conversions: YES (cached)
Compiler for C supports arguments -Wno-strict-aliasing: YES (cached)
Message: drivers/event/cnxk: Defining dependency "event_cnxk"
Message: drivers/event/dpaa: Defining dependency "event_dpaa"
Message: drivers/event/dpaa2: Defining dependency "event_dpaa2"
Compiler for C supports arguments -Wno-format-nonliteral: YES (cached)
Message: drivers/event/dsw: Defining dependency "event_dsw"
Message: drivers/event/octeontx: Defining dependency "event_octeontx"
Message: drivers/event/opdl: Defining dependency "event_opdl"
Message: drivers/event/skeleton: Defining dependency "event_skeleton"
Message: drivers/event/sw: Defining dependency "event_sw"
Run-time dependency flexran_sdk_ldpc_decoder_5gnr found: NO (tried pkgconfig and cmake)
Message: drivers/baseband/acc: Defining dependency "baseband_acc"
Message: drivers/baseband/fpga_5gnr_fec: Defining dependency "baseband_fpga_5gnr_fec"
Message: drivers/baseband/fpga_lte_fec: Defining dependency "baseband_fpga_lte_fec"
Message: drivers/baseband/la12xx: Defining dependency "baseband_la12xx"
Message: drivers/baseband/null: Defining dependency "baseband_null"
Run-time dependency flexran_sdk_turbo found: NO (tried pkgconfig and cmake)
Run-time dependency flexran_sdk_ldpc_decoder_5gnr found: NO (tried pkgconfig and cmake)
Message: drivers/baseband/turbo_sw: Defining dependency "baseband_turbo_sw"
Has header "cuda.h" : NO 
Message: drivers/power/acpi: Defining dependency "power_acpi"
Message: drivers/power/amd_pstate: Defining dependency "power_amd_pstate"
Library e_smi64 found: NO
Message: drivers/power/cppc: Defining dependency "power_cppc"
Message: drivers/power/intel_pstate: Defining dependency "power_intel_pstate"
Message: drivers/power/intel_uncore: Defining dependency "power_intel_uncore"
Message: drivers/power/kvm_vm: Defining dependency "power_kvm_vm"
Has header "sys/epoll.h" : YES 
Dependency zlib found: YES 1.2.13 (cached)
Run-time dependency pcap found: YES 1.10.4
Compiler for C supports arguments -fno-strict-aliasing: YES (cached)
Program clang found: YES (/usr/bin/clang)
Program xxd found: YES (/usr/bin/xxd)
Message: hugepage availability: true
Program test_telemetry.sh found: YES (/home/loongson/.dpdk/dpdk/app/test/suites/test_telemetry.sh)
Program doxygen found: NO
Program sphinx-build found: NO
Configuring rte_build_config.h using configuration
Message: 
=================
Applications Enabled
=================

apps:
	dumpcap, graph, pdump, proc-info, test-acl, test-bbdev, test-cmdline, test-compress-perf, 
	test-crypto-perf, test-dma-perf, test-eventdev, test-fib, test-flow-perf, test-gpudev, test-mldev, test-pipeline, 
	test-pmd, test-regex, test-sad, test-security-perf, test, 

Message: 
=================
Libraries Enabled
=================

libs:
	log, kvargs, argparse, telemetry, pmu, eal, ptr_compress, ring, 
	rcu, mempool, mbuf, net, meter, ethdev, pci, cmdline, 
	metrics, hash, timer, acl, bbdev, bitratestats, bpf, cfgfile, 
	compressdev, cryptodev, distributor, dmadev, efd, eventdev, dispatcher, gpudev, 
	gro, gso, ip_frag, jobstats, latencystats, lpm, member, pcapng, 
	power, rawdev, regexdev, mldev, rib, reorder, sched, security, 
	stack, vhost, ipsec, pdcp, fib, port, pdump, table, 
	pipeline, graph, node, 

Message: 
===============
Drivers Enabled
===============

common:
	cpt, dpaax, ionic, octeontx, cnxk, mlx5, nfp, nitrox, 
	qat, zsda, 
bus:
	auxiliary, cdx, dpaa, fslmc, ifpga, pci, platform, uacce, 
	vdev, vmbus, 
mempool:
	bucket, cnxk, dpaa, dpaa2, octeontx, ring, stack, 
dma:
	cnxk, dpaa, dpaa2, odm, skeleton, 
net:
	af_packet, ark, atlantic, avp, axgbe, bnx2x, bnxt, bond, 
	cnxk, cxgbe, dpaa, dpaa2, ena, enetc, enetfec, enic, 
	failsafe, gve, hinic, e1000, fm10k, iavf, ice, idpf, 
	ixgbe, cpfl, ionic, memif, mlx4, mlx5, nbl, netvsc, 
	nfp, ngbe, null, octeontx, octeon_ep, pcap, pfe, qede, 
	r8169, ring, rnp, softnic, tap, thunderx, txgbe, vdev_netvsc, 
	vhost, virtio, vmxnet3, xsc, zxdh, 
raw:
	cnxk_bphy, cnxk_gpio, cnxk_rvu_lf, dpaa2_cmdif, gdtc, ntb, skeleton, 
crypto:
	bcmfs, caam_jr, ccp, cnxk, dpaa_sec, dpaa2_sec, ionic, mlx5, 
	nitrox, null, octeontx, openssl, scheduler, virtio, 
compress:
	mlx5, nitrox, octeontx, zlib, 
regex:
	mlx5, cn9k, 
ml:
	cnxk, 
vdpa:
	ifc, mlx5, nfp, 
event:
	cnxk, dpaa, dpaa2, dsw, octeontx, opdl, skeleton, sw, 
	
baseband:
	acc, fpga_5gnr_fec, fpga_lte_fec, la12xx, null, turbo_sw, 
gpu:
	
power:
	acpi, amd_pstate, cppc, intel_pstate, intel_uncore, kvm_vm, 

Message: 
=================
Content Skipped
=================

apps:
	
libs:
	
drivers:
	common/mvep:	missing dependency, "libmusdk"
	common/sfc_efx:	only supported on x86_64 and aarch64
	dma/hisi_acc:	only supported on x86_64 and aarch64
	dma/hisi_pciep:	only supported on x86_64 and aarch64
	dma/idxd:	only supported on x86
	dma/ioat:	only supported on x86
	net/af_xdp:	missing dependency, "libxdp >=1.2.2" and "libbpf"
	net/hinic3:	only supported on x86_64 and aarch64
	net/hns3:	only supported on x86_64 and aarch64
	net/intel/i40e:	not supported on LoongArch
	net/intel/ipn3ke:	missing dependency, "libfdt"
	net/mana:	only supported on x86 or arm64 Linux
	net/mvneta:	missing dependency, "libmusdk"
	net/mvpp2:	missing dependency, "libmusdk"
	net/nfb:	missing dependency, "libnfb"
	net/ntnic:	only supported on x86_64 Linux
	net/sfc:	only supported on x86_64 and aarch64
	raw/ifpga:	missing dependency, "libfdt"
	crypto/armv8:	missing dependency, "libAArch64crypto"
	crypto/ipsec_mb:	missing dependency, "libIPSec_MB"
	crypto/mvsam:	missing dependency, "libmusdk"
	crypto/uadk:	missing dependency, "libwd"
	compress/isal:	missing dependency, "libisal"
	compress/uadk:	missing dependency, "libwd"
	vdpa/sfc:	only supported on x86_64 and aarch64
	event/dlb2:	only supported on x86_64 Linux
	gpu/cuda:	missing dependency, "cuda.h"
	power/amd_uncore:	missing dependency, "libe_smi"
	

Message: DPDK build config complete:
  source path = "/home/loongson/.dpdk/dpdk"
  build path  = "/home/loongson/.dpdk/dpdk/build"
Build targets in project: 1080

Found ninja-1.11.1 at /usr/bin/ninja
WARNING: Running the setup command as `meson [options]` instead of `meson setup [options]` is ambiguous and deprecated.
meson & ninja build pass
finding context: loongarch-compilation for 162762 ...
contexts for 162762: "checkpatch" "loongarch-compilation" "loongarch-unit-testing" "github-robot: build"
test report for 162762 from loongarch-compilation existed!
send test report for series 37785 to John McNamara <john.mcnamara@intel.com>
touch: cannot touch '/home/loongson/.dpdk/dpdk-ci/tools/../reports/162762_report.txt': No such file or directory
2026-03-27T03:40:02
https://patches.dpdk.org/api/events/?category=series-completed&page=1&since=2026-03-27T03:40:02
fetched series ids: 37785 37784 37783 37782 37781 37780 37779 37778 
2026-03-28T12:35:03 /home/loongson/.dpdk/dpdk-ci/tools/test-series.sh 37785
download-series.sh: request https://patches.dpdk.org/api/series/37785
pwid(s) for series 37785: 162762 
The number of patch(es) is: 1
/home/loongson/.dpdk/dpdk-ci/tools/../series/37785/162762.patch lines: 147
download series done!
list trees for series 37785: dpdk
try to apply on dpdk ...
Switched to branch 'unused'
Deleted branch main (was 626d4e3932).
Switched to a new branch 'main'
branch 'main' set up to track 'origin/main'.
need to update git base
Already up to date.
Deleted branch s-37785 (was 5eb5fbfa5f).
Switched to a new branch 's-37785'
Applying: doc: update release notes for 26.03
Insert one base commit: 37785 626d4e39327333cd5508885162e45ca7fb94ef7f
The Meson build system
Version: 1.4.1
Source dir: /home/loongson/.dpdk/dpdk
Build dir: /home/loongson/.dpdk/dpdk/build
Build type: native build
Project name: DPDK
Project version: 26.03.0-rc3
C compiler for the host machine: cc (gcc 12.3.0 "cc (GCC) 12.3.0 20230508 (Loongnix OS 12.3.0-10)")
C linker for the host machine: cc ld.bfd 2.41-5
Host machine cpu family: loongarch64
Host machine cpu: loongarch64
Message: ## Building in Developer Mode ##
Program pkg-config found: YES (/usr/bin/pkg-config)
Program check-symbols.sh found: YES (/home/loongson/.dpdk/dpdk/buildtools/check-symbols.sh)
Program options-ibverbs-static.sh found: YES (/home/loongson/.dpdk/dpdk/buildtools/options-ibverbs-static.sh)
Program python3 found: YES (/usr/bin/python3)
Program python3 (elftools) found: YES (/usr/bin/python3) modules: elftools
Message: Minimum Meson required version is 0.57.2
Program cat found: YES (/usr/bin/cat)
Compiler for C supports arguments -march=native: YES 
Checking for size of "void *" : 8 
Checking for size of "void *" : 8 (cached)
Compiler for C supports link arguments -Wl,--undefined-version: YES 
Library m found: YES
Library numa found: YES
Has header "numaif.h" : YES 
Library fdt found: NO
Library execinfo found: NO
Has header "execinfo.h" : YES 
Found pkg-config: YES (/usr/bin/pkg-config) 1.9.5
Run-time dependency libarchive found: NO (tried pkgconfig)
Run-time dependency libbsd found: NO (tried pkgconfig)
Run-time dependency jansson found: NO (tried pkgconfig)
Run-time dependency openssl found: YES 3.0.12
Run-time dependency libpcap found: YES 1.10.4
Has header "pcap.h" with dependency libpcap: YES 
Compiler for C supports arguments -Wvla: YES 
Compiler for C supports arguments -Wno-shadow: YES 
Compiler for C supports arguments -Wno-comma: NO 
Compiler for C supports arguments -Wcast-qual: YES 
Compiler for C supports arguments -Wcomma: NO 
Compiler for C supports arguments -Wdeprecated: YES 
Compiler for C supports arguments -Wformat: YES 
Compiler for C supports arguments -Wformat-nonliteral: YES 
Compiler for C supports arguments -Wformat-security: YES 
Compiler for C supports arguments -Wmissing-declarations: YES 
Compiler for C supports arguments -Wmissing-prototypes: YES 
Compiler for C supports arguments -Wnested-externs: YES 
Compiler for C supports arguments -Wold-style-definition: YES 
Compiler for C supports arguments -Wpointer-arith: YES 
Compiler for C supports arguments -Wshadow: YES 
Compiler for C supports arguments -Wsign-compare: YES 
Compiler for C supports arguments -Wstrict-prototypes: YES 
Compiler for C supports arguments -Wundef: YES 
Compiler for C supports arguments -Wwrite-strings: YES 
Compiler for C supports arguments -Wno-packed-not-aligned: YES 
Compiler for C supports arguments -Wno-missing-field-initializers: YES 
Compiler for C supports arguments -fzero-init-padding-bits=all: NO 
Message: Implementer : Generic loongarch
Message: ['-march=loongarch64']
Message: lib/log: Defining dependency "log"
Message: lib/kvargs: Defining dependency "kvargs"
Message: lib/argparse: Defining dependency "argparse"
Message: lib/telemetry: Defining dependency "telemetry"
Message: lib/pmu: Defining dependency "pmu"
Checking for function "pthread_attr_setaffinity_np" : YES 
Checking for function "getentropy" : NO 
Message: lib/eal: Defining dependency "eal"
Message: lib/ptr_compress: Defining dependency "ptr_compress"
Message: lib/ring: Defining dependency "ring"
Message: lib/rcu: Defining dependency "rcu"
Message: lib/mempool: Defining dependency "mempool"
Message: lib/mbuf: Defining dependency "mbuf"
Message: lib/net: Defining dependency "net"
Message: lib/meter: Defining dependency "meter"
Message: lib/ethdev: Defining dependency "ethdev"
Message: lib/pci: Defining dependency "pci"
Message: lib/cmdline: Defining dependency "cmdline"
Message: lib/metrics: Defining dependency "metrics"
Message: lib/hash: Defining dependency "hash"
Message: lib/timer: Defining dependency "timer"
Message: lib/acl: Defining dependency "acl"
Message: lib/bbdev: Defining dependency "bbdev"
Message: lib/bitratestats: Defining dependency "bitratestats"
Run-time dependency libelf found: YES 0.190
Message: lib/bpf: Defining dependency "bpf"
Message: lib/cfgfile: Defining dependency "cfgfile"
Message: lib/compressdev: Defining dependency "compressdev"
Message: lib/cryptodev: Defining dependency "cryptodev"
Message: lib/distributor: Defining dependency "distributor"
Message: lib/dmadev: Defining dependency "dmadev"
Message: lib/efd: Defining dependency "efd"
Message: lib/eventdev: Defining dependency "eventdev"
Message: lib/dispatcher: Defining dependency "dispatcher"
Message: lib/gpudev: Defining dependency "gpudev"
Message: lib/gro: Defining dependency "gro"
Message: lib/gso: Defining dependency "gso"
Message: lib/ip_frag: Defining dependency "ip_frag"
Message: lib/jobstats: Defining dependency "jobstats"
Message: lib/latencystats: Defining dependency "latencystats"
Message: lib/lpm: Defining dependency "lpm"
Message: lib/member: Defining dependency "member"
Message: lib/pcapng: Defining dependency "pcapng"
Message: lib/power: Defining dependency "power"
Message: lib/rawdev: Defining dependency "rawdev"
Message: lib/regexdev: Defining dependency "regexdev"
Message: lib/mldev: Defining dependency "mldev"
Message: lib/rib: Defining dependency "rib"
Message: lib/reorder: Defining dependency "reorder"
Message: lib/sched: Defining dependency "sched"
Message: lib/security: Defining dependency "security"
Message: lib/stack: Defining dependency "stack"
Has header "linux/userfaultfd.h" : YES 
Compiler for C supports arguments -fno-strict-aliasing: YES 
Compiler for C supports arguments -Wno-address-of-packed-member: YES 
Message: lib/vhost: Defining dependency "vhost"
Message: lib/ipsec: Defining dependency "ipsec"
Message: lib/pdcp: Defining dependency "pdcp"
Message: lib/fib: Defining dependency "fib"
Message: lib/port: Defining dependency "port"
Message: lib/pdump: Defining dependency "pdump"
Message: lib/table: Defining dependency "table"
Message: lib/pipeline: Defining dependency "pipeline"
Message: lib/graph: Defining dependency "graph"
Message: lib/node: Defining dependency "node"
Compiler for C supports arguments -Wno-format-truncation: YES 
Compiler for C supports arguments -Wno-address-of-packed-member: YES (cached)
Message: drivers/common/cpt: Defining dependency "common_cpt"
Compiler for C supports arguments -Wno-cast-qual: YES 
Compiler for C supports arguments -Wno-pointer-arith: YES 
Message: drivers/common/dpaax: Defining dependency "common_dpaax"
Message: drivers/common/ionic: Defining dependency "common_ionic"
Run-time dependency libmusdk found: NO (tried pkgconfig)
Message: drivers/common/octeontx: Defining dependency "common_octeontx"
Message: drivers/bus/auxiliary: Defining dependency "bus_auxiliary"
Message: drivers/bus/cdx: Defining dependency "bus_cdx"
Compiler for C supports arguments -Wno-cast-qual: YES (cached)
Compiler for C supports arguments -Wno-pointer-arith: YES (cached)
Message: drivers/bus/dpaa: Defining dependency "bus_dpaa"
Message: drivers/bus/fslmc: Defining dependency "bus_fslmc"
Message: drivers/bus/ifpga: Defining dependency "bus_ifpga"
Message: drivers/bus/pci: Defining dependency "bus_pci"
Message: drivers/bus/platform: Defining dependency "bus_platform"
Message: drivers/bus/uacce: Defining dependency "bus_uacce"
Message: drivers/bus/vdev: Defining dependency "bus_vdev"
Message: drivers/bus/vmbus: Defining dependency "bus_vmbus"
Message: drivers/common/cnxk: Defining dependency "common_cnxk"
Compiler for C supports arguments -std=c11: YES 
Compiler for C supports arguments -Wno-strict-prototypes: YES 
Compiler for C supports arguments -D_BSD_SOURCE: YES 
Compiler for C supports arguments -D_DEFAULT_SOURCE: YES 
Compiler for C supports arguments -D_XOPEN_SOURCE=600: YES 
Run-time dependency libmlx5 found: YES 1.25.54.0
Run-time dependency libibverbs found: YES 1.14.54.0
Library mtcr_ul found: NO
Header "infiniband/verbs.h" has symbol "IBV_FLOW_SPEC_ESP" with dependencies libmlx5, libibverbs: YES 
Header "infiniband/verbs.h" has symbol "IBV_RX_HASH_IPSEC_SPI" with dependencies libmlx5, libibverbs: YES 
Header "infiniband/verbs.h" has symbol "IBV_ACCESS_RELAXED_ORDERING " with dependencies libmlx5, libibverbs: YES 
Header "infiniband/mlx5dv.h" has symbol "MLX5DV_CQE_RES_FORMAT_CSUM_STRIDX" with dependencies libmlx5, libibverbs: YES 
Header "infiniband/mlx5dv.h" has symbol "MLX5DV_CONTEXT_MASK_TUNNEL_OFFLOADS" with dependencies libmlx5, libibverbs: YES 
Header "infiniband/mlx5dv.h" has symbol "MLX5DV_CONTEXT_FLAGS_MPW_ALLOWED" with dependencies libmlx5, libibverbs: YES 
Header "infiniband/mlx5dv.h" has symbol "MLX5DV_CONTEXT_FLAGS_CQE_128B_COMP" with dependencies libmlx5, libibverbs: YES 
Header "infiniband/mlx5dv.h" has symbol "MLX5DV_CQ_INIT_ATTR_FLAGS_CQE_PAD" with dependencies libmlx5, libibverbs: YES 
Header "infiniband/mlx5dv.h" has symbol "mlx5dv_create_flow_action_packet_reformat" with dependencies libmlx5, libibverbs: YES 
Header "infiniband/verbs.h" has symbol "IBV_FLOW_SPEC_MPLS" with dependencies libmlx5, libibverbs: YES 
Header "infiniband/verbs.h" has symbol "IBV_WQ_FLAGS_PCI_WRITE_END_PADDING" with dependencies libmlx5, libibverbs: YES 
Header "infiniband/verbs.h" has symbol "IBV_WQ_FLAG_RX_END_PADDING" with dependencies libmlx5, libibverbs: NO 
Header "infiniband/mlx5dv.h" has symbol "mlx5dv_query_devx_port" with dependencies libmlx5, libibverbs: NO 
Header "infiniband/mlx5dv.h" has symbol "mlx5dv_query_port" with dependencies libmlx5, libibverbs: YES 
Header "infiniband/mlx5dv.h" has symbol "mlx5dv_dr_action_create_dest_ib_port" with dependencies libmlx5, libibverbs: YES 
Header "infiniband/mlx5dv.h" has symbol "mlx5dv_devx_obj_create" with dependencies libmlx5, libibverbs: YES 
Header "infiniband/mlx5dv.h" has symbol "MLX5DV_FLOW_ACTION_COUNTERS_DEVX" with dependencies libmlx5, libibverbs: YES 
Header "infiniband/mlx5dv.h" has symbol "MLX5DV_FLOW_ACTION_DEFAULT_MISS" with dependencies libmlx5, libibverbs: YES 
Header "infiniband/mlx5dv.h" has symbol "mlx5dv_devx_obj_query_async" with dependencies libmlx5, libibverbs: YES 
Header "infiniband/mlx5dv.h" has symbol "mlx5dv_devx_qp_query" with dependencies libmlx5, libibverbs: YES 
Header "infiniband/mlx5dv.h" has symbol "mlx5dv_pp_alloc" with dependencies libmlx5, libibverbs: YES 
Header "infiniband/mlx5dv.h" has symbol "mlx5dv_dr_action_create_dest_devx_tir" with dependencies libmlx5, libibverbs: YES 
Header "infiniband/mlx5dv.h" has symbol "mlx5dv_devx_get_event" with dependencies libmlx5, libibverbs: YES 
Header "infiniband/mlx5dv.h" has symbol "mlx5dv_dr_action_create_flow_meter" with dependencies libmlx5, libibverbs: YES 
Header "infiniband/mlx5dv.h" has symbol "MLX5_MMAP_GET_NC_PAGES_CMD" with dependencies libmlx5, libibverbs: YES 
Header "infiniband/mlx5dv.h" has symbol "MLX5DV_DR_DOMAIN_TYPE_NIC_RX" with dependencies libmlx5, libibverbs: YES 
Header "infiniband/mlx5dv.h" has symbol "MLX5DV_DR_DOMAIN_TYPE_FDB" with dependencies libmlx5, libibverbs: YES 
Header "infiniband/mlx5dv.h" has symbol "mlx5dv_dr_action_create_push_vlan" with dependencies libmlx5, libibverbs: YES 
Header "infiniband/mlx5dv.h" has symbol "mlx5dv_alloc_var" with dependencies libmlx5, libibverbs: YES 
Header "infiniband/mlx5dv.h" has symbol "MLX5_OPCODE_ENHANCED_MPSW" with dependencies libmlx5, libibverbs: NO 
Header "infiniband/mlx5dv.h" has symbol "MLX5_OPCODE_SEND_EN" with dependencies libmlx5, libibverbs: NO 
Header "infiniband/mlx5dv.h" has symbol "MLX5_OPCODE_WAIT" with dependencies libmlx5, libibverbs: NO 
Header "infiniband/mlx5dv.h" has symbol "MLX5_OPCODE_ACCESS_ASO" with dependencies libmlx5, libibverbs: NO 
Header "linux/if_link.h" has symbol "IFLA_NUM_VF" with dependencies libmlx5, libibverbs: YES 
Header "linux/if_link.h" has symbol "IFLA_EXT_MASK" with dependencies libmlx5, libibverbs: YES 
Header "linux/if_link.h" has symbol "IFLA_PHYS_SWITCH_ID" with dependencies libmlx5, libibverbs: YES 
Header "linux/if_link.h" has symbol "IFLA_PHYS_PORT_NAME" with dependencies libmlx5, libibverbs: YES 
Header "rdma/rdma_netlink.h" has symbol "RDMA_NL_NLDEV" with dependencies libmlx5, libibverbs: YES 
Header "rdma/rdma_netlink.h" has symbol "RDMA_NLDEV_CMD_GET" with dependencies libmlx5, libibverbs: YES 
Header "rdma/rdma_netlink.h" has symbol "RDMA_NLDEV_CMD_PORT_GET" with dependencies libmlx5, libibverbs: YES 
Header "rdma/rdma_netlink.h" has symbol "RDMA_NLDEV_ATTR_DEV_INDEX" with dependencies libmlx5, libibverbs: YES 
Header "rdma/rdma_netlink.h" has symbol "RDMA_NLDEV_ATTR_DEV_NAME" with dependencies libmlx5, libibverbs: YES 
Header "rdma/rdma_netlink.h" has symbol "RDMA_NLDEV_ATTR_PORT_INDEX" with dependencies libmlx5, libibverbs: YES 
Header "rdma/rdma_netlink.h" has symbol "RDMA_NLDEV_ATTR_PORT_STATE" with dependencies libmlx5, libibverbs: YES 
Header "rdma/rdma_netlink.h" has symbol "RDMA_NLDEV_ATTR_NDEV_INDEX" with dependencies libmlx5, libibverbs: YES 
Header "rdma/rdma_netlink.h" has symbol "RDMA_NL_GROUP_NOTIFY" with dependencies libmlx5, libibverbs: NO 
Header "rdma/rdma_netlink.h" has symbol "RDMA_NLDEV_CMD_SYS_GET" with dependencies libmlx5, libibverbs: YES 
Header "rdma/rdma_netlink.h" has symbol "RDMA_NLDEV_SYS_ATTR_MONITOR_MODE" with dependencies libmlx5, libibverbs: NO 
Header "rdma/rdma_netlink.h" has symbol "RDMA_NLDEV_ATTR_EVENT_TYPE" with dependencies libmlx5, libibverbs: NO 
Header "rdma/rdma_netlink.h" has symbol "RDMA_NLDEV_CMD_MONITOR" with dependencies libmlx5, libibverbs: NO 
Header "infiniband/mlx5dv.h" has symbol "mlx5dv_dump_dr_domain" with dependencies libmlx5, libibverbs: YES 
Header "infiniband/mlx5dv.h" has symbol "mlx5dv_dr_action_create_flow_sampler" with dependencies libmlx5, libibverbs: YES 
Header "infiniband/mlx5dv.h" has symbol "mlx5dv_dr_domain_set_reclaim_device_memory" with dependencies libmlx5, libibverbs: YES 
Header "infiniband/mlx5dv.h" has symbol "mlx5dv_dr_action_create_dest_array" with dependencies libmlx5, libibverbs: YES 
Header "linux/devlink.h" has symbol "DEVLINK_GENL_NAME" with dependencies libmlx5, libibverbs: YES 
Header "infiniband/mlx5dv.h" has symbol "mlx5dv_dr_action_create_aso" with dependencies libmlx5, libibverbs: YES 
Header "infiniband/verbs.h" has symbol "INFINIBAND_VERBS_H" with dependencies libmlx5, libibverbs: YES 
Header "infiniband/mlx5dv.h" has symbol "MLX5_WQE_UMR_CTRL_FLAG_INLINE" with dependencies libmlx5, libibverbs: YES 
Header "infiniband/mlx5dv.h" has symbol "mlx5dv_dump_dr_rule" with dependencies libmlx5, libibverbs: YES 
Header "infiniband/mlx5dv.h" has symbol "MLX5DV_DR_ACTION_FLAGS_ASO_CT_DIRECTION_INITIATOR" with dependencies libmlx5, libibverbs: YES 
Header "infiniband/mlx5dv.h" has symbol "mlx5dv_dr_domain_allow_duplicate_rules" with dependencies libmlx5, libibverbs: YES 
Header "infiniband/verbs.h" has symbol "ibv_reg_mr_iova" with dependencies libmlx5, libibverbs: YES 
Header "infiniband/verbs.h" has symbol "ibv_import_device" with dependencies libmlx5, libibverbs: YES 
Header "infiniband/mlx5dv.h" has symbol "mlx5dv_dr_action_create_dest_root_table" with dependencies libmlx5, libibverbs: YES 
Header "infiniband/mlx5dv.h" has symbol "mlx5dv_create_steering_anchor" with dependencies libmlx5, libibverbs: YES 
Header "infiniband/verbs.h" has symbol "ibv_is_fork_initialized" with dependencies libmlx5, libibverbs: YES 
Header "infiniband/mlx5dv.h" has symbol "MLX5DV_CONTEXT_MASK_REG_C0" with dependencies libmlx5, libibverbs: YES 
Header "infiniband/mlx5dv.h" has symbol "MLX5DV_FLOW_ACTION_COUNTERS_DEVX_WITH_OFFSET" with dependencies libmlx5, libibverbs: NO 
Checking whether type "struct mlx5dv_sw_parsing_caps" has member "sw_parsing_offloads" with dependencies libmlx5, libibverbs: YES 
Checking whether type "struct ibv_counter_set_init_attr" has member "counter_set_id" with dependencies libmlx5, libibverbs: NO 
Checking whether type "struct ibv_counters_init_attr" has member "comp_mask" with dependencies libmlx5, libibverbs: YES 
Checking whether type "struct mlx5dv_devx_uar" has member "mmap_off" with dependencies libmlx5, libibverbs: YES 
Checking whether type "struct mlx5dv_flow_matcher_attr" has member "ft_type" with dependencies libmlx5, libibverbs: YES 
Configuring mlx5_autoconf.h using configuration
Message: drivers/common/mlx5: Defining dependency "common_mlx5"
Message: drivers/common/nfp: Defining dependency "common_nfp"
Message: drivers/common/nitrox: Defining dependency "common_nitrox"
Run-time dependency libcrypto found: YES 3.0.12
Library IPSec_MB found: NO
Message: drivers/common/qat: Defining dependency "common_qat"
Compiler for C supports arguments -Wdisabled-optimization: YES 
Compiler for C supports arguments -Waggregate-return: YES 
Compiler for C supports arguments -Wbad-function-cast: YES 
Compiler for C supports arguments -Wno-sign-compare: YES 
Compiler for C supports arguments -Wno-unused-parameter: YES 
Compiler for C supports arguments -Wno-unused-variable: YES 
Compiler for C supports arguments -Wno-empty-body: YES 
Compiler for C supports arguments -Wno-unused-but-set-variable: YES 
Message: drivers/common/zsda: Defining dependency "common_zsda"
Message: drivers/mempool/bucket: Defining dependency "mempool_bucket"
Message: drivers/mempool/cnxk: Defining dependency "mempool_cnxk"
Message: drivers/mempool/dpaa: Defining dependency "mempool_dpaa"
Message: drivers/mempool/dpaa2: Defining dependency "mempool_dpaa2"
Message: drivers/mempool/octeontx: Defining dependency "mempool_octeontx"
Message: drivers/mempool/ring: Defining dependency "mempool_ring"
Message: drivers/mempool/stack: Defining dependency "mempool_stack"
Compiler for C supports arguments -Wno-uninitialized: YES 
Message: drivers/dma/cnxk: Defining dependency "dma_cnxk"
Compiler for C supports arguments -Wno-pointer-arith: YES (cached)
Message: drivers/dma/dpaa: Defining dependency "dma_dpaa"
Compiler for C supports arguments -Wno-pointer-arith: YES (cached)
Message: drivers/dma/dpaa2: Defining dependency "dma_dpaa2"
Message: drivers/dma/odm: Defining dependency "dma_odm"
Message: drivers/dma/skeleton: Defining dependency "dma_skeleton"
Message: drivers/net/af_packet: Defining dependency "net_af_packet"
Run-time dependency libxdp found: NO (tried pkgconfig)
Run-time dependency libbpf found: YES 1.2.2
Has header "linux/if_xdp.h" : YES 
Has header "bpf/xsk.h" : NO 
Message: drivers/net/ark: Defining dependency "net_ark"
Message: drivers/net/atlantic: Defining dependency "net_atlantic"
Message: drivers/net/avp: Defining dependency "net_avp"
Message: drivers/net/axgbe: Defining dependency "net_axgbe"
Run-time dependency zlib found: YES 1.2.13
Message: drivers/net/bnx2x: Defining dependency "net_bnx2x"
Compiler for C supports arguments -DSUPPORT_CFA_HW_P70=1: YES 
Compiler for C supports arguments -DSUPPORT_CFA_HW_P70=1: YES (cached)
Compiler for C supports arguments -DCFA_BLD_PRINT_OBJ=1: YES 
Message: drivers/net/bnxt: Defining dependency "net_bnxt"
Message: drivers/net/bonding: Defining dependency "net_bond"
Compiler for C supports arguments -flax-vector-conversions: YES 
Compiler for C supports arguments -Wno-strict-aliasing: YES 
Message: drivers/net/cnxk: Defining dependency "net_cnxk"
Message: drivers/net/cxgbe: Defining dependency "net_cxgbe"
Compiler for C supports arguments -Wno-pointer-arith: YES (cached)
Message: drivers/net/dpaa: Defining dependency "net_dpaa"
Message: drivers/net/dpaa2: Defining dependency "net_dpaa2"
Message: drivers/net/ena: Defining dependency "net_ena"
Message: drivers/net/enetc: Defining dependency "net_enetc"
Message: drivers/net/enetfec: Defining dependency "net_enetfec"
Message: drivers/net/enic: Defining dependency "net_enic"
Message: drivers/net/failsafe: Defining dependency "net_failsafe"
Message: drivers/net/gve: Defining dependency "net_gve"
Message: drivers/net/hinic: Defining dependency "net_hinic"
Message: drivers/net/intel/e1000: Defining dependency "net_e1000"
Message: drivers/net/intel/fm10k: Defining dependency "net_fm10k"
Message: drivers/net/intel/iavf: Defining dependency "net_iavf"
Compiler for C supports arguments -Wno-unused-but-set-variable: YES (cached)
Compiler for C supports arguments -Wno-unused-parameter: YES (cached)
Compiler for C supports arguments -Wno-array-bounds: YES 
Message: drivers/net/intel/ice: Defining dependency "net_ice"
Message: drivers/net/intel/idpf: Defining dependency "net_idpf"
Message: drivers/net/intel/ixgbe: Defining dependency "net_ixgbe"
Message: drivers/net/intel/cpfl: Defining dependency "net_cpfl"
Message: drivers/net/ionic: Defining dependency "net_ionic"
Message: drivers/net/memif: Defining dependency "net_memif"
Run-time dependency libmlx4 found: YES 1.0.54.0
Dependency libibverbs found: YES 1.14.54.0 (cached)
Compiler for C supports arguments -std=c11: YES (cached)
Compiler for C supports arguments -Wno-strict-prototypes: YES (cached)
Compiler for C supports arguments -D_BSD_SOURCE: YES (cached)
Compiler for C supports arguments -D_DEFAULT_SOURCE: YES (cached)
Compiler for C supports arguments -D_XOPEN_SOURCE=600: YES (cached)
Header "infiniband/mlx4dv.h" has symbol "MLX4DV_SET_CTX_ATTR_BUF_ALLOCATORS" with dependencies libmlx4, libibverbs: YES 
Header "infiniband/mlx4dv.h" has symbol "MLX4DV_QP_MASK_UAR_MMAP_OFFSET" with dependencies libmlx4, libibverbs: YES 
Checking whether type "struct mlx4_wqe_lso_seg" has member "mss_hdr_size" with dependencies libmlx4, libibverbs: YES 
Configuring mlx4_autoconf.h using configuration
Message: drivers/net/mlx4: Defining dependency "net_mlx4"
Compiler for C supports arguments -std=c11: YES (cached)
Compiler for C supports arguments -Wno-strict-prototypes: YES (cached)
Compiler for C supports arguments -D_BSD_SOURCE: YES (cached)
Compiler for C supports arguments -D_DEFAULT_SOURCE: YES (cached)
Compiler for C supports arguments -D_XOPEN_SOURCE=600: YES (cached)
Message: drivers/net/mlx5: Defining dependency "net_mlx5"
Run-time dependency libmusdk found: NO (tried pkgconfig)
Run-time dependency libmusdk found: NO (tried pkgconfig)
Message: drivers/net/nbl: Defining dependency "net_nbl"
Message: drivers/net/netvsc: Defining dependency "net_netvsc"
Run-time dependency netcope-common found: NO (tried pkgconfig)
Message: drivers/net/nfp: Defining dependency "net_nfp"
Message: drivers/net/ngbe: Defining dependency "net_ngbe"
Message: drivers/net/null: Defining dependency "net_null"
Message: drivers/net/octeontx: Defining dependency "net_octeontx"
Compiler for C supports arguments -Wno-strict-aliasing: YES (cached)
Compiler for C supports arguments -flax-vector-conversions: YES (cached)
Message: drivers/net/octeon_ep: Defining dependency "net_octeon_ep"
Message: drivers/net/pcap: Defining dependency "net_pcap"
Compiler for C supports arguments -Wno-pointer-arith: YES (cached)
Message: drivers/net/pfe: Defining dependency "net_pfe"
Compiler for C supports arguments -Wno-unused-parameter: YES (cached)
Compiler for C supports arguments -Wno-sign-compare: YES (cached)
Compiler for C supports arguments -Wno-missing-prototypes: YES 
Compiler for C supports arguments -Wno-cast-qual: YES (cached)
Compiler for C supports arguments -Wno-unused-function: YES 
Compiler for C supports arguments -Wno-unused-variable: YES (cached)
Compiler for C supports arguments -Wno-strict-aliasing: YES (cached)
Compiler for C supports arguments -Wno-missing-prototypes: YES (cached)
Compiler for C supports arguments -Wno-unused-value: YES 
Compiler for C supports arguments -Wno-format-nonliteral: YES 
Compiler for C supports arguments -Wno-shift-negative-value: YES 
Compiler for C supports arguments -Wno-unused-but-set-variable: YES (cached)
Compiler for C supports arguments -Wno-missing-declarations: YES 
Compiler for C supports arguments -Wno-maybe-uninitialized: YES 
Compiler for C supports arguments -Wno-strict-prototypes: YES (cached)
Compiler for C supports arguments -Wno-shift-negative-value: YES (cached)
Compiler for C supports arguments -Wno-implicit-fallthrough: YES 
Compiler for C supports arguments -Wno-format-extra-args: YES 
Compiler for C supports arguments -Wno-visibility: NO 
Compiler for C supports arguments -Wno-empty-body: YES (cached)
Compiler for C supports arguments -Wno-invalid-source-encoding: NO 
Compiler for C supports arguments -Wno-sometimes-uninitialized: NO 
Compiler for C supports arguments -Wno-pointer-bool-conversion: NO 
Compiler for C supports arguments -Wno-format-nonliteral: YES (cached)
Message: drivers/net/qede: Defining dependency "net_qede"
Message: drivers/net/r8169: Defining dependency "net_r8169"
Message: drivers/net/ring: Defining dependency "net_ring"
Message: drivers/net/rnp: Defining dependency "net_rnp"
Message: drivers/net/softnic: Defining dependency "net_softnic"
Header "linux/pkt_cls.h" has symbol "TCA_FLOWER_ACT" : YES 
Dependency libbpf found: YES 1.2.2 (cached)
Program bpftool /usr/sbin/bpftool found: NO
Message: net/tap: no RSS support missing bpftool
Message: drivers/net/tap: Defining dependency "net_tap"
Compiler for C supports arguments -fno-prefetch-loop-arrays: YES 
Compiler for C supports arguments -Wno-maybe-uninitialized: YES (cached)
Message: drivers/net/thunderx: Defining dependency "net_thunderx"
Message: drivers/net/txgbe: Defining dependency "net_txgbe"
Compiler for C supports arguments -D_BSD_SOURCE: YES (cached)
Compiler for C supports arguments -D_DEFAULT_SOURCE: YES (cached)
Compiler for C supports arguments -D_XOPEN_SOURCE=600: YES (cached)
Message: drivers/net/vdev_netvsc: Defining dependency "net_vdev_netvsc"
Message: drivers/net/vhost: Defining dependency "net_vhost"
Message: drivers/net/virtio: Defining dependency "net_virtio"
Compiler for C supports arguments -Wno-unused-parameter: YES (cached)
Compiler for C supports arguments -Wno-unused-value: YES (cached)
Compiler for C supports arguments -Wno-strict-aliasing: YES (cached)
Compiler for C supports arguments -Wno-format-extra-args: YES (cached)
Message: drivers/net/vmxnet3: Defining dependency "net_vmxnet3"
Message: drivers/net/xsc: Defining dependency "net_xsc"
Message: drivers/net/zxdh: Defining dependency "net_zxdh"
Message: drivers/raw/cnxk_bphy: Defining dependency "raw_cnxk_bphy"
Message: drivers/raw/cnxk_gpio: Defining dependency "raw_cnxk_gpio"
Message: drivers/raw/cnxk_rvu_lf: Defining dependency "raw_cnxk_rvu_lf"
Message: drivers/raw/dpaa2_cmdif: Defining dependency "raw_dpaa2_cmdif"
Message: drivers/raw/gdtc: Defining dependency "raw_gdtc"
Message: drivers/raw/ntb: Defining dependency "raw_ntb"
Message: drivers/raw/skeleton: Defining dependency "raw_skeleton"
Run-time dependency libaarch64crypto found: NO (tried pkgconfig)
Message: drivers/crypto/bcmfs: Defining dependency "crypto_bcmfs"
Message: drivers/crypto/caam_jr: Defining dependency "crypto_caam_jr"
Dependency libcrypto found: YES 3.0.12 (cached)
Message: drivers/crypto/ccp: Defining dependency "crypto_ccp"
Message: drivers/crypto/cnxk: Defining dependency "crypto_cnxk"
Message: drivers/crypto/dpaa_sec: Defining dependency "crypto_dpaa_sec"
Message: drivers/crypto/dpaa2_sec: Defining dependency "crypto_dpaa2_sec"
Message: drivers/crypto/ionic: Defining dependency "crypto_ionic"
Library IPSec_MB found: NO
Compiler for C supports arguments -std=c11: YES (cached)
Compiler for C supports arguments -Wno-strict-prototypes: YES (cached)
Compiler for C supports arguments -D_BSD_SOURCE: YES (cached)
Compiler for C supports arguments -D_DEFAULT_SOURCE: YES (cached)
Compiler for C supports arguments -D_XOPEN_SOURCE=600: YES (cached)
Message: drivers/crypto/mlx5: Defining dependency "crypto_mlx5"
Run-time dependency libmusdk found: NO (tried pkgconfig)
Message: drivers/crypto/nitrox: Defining dependency "crypto_nitrox"
Message: drivers/crypto/null: Defining dependency "crypto_null"
Message: drivers/crypto/octeontx: Defining dependency "crypto_octeontx"
Dependency libcrypto found: YES 3.0.12 (cached)
Message: drivers/crypto/openssl: Defining dependency "crypto_openssl"
Message: drivers/crypto/scheduler: Defining dependency "crypto_scheduler"
Run-time dependency libwd_crypto found: NO (tried pkgconfig)
Run-time dependency libwd found: NO (tried pkgconfig)
Message: drivers/crypto/virtio: Defining dependency "crypto_virtio"
Run-time dependency libisal found: NO (tried pkgconfig)
Compiler for C supports arguments -std=c11: YES (cached)
Compiler for C supports arguments -Wno-strict-prototypes: YES (cached)
Compiler for C supports arguments -D_BSD_SOURCE: YES (cached)
Compiler for C supports arguments -D_DEFAULT_SOURCE: YES (cached)
Compiler for C supports arguments -D_XOPEN_SOURCE=600: YES (cached)
Message: drivers/compress/mlx5: Defining dependency "compress_mlx5"
Message: drivers/compress/nitrox: Defining dependency "compress_nitrox"
Message: drivers/compress/octeontx: Defining dependency "compress_octeontx"
Run-time dependency libwd_comp found: NO (tried pkgconfig)
Run-time dependency libwd found: NO (tried pkgconfig)
Dependency zlib found: YES 1.2.13 (cached)
Message: drivers/compress/zlib: Defining dependency "compress_zlib"
Compiler for C supports arguments -std=c11: YES (cached)
Compiler for C supports arguments -Wno-strict-prototypes: YES (cached)
Compiler for C supports arguments -D_BSD_SOURCE: YES (cached)
Compiler for C supports arguments -D_DEFAULT_SOURCE: YES (cached)
Compiler for C supports arguments -D_XOPEN_SOURCE=600: YES (cached)
Message: drivers/regex/mlx5: Defining dependency "regex_mlx5"
Message: drivers/regex/cn9k: Defining dependency "regex_cn9k"
Message: drivers/ml/cnxk: libarchive not found
Message: drivers/ml/cnxk: jansson not found
Found CMake: /usr/bin/cmake (3.30.5)
Run-time dependency dlpack found: NO (tried cmake)
Message: drivers/ml/cnxk: dlpack not found
Run-time dependency dmlc found: NO (tried cmake)
Message: drivers/ml/cnxk: dmlc not found
Run-time dependency tvm found: NO (tried cmake)
Message: drivers/ml/cnxk: tvm_runtime not found
Run-time dependency tvmdp found: NO (tried pkgconfig)
Message: drivers/ml/cnxk: tvmdp not found
Message: drivers/ml/cnxk: Disabled TVM model support
Message: drivers/ml/cnxk: Defining dependency "ml_cnxk"
Message: drivers/vdpa/ifc: Defining dependency "vdpa_ifc"
Compiler for C supports arguments -std=c11: YES (cached)
Compiler for C supports arguments -Wno-strict-prototypes: YES (cached)
Compiler for C supports arguments -D_BSD_SOURCE: YES (cached)
Compiler for C supports arguments -D_DEFAULT_SOURCE: YES (cached)
Compiler for C supports arguments -D_XOPEN_SOURCE=600: YES (cached)
Message: drivers/vdpa/mlx5: Defining dependency "vdpa_mlx5"
Message: drivers/vdpa/nfp: Defining dependency "vdpa_nfp"
Compiler for C supports arguments -flax-vector-conversions: YES (cached)
Compiler for C supports arguments -Wno-strict-aliasing: YES (cached)
Message: drivers/event/cnxk: Defining dependency "event_cnxk"
Message: drivers/event/dpaa: Defining dependency "event_dpaa"
Message: drivers/event/dpaa2: Defining dependency "event_dpaa2"
Compiler for C supports arguments -Wno-format-nonliteral: YES (cached)
Message: drivers/event/dsw: Defining dependency "event_dsw"
Message: drivers/event/octeontx: Defining dependency "event_octeontx"
Message: drivers/event/opdl: Defining dependency "event_opdl"
Message: drivers/event/skeleton: Defining dependency "event_skeleton"
Message: drivers/event/sw: Defining dependency "event_sw"
Run-time dependency flexran_sdk_ldpc_decoder_5gnr found: NO (tried pkgconfig and cmake)
Message: drivers/baseband/acc: Defining dependency "baseband_acc"
Message: drivers/baseband/fpga_5gnr_fec: Defining dependency "baseband_fpga_5gnr_fec"
Message: drivers/baseband/fpga_lte_fec: Defining dependency "baseband_fpga_lte_fec"
Message: drivers/baseband/la12xx: Defining dependency "baseband_la12xx"
Message: drivers/baseband/null: Defining dependency "baseband_null"
Run-time dependency flexran_sdk_turbo found: NO (tried pkgconfig and cmake)
Run-time dependency flexran_sdk_ldpc_decoder_5gnr found: NO (tried pkgconfig and cmake)
Message: drivers/baseband/turbo_sw: Defining dependency "baseband_turbo_sw"
Has header "cuda.h" : NO 
Message: drivers/power/acpi: Defining dependency "power_acpi"
Message: drivers/power/amd_pstate: Defining dependency "power_amd_pstate"
Library e_smi64 found: NO
Message: drivers/power/cppc: Defining dependency "power_cppc"
Message: drivers/power/intel_pstate: Defining dependency "power_intel_pstate"
Message: drivers/power/intel_uncore: Defining dependency "power_intel_uncore"
Message: drivers/power/kvm_vm: Defining dependency "power_kvm_vm"
Has header "sys/epoll.h" : YES 
Dependency zlib found: YES 1.2.13 (cached)
Run-time dependency pcap found: YES 1.10.4
Compiler for C supports arguments -fno-strict-aliasing: YES (cached)
Program clang found: YES (/usr/bin/clang)
Program xxd found: YES (/usr/bin/xxd)
Message: hugepage availability: true
Program test_telemetry.sh found: YES (/home/loongson/.dpdk/dpdk/app/test/suites/test_telemetry.sh)
Program doxygen found: NO
Program sphinx-build found: NO
Configuring rte_build_config.h using configuration
Message: 
=================
Applications Enabled
=================

apps:
	dumpcap, graph, pdump, proc-info, test-acl, test-bbdev, test-cmdline, test-compress-perf, 
	test-crypto-perf, test-dma-perf, test-eventdev, test-fib, test-flow-perf, test-gpudev, test-mldev, test-pipeline, 
	test-pmd, test-regex, test-sad, test-security-perf, test, 

Message: 
=================
Libraries Enabled
=================

libs:
	log, kvargs, argparse, telemetry, pmu, eal, ptr_compress, ring, 
	rcu, mempool, mbuf, net, meter, ethdev, pci, cmdline, 
	metrics, hash, timer, acl, bbdev, bitratestats, bpf, cfgfile, 
	compressdev, cryptodev, distributor, dmadev, efd, eventdev, dispatcher, gpudev, 
	gro, gso, ip_frag, jobstats, latencystats, lpm, member, pcapng, 
	power, rawdev, regexdev, mldev, rib, reorder, sched, security, 
	stack, vhost, ipsec, pdcp, fib, port, pdump, table, 
	pipeline, graph, node, 

Message: 
===============
Drivers Enabled
===============

common:
	cpt, dpaax, ionic, octeontx, cnxk, mlx5, nfp, nitrox, 
	qat, zsda, 
bus:
	auxiliary, cdx, dpaa, fslmc, ifpga, pci, platform, uacce, 
	vdev, vmbus, 
mempool:
	bucket, cnxk, dpaa, dpaa2, octeontx, ring, stack, 
dma:
	cnxk, dpaa, dpaa2, odm, skeleton, 
net:
	af_packet, ark, atlantic, avp, axgbe, bnx2x, bnxt, bond, 
	cnxk, cxgbe, dpaa, dpaa2, ena, enetc, enetfec, enic, 
	failsafe, gve, hinic, e1000, fm10k, iavf, ice, idpf, 
	ixgbe, cpfl, ionic, memif, mlx4, mlx5, nbl, netvsc, 
	nfp, ngbe, null, octeontx, octeon_ep, pcap, pfe, qede, 
	r8169, ring, rnp, softnic, tap, thunderx, txgbe, vdev_netvsc, 
	vhost, virtio, vmxnet3, xsc, zxdh, 
raw:
	cnxk_bphy, cnxk_gpio, cnxk_rvu_lf, dpaa2_cmdif, gdtc, ntb, skeleton, 
crypto:
	bcmfs, caam_jr, ccp, cnxk, dpaa_sec, dpaa2_sec, ionic, mlx5, 
	nitrox, null, octeontx, openssl, scheduler, virtio, 
compress:
	mlx5, nitrox, octeontx, zlib, 
regex:
	mlx5, cn9k, 
ml:
	cnxk, 
vdpa:
	ifc, mlx5, nfp, 
event:
	cnxk, dpaa, dpaa2, dsw, octeontx, opdl, skeleton, sw, 
	
baseband:
	acc, fpga_5gnr_fec, fpga_lte_fec, la12xx, null, turbo_sw, 
gpu:
	
power:
	acpi, amd_pstate, cppc, intel_pstate, intel_uncore, kvm_vm, 

Message: 
=================
Content Skipped
=================

apps:
	
libs:
	
drivers:
	common/mvep:	missing dependency, "libmusdk"
	common/sfc_efx:	only supported on x86_64 and aarch64
	dma/hisi_acc:	only supported on x86_64 and aarch64
	dma/hisi_pciep:	only supported on x86_64 and aarch64
	dma/idxd:	only supported on x86
	dma/ioat:	only supported on x86
	net/af_xdp:	missing dependency, "libxdp >=1.2.2" and "libbpf"
	net/hinic3:	only supported on x86_64 and aarch64
	net/hns3:	only supported on x86_64 and aarch64
	net/intel/i40e:	not supported on LoongArch
	net/intel/ipn3ke:	missing dependency, "libfdt"
	net/mana:	only supported on x86 or arm64 Linux
	net/mvneta:	missing dependency, "libmusdk"
	net/mvpp2:	missing dependency, "libmusdk"
	net/nfb:	missing dependency, "libnfb"
	net/ntnic:	only supported on x86_64 Linux
	net/sfc:	only supported on x86_64 and aarch64
	raw/ifpga:	missing dependency, "libfdt"
	crypto/armv8:	missing dependency, "libAArch64crypto"
	crypto/ipsec_mb:	missing dependency, "libIPSec_MB"
	crypto/mvsam:	missing dependency, "libmusdk"
	crypto/uadk:	missing dependency, "libwd"
	compress/isal:	missing dependency, "libisal"
	compress/uadk:	missing dependency, "libwd"
	vdpa/sfc:	only supported on x86_64 and aarch64
	event/dlb2:	only supported on x86_64 Linux
	gpu/cuda:	missing dependency, "cuda.h"
	power/amd_uncore:	missing dependency, "libe_smi"
	

Message: DPDK build config complete:
  source path = "/home/loongson/.dpdk/dpdk"
  build path  = "/home/loongson/.dpdk/dpdk/build"
Build targets in project: 1080

Found ninja-1.11.1 at /usr/bin/ninja
WARNING: Running the setup command as `meson [options]` instead of `meson setup [options]` is ambiguous and deprecated.
meson & ninja build pass
finding context: loongarch-compilation for 162762 ...
contexts for 162762: "checkpatch" "loongarch-compilation" "loongarch-unit-testing" "github-robot: build"
test report for 162762 from loongarch-compilation existed!
send test report for series 37785 to John McNamara <john.mcnamara@intel.com>
touch: cannot touch '/home/loongson/.dpdk/dpdk-ci/tools/../reports/162762_report.txt': No such file or directory
2026-03-27T03:40:02
https://patches.dpdk.org/api/events/?category=series-completed&page=1&since=2026-03-27T03:40:02
fetched series ids: 37785 37784 37783 37782 37781 37780 37779 37778 
2026-03-28T12:40:03 /home/loongson/.dpdk/dpdk-ci/tools/test-series.sh 37785
download-series.sh: request https://patches.dpdk.org/api/series/37785
pwid(s) for series 37785: 162762 
The number of patch(es) is: 1
/home/loongson/.dpdk/dpdk-ci/tools/../series/37785/162762.patch lines: 147
download series done!
list trees for series 37785: dpdk
try to apply on dpdk ...
Switched to branch 'unused'
Deleted branch main (was 626d4e3932).
Switched to a new branch 'main'
branch 'main' set up to track 'origin/main'.
need to update git base
/home/loongson/.dpdk/dpdk-ci/tools/test-series.sh: line 106: 374983 Killed                  timeout -s SIGKILL 60s git pull --rebase
2026-03-27T03:40:02
https://patches.dpdk.org/api/events/?category=series-completed&page=1&since=2026-03-27T03:40:02
fetched series ids: 37785 37784 37783 37782 37781 37780 37779 37778 
2026-03-28T12:45:03 /home/loongson/.dpdk/dpdk-ci/tools/test-series.sh 37785
download-series.sh: request https://patches.dpdk.org/api/series/37785
pwid(s) for series 37785: 162762 
The number of patch(es) is: 1
/home/loongson/.dpdk/dpdk-ci/tools/../series/37785/162762.patch lines: 147
download series done!
list trees for series 37785: dpdk
try to apply on dpdk ...
Switched to branch 'unused'
Deleted branch main (was 626d4e3932).
Switched to a new branch 'main'
branch 'main' set up to track 'origin/main'.
need to update git base
Already up to date.
Deleted branch s-37785 (was ed34478875).
Switched to a new branch 's-37785'
Applying: doc: update release notes for 26.03
Insert one base commit: 37785 626d4e39327333cd5508885162e45ca7fb94ef7f
The Meson build system
Version: 1.4.1
Source dir: /home/loongson/.dpdk/dpdk
Build dir: /home/loongson/.dpdk/dpdk/build
Build type: native build
Project name: DPDK
Project version: 26.03.0-rc3
C compiler for the host machine: cc (gcc 12.3.0 "cc (GCC) 12.3.0 20230508 (Loongnix OS 12.3.0-10)")
C linker for the host machine: cc ld.bfd 2.41-5
Host machine cpu family: loongarch64
Host machine cpu: loongarch64
Message: ## Building in Developer Mode ##
Program pkg-config found: YES (/usr/bin/pkg-config)
Program check-symbols.sh found: YES (/home/loongson/.dpdk/dpdk/buildtools/check-symbols.sh)
Program options-ibverbs-static.sh found: YES (/home/loongson/.dpdk/dpdk/buildtools/options-ibverbs-static.sh)
Program python3 found: YES (/usr/bin/python3)
Program python3 (elftools) found: YES (/usr/bin/python3) modules: elftools
Message: Minimum Meson required version is 0.57.2
Program cat found: YES (/usr/bin/cat)
Compiler for C supports arguments -march=native: YES 
Checking for size of "void *" : 8 
Checking for size of "void *" : 8 (cached)
Compiler for C supports link arguments -Wl,--undefined-version: YES 
Library m found: YES
Library numa found: YES
Has header "numaif.h" : YES 
Library fdt found: NO
Library execinfo found: NO
Has header "execinfo.h" : YES 
Found pkg-config: YES (/usr/bin/pkg-config) 1.9.5
Run-time dependency libarchive found: NO (tried pkgconfig)
Run-time dependency libbsd found: NO (tried pkgconfig)
Run-time dependency jansson found: NO (tried pkgconfig)
Run-time dependency openssl found: YES 3.0.12
Run-time dependency libpcap found: YES 1.10.4
Has header "pcap.h" with dependency libpcap: YES 
Compiler for C supports arguments -Wvla: YES 
Compiler for C supports arguments -Wno-shadow: YES 
Compiler for C supports arguments -Wno-comma: NO 
Compiler for C supports arguments -Wcast-qual: YES 
Compiler for C supports arguments -Wcomma: NO 
Compiler for C supports arguments -Wdeprecated: YES 
Compiler for C supports arguments -Wformat: YES 
Compiler for C supports arguments -Wformat-nonliteral: YES 
Compiler for C supports arguments -Wformat-security: YES 
Compiler for C supports arguments -Wmissing-declarations: YES 
Compiler for C supports arguments -Wmissing-prototypes: YES 
Compiler for C supports arguments -Wnested-externs: YES 
Compiler for C supports arguments -Wold-style-definition: YES 
Compiler for C supports arguments -Wpointer-arith: YES 
Compiler for C supports arguments -Wshadow: YES 
Compiler for C supports arguments -Wsign-compare: YES 
Compiler for C supports arguments -Wstrict-prototypes: YES 
Compiler for C supports arguments -Wundef: YES 
Compiler for C supports arguments -Wwrite-strings: YES 
Compiler for C supports arguments -Wno-packed-not-aligned: YES 
Compiler for C supports arguments -Wno-missing-field-initializers: YES 
Compiler for C supports arguments -fzero-init-padding-bits=all: NO 
Message: Implementer : Generic loongarch
Message: ['-march=loongarch64']
Message: lib/log: Defining dependency "log"
Message: lib/kvargs: Defining dependency "kvargs"
Message: lib/argparse: Defining dependency "argparse"
Message: lib/telemetry: Defining dependency "telemetry"
Message: lib/pmu: Defining dependency "pmu"
Checking for function "pthread_attr_setaffinity_np" : YES 
Checking for function "getentropy" : NO 
Message: lib/eal: Defining dependency "eal"
Message: lib/ptr_compress: Defining dependency "ptr_compress"
Message: lib/ring: Defining dependency "ring"
Message: lib/rcu: Defining dependency "rcu"
Message: lib/mempool: Defining dependency "mempool"
Message: lib/mbuf: Defining dependency "mbuf"
Message: lib/net: Defining dependency "net"
Message: lib/meter: Defining dependency "meter"
Message: lib/ethdev: Defining dependency "ethdev"
Message: lib/pci: Defining dependency "pci"
Message: lib/cmdline: Defining dependency "cmdline"
Message: lib/metrics: Defining dependency "metrics"
Message: lib/hash: Defining dependency "hash"
Message: lib/timer: Defining dependency "timer"
Message: lib/acl: Defining dependency "acl"
Message: lib/bbdev: Defining dependency "bbdev"
Message: lib/bitratestats: Defining dependency "bitratestats"
Run-time dependency libelf found: YES 0.190
Message: lib/bpf: Defining dependency "bpf"
Message: lib/cfgfile: Defining dependency "cfgfile"
Message: lib/compressdev: Defining dependency "compressdev"
Message: lib/cryptodev: Defining dependency "cryptodev"
Message: lib/distributor: Defining dependency "distributor"
Message: lib/dmadev: Defining dependency "dmadev"
Message: lib/efd: Defining dependency "efd"
Message: lib/eventdev: Defining dependency "eventdev"
Message: lib/dispatcher: Defining dependency "dispatcher"
Message: lib/gpudev: Defining dependency "gpudev"
Message: lib/gro: Defining dependency "gro"
Message: lib/gso: Defining dependency "gso"
Message: lib/ip_frag: Defining dependency "ip_frag"
Message: lib/jobstats: Defining dependency "jobstats"
Message: lib/latencystats: Defining dependency "latencystats"
Message: lib/lpm: Defining dependency "lpm"
Message: lib/member: Defining dependency "member"
Message: lib/pcapng: Defining dependency "pcapng"
Message: lib/power: Defining dependency "power"
Message: lib/rawdev: Defining dependency "rawdev"
Message: lib/regexdev: Defining dependency "regexdev"
Message: lib/mldev: Defining dependency "mldev"
Message: lib/rib: Defining dependency "rib"
Message: lib/reorder: Defining dependency "reorder"
Message: lib/sched: Defining dependency "sched"
Message: lib/security: Defining dependency "security"
Message: lib/stack: Defining dependency "stack"
Has header "linux/userfaultfd.h" : YES 
Compiler for C supports arguments -fno-strict-aliasing: YES 
Compiler for C supports arguments -Wno-address-of-packed-member: YES 
Message: lib/vhost: Defining dependency "vhost"
Message: lib/ipsec: Defining dependency "ipsec"
Message: lib/pdcp: Defining dependency "pdcp"
Message: lib/fib: Defining dependency "fib"
Message: lib/port: Defining dependency "port"
Message: lib/pdump: Defining dependency "pdump"
Message: lib/table: Defining dependency "table"
Message: lib/pipeline: Defining dependency "pipeline"
Message: lib/graph: Defining dependency "graph"
Message: lib/node: Defining dependency "node"
Compiler for C supports arguments -Wno-format-truncation: YES 
Compiler for C supports arguments -Wno-address-of-packed-member: YES (cached)
Message: drivers/common/cpt: Defining dependency "common_cpt"
Compiler for C supports arguments -Wno-cast-qual: YES 
Compiler for C supports arguments -Wno-pointer-arith: YES 
Message: drivers/common/dpaax: Defining dependency "common_dpaax"
Message: drivers/common/ionic: Defining dependency "common_ionic"
Run-time dependency libmusdk found: NO (tried pkgconfig)
Message: drivers/common/octeontx: Defining dependency "common_octeontx"
Message: drivers/bus/auxiliary: Defining dependency "bus_auxiliary"
Message: drivers/bus/cdx: Defining dependency "bus_cdx"
Compiler for C supports arguments -Wno-cast-qual: YES (cached)
Compiler for C supports arguments -Wno-pointer-arith: YES (cached)
Message: drivers/bus/dpaa: Defining dependency "bus_dpaa"
Message: drivers/bus/fslmc: Defining dependency "bus_fslmc"
Message: drivers/bus/ifpga: Defining dependency "bus_ifpga"
Message: drivers/bus/pci: Defining dependency "bus_pci"
Message: drivers/bus/platform: Defining dependency "bus_platform"
Message: drivers/bus/uacce: Defining dependency "bus_uacce"
Message: drivers/bus/vdev: Defining dependency "bus_vdev"
Message: drivers/bus/vmbus: Defining dependency "bus_vmbus"
Message: drivers/common/cnxk: Defining dependency "common_cnxk"
Compiler for C supports arguments -std=c11: YES 
Compiler for C supports arguments -Wno-strict-prototypes: YES 
Compiler for C supports arguments -D_BSD_SOURCE: YES 
Compiler for C supports arguments -D_DEFAULT_SOURCE: YES 
Compiler for C supports arguments -D_XOPEN_SOURCE=600: YES 
Run-time dependency libmlx5 found: YES 1.25.54.0
Run-time dependency libibverbs found: YES 1.14.54.0
Library mtcr_ul found: NO
Header "infiniband/verbs.h" has symbol "IBV_FLOW_SPEC_ESP" with dependencies libmlx5, libibverbs: YES 
Header "infiniband/verbs.h" has symbol "IBV_RX_HASH_IPSEC_SPI" with dependencies libmlx5, libibverbs: YES 
Header "infiniband/verbs.h" has symbol "IBV_ACCESS_RELAXED_ORDERING " with dependencies libmlx5, libibverbs: YES 
Header "infiniband/mlx5dv.h" has symbol "MLX5DV_CQE_RES_FORMAT_CSUM_STRIDX" with dependencies libmlx5, libibverbs: YES 
Header "infiniband/mlx5dv.h" has symbol "MLX5DV_CONTEXT_MASK_TUNNEL_OFFLOADS" with dependencies libmlx5, libibverbs: YES 
Header "infiniband/mlx5dv.h" has symbol "MLX5DV_CONTEXT_FLAGS_MPW_ALLOWED" with dependencies libmlx5, libibverbs: YES 
Header "infiniband/mlx5dv.h" has symbol "MLX5DV_CONTEXT_FLAGS_CQE_128B_COMP" with dependencies libmlx5, libibverbs: YES 
Header "infiniband/mlx5dv.h" has symbol "MLX5DV_CQ_INIT_ATTR_FLAGS_CQE_PAD" with dependencies libmlx5, libibverbs: YES 
Header "infiniband/mlx5dv.h" has symbol "mlx5dv_create_flow_action_packet_reformat" with dependencies libmlx5, libibverbs: YES 
Header "infiniband/verbs.h" has symbol "IBV_FLOW_SPEC_MPLS" with dependencies libmlx5, libibverbs: YES 
Header "infiniband/verbs.h" has symbol "IBV_WQ_FLAGS_PCI_WRITE_END_PADDING" with dependencies libmlx5, libibverbs: YES 
Header "infiniband/verbs.h" has symbol "IBV_WQ_FLAG_RX_END_PADDING" with dependencies libmlx5, libibverbs: NO 
Header "infiniband/mlx5dv.h" has symbol "mlx5dv_query_devx_port" with dependencies libmlx5, libibverbs: NO 
Header "infiniband/mlx5dv.h" has symbol "mlx5dv_query_port" with dependencies libmlx5, libibverbs: YES 
Header "infiniband/mlx5dv.h" has symbol "mlx5dv_dr_action_create_dest_ib_port" with dependencies libmlx5, libibverbs: YES 
Header "infiniband/mlx5dv.h" has symbol "mlx5dv_devx_obj_create" with dependencies libmlx5, libibverbs: YES 
Header "infiniband/mlx5dv.h" has symbol "MLX5DV_FLOW_ACTION_COUNTERS_DEVX" with dependencies libmlx5, libibverbs: YES 
Header "infiniband/mlx5dv.h" has symbol "MLX5DV_FLOW_ACTION_DEFAULT_MISS" with dependencies libmlx5, libibverbs: YES 
Header "infiniband/mlx5dv.h" has symbol "mlx5dv_devx_obj_query_async" with dependencies libmlx5, libibverbs: YES 
Header "infiniband/mlx5dv.h" has symbol "mlx5dv_devx_qp_query" with dependencies libmlx5, libibverbs: YES 
Header "infiniband/mlx5dv.h" has symbol "mlx5dv_pp_alloc" with dependencies libmlx5, libibverbs: YES 
Header "infiniband/mlx5dv.h" has symbol "mlx5dv_dr_action_create_dest_devx_tir" with dependencies libmlx5, libibverbs: YES 
Header "infiniband/mlx5dv.h" has symbol "mlx5dv_devx_get_event" with dependencies libmlx5, libibverbs: YES 
Header "infiniband/mlx5dv.h" has symbol "mlx5dv_dr_action_create_flow_meter" with dependencies libmlx5, libibverbs: YES 
Header "infiniband/mlx5dv.h" has symbol "MLX5_MMAP_GET_NC_PAGES_CMD" with dependencies libmlx5, libibverbs: YES 
Header "infiniband/mlx5dv.h" has symbol "MLX5DV_DR_DOMAIN_TYPE_NIC_RX" with dependencies libmlx5, libibverbs: YES 
Header "infiniband/mlx5dv.h" has symbol "MLX5DV_DR_DOMAIN_TYPE_FDB" with dependencies libmlx5, libibverbs: YES 
Header "infiniband/mlx5dv.h" has symbol "mlx5dv_dr_action_create_push_vlan" with dependencies libmlx5, libibverbs: YES 
Header "infiniband/mlx5dv.h" has symbol "mlx5dv_alloc_var" with dependencies libmlx5, libibverbs: YES 
Header "infiniband/mlx5dv.h" has symbol "MLX5_OPCODE_ENHANCED_MPSW" with dependencies libmlx5, libibverbs: NO 
Header "infiniband/mlx5dv.h" has symbol "MLX5_OPCODE_SEND_EN" with dependencies libmlx5, libibverbs: NO 
Header "infiniband/mlx5dv.h" has symbol "MLX5_OPCODE_WAIT" with dependencies libmlx5, libibverbs: NO 
Header "infiniband/mlx5dv.h" has symbol "MLX5_OPCODE_ACCESS_ASO" with dependencies libmlx5, libibverbs: NO 
Header "linux/if_link.h" has symbol "IFLA_NUM_VF" with dependencies libmlx5, libibverbs: YES 
Header "linux/if_link.h" has symbol "IFLA_EXT_MASK" with dependencies libmlx5, libibverbs: YES 
Header "linux/if_link.h" has symbol "IFLA_PHYS_SWITCH_ID" with dependencies libmlx5, libibverbs: YES 
Header "linux/if_link.h" has symbol "IFLA_PHYS_PORT_NAME" with dependencies libmlx5, libibverbs: YES 
Header "rdma/rdma_netlink.h" has symbol "RDMA_NL_NLDEV" with dependencies libmlx5, libibverbs: YES 
Header "rdma/rdma_netlink.h" has symbol "RDMA_NLDEV_CMD_GET" with dependencies libmlx5, libibverbs: YES 
Header "rdma/rdma_netlink.h" has symbol "RDMA_NLDEV_CMD_PORT_GET" with dependencies libmlx5, libibverbs: YES 
Header "rdma/rdma_netlink.h" has symbol "RDMA_NLDEV_ATTR_DEV_INDEX" with dependencies libmlx5, libibverbs: YES 
Header "rdma/rdma_netlink.h" has symbol "RDMA_NLDEV_ATTR_DEV_NAME" with dependencies libmlx5, libibverbs: YES 
Header "rdma/rdma_netlink.h" has symbol "RDMA_NLDEV_ATTR_PORT_INDEX" with dependencies libmlx5, libibverbs: YES 
Header "rdma/rdma_netlink.h" has symbol "RDMA_NLDEV_ATTR_PORT_STATE" with dependencies libmlx5, libibverbs: YES 
Header "rdma/rdma_netlink.h" has symbol "RDMA_NLDEV_ATTR_NDEV_INDEX" with dependencies libmlx5, libibverbs: YES 
Header "rdma/rdma_netlink.h" has symbol "RDMA_NL_GROUP_NOTIFY" with dependencies libmlx5, libibverbs: NO 
Header "rdma/rdma_netlink.h" has symbol "RDMA_NLDEV_CMD_SYS_GET" with dependencies libmlx5, libibverbs: YES 
Header "rdma/rdma_netlink.h" has symbol "RDMA_NLDEV_SYS_ATTR_MONITOR_MODE" with dependencies libmlx5, libibverbs: NO 
Header "rdma/rdma_netlink.h" has symbol "RDMA_NLDEV_ATTR_EVENT_TYPE" with dependencies libmlx5, libibverbs: NO 
Header "rdma/rdma_netlink.h" has symbol "RDMA_NLDEV_CMD_MONITOR" with dependencies libmlx5, libibverbs: NO 
Header "infiniband/mlx5dv.h" has symbol "mlx5dv_dump_dr_domain" with dependencies libmlx5, libibverbs: YES 
Header "infiniband/mlx5dv.h" has symbol "mlx5dv_dr_action_create_flow_sampler" with dependencies libmlx5, libibverbs: YES 
Header "infiniband/mlx5dv.h" has symbol "mlx5dv_dr_domain_set_reclaim_device_memory" with dependencies libmlx5, libibverbs: YES 
Header "infiniband/mlx5dv.h" has symbol "mlx5dv_dr_action_create_dest_array" with dependencies libmlx5, libibverbs: YES 
Header "linux/devlink.h" has symbol "DEVLINK_GENL_NAME" with dependencies libmlx5, libibverbs: YES 
Header "infiniband/mlx5dv.h" has symbol "mlx5dv_dr_action_create_aso" with dependencies libmlx5, libibverbs: YES 
Header "infiniband/verbs.h" has symbol "INFINIBAND_VERBS_H" with dependencies libmlx5, libibverbs: YES 
Header "infiniband/mlx5dv.h" has symbol "MLX5_WQE_UMR_CTRL_FLAG_INLINE" with dependencies libmlx5, libibverbs: YES 
Header "infiniband/mlx5dv.h" has symbol "mlx5dv_dump_dr_rule" with dependencies libmlx5, libibverbs: YES 
Header "infiniband/mlx5dv.h" has symbol "MLX5DV_DR_ACTION_FLAGS_ASO_CT_DIRECTION_INITIATOR" with dependencies libmlx5, libibverbs: YES 
Header "infiniband/mlx5dv.h" has symbol "mlx5dv_dr_domain_allow_duplicate_rules" with dependencies libmlx5, libibverbs: YES 
Header "infiniband/verbs.h" has symbol "ibv_reg_mr_iova" with dependencies libmlx5, libibverbs: YES 
Header "infiniband/verbs.h" has symbol "ibv_import_device" with dependencies libmlx5, libibverbs: YES 
Header "infiniband/mlx5dv.h" has symbol "mlx5dv_dr_action_create_dest_root_table" with dependencies libmlx5, libibverbs: YES 
Header "infiniband/mlx5dv.h" has symbol "mlx5dv_create_steering_anchor" with dependencies libmlx5, libibverbs: YES 
Header "infiniband/verbs.h" has symbol "ibv_is_fork_initialized" with dependencies libmlx5, libibverbs: YES 
Header "infiniband/mlx5dv.h" has symbol "MLX5DV_CONTEXT_MASK_REG_C0" with dependencies libmlx5, libibverbs: YES 
Header "infiniband/mlx5dv.h" has symbol "MLX5DV_FLOW_ACTION_COUNTERS_DEVX_WITH_OFFSET" with dependencies libmlx5, libibverbs: NO 
Checking whether type "struct mlx5dv_sw_parsing_caps" has member "sw_parsing_offloads" with dependencies libmlx5, libibverbs: YES 
Checking whether type "struct ibv_counter_set_init_attr" has member "counter_set_id" with dependencies libmlx5, libibverbs: NO 
Checking whether type "struct ibv_counters_init_attr" has member "comp_mask" with dependencies libmlx5, libibverbs: YES 
Checking whether type "struct mlx5dv_devx_uar" has member "mmap_off" with dependencies libmlx5, libibverbs: YES 
Checking whether type "struct mlx5dv_flow_matcher_attr" has member "ft_type" with dependencies libmlx5, libibverbs: YES 
Configuring mlx5_autoconf.h using configuration
Message: drivers/common/mlx5: Defining dependency "common_mlx5"
Message: drivers/common/nfp: Defining dependency "common_nfp"
Message: drivers/common/nitrox: Defining dependency "common_nitrox"
Run-time dependency libcrypto found: YES 3.0.12
Library IPSec_MB found: NO
Message: drivers/common/qat: Defining dependency "common_qat"
Compiler for C supports arguments -Wdisabled-optimization: YES 
Compiler for C supports arguments -Waggregate-return: YES 
Compiler for C supports arguments -Wbad-function-cast: YES 
Compiler for C supports arguments -Wno-sign-compare: YES 
Compiler for C supports arguments -Wno-unused-parameter: YES 
Compiler for C supports arguments -Wno-unused-variable: YES 
Compiler for C supports arguments -Wno-empty-body: YES 
Compiler for C supports arguments -Wno-unused-but-set-variable: YES 
Message: drivers/common/zsda: Defining dependency "common_zsda"
Message: drivers/mempool/bucket: Defining dependency "mempool_bucket"
Message: drivers/mempool/cnxk: Defining dependency "mempool_cnxk"
Message: drivers/mempool/dpaa: Defining dependency "mempool_dpaa"
Message: drivers/mempool/dpaa2: Defining dependency "mempool_dpaa2"
Message: drivers/mempool/octeontx: Defining dependency "mempool_octeontx"
Message: drivers/mempool/ring: Defining dependency "mempool_ring"
Message: drivers/mempool/stack: Defining dependency "mempool_stack"
Compiler for C supports arguments -Wno-uninitialized: YES 
Message: drivers/dma/cnxk: Defining dependency "dma_cnxk"
Compiler for C supports arguments -Wno-pointer-arith: YES (cached)
Message: drivers/dma/dpaa: Defining dependency "dma_dpaa"
Compiler for C supports arguments -Wno-pointer-arith: YES (cached)
Message: drivers/dma/dpaa2: Defining dependency "dma_dpaa2"
Message: drivers/dma/odm: Defining dependency "dma_odm"
Message: drivers/dma/skeleton: Defining dependency "dma_skeleton"
Message: drivers/net/af_packet: Defining dependency "net_af_packet"
Run-time dependency libxdp found: NO (tried pkgconfig)
Run-time dependency libbpf found: YES 1.2.2
Has header "linux/if_xdp.h" : YES 
Has header "bpf/xsk.h" : NO 
Message: drivers/net/ark: Defining dependency "net_ark"
Message: drivers/net/atlantic: Defining dependency "net_atlantic"
Message: drivers/net/avp: Defining dependency "net_avp"
Message: drivers/net/axgbe: Defining dependency "net_axgbe"
Run-time dependency zlib found: YES 1.2.13
Message: drivers/net/bnx2x: Defining dependency "net_bnx2x"
Compiler for C supports arguments -DSUPPORT_CFA_HW_P70=1: YES 
Compiler for C supports arguments -DSUPPORT_CFA_HW_P70=1: YES (cached)
Compiler for C supports arguments -DCFA_BLD_PRINT_OBJ=1: YES 
Message: drivers/net/bnxt: Defining dependency "net_bnxt"
Message: drivers/net/bonding: Defining dependency "net_bond"
Compiler for C supports arguments -flax-vector-conversions: YES 
Compiler for C supports arguments -Wno-strict-aliasing: YES 
Message: drivers/net/cnxk: Defining dependency "net_cnxk"
Message: drivers/net/cxgbe: Defining dependency "net_cxgbe"
Compiler for C supports arguments -Wno-pointer-arith: YES (cached)
Message: drivers/net/dpaa: Defining dependency "net_dpaa"
Message: drivers/net/dpaa2: Defining dependency "net_dpaa2"
Message: drivers/net/ena: Defining dependency "net_ena"
Message: drivers/net/enetc: Defining dependency "net_enetc"
Message: drivers/net/enetfec: Defining dependency "net_enetfec"
Message: drivers/net/enic: Defining dependency "net_enic"
Message: drivers/net/failsafe: Defining dependency "net_failsafe"
Message: drivers/net/gve: Defining dependency "net_gve"
Message: drivers/net/hinic: Defining dependency "net_hinic"
Message: drivers/net/intel/e1000: Defining dependency "net_e1000"
Message: drivers/net/intel/fm10k: Defining dependency "net_fm10k"
Message: drivers/net/intel/iavf: Defining dependency "net_iavf"
Compiler for C supports arguments -Wno-unused-but-set-variable: YES (cached)
Compiler for C supports arguments -Wno-unused-parameter: YES (cached)
Compiler for C supports arguments -Wno-array-bounds: YES 
Message: drivers/net/intel/ice: Defining dependency "net_ice"
Message: drivers/net/intel/idpf: Defining dependency "net_idpf"
Message: drivers/net/intel/ixgbe: Defining dependency "net_ixgbe"
Message: drivers/net/intel/cpfl: Defining dependency "net_cpfl"
Message: drivers/net/ionic: Defining dependency "net_ionic"
Message: drivers/net/memif: Defining dependency "net_memif"
Run-time dependency libmlx4 found: YES 1.0.54.0
Dependency libibverbs found: YES 1.14.54.0 (cached)
Compiler for C supports arguments -std=c11: YES (cached)
Compiler for C supports arguments -Wno-strict-prototypes: YES (cached)
Compiler for C supports arguments -D_BSD_SOURCE: YES (cached)
Compiler for C supports arguments -D_DEFAULT_SOURCE: YES (cached)
Compiler for C supports arguments -D_XOPEN_SOURCE=600: YES (cached)
Header "infiniband/mlx4dv.h" has symbol "MLX4DV_SET_CTX_ATTR_BUF_ALLOCATORS" with dependencies libmlx4, libibverbs: YES 
Header "infiniband/mlx4dv.h" has symbol "MLX4DV_QP_MASK_UAR_MMAP_OFFSET" with dependencies libmlx4, libibverbs: YES 
Checking whether type "struct mlx4_wqe_lso_seg" has member "mss_hdr_size" with dependencies libmlx4, libibverbs: YES 
Configuring mlx4_autoconf.h using configuration
Message: drivers/net/mlx4: Defining dependency "net_mlx4"
Compiler for C supports arguments -std=c11: YES (cached)
Compiler for C supports arguments -Wno-strict-prototypes: YES (cached)
Compiler for C supports arguments -D_BSD_SOURCE: YES (cached)
Compiler for C supports arguments -D_DEFAULT_SOURCE: YES (cached)
Compiler for C supports arguments -D_XOPEN_SOURCE=600: YES (cached)
Message: drivers/net/mlx5: Defining dependency "net_mlx5"
Run-time dependency libmusdk found: NO (tried pkgconfig)
Run-time dependency libmusdk found: NO (tried pkgconfig)
Message: drivers/net/nbl: Defining dependency "net_nbl"
Message: drivers/net/netvsc: Defining dependency "net_netvsc"
Run-time dependency netcope-common found: NO (tried pkgconfig)
Message: drivers/net/nfp: Defining dependency "net_nfp"
Message: drivers/net/ngbe: Defining dependency "net_ngbe"
Message: drivers/net/null: Defining dependency "net_null"
Message: drivers/net/octeontx: Defining dependency "net_octeontx"
Compiler for C supports arguments -Wno-strict-aliasing: YES (cached)
Compiler for C supports arguments -flax-vector-conversions: YES (cached)
Message: drivers/net/octeon_ep: Defining dependency "net_octeon_ep"
Message: drivers/net/pcap: Defining dependency "net_pcap"
Compiler for C supports arguments -Wno-pointer-arith: YES (cached)
Message: drivers/net/pfe: Defining dependency "net_pfe"
Compiler for C supports arguments -Wno-unused-parameter: YES (cached)
Compiler for C supports arguments -Wno-sign-compare: YES (cached)
Compiler for C supports arguments -Wno-missing-prototypes: YES 
Compiler for C supports arguments -Wno-cast-qual: YES (cached)
Compiler for C supports arguments -Wno-unused-function: YES 
Compiler for C supports arguments -Wno-unused-variable: YES (cached)
Compiler for C supports arguments -Wno-strict-aliasing: YES (cached)
Compiler for C supports arguments -Wno-missing-prototypes: YES (cached)
Compiler for C supports arguments -Wno-unused-value: YES 
Compiler for C supports arguments -Wno-format-nonliteral: YES 
Compiler for C supports arguments -Wno-shift-negative-value: YES 
Compiler for C supports arguments -Wno-unused-but-set-variable: YES (cached)
Compiler for C supports arguments -Wno-missing-declarations: YES 
Compiler for C supports arguments -Wno-maybe-uninitialized: YES 
Compiler for C supports arguments -Wno-strict-prototypes: YES (cached)
Compiler for C supports arguments -Wno-shift-negative-value: YES (cached)
Compiler for C supports arguments -Wno-implicit-fallthrough: YES 
Compiler for C supports arguments -Wno-format-extra-args: YES 
Compiler for C supports arguments -Wno-visibility: NO 
Compiler for C supports arguments -Wno-empty-body: YES (cached)
Compiler for C supports arguments -Wno-invalid-source-encoding: NO 
Compiler for C supports arguments -Wno-sometimes-uninitialized: NO 
Compiler for C supports arguments -Wno-pointer-bool-conversion: NO 
Compiler for C supports arguments -Wno-format-nonliteral: YES (cached)
Message: drivers/net/qede: Defining dependency "net_qede"
Message: drivers/net/r8169: Defining dependency "net_r8169"
Message: drivers/net/ring: Defining dependency "net_ring"
Message: drivers/net/rnp: Defining dependency "net_rnp"
Message: drivers/net/softnic: Defining dependency "net_softnic"
Header "linux/pkt_cls.h" has symbol "TCA_FLOWER_ACT" : YES 
Dependency libbpf found: YES 1.2.2 (cached)
Program bpftool /usr/sbin/bpftool found: NO
Message: net/tap: no RSS support missing bpftool
Message: drivers/net/tap: Defining dependency "net_tap"
Compiler for C supports arguments -fno-prefetch-loop-arrays: YES 
Compiler for C supports arguments -Wno-maybe-uninitialized: YES (cached)
Message: drivers/net/thunderx: Defining dependency "net_thunderx"
Message: drivers/net/txgbe: Defining dependency "net_txgbe"
Compiler for C supports arguments -D_BSD_SOURCE: YES (cached)
Compiler for C supports arguments -D_DEFAULT_SOURCE: YES (cached)
Compiler for C supports arguments -D_XOPEN_SOURCE=600: YES (cached)
Message: drivers/net/vdev_netvsc: Defining dependency "net_vdev_netvsc"
Message: drivers/net/vhost: Defining dependency "net_vhost"
Message: drivers/net/virtio: Defining dependency "net_virtio"
Compiler for C supports arguments -Wno-unused-parameter: YES (cached)
Compiler for C supports arguments -Wno-unused-value: YES (cached)
Compiler for C supports arguments -Wno-strict-aliasing: YES (cached)
Compiler for C supports arguments -Wno-format-extra-args: YES (cached)
Message: drivers/net/vmxnet3: Defining dependency "net_vmxnet3"
Message: drivers/net/xsc: Defining dependency "net_xsc"
Message: drivers/net/zxdh: Defining dependency "net_zxdh"
Message: drivers/raw/cnxk_bphy: Defining dependency "raw_cnxk_bphy"
Message: drivers/raw/cnxk_gpio: Defining dependency "raw_cnxk_gpio"
Message: drivers/raw/cnxk_rvu_lf: Defining dependency "raw_cnxk_rvu_lf"
Message: drivers/raw/dpaa2_cmdif: Defining dependency "raw_dpaa2_cmdif"
Message: drivers/raw/gdtc: Defining dependency "raw_gdtc"
Message: drivers/raw/ntb: Defining dependency "raw_ntb"
Message: drivers/raw/skeleton: Defining dependency "raw_skeleton"
Run-time dependency libaarch64crypto found: NO (tried pkgconfig)
Message: drivers/crypto/bcmfs: Defining dependency "crypto_bcmfs"
Message: drivers/crypto/caam_jr: Defining dependency "crypto_caam_jr"
Dependency libcrypto found: YES 3.0.12 (cached)
Message: drivers/crypto/ccp: Defining dependency "crypto_ccp"
Message: drivers/crypto/cnxk: Defining dependency "crypto_cnxk"
Message: drivers/crypto/dpaa_sec: Defining dependency "crypto_dpaa_sec"
Message: drivers/crypto/dpaa2_sec: Defining dependency "crypto_dpaa2_sec"
Message: drivers/crypto/ionic: Defining dependency "crypto_ionic"
Library IPSec_MB found: NO
Compiler for C supports arguments -std=c11: YES (cached)
Compiler for C supports arguments -Wno-strict-prototypes: YES (cached)
Compiler for C supports arguments -D_BSD_SOURCE: YES (cached)
Compiler for C supports arguments -D_DEFAULT_SOURCE: YES (cached)
Compiler for C supports arguments -D_XOPEN_SOURCE=600: YES (cached)
Message: drivers/crypto/mlx5: Defining dependency "crypto_mlx5"
Run-time dependency libmusdk found: NO (tried pkgconfig)
Message: drivers/crypto/nitrox: Defining dependency "crypto_nitrox"
Message: drivers/crypto/null: Defining dependency "crypto_null"
Message: drivers/crypto/octeontx: Defining dependency "crypto_octeontx"
Dependency libcrypto found: YES 3.0.12 (cached)
Message: drivers/crypto/openssl: Defining dependency "crypto_openssl"
Message: drivers/crypto/scheduler: Defining dependency "crypto_scheduler"
Run-time dependency libwd_crypto found: NO (tried pkgconfig)
Run-time dependency libwd found: NO (tried pkgconfig)
Message: drivers/crypto/virtio: Defining dependency "crypto_virtio"
Run-time dependency libisal found: NO (tried pkgconfig)
Compiler for C supports arguments -std=c11: YES (cached)
Compiler for C supports arguments -Wno-strict-prototypes: YES (cached)
Compiler for C supports arguments -D_BSD_SOURCE: YES (cached)
Compiler for C supports arguments -D_DEFAULT_SOURCE: YES (cached)
Compiler for C supports arguments -D_XOPEN_SOURCE=600: YES (cached)
Message: drivers/compress/mlx5: Defining dependency "compress_mlx5"
Message: drivers/compress/nitrox: Defining dependency "compress_nitrox"
Message: drivers/compress/octeontx: Defining dependency "compress_octeontx"
Run-time dependency libwd_comp found: NO (tried pkgconfig)
Run-time dependency libwd found: NO (tried pkgconfig)
Dependency zlib found: YES 1.2.13 (cached)
Message: drivers/compress/zlib: Defining dependency "compress_zlib"
Compiler for C supports arguments -std=c11: YES (cached)
Compiler for C supports arguments -Wno-strict-prototypes: YES (cached)
Compiler for C supports arguments -D_BSD_SOURCE: YES (cached)
Compiler for C supports arguments -D_DEFAULT_SOURCE: YES (cached)
Compiler for C supports arguments -D_XOPEN_SOURCE=600: YES (cached)
Message: drivers/regex/mlx5: Defining dependency "regex_mlx5"
Message: drivers/regex/cn9k: Defining dependency "regex_cn9k"
Message: drivers/ml/cnxk: libarchive not found
Message: drivers/ml/cnxk: jansson not found
Found CMake: /usr/bin/cmake (3.30.5)
Run-time dependency dlpack found: NO (tried cmake)
Message: drivers/ml/cnxk: dlpack not found
Run-time dependency dmlc found: NO (tried cmake)
Message: drivers/ml/cnxk: dmlc not found
Run-time dependency tvm found: NO (tried cmake)
Message: drivers/ml/cnxk: tvm_runtime not found
Run-time dependency tvmdp found: NO (tried pkgconfig)
Message: drivers/ml/cnxk: tvmdp not found
Message: drivers/ml/cnxk: Disabled TVM model support
Message: drivers/ml/cnxk: Defining dependency "ml_cnxk"
Message: drivers/vdpa/ifc: Defining dependency "vdpa_ifc"
Compiler for C supports arguments -std=c11: YES (cached)
Compiler for C supports arguments -Wno-strict-prototypes: YES (cached)
Compiler for C supports arguments -D_BSD_SOURCE: YES (cached)
Compiler for C supports arguments -D_DEFAULT_SOURCE: YES (cached)
Compiler for C supports arguments -D_XOPEN_SOURCE=600: YES (cached)
Message: drivers/vdpa/mlx5: Defining dependency "vdpa_mlx5"
Message: drivers/vdpa/nfp: Defining dependency "vdpa_nfp"
Compiler for C supports arguments -flax-vector-conversions: YES (cached)
Compiler for C supports arguments -Wno-strict-aliasing: YES (cached)
Message: drivers/event/cnxk: Defining dependency "event_cnxk"
Message: drivers/event/dpaa: Defining dependency "event_dpaa"
Message: drivers/event/dpaa2: Defining dependency "event_dpaa2"
Compiler for C supports arguments -Wno-format-nonliteral: YES (cached)
Message: drivers/event/dsw: Defining dependency "event_dsw"
Message: drivers/event/octeontx: Defining dependency "event_octeontx"
Message: drivers/event/opdl: Defining dependency "event_opdl"
Message: drivers/event/skeleton: Defining dependency "event_skeleton"
Message: drivers/event/sw: Defining dependency "event_sw"
Run-time dependency flexran_sdk_ldpc_decoder_5gnr found: NO (tried pkgconfig and cmake)
Message: drivers/baseband/acc: Defining dependency "baseband_acc"
Message: drivers/baseband/fpga_5gnr_fec: Defining dependency "baseband_fpga_5gnr_fec"
Message: drivers/baseband/fpga_lte_fec: Defining dependency "baseband_fpga_lte_fec"
Message: drivers/baseband/la12xx: Defining dependency "baseband_la12xx"
Message: drivers/baseband/null: Defining dependency "baseband_null"
Run-time dependency flexran_sdk_turbo found: NO (tried pkgconfig and cmake)
Run-time dependency flexran_sdk_ldpc_decoder_5gnr found: NO (tried pkgconfig and cmake)
Message: drivers/baseband/turbo_sw: Defining dependency "baseband_turbo_sw"
Has header "cuda.h" : NO 
Message: drivers/power/acpi: Defining dependency "power_acpi"
Message: drivers/power/amd_pstate: Defining dependency "power_amd_pstate"
Library e_smi64 found: NO
Message: drivers/power/cppc: Defining dependency "power_cppc"
Message: drivers/power/intel_pstate: Defining dependency "power_intel_pstate"
Message: drivers/power/intel_uncore: Defining dependency "power_intel_uncore"
Message: drivers/power/kvm_vm: Defining dependency "power_kvm_vm"
Has header "sys/epoll.h" : YES 
Dependency zlib found: YES 1.2.13 (cached)
Run-time dependency pcap found: YES 1.10.4
Compiler for C supports arguments -fno-strict-aliasing: YES (cached)
Program clang found: YES (/usr/bin/clang)
Program xxd found: YES (/usr/bin/xxd)
Message: hugepage availability: true
Program test_telemetry.sh found: YES (/home/loongson/.dpdk/dpdk/app/test/suites/test_telemetry.sh)
Program doxygen found: NO
Program sphinx-build found: NO
Configuring rte_build_config.h using configuration
Message: 
=================
Applications Enabled
=================

apps:
	dumpcap, graph, pdump, proc-info, test-acl, test-bbdev, test-cmdline, test-compress-perf, 
	test-crypto-perf, test-dma-perf, test-eventdev, test-fib, test-flow-perf, test-gpudev, test-mldev, test-pipeline, 
	test-pmd, test-regex, test-sad, test-security-perf, test, 

Message: 
=================
Libraries Enabled
=================

libs:
	log, kvargs, argparse, telemetry, pmu, eal, ptr_compress, ring, 
	rcu, mempool, mbuf, net, meter, ethdev, pci, cmdline, 
	metrics, hash, timer, acl, bbdev, bitratestats, bpf, cfgfile, 
	compressdev, cryptodev, distributor, dmadev, efd, eventdev, dispatcher, gpudev, 
	gro, gso, ip_frag, jobstats, latencystats, lpm, member, pcapng, 
	power, rawdev, regexdev, mldev, rib, reorder, sched, security, 
	stack, vhost, ipsec, pdcp, fib, port, pdump, table, 
	pipeline, graph, node, 

Message: 
===============
Drivers Enabled
===============

common:
	cpt, dpaax, ionic, octeontx, cnxk, mlx5, nfp, nitrox, 
	qat, zsda, 
bus:
	auxiliary, cdx, dpaa, fslmc, ifpga, pci, platform, uacce, 
	vdev, vmbus, 
mempool:
	bucket, cnxk, dpaa, dpaa2, octeontx, ring, stack, 
dma:
	cnxk, dpaa, dpaa2, odm, skeleton, 
net:
	af_packet, ark, atlantic, avp, axgbe, bnx2x, bnxt, bond, 
	cnxk, cxgbe, dpaa, dpaa2, ena, enetc, enetfec, enic, 
	failsafe, gve, hinic, e1000, fm10k, iavf, ice, idpf, 
	ixgbe, cpfl, ionic, memif, mlx4, mlx5, nbl, netvsc, 
	nfp, ngbe, null, octeontx, octeon_ep, pcap, pfe, qede, 
	r8169, ring, rnp, softnic, tap, thunderx, txgbe, vdev_netvsc, 
	vhost, virtio, vmxnet3, xsc, zxdh, 
raw:
	cnxk_bphy, cnxk_gpio, cnxk_rvu_lf, dpaa2_cmdif, gdtc, ntb, skeleton, 
crypto:
	bcmfs, caam_jr, ccp, cnxk, dpaa_sec, dpaa2_sec, ionic, mlx5, 
	nitrox, null, octeontx, openssl, scheduler, virtio, 
compress:
	mlx5, nitrox, octeontx, zlib, 
regex:
	mlx5, cn9k, 
ml:
	cnxk, 
vdpa:
	ifc, mlx5, nfp, 
event:
	cnxk, dpaa, dpaa2, dsw, octeontx, opdl, skeleton, sw, 
	
baseband:
	acc, fpga_5gnr_fec, fpga_lte_fec, la12xx, null, turbo_sw, 
gpu:
	
power:
	acpi, amd_pstate, cppc, intel_pstate, intel_uncore, kvm_vm, 

Message: 
=================
Content Skipped
=================

apps:
	
libs:
	
drivers:
	common/mvep:	missing dependency, "libmusdk"
	common/sfc_efx:	only supported on x86_64 and aarch64
	dma/hisi_acc:	only supported on x86_64 and aarch64
	dma/hisi_pciep:	only supported on x86_64 and aarch64
	dma/idxd:	only supported on x86
	dma/ioat:	only supported on x86
	net/af_xdp:	missing dependency, "libxdp >=1.2.2" and "libbpf"
	net/hinic3:	only supported on x86_64 and aarch64
	net/hns3:	only supported on x86_64 and aarch64
	net/intel/i40e:	not supported on LoongArch
	net/intel/ipn3ke:	missing dependency, "libfdt"
	net/mana:	only supported on x86 or arm64 Linux
	net/mvneta:	missing dependency, "libmusdk"
	net/mvpp2:	missing dependency, "libmusdk"
	net/nfb:	missing dependency, "libnfb"
	net/ntnic:	only supported on x86_64 Linux
	net/sfc:	only supported on x86_64 and aarch64
	raw/ifpga:	missing dependency, "libfdt"
	crypto/armv8:	missing dependency, "libAArch64crypto"
	crypto/ipsec_mb:	missing dependency, "libIPSec_MB"
	crypto/mvsam:	missing dependency, "libmusdk"
	crypto/uadk:	missing dependency, "libwd"
	compress/isal:	missing dependency, "libisal"
	compress/uadk:	missing dependency, "libwd"
	vdpa/sfc:	only supported on x86_64 and aarch64
	event/dlb2:	only supported on x86_64 Linux
	gpu/cuda:	missing dependency, "cuda.h"
	power/amd_uncore:	missing dependency, "libe_smi"
	

Message: DPDK build config complete:
  source path = "/home/loongson/.dpdk/dpdk"
  build path  = "/home/loongson/.dpdk/dpdk/build"
Build targets in project: 1080

Found ninja-1.11.1 at /usr/bin/ninja
WARNING: Running the setup command as `meson [options]` instead of `meson setup [options]` is ambiguous and deprecated.
meson & ninja build pass
finding context: loongarch-compilation for 162762 ...
contexts for 162762: "checkpatch" "loongarch-compilation" "loongarch-unit-testing" "github-robot: build"
test report for 162762 from loongarch-compilation existed!
send test report for series 37785 to John McNamara <john.mcnamara@intel.com>
touch: cannot touch '/home/loongson/.dpdk/dpdk-ci/tools/../reports/162762_report.txt': No such file or directory
2026-03-27T03:40:02
https://patches.dpdk.org/api/events/?category=series-completed&page=1&since=2026-03-27T03:40:02
fetched series ids: 37785 37784 37783 37782 37781 37780 37779 37778 
2026-03-28T12:50:03 /home/loongson/.dpdk/dpdk-ci/tools/test-series.sh 37785
download-series.sh: request https://patches.dpdk.org/api/series/37785
pwid(s) for series 37785: 162762 
The number of patch(es) is: 1
/home/loongson/.dpdk/dpdk-ci/tools/../series/37785/162762.patch lines: 147
download series done!
list trees for series 37785: dpdk
try to apply on dpdk ...
Switched to branch 'unused'
Deleted branch main (was 626d4e3932).
Switched to a new branch 'main'
branch 'main' set up to track 'origin/main'.
need to update git base
Already up to date.
Deleted branch s-37785 (was 781b88aaa7).
Switched to a new branch 's-37785'
Applying: doc: update release notes for 26.03
Insert one base commit: 37785 626d4e39327333cd5508885162e45ca7fb94ef7f
The Meson build system
Version: 1.4.1
Source dir: /home/loongson/.dpdk/dpdk
Build dir: /home/loongson/.dpdk/dpdk/build
Build type: native build
Project name: DPDK
Project version: 26.03.0-rc3
C compiler for the host machine: cc (gcc 12.3.0 "cc (GCC) 12.3.0 20230508 (Loongnix OS 12.3.0-10)")
C linker for the host machine: cc ld.bfd 2.41-5
Host machine cpu family: loongarch64
Host machine cpu: loongarch64
Message: ## Building in Developer Mode ##
Program pkg-config found: YES (/usr/bin/pkg-config)
Program check-symbols.sh found: YES (/home/loongson/.dpdk/dpdk/buildtools/check-symbols.sh)
Program options-ibverbs-static.sh found: YES (/home/loongson/.dpdk/dpdk/buildtools/options-ibverbs-static.sh)
Program python3 found: YES (/usr/bin/python3)
Program python3 (elftools) found: YES (/usr/bin/python3) modules: elftools
Message: Minimum Meson required version is 0.57.2
Program cat found: YES (/usr/bin/cat)
Compiler for C supports arguments -march=native: YES 
Checking for size of "void *" : 8 
Checking for size of "void *" : 8 (cached)
Compiler for C supports link arguments -Wl,--undefined-version: YES 
Library m found: YES
Library numa found: YES
Has header "numaif.h" : YES 
Library fdt found: NO
Library execinfo found: NO
Has header "execinfo.h" : YES 
Found pkg-config: YES (/usr/bin/pkg-config) 1.9.5
Run-time dependency libarchive found: NO (tried pkgconfig)
Run-time dependency libbsd found: NO (tried pkgconfig)
Run-time dependency jansson found: NO (tried pkgconfig)
Run-time dependency openssl found: YES 3.0.12
Run-time dependency libpcap found: YES 1.10.4
Has header "pcap.h" with dependency libpcap: YES 
Compiler for C supports arguments -Wvla: YES 
Compiler for C supports arguments -Wno-shadow: YES 
Compiler for C supports arguments -Wno-comma: NO 
Compiler for C supports arguments -Wcast-qual: YES 
Compiler for C supports arguments -Wcomma: NO 
Compiler for C supports arguments -Wdeprecated: YES 
Compiler for C supports arguments -Wformat: YES 
Compiler for C supports arguments -Wformat-nonliteral: YES 
Compiler for C supports arguments -Wformat-security: YES 
Compiler for C supports arguments -Wmissing-declarations: YES 
Compiler for C supports arguments -Wmissing-prototypes: YES 
Compiler for C supports arguments -Wnested-externs: YES 
Compiler for C supports arguments -Wold-style-definition: YES 
Compiler for C supports arguments -Wpointer-arith: YES 
Compiler for C supports arguments -Wshadow: YES 
Compiler for C supports arguments -Wsign-compare: YES 
Compiler for C supports arguments -Wstrict-prototypes: YES 
Compiler for C supports arguments -Wundef: YES 
Compiler for C supports arguments -Wwrite-strings: YES 
Compiler for C supports arguments -Wno-packed-not-aligned: YES 
Compiler for C supports arguments -Wno-missing-field-initializers: YES 
Compiler for C supports arguments -fzero-init-padding-bits=all: NO 
Message: Implementer : Generic loongarch
Message: ['-march=loongarch64']
Message: lib/log: Defining dependency "log"
Message: lib/kvargs: Defining dependency "kvargs"
Message: lib/argparse: Defining dependency "argparse"
Message: lib/telemetry: Defining dependency "telemetry"
Message: lib/pmu: Defining dependency "pmu"
Checking for function "pthread_attr_setaffinity_np" : YES 
Checking for function "getentropy" : NO 
Message: lib/eal: Defining dependency "eal"
Message: lib/ptr_compress: Defining dependency "ptr_compress"
Message: lib/ring: Defining dependency "ring"
Message: lib/rcu: Defining dependency "rcu"
Message: lib/mempool: Defining dependency "mempool"
Message: lib/mbuf: Defining dependency "mbuf"
Message: lib/net: Defining dependency "net"
Message: lib/meter: Defining dependency "meter"
Message: lib/ethdev: Defining dependency "ethdev"
Message: lib/pci: Defining dependency "pci"
Message: lib/cmdline: Defining dependency "cmdline"
Message: lib/metrics: Defining dependency "metrics"
Message: lib/hash: Defining dependency "hash"
Message: lib/timer: Defining dependency "timer"
Message: lib/acl: Defining dependency "acl"
Message: lib/bbdev: Defining dependency "bbdev"
Message: lib/bitratestats: Defining dependency "bitratestats"
Run-time dependency libelf found: YES 0.190
Message: lib/bpf: Defining dependency "bpf"
Message: lib/cfgfile: Defining dependency "cfgfile"
Message: lib/compressdev: Defining dependency "compressdev"
Message: lib/cryptodev: Defining dependency "cryptodev"
Message: lib/distributor: Defining dependency "distributor"
Message: lib/dmadev: Defining dependency "dmadev"
Message: lib/efd: Defining dependency "efd"
Message: lib/eventdev: Defining dependency "eventdev"
Message: lib/dispatcher: Defining dependency "dispatcher"
Message: lib/gpudev: Defining dependency "gpudev"
Message: lib/gro: Defining dependency "gro"
Message: lib/gso: Defining dependency "gso"
Message: lib/ip_frag: Defining dependency "ip_frag"
Message: lib/jobstats: Defining dependency "jobstats"
Message: lib/latencystats: Defining dependency "latencystats"
Message: lib/lpm: Defining dependency "lpm"
Message: lib/member: Defining dependency "member"
Message: lib/pcapng: Defining dependency "pcapng"
Message: lib/power: Defining dependency "power"
Message: lib/rawdev: Defining dependency "rawdev"
Message: lib/regexdev: Defining dependency "regexdev"
Message: lib/mldev: Defining dependency "mldev"
Message: lib/rib: Defining dependency "rib"
Message: lib/reorder: Defining dependency "reorder"
Message: lib/sched: Defining dependency "sched"
Message: lib/security: Defining dependency "security"
Message: lib/stack: Defining dependency "stack"
Has header "linux/userfaultfd.h" : YES 
Compiler for C supports arguments -fno-strict-aliasing: YES 
Compiler for C supports arguments -Wno-address-of-packed-member: YES 
Message: lib/vhost: Defining dependency "vhost"
Message: lib/ipsec: Defining dependency "ipsec"
Message: lib/pdcp: Defining dependency "pdcp"
Message: lib/fib: Defining dependency "fib"
Message: lib/port: Defining dependency "port"
Message: lib/pdump: Defining dependency "pdump"
Message: lib/table: Defining dependency "table"
Message: lib/pipeline: Defining dependency "pipeline"
Message: lib/graph: Defining dependency "graph"
Message: lib/node: Defining dependency "node"
Compiler for C supports arguments -Wno-format-truncation: YES 
Compiler for C supports arguments -Wno-address-of-packed-member: YES (cached)
Message: drivers/common/cpt: Defining dependency "common_cpt"
Compiler for C supports arguments -Wno-cast-qual: YES 
Compiler for C supports arguments -Wno-pointer-arith: YES 
Message: drivers/common/dpaax: Defining dependency "common_dpaax"
Message: drivers/common/ionic: Defining dependency "common_ionic"
Run-time dependency libmusdk found: NO (tried pkgconfig)
Message: drivers/common/octeontx: Defining dependency "common_octeontx"
Message: drivers/bus/auxiliary: Defining dependency "bus_auxiliary"
Message: drivers/bus/cdx: Defining dependency "bus_cdx"
Compiler for C supports arguments -Wno-cast-qual: YES (cached)
Compiler for C supports arguments -Wno-pointer-arith: YES (cached)
Message: drivers/bus/dpaa: Defining dependency "bus_dpaa"
Message: drivers/bus/fslmc: Defining dependency "bus_fslmc"
Message: drivers/bus/ifpga: Defining dependency "bus_ifpga"
Message: drivers/bus/pci: Defining dependency "bus_pci"
Message: drivers/bus/platform: Defining dependency "bus_platform"
Message: drivers/bus/uacce: Defining dependency "bus_uacce"
Message: drivers/bus/vdev: Defining dependency "bus_vdev"
Message: drivers/bus/vmbus: Defining dependency "bus_vmbus"
Message: drivers/common/cnxk: Defining dependency "common_cnxk"
Compiler for C supports arguments -std=c11: YES 
Compiler for C supports arguments -Wno-strict-prototypes: YES 
Compiler for C supports arguments -D_BSD_SOURCE: YES 
Compiler for C supports arguments -D_DEFAULT_SOURCE: YES 
Compiler for C supports arguments -D_XOPEN_SOURCE=600: YES 
Run-time dependency libmlx5 found: YES 1.25.54.0
Run-time dependency libibverbs found: YES 1.14.54.0
Library mtcr_ul found: NO
Header "infiniband/verbs.h" has symbol "IBV_FLOW_SPEC_ESP" with dependencies libmlx5, libibverbs: YES 
Header "infiniband/verbs.h" has symbol "IBV_RX_HASH_IPSEC_SPI" with dependencies libmlx5, libibverbs: YES 
Header "infiniband/verbs.h" has symbol "IBV_ACCESS_RELAXED_ORDERING " with dependencies libmlx5, libibverbs: YES 
Header "infiniband/mlx5dv.h" has symbol "MLX5DV_CQE_RES_FORMAT_CSUM_STRIDX" with dependencies libmlx5, libibverbs: YES 
Header "infiniband/mlx5dv.h" has symbol "MLX5DV_CONTEXT_MASK_TUNNEL_OFFLOADS" with dependencies libmlx5, libibverbs: YES 
Header "infiniband/mlx5dv.h" has symbol "MLX5DV_CONTEXT_FLAGS_MPW_ALLOWED" with dependencies libmlx5, libibverbs: YES 
Header "infiniband/mlx5dv.h" has symbol "MLX5DV_CONTEXT_FLAGS_CQE_128B_COMP" with dependencies libmlx5, libibverbs: YES 
Header "infiniband/mlx5dv.h" has symbol "MLX5DV_CQ_INIT_ATTR_FLAGS_CQE_PAD" with dependencies libmlx5, libibverbs: YES 
Header "infiniband/mlx5dv.h" has symbol "mlx5dv_create_flow_action_packet_reformat" with dependencies libmlx5, libibverbs: YES 
Header "infiniband/verbs.h" has symbol "IBV_FLOW_SPEC_MPLS" with dependencies libmlx5, libibverbs: YES 
Header "infiniband/verbs.h" has symbol "IBV_WQ_FLAGS_PCI_WRITE_END_PADDING" with dependencies libmlx5, libibverbs: YES 
Header "infiniband/verbs.h" has symbol "IBV_WQ_FLAG_RX_END_PADDING" with dependencies libmlx5, libibverbs: NO 
Header "infiniband/mlx5dv.h" has symbol "mlx5dv_query_devx_port" with dependencies libmlx5, libibverbs: NO 
Header "infiniband/mlx5dv.h" has symbol "mlx5dv_query_port" with dependencies libmlx5, libibverbs: YES 
Header "infiniband/mlx5dv.h" has symbol "mlx5dv_dr_action_create_dest_ib_port" with dependencies libmlx5, libibverbs: YES 
Header "infiniband/mlx5dv.h" has symbol "mlx5dv_devx_obj_create" with dependencies libmlx5, libibverbs: YES 
Header "infiniband/mlx5dv.h" has symbol "MLX5DV_FLOW_ACTION_COUNTERS_DEVX" with dependencies libmlx5, libibverbs: YES 
Header "infiniband/mlx5dv.h" has symbol "MLX5DV_FLOW_ACTION_DEFAULT_MISS" with dependencies libmlx5, libibverbs: YES 
Header "infiniband/mlx5dv.h" has symbol "mlx5dv_devx_obj_query_async" with dependencies libmlx5, libibverbs: YES 
Header "infiniband/mlx5dv.h" has symbol "mlx5dv_devx_qp_query" with dependencies libmlx5, libibverbs: YES 
Header "infiniband/mlx5dv.h" has symbol "mlx5dv_pp_alloc" with dependencies libmlx5, libibverbs: YES 
Header "infiniband/mlx5dv.h" has symbol "mlx5dv_dr_action_create_dest_devx_tir" with dependencies libmlx5, libibverbs: YES 
Header "infiniband/mlx5dv.h" has symbol "mlx5dv_devx_get_event" with dependencies libmlx5, libibverbs: YES 
Header "infiniband/mlx5dv.h" has symbol "mlx5dv_dr_action_create_flow_meter" with dependencies libmlx5, libibverbs: YES 
Header "infiniband/mlx5dv.h" has symbol "MLX5_MMAP_GET_NC_PAGES_CMD" with dependencies libmlx5, libibverbs: YES 
Header "infiniband/mlx5dv.h" has symbol "MLX5DV_DR_DOMAIN_TYPE_NIC_RX" with dependencies libmlx5, libibverbs: YES 
Header "infiniband/mlx5dv.h" has symbol "MLX5DV_DR_DOMAIN_TYPE_FDB" with dependencies libmlx5, libibverbs: YES 
Header "infiniband/mlx5dv.h" has symbol "mlx5dv_dr_action_create_push_vlan" with dependencies libmlx5, libibverbs: YES 
Header "infiniband/mlx5dv.h" has symbol "mlx5dv_alloc_var" with dependencies libmlx5, libibverbs: YES 
Header "infiniband/mlx5dv.h" has symbol "MLX5_OPCODE_ENHANCED_MPSW" with dependencies libmlx5, libibverbs: NO 
Header "infiniband/mlx5dv.h" has symbol "MLX5_OPCODE_SEND_EN" with dependencies libmlx5, libibverbs: NO 
Header "infiniband/mlx5dv.h" has symbol "MLX5_OPCODE_WAIT" with dependencies libmlx5, libibverbs: NO 
Header "infiniband/mlx5dv.h" has symbol "MLX5_OPCODE_ACCESS_ASO" with dependencies libmlx5, libibverbs: NO 
Header "linux/if_link.h" has symbol "IFLA_NUM_VF" with dependencies libmlx5, libibverbs: YES 
Header "linux/if_link.h" has symbol "IFLA_EXT_MASK" with dependencies libmlx5, libibverbs: YES 
Header "linux/if_link.h" has symbol "IFLA_PHYS_SWITCH_ID" with dependencies libmlx5, libibverbs: YES 
Header "linux/if_link.h" has symbol "IFLA_PHYS_PORT_NAME" with dependencies libmlx5, libibverbs: YES 
Header "rdma/rdma_netlink.h" has symbol "RDMA_NL_NLDEV" with dependencies libmlx5, libibverbs: YES 
Header "rdma/rdma_netlink.h" has symbol "RDMA_NLDEV_CMD_GET" with dependencies libmlx5, libibverbs: YES 
Header "rdma/rdma_netlink.h" has symbol "RDMA_NLDEV_CMD_PORT_GET" with dependencies libmlx5, libibverbs: YES 
Header "rdma/rdma_netlink.h" has symbol "RDMA_NLDEV_ATTR_DEV_INDEX" with dependencies libmlx5, libibverbs: YES 
Header "rdma/rdma_netlink.h" has symbol "RDMA_NLDEV_ATTR_DEV_NAME" with dependencies libmlx5, libibverbs: YES 
Header "rdma/rdma_netlink.h" has symbol "RDMA_NLDEV_ATTR_PORT_INDEX" with dependencies libmlx5, libibverbs: YES 
Header "rdma/rdma_netlink.h" has symbol "RDMA_NLDEV_ATTR_PORT_STATE" with dependencies libmlx5, libibverbs: YES 
Header "rdma/rdma_netlink.h" has symbol "RDMA_NLDEV_ATTR_NDEV_INDEX" with dependencies libmlx5, libibverbs: YES 
Header "rdma/rdma_netlink.h" has symbol "RDMA_NL_GROUP_NOTIFY" with dependencies libmlx5, libibverbs: NO 
Header "rdma/rdma_netlink.h" has symbol "RDMA_NLDEV_CMD_SYS_GET" with dependencies libmlx5, libibverbs: YES 
Header "rdma/rdma_netlink.h" has symbol "RDMA_NLDEV_SYS_ATTR_MONITOR_MODE" with dependencies libmlx5, libibverbs: NO 
Header "rdma/rdma_netlink.h" has symbol "RDMA_NLDEV_ATTR_EVENT_TYPE" with dependencies libmlx5, libibverbs: NO 
Header "rdma/rdma_netlink.h" has symbol "RDMA_NLDEV_CMD_MONITOR" with dependencies libmlx5, libibverbs: NO 
Header "infiniband/mlx5dv.h" has symbol "mlx5dv_dump_dr_domain" with dependencies libmlx5, libibverbs: YES 
Header "infiniband/mlx5dv.h" has symbol "mlx5dv_dr_action_create_flow_sampler" with dependencies libmlx5, libibverbs: YES 
Header "infiniband/mlx5dv.h" has symbol "mlx5dv_dr_domain_set_reclaim_device_memory" with dependencies libmlx5, libibverbs: YES 
Header "infiniband/mlx5dv.h" has symbol "mlx5dv_dr_action_create_dest_array" with dependencies libmlx5, libibverbs: YES 
Header "linux/devlink.h" has symbol "DEVLINK_GENL_NAME" with dependencies libmlx5, libibverbs: YES 
Header "infiniband/mlx5dv.h" has symbol "mlx5dv_dr_action_create_aso" with dependencies libmlx5, libibverbs: YES 
Header "infiniband/verbs.h" has symbol "INFINIBAND_VERBS_H" with dependencies libmlx5, libibverbs: YES 
Header "infiniband/mlx5dv.h" has symbol "MLX5_WQE_UMR_CTRL_FLAG_INLINE" with dependencies libmlx5, libibverbs: YES 
Header "infiniband/mlx5dv.h" has symbol "mlx5dv_dump_dr_rule" with dependencies libmlx5, libibverbs: YES 
Header "infiniband/mlx5dv.h" has symbol "MLX5DV_DR_ACTION_FLAGS_ASO_CT_DIRECTION_INITIATOR" with dependencies libmlx5, libibverbs: YES 
Header "infiniband/mlx5dv.h" has symbol "mlx5dv_dr_domain_allow_duplicate_rules" with dependencies libmlx5, libibverbs: YES 
Header "infiniband/verbs.h" has symbol "ibv_reg_mr_iova" with dependencies libmlx5, libibverbs: YES 
Header "infiniband/verbs.h" has symbol "ibv_import_device" with dependencies libmlx5, libibverbs: YES 
Header "infiniband/mlx5dv.h" has symbol "mlx5dv_dr_action_create_dest_root_table" with dependencies libmlx5, libibverbs: YES 
Header "infiniband/mlx5dv.h" has symbol "mlx5dv_create_steering_anchor" with dependencies libmlx5, libibverbs: YES 
Header "infiniband/verbs.h" has symbol "ibv_is_fork_initialized" with dependencies libmlx5, libibverbs: YES 
Header "infiniband/mlx5dv.h" has symbol "MLX5DV_CONTEXT_MASK_REG_C0" with dependencies libmlx5, libibverbs: YES 
Header "infiniband/mlx5dv.h" has symbol "MLX5DV_FLOW_ACTION_COUNTERS_DEVX_WITH_OFFSET" with dependencies libmlx5, libibverbs: NO 
Checking whether type "struct mlx5dv_sw_parsing_caps" has member "sw_parsing_offloads" with dependencies libmlx5, libibverbs: YES 
Checking whether type "struct ibv_counter_set_init_attr" has member "counter_set_id" with dependencies libmlx5, libibverbs: NO 
Checking whether type "struct ibv_counters_init_attr" has member "comp_mask" with dependencies libmlx5, libibverbs: YES 
Checking whether type "struct mlx5dv_devx_uar" has member "mmap_off" with dependencies libmlx5, libibverbs: YES 
Checking whether type "struct mlx5dv_flow_matcher_attr" has member "ft_type" with dependencies libmlx5, libibverbs: YES 
Configuring mlx5_autoconf.h using configuration
Message: drivers/common/mlx5: Defining dependency "common_mlx5"
Message: drivers/common/nfp: Defining dependency "common_nfp"
Message: drivers/common/nitrox: Defining dependency "common_nitrox"
Run-time dependency libcrypto found: YES 3.0.12
Library IPSec_MB found: NO
Message: drivers/common/qat: Defining dependency "common_qat"
Compiler for C supports arguments -Wdisabled-optimization: YES 
Compiler for C supports arguments -Waggregate-return: YES 
Compiler for C supports arguments -Wbad-function-cast: YES 
Compiler for C supports arguments -Wno-sign-compare: YES 
Compiler for C supports arguments -Wno-unused-parameter: YES 
Compiler for C supports arguments -Wno-unused-variable: YES 
Compiler for C supports arguments -Wno-empty-body: YES 
Compiler for C supports arguments -Wno-unused-but-set-variable: YES 
Message: drivers/common/zsda: Defining dependency "common_zsda"
Message: drivers/mempool/bucket: Defining dependency "mempool_bucket"
Message: drivers/mempool/cnxk: Defining dependency "mempool_cnxk"
Message: drivers/mempool/dpaa: Defining dependency "mempool_dpaa"
Message: drivers/mempool/dpaa2: Defining dependency "mempool_dpaa2"
Message: drivers/mempool/octeontx: Defining dependency "mempool_octeontx"
Message: drivers/mempool/ring: Defining dependency "mempool_ring"
Message: drivers/mempool/stack: Defining dependency "mempool_stack"
Compiler for C supports arguments -Wno-uninitialized: YES 
Message: drivers/dma/cnxk: Defining dependency "dma_cnxk"
Compiler for C supports arguments -Wno-pointer-arith: YES (cached)
Message: drivers/dma/dpaa: Defining dependency "dma_dpaa"
Compiler for C supports arguments -Wno-pointer-arith: YES (cached)
Message: drivers/dma/dpaa2: Defining dependency "dma_dpaa2"
Message: drivers/dma/odm: Defining dependency "dma_odm"
Message: drivers/dma/skeleton: Defining dependency "dma_skeleton"
Message: drivers/net/af_packet: Defining dependency "net_af_packet"
Run-time dependency libxdp found: NO (tried pkgconfig)
Run-time dependency libbpf found: YES 1.2.2
Has header "linux/if_xdp.h" : YES 
Has header "bpf/xsk.h" : NO 
Message: drivers/net/ark: Defining dependency "net_ark"
Message: drivers/net/atlantic: Defining dependency "net_atlantic"
Message: drivers/net/avp: Defining dependency "net_avp"
Message: drivers/net/axgbe: Defining dependency "net_axgbe"
Run-time dependency zlib found: YES 1.2.13
Message: drivers/net/bnx2x: Defining dependency "net_bnx2x"
Compiler for C supports arguments -DSUPPORT_CFA_HW_P70=1: YES 
Compiler for C supports arguments -DSUPPORT_CFA_HW_P70=1: YES (cached)
Compiler for C supports arguments -DCFA_BLD_PRINT_OBJ=1: YES 
Message: drivers/net/bnxt: Defining dependency "net_bnxt"
Message: drivers/net/bonding: Defining dependency "net_bond"
Compiler for C supports arguments -flax-vector-conversions: YES 
Compiler for C supports arguments -Wno-strict-aliasing: YES 
Message: drivers/net/cnxk: Defining dependency "net_cnxk"
Message: drivers/net/cxgbe: Defining dependency "net_cxgbe"
Compiler for C supports arguments -Wno-pointer-arith: YES (cached)
Message: drivers/net/dpaa: Defining dependency "net_dpaa"
Message: drivers/net/dpaa2: Defining dependency "net_dpaa2"
Message: drivers/net/ena: Defining dependency "net_ena"
Message: drivers/net/enetc: Defining dependency "net_enetc"
Message: drivers/net/enetfec: Defining dependency "net_enetfec"
Message: drivers/net/enic: Defining dependency "net_enic"
Message: drivers/net/failsafe: Defining dependency "net_failsafe"
Message: drivers/net/gve: Defining dependency "net_gve"
Message: drivers/net/hinic: Defining dependency "net_hinic"
Message: drivers/net/intel/e1000: Defining dependency "net_e1000"
Message: drivers/net/intel/fm10k: Defining dependency "net_fm10k"
Message: drivers/net/intel/iavf: Defining dependency "net_iavf"
Compiler for C supports arguments -Wno-unused-but-set-variable: YES (cached)
Compiler for C supports arguments -Wno-unused-parameter: YES (cached)
Compiler for C supports arguments -Wno-array-bounds: YES 
Message: drivers/net/intel/ice: Defining dependency "net_ice"
Message: drivers/net/intel/idpf: Defining dependency "net_idpf"
Message: drivers/net/intel/ixgbe: Defining dependency "net_ixgbe"
Message: drivers/net/intel/cpfl: Defining dependency "net_cpfl"
Message: drivers/net/ionic: Defining dependency "net_ionic"
Message: drivers/net/memif: Defining dependency "net_memif"
Run-time dependency libmlx4 found: YES 1.0.54.0
Dependency libibverbs found: YES 1.14.54.0 (cached)
Compiler for C supports arguments -std=c11: YES (cached)
Compiler for C supports arguments -Wno-strict-prototypes: YES (cached)
Compiler for C supports arguments -D_BSD_SOURCE: YES (cached)
Compiler for C supports arguments -D_DEFAULT_SOURCE: YES (cached)
Compiler for C supports arguments -D_XOPEN_SOURCE=600: YES (cached)
Header "infiniband/mlx4dv.h" has symbol "MLX4DV_SET_CTX_ATTR_BUF_ALLOCATORS" with dependencies libmlx4, libibverbs: YES 
Header "infiniband/mlx4dv.h" has symbol "MLX4DV_QP_MASK_UAR_MMAP_OFFSET" with dependencies libmlx4, libibverbs: YES 
Checking whether type "struct mlx4_wqe_lso_seg" has member "mss_hdr_size" with dependencies libmlx4, libibverbs: YES 
Configuring mlx4_autoconf.h using configuration
Message: drivers/net/mlx4: Defining dependency "net_mlx4"
Compiler for C supports arguments -std=c11: YES (cached)
Compiler for C supports arguments -Wno-strict-prototypes: YES (cached)
Compiler for C supports arguments -D_BSD_SOURCE: YES (cached)
Compiler for C supports arguments -D_DEFAULT_SOURCE: YES (cached)
Compiler for C supports arguments -D_XOPEN_SOURCE=600: YES (cached)
Message: drivers/net/mlx5: Defining dependency "net_mlx5"
Run-time dependency libmusdk found: NO (tried pkgconfig)
Run-time dependency libmusdk found: NO (tried pkgconfig)
Message: drivers/net/nbl: Defining dependency "net_nbl"
Message: drivers/net/netvsc: Defining dependency "net_netvsc"
Run-time dependency netcope-common found: NO (tried pkgconfig)
Message: drivers/net/nfp: Defining dependency "net_nfp"
Message: drivers/net/ngbe: Defining dependency "net_ngbe"
Message: drivers/net/null: Defining dependency "net_null"
Message: drivers/net/octeontx: Defining dependency "net_octeontx"
Compiler for C supports arguments -Wno-strict-aliasing: YES (cached)
Compiler for C supports arguments -flax-vector-conversions: YES (cached)
Message: drivers/net/octeon_ep: Defining dependency "net_octeon_ep"
Message: drivers/net/pcap: Defining dependency "net_pcap"
Compiler for C supports arguments -Wno-pointer-arith: YES (cached)
Message: drivers/net/pfe: Defining dependency "net_pfe"
Compiler for C supports arguments -Wno-unused-parameter: YES (cached)
Compiler for C supports arguments -Wno-sign-compare: YES (cached)
Compiler for C supports arguments -Wno-missing-prototypes: YES 
Compiler for C supports arguments -Wno-cast-qual: YES (cached)
Compiler for C supports arguments -Wno-unused-function: YES 
Compiler for C supports arguments -Wno-unused-variable: YES (cached)
Compiler for C supports arguments -Wno-strict-aliasing: YES (cached)
Compiler for C supports arguments -Wno-missing-prototypes: YES (cached)
Compiler for C supports arguments -Wno-unused-value: YES 
Compiler for C supports arguments -Wno-format-nonliteral: YES 
Compiler for C supports arguments -Wno-shift-negative-value: YES 
Compiler for C supports arguments -Wno-unused-but-set-variable: YES (cached)
Compiler for C supports arguments -Wno-missing-declarations: YES 
Compiler for C supports arguments -Wno-maybe-uninitialized: YES 
Compiler for C supports arguments -Wno-strict-prototypes: YES (cached)
Compiler for C supports arguments -Wno-shift-negative-value: YES (cached)
Compiler for C supports arguments -Wno-implicit-fallthrough: YES 
Compiler for C supports arguments -Wno-format-extra-args: YES 
Compiler for C supports arguments -Wno-visibility: NO 
Compiler for C supports arguments -Wno-empty-body: YES (cached)
Compiler for C supports arguments -Wno-invalid-source-encoding: NO 
Compiler for C supports arguments -Wno-sometimes-uninitialized: NO 
Compiler for C supports arguments -Wno-pointer-bool-conversion: NO 
Compiler for C supports arguments -Wno-format-nonliteral: YES (cached)
Message: drivers/net/qede: Defining dependency "net_qede"
Message: drivers/net/r8169: Defining dependency "net_r8169"
Message: drivers/net/ring: Defining dependency "net_ring"
Message: drivers/net/rnp: Defining dependency "net_rnp"
Message: drivers/net/softnic: Defining dependency "net_softnic"
Header "linux/pkt_cls.h" has symbol "TCA_FLOWER_ACT" : YES 
Dependency libbpf found: YES 1.2.2 (cached)
Program bpftool /usr/sbin/bpftool found: NO
Message: net/tap: no RSS support missing bpftool
Message: drivers/net/tap: Defining dependency "net_tap"
Compiler for C supports arguments -fno-prefetch-loop-arrays: YES 
Compiler for C supports arguments -Wno-maybe-uninitialized: YES (cached)
Message: drivers/net/thunderx: Defining dependency "net_thunderx"
Message: drivers/net/txgbe: Defining dependency "net_txgbe"
Compiler for C supports arguments -D_BSD_SOURCE: YES (cached)
Compiler for C supports arguments -D_DEFAULT_SOURCE: YES (cached)
Compiler for C supports arguments -D_XOPEN_SOURCE=600: YES (cached)
Message: drivers/net/vdev_netvsc: Defining dependency "net_vdev_netvsc"
Message: drivers/net/vhost: Defining dependency "net_vhost"
Message: drivers/net/virtio: Defining dependency "net_virtio"
Compiler for C supports arguments -Wno-unused-parameter: YES (cached)
Compiler for C supports arguments -Wno-unused-value: YES (cached)
Compiler for C supports arguments -Wno-strict-aliasing: YES (cached)
Compiler for C supports arguments -Wno-format-extra-args: YES (cached)
Message: drivers/net/vmxnet3: Defining dependency "net_vmxnet3"
Message: drivers/net/xsc: Defining dependency "net_xsc"
Message: drivers/net/zxdh: Defining dependency "net_zxdh"
Message: drivers/raw/cnxk_bphy: Defining dependency "raw_cnxk_bphy"
Message: drivers/raw/cnxk_gpio: Defining dependency "raw_cnxk_gpio"
Message: drivers/raw/cnxk_rvu_lf: Defining dependency "raw_cnxk_rvu_lf"
Message: drivers/raw/dpaa2_cmdif: Defining dependency "raw_dpaa2_cmdif"
Message: drivers/raw/gdtc: Defining dependency "raw_gdtc"
Message: drivers/raw/ntb: Defining dependency "raw_ntb"
Message: drivers/raw/skeleton: Defining dependency "raw_skeleton"
Run-time dependency libaarch64crypto found: NO (tried pkgconfig)
Message: drivers/crypto/bcmfs: Defining dependency "crypto_bcmfs"
Message: drivers/crypto/caam_jr: Defining dependency "crypto_caam_jr"
Dependency libcrypto found: YES 3.0.12 (cached)
Message: drivers/crypto/ccp: Defining dependency "crypto_ccp"
Message: drivers/crypto/cnxk: Defining dependency "crypto_cnxk"
Message: drivers/crypto/dpaa_sec: Defining dependency "crypto_dpaa_sec"
Message: drivers/crypto/dpaa2_sec: Defining dependency "crypto_dpaa2_sec"
Message: drivers/crypto/ionic: Defining dependency "crypto_ionic"
Library IPSec_MB found: NO
Compiler for C supports arguments -std=c11: YES (cached)
Compiler for C supports arguments -Wno-strict-prototypes: YES (cached)
Compiler for C supports arguments -D_BSD_SOURCE: YES (cached)
Compiler for C supports arguments -D_DEFAULT_SOURCE: YES (cached)
Compiler for C supports arguments -D_XOPEN_SOURCE=600: YES (cached)
Message: drivers/crypto/mlx5: Defining dependency "crypto_mlx5"
Run-time dependency libmusdk found: NO (tried pkgconfig)
Message: drivers/crypto/nitrox: Defining dependency "crypto_nitrox"
Message: drivers/crypto/null: Defining dependency "crypto_null"
Message: drivers/crypto/octeontx: Defining dependency "crypto_octeontx"
Dependency libcrypto found: YES 3.0.12 (cached)
Message: drivers/crypto/openssl: Defining dependency "crypto_openssl"
Message: drivers/crypto/scheduler: Defining dependency "crypto_scheduler"
Run-time dependency libwd_crypto found: NO (tried pkgconfig)
Run-time dependency libwd found: NO (tried pkgconfig)
Message: drivers/crypto/virtio: Defining dependency "crypto_virtio"
Run-time dependency libisal found: NO (tried pkgconfig)
Compiler for C supports arguments -std=c11: YES (cached)
Compiler for C supports arguments -Wno-strict-prototypes: YES (cached)
Compiler for C supports arguments -D_BSD_SOURCE: YES (cached)
Compiler for C supports arguments -D_DEFAULT_SOURCE: YES (cached)
Compiler for C supports arguments -D_XOPEN_SOURCE=600: YES (cached)
Message: drivers/compress/mlx5: Defining dependency "compress_mlx5"
Message: drivers/compress/nitrox: Defining dependency "compress_nitrox"
Message: drivers/compress/octeontx: Defining dependency "compress_octeontx"
Run-time dependency libwd_comp found: NO (tried pkgconfig)
Run-time dependency libwd found: NO (tried pkgconfig)
Dependency zlib found: YES 1.2.13 (cached)
Message: drivers/compress/zlib: Defining dependency "compress_zlib"
Compiler for C supports arguments -std=c11: YES (cached)
Compiler for C supports arguments -Wno-strict-prototypes: YES (cached)
Compiler for C supports arguments -D_BSD_SOURCE: YES (cached)
Compiler for C supports arguments -D_DEFAULT_SOURCE: YES (cached)
Compiler for C supports arguments -D_XOPEN_SOURCE=600: YES (cached)
Message: drivers/regex/mlx5: Defining dependency "regex_mlx5"
Message: drivers/regex/cn9k: Defining dependency "regex_cn9k"
Message: drivers/ml/cnxk: libarchive not found
Message: drivers/ml/cnxk: jansson not found
Found CMake: /usr/bin/cmake (3.30.5)
Run-time dependency dlpack found: NO (tried cmake)
Message: drivers/ml/cnxk: dlpack not found
Run-time dependency dmlc found: NO (tried cmake)
Message: drivers/ml/cnxk: dmlc not found
Run-time dependency tvm found: NO (tried cmake)
Message: drivers/ml/cnxk: tvm_runtime not found
Run-time dependency tvmdp found: NO (tried pkgconfig)
Message: drivers/ml/cnxk: tvmdp not found
Message: drivers/ml/cnxk: Disabled TVM model support
Message: drivers/ml/cnxk: Defining dependency "ml_cnxk"
Message: drivers/vdpa/ifc: Defining dependency "vdpa_ifc"
Compiler for C supports arguments -std=c11: YES (cached)
Compiler for C supports arguments -Wno-strict-prototypes: YES (cached)
Compiler for C supports arguments -D_BSD_SOURCE: YES (cached)
Compiler for C supports arguments -D_DEFAULT_SOURCE: YES (cached)
Compiler for C supports arguments -D_XOPEN_SOURCE=600: YES (cached)
Message: drivers/vdpa/mlx5: Defining dependency "vdpa_mlx5"
Message: drivers/vdpa/nfp: Defining dependency "vdpa_nfp"
Compiler for C supports arguments -flax-vector-conversions: YES (cached)
Compiler for C supports arguments -Wno-strict-aliasing: YES (cached)
Message: drivers/event/cnxk: Defining dependency "event_cnxk"
Message: drivers/event/dpaa: Defining dependency "event_dpaa"
Message: drivers/event/dpaa2: Defining dependency "event_dpaa2"
Compiler for C supports arguments -Wno-format-nonliteral: YES (cached)
Message: drivers/event/dsw: Defining dependency "event_dsw"
Message: drivers/event/octeontx: Defining dependency "event_octeontx"
Message: drivers/event/opdl: Defining dependency "event_opdl"
Message: drivers/event/skeleton: Defining dependency "event_skeleton"
Message: drivers/event/sw: Defining dependency "event_sw"
Run-time dependency flexran_sdk_ldpc_decoder_5gnr found: NO (tried pkgconfig and cmake)
Message: drivers/baseband/acc: Defining dependency "baseband_acc"
Message: drivers/baseband/fpga_5gnr_fec: Defining dependency "baseband_fpga_5gnr_fec"
Message: drivers/baseband/fpga_lte_fec: Defining dependency "baseband_fpga_lte_fec"
Message: drivers/baseband/la12xx: Defining dependency "baseband_la12xx"
Message: drivers/baseband/null: Defining dependency "baseband_null"
Run-time dependency flexran_sdk_turbo found: NO (tried pkgconfig and cmake)
Run-time dependency flexran_sdk_ldpc_decoder_5gnr found: NO (tried pkgconfig and cmake)
Message: drivers/baseband/turbo_sw: Defining dependency "baseband_turbo_sw"
Has header "cuda.h" : NO 
Message: drivers/power/acpi: Defining dependency "power_acpi"
Message: drivers/power/amd_pstate: Defining dependency "power_amd_pstate"
Library e_smi64 found: NO
Message: drivers/power/cppc: Defining dependency "power_cppc"
Message: drivers/power/intel_pstate: Defining dependency "power_intel_pstate"
Message: drivers/power/intel_uncore: Defining dependency "power_intel_uncore"
Message: drivers/power/kvm_vm: Defining dependency "power_kvm_vm"
Has header "sys/epoll.h" : YES 
Dependency zlib found: YES 1.2.13 (cached)
Run-time dependency pcap found: YES 1.10.4
Compiler for C supports arguments -fno-strict-aliasing: YES (cached)
Program clang found: YES (/usr/bin/clang)
Program xxd found: YES (/usr/bin/xxd)
Message: hugepage availability: true
Program test_telemetry.sh found: YES (/home/loongson/.dpdk/dpdk/app/test/suites/test_telemetry.sh)
Program doxygen found: NO
Program sphinx-build found: NO
Configuring rte_build_config.h using configuration
Message: 
=================
Applications Enabled
=================

apps:
	dumpcap, graph, pdump, proc-info, test-acl, test-bbdev, test-cmdline, test-compress-perf, 
	test-crypto-perf, test-dma-perf, test-eventdev, test-fib, test-flow-perf, test-gpudev, test-mldev, test-pipeline, 
	test-pmd, test-regex, test-sad, test-security-perf, test, 

Message: 
=================
Libraries Enabled
=================

libs:
	log, kvargs, argparse, telemetry, pmu, eal, ptr_compress, ring, 
	rcu, mempool, mbuf, net, meter, ethdev, pci, cmdline, 
	metrics, hash, timer, acl, bbdev, bitratestats, bpf, cfgfile, 
	compressdev, cryptodev, distributor, dmadev, efd, eventdev, dispatcher, gpudev, 
	gro, gso, ip_frag, jobstats, latencystats, lpm, member, pcapng, 
	power, rawdev, regexdev, mldev, rib, reorder, sched, security, 
	stack, vhost, ipsec, pdcp, fib, port, pdump, table, 
	pipeline, graph, node, 

Message: 
===============
Drivers Enabled
===============

common:
	cpt, dpaax, ionic, octeontx, cnxk, mlx5, nfp, nitrox, 
	qat, zsda, 
bus:
	auxiliary, cdx, dpaa, fslmc, ifpga, pci, platform, uacce, 
	vdev, vmbus, 
mempool:
	bucket, cnxk, dpaa, dpaa2, octeontx, ring, stack, 
dma:
	cnxk, dpaa, dpaa2, odm, skeleton, 
net:
	af_packet, ark, atlantic, avp, axgbe, bnx2x, bnxt, bond, 
	cnxk, cxgbe, dpaa, dpaa2, ena, enetc, enetfec, enic, 
	failsafe, gve, hinic, e1000, fm10k, iavf, ice, idpf, 
	ixgbe, cpfl, ionic, memif, mlx4, mlx5, nbl, netvsc, 
	nfp, ngbe, null, octeontx, octeon_ep, pcap, pfe, qede, 
	r8169, ring, rnp, softnic, tap, thunderx, txgbe, vdev_netvsc, 
	vhost, virtio, vmxnet3, xsc, zxdh, 
raw:
	cnxk_bphy, cnxk_gpio, cnxk_rvu_lf, dpaa2_cmdif, gdtc, ntb, skeleton, 
crypto:
	bcmfs, caam_jr, ccp, cnxk, dpaa_sec, dpaa2_sec, ionic, mlx5, 
	nitrox, null, octeontx, openssl, scheduler, virtio, 
compress:
	mlx5, nitrox, octeontx, zlib, 
regex:
	mlx5, cn9k, 
ml:
	cnxk, 
vdpa:
	ifc, mlx5, nfp, 
event:
	cnxk, dpaa, dpaa2, dsw, octeontx, opdl, skeleton, sw, 
	
baseband:
	acc, fpga_5gnr_fec, fpga_lte_fec, la12xx, null, turbo_sw, 
gpu:
	
power:
	acpi, amd_pstate, cppc, intel_pstate, intel_uncore, kvm_vm, 

Message: 
=================
Content Skipped
=================

apps:
	
libs:
	
drivers:
	common/mvep:	missing dependency, "libmusdk"
	common/sfc_efx:	only supported on x86_64 and aarch64
	dma/hisi_acc:	only supported on x86_64 and aarch64
	dma/hisi_pciep:	only supported on x86_64 and aarch64
	dma/idxd:	only supported on x86
	dma/ioat:	only supported on x86
	net/af_xdp:	missing dependency, "libxdp >=1.2.2" and "libbpf"
	net/hinic3:	only supported on x86_64 and aarch64
	net/hns3:	only supported on x86_64 and aarch64
	net/intel/i40e:	not supported on LoongArch
	net/intel/ipn3ke:	missing dependency, "libfdt"
	net/mana:	only supported on x86 or arm64 Linux
	net/mvneta:	missing dependency, "libmusdk"
	net/mvpp2:	missing dependency, "libmusdk"
	net/nfb:	missing dependency, "libnfb"
	net/ntnic:	only supported on x86_64 Linux
	net/sfc:	only supported on x86_64 and aarch64
	raw/ifpga:	missing dependency, "libfdt"
	crypto/armv8:	missing dependency, "libAArch64crypto"
	crypto/ipsec_mb:	missing dependency, "libIPSec_MB"
	crypto/mvsam:	missing dependency, "libmusdk"
	crypto/uadk:	missing dependency, "libwd"
	compress/isal:	missing dependency, "libisal"
	compress/uadk:	missing dependency, "libwd"
	vdpa/sfc:	only supported on x86_64 and aarch64
	event/dlb2:	only supported on x86_64 Linux
	gpu/cuda:	missing dependency, "cuda.h"
	power/amd_uncore:	missing dependency, "libe_smi"
	

Message: DPDK build config complete:
  source path = "/home/loongson/.dpdk/dpdk"
  build path  = "/home/loongson/.dpdk/dpdk/build"
Build targets in project: 1080

Found ninja-1.11.1 at /usr/bin/ninja
WARNING: Running the setup command as `meson [options]` instead of `meson setup [options]` is ambiguous and deprecated.
meson & ninja build pass
finding context: loongarch-compilation for 162762 ...
contexts for 162762: "checkpatch" "loongarch-compilation" "loongarch-unit-testing" "github-robot: build"
test report for 162762 from loongarch-compilation existed!
send test report for series 37785 to John McNamara <john.mcnamara@intel.com>
touch: cannot touch '/home/loongson/.dpdk/dpdk-ci/tools/../reports/162762_report.txt': No such file or directory
2026-03-27T03:40:02
https://patches.dpdk.org/api/events/?category=series-completed&page=1&since=2026-03-27T03:40:02
fetched series ids: 37785 37784 37783 37782 37781 37780 37779 37778 
2026-03-28T12:55:03 /home/loongson/.dpdk/dpdk-ci/tools/test-series.sh 37785
download-series.sh: request https://patches.dpdk.org/api/series/37785
pwid(s) for series 37785: 162762 
The number of patch(es) is: 1
/home/loongson/.dpdk/dpdk-ci/tools/../series/37785/162762.patch lines: 147
download series done!
list trees for series 37785: dpdk
try to apply on dpdk ...
Switched to branch 'unused'
Deleted branch main (was 626d4e3932).
Switched to a new branch 'main'
branch 'main' set up to track 'origin/main'.
need to update git base
Already up to date.
Deleted branch s-37785 (was 1658411fdd).
Switched to a new branch 's-37785'
Applying: doc: update release notes for 26.03
Insert one base commit: 37785 626d4e39327333cd5508885162e45ca7fb94ef7f
The Meson build system
Version: 1.4.1
Source dir: /home/loongson/.dpdk/dpdk
Build dir: /home/loongson/.dpdk/dpdk/build
Build type: native build
Project name: DPDK
Project version: 26.03.0-rc3
C compiler for the host machine: cc (gcc 12.3.0 "cc (GCC) 12.3.0 20230508 (Loongnix OS 12.3.0-10)")
C linker for the host machine: cc ld.bfd 2.41-5
Host machine cpu family: loongarch64
Host machine cpu: loongarch64
Message: ## Building in Developer Mode ##
Program pkg-config found: YES (/usr/bin/pkg-config)
Program check-symbols.sh found: YES (/home/loongson/.dpdk/dpdk/buildtools/check-symbols.sh)
Program options-ibverbs-static.sh found: YES (/home/loongson/.dpdk/dpdk/buildtools/options-ibverbs-static.sh)
Program python3 found: YES (/usr/bin/python3)
Program python3 (elftools) found: YES (/usr/bin/python3) modules: elftools
Message: Minimum Meson required version is 0.57.2
Program cat found: YES (/usr/bin/cat)
Compiler for C supports arguments -march=native: YES 
Checking for size of "void *" : 8 
Checking for size of "void *" : 8 (cached)
Compiler for C supports link arguments -Wl,--undefined-version: YES 
Library m found: YES
Library numa found: YES
Has header "numaif.h" : YES 
Library fdt found: NO
Library execinfo found: NO
Has header "execinfo.h" : YES 
Found pkg-config: YES (/usr/bin/pkg-config) 1.9.5
Run-time dependency libarchive found: NO (tried pkgconfig)
Run-time dependency libbsd found: NO (tried pkgconfig)
Run-time dependency jansson found: NO (tried pkgconfig)
Run-time dependency openssl found: YES 3.0.12
Run-time dependency libpcap found: YES 1.10.4
Has header "pcap.h" with dependency libpcap: YES 
Compiler for C supports arguments -Wvla: YES 
Compiler for C supports arguments -Wno-shadow: YES 
Compiler for C supports arguments -Wno-comma: NO 
Compiler for C supports arguments -Wcast-qual: YES 
Compiler for C supports arguments -Wcomma: NO 
Compiler for C supports arguments -Wdeprecated: YES 
Compiler for C supports arguments -Wformat: YES 
Compiler for C supports arguments -Wformat-nonliteral: YES 
Compiler for C supports arguments -Wformat-security: YES 
Compiler for C supports arguments -Wmissing-declarations: YES 
Compiler for C supports arguments -Wmissing-prototypes: YES 
Compiler for C supports arguments -Wnested-externs: YES 
Compiler for C supports arguments -Wold-style-definition: YES 
Compiler for C supports arguments -Wpointer-arith: YES 
Compiler for C supports arguments -Wshadow: YES 
Compiler for C supports arguments -Wsign-compare: YES 
Compiler for C supports arguments -Wstrict-prototypes: YES 
Compiler for C supports arguments -Wundef: YES 
Compiler for C supports arguments -Wwrite-strings: YES 
Compiler for C supports arguments -Wno-packed-not-aligned: YES 
Compiler for C supports arguments -Wno-missing-field-initializers: YES 
Compiler for C supports arguments -fzero-init-padding-bits=all: NO 
Message: Implementer : Generic loongarch
Message: ['-march=loongarch64']
Message: lib/log: Defining dependency "log"
Message: lib/kvargs: Defining dependency "kvargs"
Message: lib/argparse: Defining dependency "argparse"
Message: lib/telemetry: Defining dependency "telemetry"
Message: lib/pmu: Defining dependency "pmu"
Checking for function "pthread_attr_setaffinity_np" : YES 
Checking for function "getentropy" : NO 
Message: lib/eal: Defining dependency "eal"
Message: lib/ptr_compress: Defining dependency "ptr_compress"
Message: lib/ring: Defining dependency "ring"
Message: lib/rcu: Defining dependency "rcu"
Message: lib/mempool: Defining dependency "mempool"
Message: lib/mbuf: Defining dependency "mbuf"
Message: lib/net: Defining dependency "net"
Message: lib/meter: Defining dependency "meter"
Message: lib/ethdev: Defining dependency "ethdev"
Message: lib/pci: Defining dependency "pci"
Message: lib/cmdline: Defining dependency "cmdline"
Message: lib/metrics: Defining dependency "metrics"
Message: lib/hash: Defining dependency "hash"
Message: lib/timer: Defining dependency "timer"
Message: lib/acl: Defining dependency "acl"
Message: lib/bbdev: Defining dependency "bbdev"
Message: lib/bitratestats: Defining dependency "bitratestats"
Run-time dependency libelf found: YES 0.190
Message: lib/bpf: Defining dependency "bpf"
Message: lib/cfgfile: Defining dependency "cfgfile"
Message: lib/compressdev: Defining dependency "compressdev"
Message: lib/cryptodev: Defining dependency "cryptodev"
Message: lib/distributor: Defining dependency "distributor"
Message: lib/dmadev: Defining dependency "dmadev"
Message: lib/efd: Defining dependency "efd"
Message: lib/eventdev: Defining dependency "eventdev"
Message: lib/dispatcher: Defining dependency "dispatcher"
Message: lib/gpudev: Defining dependency "gpudev"
Message: lib/gro: Defining dependency "gro"
Message: lib/gso: Defining dependency "gso"
Message: lib/ip_frag: Defining dependency "ip_frag"
Message: lib/jobstats: Defining dependency "jobstats"
Message: lib/latencystats: Defining dependency "latencystats"
Message: lib/lpm: Defining dependency "lpm"
Message: lib/member: Defining dependency "member"
Message: lib/pcapng: Defining dependency "pcapng"
Message: lib/power: Defining dependency "power"
Message: lib/rawdev: Defining dependency "rawdev"
Message: lib/regexdev: Defining dependency "regexdev"
Message: lib/mldev: Defining dependency "mldev"
Message: lib/rib: Defining dependency "rib"
Message: lib/reorder: Defining dependency "reorder"
Message: lib/sched: Defining dependency "sched"
Message: lib/security: Defining dependency "security"
Message: lib/stack: Defining dependency "stack"
Has header "linux/userfaultfd.h" : YES 
Compiler for C supports arguments -fno-strict-aliasing: YES 
Compiler for C supports arguments -Wno-address-of-packed-member: YES 
Message: lib/vhost: Defining dependency "vhost"
Message: lib/ipsec: Defining dependency "ipsec"
Message: lib/pdcp: Defining dependency "pdcp"
Message: lib/fib: Defining dependency "fib"
Message: lib/port: Defining dependency "port"
Message: lib/pdump: Defining dependency "pdump"
Message: lib/table: Defining dependency "table"
Message: lib/pipeline: Defining dependency "pipeline"
Message: lib/graph: Defining dependency "graph"
Message: lib/node: Defining dependency "node"
Compiler for C supports arguments -Wno-format-truncation: YES 
Compiler for C supports arguments -Wno-address-of-packed-member: YES (cached)
Message: drivers/common/cpt: Defining dependency "common_cpt"
Compiler for C supports arguments -Wno-cast-qual: YES 
Compiler for C supports arguments -Wno-pointer-arith: YES 
Message: drivers/common/dpaax: Defining dependency "common_dpaax"
Message: drivers/common/ionic: Defining dependency "common_ionic"
Run-time dependency libmusdk found: NO (tried pkgconfig)
Message: drivers/common/octeontx: Defining dependency "common_octeontx"
Message: drivers/bus/auxiliary: Defining dependency "bus_auxiliary"
Message: drivers/bus/cdx: Defining dependency "bus_cdx"
Compiler for C supports arguments -Wno-cast-qual: YES (cached)
Compiler for C supports arguments -Wno-pointer-arith: YES (cached)
Message: drivers/bus/dpaa: Defining dependency "bus_dpaa"
Message: drivers/bus/fslmc: Defining dependency "bus_fslmc"
Message: drivers/bus/ifpga: Defining dependency "bus_ifpga"
Message: drivers/bus/pci: Defining dependency "bus_pci"
Message: drivers/bus/platform: Defining dependency "bus_platform"
Message: drivers/bus/uacce: Defining dependency "bus_uacce"
Message: drivers/bus/vdev: Defining dependency "bus_vdev"
Message: drivers/bus/vmbus: Defining dependency "bus_vmbus"
Message: drivers/common/cnxk: Defining dependency "common_cnxk"
Compiler for C supports arguments -std=c11: YES 
Compiler for C supports arguments -Wno-strict-prototypes: YES 
Compiler for C supports arguments -D_BSD_SOURCE: YES 
Compiler for C supports arguments -D_DEFAULT_SOURCE: YES 
Compiler for C supports arguments -D_XOPEN_SOURCE=600: YES 
Run-time dependency libmlx5 found: YES 1.25.54.0
Run-time dependency libibverbs found: YES 1.14.54.0
Library mtcr_ul found: NO
Header "infiniband/verbs.h" has symbol "IBV_FLOW_SPEC_ESP" with dependencies libmlx5, libibverbs: YES 
Header "infiniband/verbs.h" has symbol "IBV_RX_HASH_IPSEC_SPI" with dependencies libmlx5, libibverbs: YES 
Header "infiniband/verbs.h" has symbol "IBV_ACCESS_RELAXED_ORDERING " with dependencies libmlx5, libibverbs: YES 
Header "infiniband/mlx5dv.h" has symbol "MLX5DV_CQE_RES_FORMAT_CSUM_STRIDX" with dependencies libmlx5, libibverbs: YES 
Header "infiniband/mlx5dv.h" has symbol "MLX5DV_CONTEXT_MASK_TUNNEL_OFFLOADS" with dependencies libmlx5, libibverbs: YES 
Header "infiniband/mlx5dv.h" has symbol "MLX5DV_CONTEXT_FLAGS_MPW_ALLOWED" with dependencies libmlx5, libibverbs: YES 
Header "infiniband/mlx5dv.h" has symbol "MLX5DV_CONTEXT_FLAGS_CQE_128B_COMP" with dependencies libmlx5, libibverbs: YES 
Header "infiniband/mlx5dv.h" has symbol "MLX5DV_CQ_INIT_ATTR_FLAGS_CQE_PAD" with dependencies libmlx5, libibverbs: YES 
Header "infiniband/mlx5dv.h" has symbol "mlx5dv_create_flow_action_packet_reformat" with dependencies libmlx5, libibverbs: YES 
Header "infiniband/verbs.h" has symbol "IBV_FLOW_SPEC_MPLS" with dependencies libmlx5, libibverbs: YES 
Header "infiniband/verbs.h" has symbol "IBV_WQ_FLAGS_PCI_WRITE_END_PADDING" with dependencies libmlx5, libibverbs: YES 
Header "infiniband/verbs.h" has symbol "IBV_WQ_FLAG_RX_END_PADDING" with dependencies libmlx5, libibverbs: NO 
Header "infiniband/mlx5dv.h" has symbol "mlx5dv_query_devx_port" with dependencies libmlx5, libibverbs: NO 
Header "infiniband/mlx5dv.h" has symbol "mlx5dv_query_port" with dependencies libmlx5, libibverbs: YES 
Header "infiniband/mlx5dv.h" has symbol "mlx5dv_dr_action_create_dest_ib_port" with dependencies libmlx5, libibverbs: YES 
Header "infiniband/mlx5dv.h" has symbol "mlx5dv_devx_obj_create" with dependencies libmlx5, libibverbs: YES 
Header "infiniband/mlx5dv.h" has symbol "MLX5DV_FLOW_ACTION_COUNTERS_DEVX" with dependencies libmlx5, libibverbs: YES 
Header "infiniband/mlx5dv.h" has symbol "MLX5DV_FLOW_ACTION_DEFAULT_MISS" with dependencies libmlx5, libibverbs: YES 
Header "infiniband/mlx5dv.h" has symbol "mlx5dv_devx_obj_query_async" with dependencies libmlx5, libibverbs: YES 
Header "infiniband/mlx5dv.h" has symbol "mlx5dv_devx_qp_query" with dependencies libmlx5, libibverbs: YES 
Header "infiniband/mlx5dv.h" has symbol "mlx5dv_pp_alloc" with dependencies libmlx5, libibverbs: YES 
Header "infiniband/mlx5dv.h" has symbol "mlx5dv_dr_action_create_dest_devx_tir" with dependencies libmlx5, libibverbs: YES 
Header "infiniband/mlx5dv.h" has symbol "mlx5dv_devx_get_event" with dependencies libmlx5, libibverbs: YES 
Header "infiniband/mlx5dv.h" has symbol "mlx5dv_dr_action_create_flow_meter" with dependencies libmlx5, libibverbs: YES 
Header "infiniband/mlx5dv.h" has symbol "MLX5_MMAP_GET_NC_PAGES_CMD" with dependencies libmlx5, libibverbs: YES 
Header "infiniband/mlx5dv.h" has symbol "MLX5DV_DR_DOMAIN_TYPE_NIC_RX" with dependencies libmlx5, libibverbs: YES 
Header "infiniband/mlx5dv.h" has symbol "MLX5DV_DR_DOMAIN_TYPE_FDB" with dependencies libmlx5, libibverbs: YES 
Header "infiniband/mlx5dv.h" has symbol "mlx5dv_dr_action_create_push_vlan" with dependencies libmlx5, libibverbs: YES 
Header "infiniband/mlx5dv.h" has symbol "mlx5dv_alloc_var" with dependencies libmlx5, libibverbs: YES 
Header "infiniband/mlx5dv.h" has symbol "MLX5_OPCODE_ENHANCED_MPSW" with dependencies libmlx5, libibverbs: NO 
Header "infiniband/mlx5dv.h" has symbol "MLX5_OPCODE_SEND_EN" with dependencies libmlx5, libibverbs: NO 
Header "infiniband/mlx5dv.h" has symbol "MLX5_OPCODE_WAIT" with dependencies libmlx5, libibverbs: NO 
Header "infiniband/mlx5dv.h" has symbol "MLX5_OPCODE_ACCESS_ASO" with dependencies libmlx5, libibverbs: NO 
Header "linux/if_link.h" has symbol "IFLA_NUM_VF" with dependencies libmlx5, libibverbs: YES 
Header "linux/if_link.h" has symbol "IFLA_EXT_MASK" with dependencies libmlx5, libibverbs: YES 
Header "linux/if_link.h" has symbol "IFLA_PHYS_SWITCH_ID" with dependencies libmlx5, libibverbs: YES 
Header "linux/if_link.h" has symbol "IFLA_PHYS_PORT_NAME" with dependencies libmlx5, libibverbs: YES 
Header "rdma/rdma_netlink.h" has symbol "RDMA_NL_NLDEV" with dependencies libmlx5, libibverbs: YES 
Header "rdma/rdma_netlink.h" has symbol "RDMA_NLDEV_CMD_GET" with dependencies libmlx5, libibverbs: YES 
Header "rdma/rdma_netlink.h" has symbol "RDMA_NLDEV_CMD_PORT_GET" with dependencies libmlx5, libibverbs: YES 
Header "rdma/rdma_netlink.h" has symbol "RDMA_NLDEV_ATTR_DEV_INDEX" with dependencies libmlx5, libibverbs: YES 
Header "rdma/rdma_netlink.h" has symbol "RDMA_NLDEV_ATTR_DEV_NAME" with dependencies libmlx5, libibverbs: YES 
Header "rdma/rdma_netlink.h" has symbol "RDMA_NLDEV_ATTR_PORT_INDEX" with dependencies libmlx5, libibverbs: YES 
Header "rdma/rdma_netlink.h" has symbol "RDMA_NLDEV_ATTR_PORT_STATE" with dependencies libmlx5, libibverbs: YES 
Header "rdma/rdma_netlink.h" has symbol "RDMA_NLDEV_ATTR_NDEV_INDEX" with dependencies libmlx5, libibverbs: YES 
Header "rdma/rdma_netlink.h" has symbol "RDMA_NL_GROUP_NOTIFY" with dependencies libmlx5, libibverbs: NO 
Header "rdma/rdma_netlink.h" has symbol "RDMA_NLDEV_CMD_SYS_GET" with dependencies libmlx5, libibverbs: YES 
Header "rdma/rdma_netlink.h" has symbol "RDMA_NLDEV_SYS_ATTR_MONITOR_MODE" with dependencies libmlx5, libibverbs: NO 
Header "rdma/rdma_netlink.h" has symbol "RDMA_NLDEV_ATTR_EVENT_TYPE" with dependencies libmlx5, libibverbs: NO 
Header "rdma/rdma_netlink.h" has symbol "RDMA_NLDEV_CMD_MONITOR" with dependencies libmlx5, libibverbs: NO 
Header "infiniband/mlx5dv.h" has symbol "mlx5dv_dump_dr_domain" with dependencies libmlx5, libibverbs: YES 
Header "infiniband/mlx5dv.h" has symbol "mlx5dv_dr_action_create_flow_sampler" with dependencies libmlx5, libibverbs: YES 
Header "infiniband/mlx5dv.h" has symbol "mlx5dv_dr_domain_set_reclaim_device_memory" with dependencies libmlx5, libibverbs: YES 
Header "infiniband/mlx5dv.h" has symbol "mlx5dv_dr_action_create_dest_array" with dependencies libmlx5, libibverbs: YES 
Header "linux/devlink.h" has symbol "DEVLINK_GENL_NAME" with dependencies libmlx5, libibverbs: YES 
Header "infiniband/mlx5dv.h" has symbol "mlx5dv_dr_action_create_aso" with dependencies libmlx5, libibverbs: YES 
Header "infiniband/verbs.h" has symbol "INFINIBAND_VERBS_H" with dependencies libmlx5, libibverbs: YES 
Header "infiniband/mlx5dv.h" has symbol "MLX5_WQE_UMR_CTRL_FLAG_INLINE" with dependencies libmlx5, libibverbs: YES 
Header "infiniband/mlx5dv.h" has symbol "mlx5dv_dump_dr_rule" with dependencies libmlx5, libibverbs: YES 
Header "infiniband/mlx5dv.h" has symbol "MLX5DV_DR_ACTION_FLAGS_ASO_CT_DIRECTION_INITIATOR" with dependencies libmlx5, libibverbs: YES 
Header "infiniband/mlx5dv.h" has symbol "mlx5dv_dr_domain_allow_duplicate_rules" with dependencies libmlx5, libibverbs: YES 
Header "infiniband/verbs.h" has symbol "ibv_reg_mr_iova" with dependencies libmlx5, libibverbs: YES 
Header "infiniband/verbs.h" has symbol "ibv_import_device" with dependencies libmlx5, libibverbs: YES 
Header "infiniband/mlx5dv.h" has symbol "mlx5dv_dr_action_create_dest_root_table" with dependencies libmlx5, libibverbs: YES 
Header "infiniband/mlx5dv.h" has symbol "mlx5dv_create_steering_anchor" with dependencies libmlx5, libibverbs: YES 
Header "infiniband/verbs.h" has symbol "ibv_is_fork_initialized" with dependencies libmlx5, libibverbs: YES 
Header "infiniband/mlx5dv.h" has symbol "MLX5DV_CONTEXT_MASK_REG_C0" with dependencies libmlx5, libibverbs: YES 
Header "infiniband/mlx5dv.h" has symbol "MLX5DV_FLOW_ACTION_COUNTERS_DEVX_WITH_OFFSET" with dependencies libmlx5, libibverbs: NO 
Checking whether type "struct mlx5dv_sw_parsing_caps" has member "sw_parsing_offloads" with dependencies libmlx5, libibverbs: YES 
Checking whether type "struct ibv_counter_set_init_attr" has member "counter_set_id" with dependencies libmlx5, libibverbs: NO 
Checking whether type "struct ibv_counters_init_attr" has member "comp_mask" with dependencies libmlx5, libibverbs: YES 
Checking whether type "struct mlx5dv_devx_uar" has member "mmap_off" with dependencies libmlx5, libibverbs: YES 
Checking whether type "struct mlx5dv_flow_matcher_attr" has member "ft_type" with dependencies libmlx5, libibverbs: YES 
Configuring mlx5_autoconf.h using configuration
Message: drivers/common/mlx5: Defining dependency "common_mlx5"
Message: drivers/common/nfp: Defining dependency "common_nfp"
Message: drivers/common/nitrox: Defining dependency "common_nitrox"
Run-time dependency libcrypto found: YES 3.0.12
Library IPSec_MB found: NO
Message: drivers/common/qat: Defining dependency "common_qat"
Compiler for C supports arguments -Wdisabled-optimization: YES 
Compiler for C supports arguments -Waggregate-return: YES 
Compiler for C supports arguments -Wbad-function-cast: YES 
Compiler for C supports arguments -Wno-sign-compare: YES 
Compiler for C supports arguments -Wno-unused-parameter: YES 
Compiler for C supports arguments -Wno-unused-variable: YES 
Compiler for C supports arguments -Wno-empty-body: YES 
Compiler for C supports arguments -Wno-unused-but-set-variable: YES 
Message: drivers/common/zsda: Defining dependency "common_zsda"
Message: drivers/mempool/bucket: Defining dependency "mempool_bucket"
Message: drivers/mempool/cnxk: Defining dependency "mempool_cnxk"
Message: drivers/mempool/dpaa: Defining dependency "mempool_dpaa"
Message: drivers/mempool/dpaa2: Defining dependency "mempool_dpaa2"
Message: drivers/mempool/octeontx: Defining dependency "mempool_octeontx"
Message: drivers/mempool/ring: Defining dependency "mempool_ring"
Message: drivers/mempool/stack: Defining dependency "mempool_stack"
Compiler for C supports arguments -Wno-uninitialized: YES 
Message: drivers/dma/cnxk: Defining dependency "dma_cnxk"
Compiler for C supports arguments -Wno-pointer-arith: YES (cached)
Message: drivers/dma/dpaa: Defining dependency "dma_dpaa"
Compiler for C supports arguments -Wno-pointer-arith: YES (cached)
Message: drivers/dma/dpaa2: Defining dependency "dma_dpaa2"
Message: drivers/dma/odm: Defining dependency "dma_odm"
Message: drivers/dma/skeleton: Defining dependency "dma_skeleton"
Message: drivers/net/af_packet: Defining dependency "net_af_packet"
Run-time dependency libxdp found: NO (tried pkgconfig)
Run-time dependency libbpf found: YES 1.2.2
Has header "linux/if_xdp.h" : YES 
Has header "bpf/xsk.h" : NO 
Message: drivers/net/ark: Defining dependency "net_ark"
Message: drivers/net/atlantic: Defining dependency "net_atlantic"
Message: drivers/net/avp: Defining dependency "net_avp"
Message: drivers/net/axgbe: Defining dependency "net_axgbe"
Run-time dependency zlib found: YES 1.2.13
Message: drivers/net/bnx2x: Defining dependency "net_bnx2x"
Compiler for C supports arguments -DSUPPORT_CFA_HW_P70=1: YES 
Compiler for C supports arguments -DSUPPORT_CFA_HW_P70=1: YES (cached)
Compiler for C supports arguments -DCFA_BLD_PRINT_OBJ=1: YES 
Message: drivers/net/bnxt: Defining dependency "net_bnxt"
Message: drivers/net/bonding: Defining dependency "net_bond"
Compiler for C supports arguments -flax-vector-conversions: YES 
Compiler for C supports arguments -Wno-strict-aliasing: YES 
Message: drivers/net/cnxk: Defining dependency "net_cnxk"
Message: drivers/net/cxgbe: Defining dependency "net_cxgbe"
Compiler for C supports arguments -Wno-pointer-arith: YES (cached)
Message: drivers/net/dpaa: Defining dependency "net_dpaa"
Message: drivers/net/dpaa2: Defining dependency "net_dpaa2"
Message: drivers/net/ena: Defining dependency "net_ena"
Message: drivers/net/enetc: Defining dependency "net_enetc"
Message: drivers/net/enetfec: Defining dependency "net_enetfec"
Message: drivers/net/enic: Defining dependency "net_enic"
Message: drivers/net/failsafe: Defining dependency "net_failsafe"
Message: drivers/net/gve: Defining dependency "net_gve"
Message: drivers/net/hinic: Defining dependency "net_hinic"
Message: drivers/net/intel/e1000: Defining dependency "net_e1000"
Message: drivers/net/intel/fm10k: Defining dependency "net_fm10k"
Message: drivers/net/intel/iavf: Defining dependency "net_iavf"
Compiler for C supports arguments -Wno-unused-but-set-variable: YES (cached)
Compiler for C supports arguments -Wno-unused-parameter: YES (cached)
Compiler for C supports arguments -Wno-array-bounds: YES 
Message: drivers/net/intel/ice: Defining dependency "net_ice"
Message: drivers/net/intel/idpf: Defining dependency "net_idpf"
Message: drivers/net/intel/ixgbe: Defining dependency "net_ixgbe"
Message: drivers/net/intel/cpfl: Defining dependency "net_cpfl"
Message: drivers/net/ionic: Defining dependency "net_ionic"
Message: drivers/net/memif: Defining dependency "net_memif"
Run-time dependency libmlx4 found: YES 1.0.54.0
Dependency libibverbs found: YES 1.14.54.0 (cached)
Compiler for C supports arguments -std=c11: YES (cached)
Compiler for C supports arguments -Wno-strict-prototypes: YES (cached)
Compiler for C supports arguments -D_BSD_SOURCE: YES (cached)
Compiler for C supports arguments -D_DEFAULT_SOURCE: YES (cached)
Compiler for C supports arguments -D_XOPEN_SOURCE=600: YES (cached)
Header "infiniband/mlx4dv.h" has symbol "MLX4DV_SET_CTX_ATTR_BUF_ALLOCATORS" with dependencies libmlx4, libibverbs: YES 
Header "infiniband/mlx4dv.h" has symbol "MLX4DV_QP_MASK_UAR_MMAP_OFFSET" with dependencies libmlx4, libibverbs: YES 
Checking whether type "struct mlx4_wqe_lso_seg" has member "mss_hdr_size" with dependencies libmlx4, libibverbs: YES 
Configuring mlx4_autoconf.h using configuration
Message: drivers/net/mlx4: Defining dependency "net_mlx4"
Compiler for C supports arguments -std=c11: YES (cached)
Compiler for C supports arguments -Wno-strict-prototypes: YES (cached)
Compiler for C supports arguments -D_BSD_SOURCE: YES (cached)
Compiler for C supports arguments -D_DEFAULT_SOURCE: YES (cached)
Compiler for C supports arguments -D_XOPEN_SOURCE=600: YES (cached)
Message: drivers/net/mlx5: Defining dependency "net_mlx5"
Run-time dependency libmusdk found: NO (tried pkgconfig)
Run-time dependency libmusdk found: NO (tried pkgconfig)
Message: drivers/net/nbl: Defining dependency "net_nbl"
Message: drivers/net/netvsc: Defining dependency "net_netvsc"
Run-time dependency netcope-common found: NO (tried pkgconfig)
Message: drivers/net/nfp: Defining dependency "net_nfp"
Message: drivers/net/ngbe: Defining dependency "net_ngbe"
Message: drivers/net/null: Defining dependency "net_null"
Message: drivers/net/octeontx: Defining dependency "net_octeontx"
Compiler for C supports arguments -Wno-strict-aliasing: YES (cached)
Compiler for C supports arguments -flax-vector-conversions: YES (cached)
Message: drivers/net/octeon_ep: Defining dependency "net_octeon_ep"
Message: drivers/net/pcap: Defining dependency "net_pcap"
Compiler for C supports arguments -Wno-pointer-arith: YES (cached)
Message: drivers/net/pfe: Defining dependency "net_pfe"
Compiler for C supports arguments -Wno-unused-parameter: YES (cached)
Compiler for C supports arguments -Wno-sign-compare: YES (cached)
Compiler for C supports arguments -Wno-missing-prototypes: YES 
Compiler for C supports arguments -Wno-cast-qual: YES (cached)
Compiler for C supports arguments -Wno-unused-function: YES 
Compiler for C supports arguments -Wno-unused-variable: YES (cached)
Compiler for C supports arguments -Wno-strict-aliasing: YES (cached)
Compiler for C supports arguments -Wno-missing-prototypes: YES (cached)
Compiler for C supports arguments -Wno-unused-value: YES 
Compiler for C supports arguments -Wno-format-nonliteral: YES 
Compiler for C supports arguments -Wno-shift-negative-value: YES 
Compiler for C supports arguments -Wno-unused-but-set-variable: YES (cached)
Compiler for C supports arguments -Wno-missing-declarations: YES 
Compiler for C supports arguments -Wno-maybe-uninitialized: YES 
Compiler for C supports arguments -Wno-strict-prototypes: YES (cached)
Compiler for C supports arguments -Wno-shift-negative-value: YES (cached)
Compiler for C supports arguments -Wno-implicit-fallthrough: YES 
Compiler for C supports arguments -Wno-format-extra-args: YES 
Compiler for C supports arguments -Wno-visibility: NO 
Compiler for C supports arguments -Wno-empty-body: YES (cached)
Compiler for C supports arguments -Wno-invalid-source-encoding: NO 
Compiler for C supports arguments -Wno-sometimes-uninitialized: NO 
Compiler for C supports arguments -Wno-pointer-bool-conversion: NO 
Compiler for C supports arguments -Wno-format-nonliteral: YES (cached)
Message: drivers/net/qede: Defining dependency "net_qede"
Message: drivers/net/r8169: Defining dependency "net_r8169"
Message: drivers/net/ring: Defining dependency "net_ring"
Message: drivers/net/rnp: Defining dependency "net_rnp"
Message: drivers/net/softnic: Defining dependency "net_softnic"
Header "linux/pkt_cls.h" has symbol "TCA_FLOWER_ACT" : YES 
Dependency libbpf found: YES 1.2.2 (cached)
Program bpftool /usr/sbin/bpftool found: NO
Message: net/tap: no RSS support missing bpftool
Message: drivers/net/tap: Defining dependency "net_tap"
Compiler for C supports arguments -fno-prefetch-loop-arrays: YES 
Compiler for C supports arguments -Wno-maybe-uninitialized: YES (cached)
Message: drivers/net/thunderx: Defining dependency "net_thunderx"
Message: drivers/net/txgbe: Defining dependency "net_txgbe"
Compiler for C supports arguments -D_BSD_SOURCE: YES (cached)
Compiler for C supports arguments -D_DEFAULT_SOURCE: YES (cached)
Compiler for C supports arguments -D_XOPEN_SOURCE=600: YES (cached)
Message: drivers/net/vdev_netvsc: Defining dependency "net_vdev_netvsc"
Message: drivers/net/vhost: Defining dependency "net_vhost"
Message: drivers/net/virtio: Defining dependency "net_virtio"
Compiler for C supports arguments -Wno-unused-parameter: YES (cached)
Compiler for C supports arguments -Wno-unused-value: YES (cached)
Compiler for C supports arguments -Wno-strict-aliasing: YES (cached)
Compiler for C supports arguments -Wno-format-extra-args: YES (cached)
Message: drivers/net/vmxnet3: Defining dependency "net_vmxnet3"
Message: drivers/net/xsc: Defining dependency "net_xsc"
Message: drivers/net/zxdh: Defining dependency "net_zxdh"
Message: drivers/raw/cnxk_bphy: Defining dependency "raw_cnxk_bphy"
Message: drivers/raw/cnxk_gpio: Defining dependency "raw_cnxk_gpio"
Message: drivers/raw/cnxk_rvu_lf: Defining dependency "raw_cnxk_rvu_lf"
Message: drivers/raw/dpaa2_cmdif: Defining dependency "raw_dpaa2_cmdif"
Message: drivers/raw/gdtc: Defining dependency "raw_gdtc"
Message: drivers/raw/ntb: Defining dependency "raw_ntb"
Message: drivers/raw/skeleton: Defining dependency "raw_skeleton"
Run-time dependency libaarch64crypto found: NO (tried pkgconfig)
Message: drivers/crypto/bcmfs: Defining dependency "crypto_bcmfs"
Message: drivers/crypto/caam_jr: Defining dependency "crypto_caam_jr"
Dependency libcrypto found: YES 3.0.12 (cached)
Message: drivers/crypto/ccp: Defining dependency "crypto_ccp"
Message: drivers/crypto/cnxk: Defining dependency "crypto_cnxk"
Message: drivers/crypto/dpaa_sec: Defining dependency "crypto_dpaa_sec"
Message: drivers/crypto/dpaa2_sec: Defining dependency "crypto_dpaa2_sec"
Message: drivers/crypto/ionic: Defining dependency "crypto_ionic"
Library IPSec_MB found: NO
Compiler for C supports arguments -std=c11: YES (cached)
Compiler for C supports arguments -Wno-strict-prototypes: YES (cached)
Compiler for C supports arguments -D_BSD_SOURCE: YES (cached)
Compiler for C supports arguments -D_DEFAULT_SOURCE: YES (cached)
Compiler for C supports arguments -D_XOPEN_SOURCE=600: YES (cached)
Message: drivers/crypto/mlx5: Defining dependency "crypto_mlx5"
Run-time dependency libmusdk found: NO (tried pkgconfig)
Message: drivers/crypto/nitrox: Defining dependency "crypto_nitrox"
Message: drivers/crypto/null: Defining dependency "crypto_null"
Message: drivers/crypto/octeontx: Defining dependency "crypto_octeontx"
Dependency libcrypto found: YES 3.0.12 (cached)
Message: drivers/crypto/openssl: Defining dependency "crypto_openssl"
Message: drivers/crypto/scheduler: Defining dependency "crypto_scheduler"
Run-time dependency libwd_crypto found: NO (tried pkgconfig)
Run-time dependency libwd found: NO (tried pkgconfig)
Message: drivers/crypto/virtio: Defining dependency "crypto_virtio"
Run-time dependency libisal found: NO (tried pkgconfig)
Compiler for C supports arguments -std=c11: YES (cached)
Compiler for C supports arguments -Wno-strict-prototypes: YES (cached)
Compiler for C supports arguments -D_BSD_SOURCE: YES (cached)
Compiler for C supports arguments -D_DEFAULT_SOURCE: YES (cached)
Compiler for C supports arguments -D_XOPEN_SOURCE=600: YES (cached)
Message: drivers/compress/mlx5: Defining dependency "compress_mlx5"
Message: drivers/compress/nitrox: Defining dependency "compress_nitrox"
Message: drivers/compress/octeontx: Defining dependency "compress_octeontx"
Run-time dependency libwd_comp found: NO (tried pkgconfig)
Run-time dependency libwd found: NO (tried pkgconfig)
Dependency zlib found: YES 1.2.13 (cached)
Message: drivers/compress/zlib: Defining dependency "compress_zlib"
Compiler for C supports arguments -std=c11: YES (cached)
Compiler for C supports arguments -Wno-strict-prototypes: YES (cached)
Compiler for C supports arguments -D_BSD_SOURCE: YES (cached)
Compiler for C supports arguments -D_DEFAULT_SOURCE: YES (cached)
Compiler for C supports arguments -D_XOPEN_SOURCE=600: YES (cached)
Message: drivers/regex/mlx5: Defining dependency "regex_mlx5"
Message: drivers/regex/cn9k: Defining dependency "regex_cn9k"
Message: drivers/ml/cnxk: libarchive not found
Message: drivers/ml/cnxk: jansson not found
Found CMake: /usr/bin/cmake (3.30.5)
Run-time dependency dlpack found: NO (tried cmake)
Message: drivers/ml/cnxk: dlpack not found
Run-time dependency dmlc found: NO (tried cmake)
Message: drivers/ml/cnxk: dmlc not found
Run-time dependency tvm found: NO (tried cmake)
Message: drivers/ml/cnxk: tvm_runtime not found
Run-time dependency tvmdp found: NO (tried pkgconfig)
Message: drivers/ml/cnxk: tvmdp not found
Message: drivers/ml/cnxk: Disabled TVM model support
Message: drivers/ml/cnxk: Defining dependency "ml_cnxk"
Message: drivers/vdpa/ifc: Defining dependency "vdpa_ifc"
Compiler for C supports arguments -std=c11: YES (cached)
Compiler for C supports arguments -Wno-strict-prototypes: YES (cached)
Compiler for C supports arguments -D_BSD_SOURCE: YES (cached)
Compiler for C supports arguments -D_DEFAULT_SOURCE: YES (cached)
Compiler for C supports arguments -D_XOPEN_SOURCE=600: YES (cached)
Message: drivers/vdpa/mlx5: Defining dependency "vdpa_mlx5"
Message: drivers/vdpa/nfp: Defining dependency "vdpa_nfp"
Compiler for C supports arguments -flax-vector-conversions: YES (cached)
Compiler for C supports arguments -Wno-strict-aliasing: YES (cached)
Message: drivers/event/cnxk: Defining dependency "event_cnxk"
Message: drivers/event/dpaa: Defining dependency "event_dpaa"
Message: drivers/event/dpaa2: Defining dependency "event_dpaa2"
Compiler for C supports arguments -Wno-format-nonliteral: YES (cached)
Message: drivers/event/dsw: Defining dependency "event_dsw"
Message: drivers/event/octeontx: Defining dependency "event_octeontx"
Message: drivers/event/opdl: Defining dependency "event_opdl"
Message: drivers/event/skeleton: Defining dependency "event_skeleton"
Message: drivers/event/sw: Defining dependency "event_sw"
Run-time dependency flexran_sdk_ldpc_decoder_5gnr found: NO (tried pkgconfig and cmake)
Message: drivers/baseband/acc: Defining dependency "baseband_acc"
Message: drivers/baseband/fpga_5gnr_fec: Defining dependency "baseband_fpga_5gnr_fec"
Message: drivers/baseband/fpga_lte_fec: Defining dependency "baseband_fpga_lte_fec"
Message: drivers/baseband/la12xx: Defining dependency "baseband_la12xx"
Message: drivers/baseband/null: Defining dependency "baseband_null"
Run-time dependency flexran_sdk_turbo found: NO (tried pkgconfig and cmake)
Run-time dependency flexran_sdk_ldpc_decoder_5gnr found: NO (tried pkgconfig and cmake)
Message: drivers/baseband/turbo_sw: Defining dependency "baseband_turbo_sw"
Has header "cuda.h" : NO 
Message: drivers/power/acpi: Defining dependency "power_acpi"
Message: drivers/power/amd_pstate: Defining dependency "power_amd_pstate"
Library e_smi64 found: NO
Message: drivers/power/cppc: Defining dependency "power_cppc"
Message: drivers/power/intel_pstate: Defining dependency "power_intel_pstate"
Message: drivers/power/intel_uncore: Defining dependency "power_intel_uncore"
Message: drivers/power/kvm_vm: Defining dependency "power_kvm_vm"
Has header "sys/epoll.h" : YES 
Dependency zlib found: YES 1.2.13 (cached)
Run-time dependency pcap found: YES 1.10.4
Compiler for C supports arguments -fno-strict-aliasing: YES (cached)
Program clang found: YES (/usr/bin/clang)
Program xxd found: YES (/usr/bin/xxd)
Message: hugepage availability: true
Program test_telemetry.sh found: YES (/home/loongson/.dpdk/dpdk/app/test/suites/test_telemetry.sh)
Program doxygen found: NO
Program sphinx-build found: NO
Configuring rte_build_config.h using configuration
Message: 
=================
Applications Enabled
=================

apps:
	dumpcap, graph, pdump, proc-info, test-acl, test-bbdev, test-cmdline, test-compress-perf, 
	test-crypto-perf, test-dma-perf, test-eventdev, test-fib, test-flow-perf, test-gpudev, test-mldev, test-pipeline, 
	test-pmd, test-regex, test-sad, test-security-perf, test, 

Message: 
=================
Libraries Enabled
=================

libs:
	log, kvargs, argparse, telemetry, pmu, eal, ptr_compress, ring, 
	rcu, mempool, mbuf, net, meter, ethdev, pci, cmdline, 
	metrics, hash, timer, acl, bbdev, bitratestats, bpf, cfgfile, 
	compressdev, cryptodev, distributor, dmadev, efd, eventdev, dispatcher, gpudev, 
	gro, gso, ip_frag, jobstats, latencystats, lpm, member, pcapng, 
	power, rawdev, regexdev, mldev, rib, reorder, sched, security, 
	stack, vhost, ipsec, pdcp, fib, port, pdump, table, 
	pipeline, graph, node, 

Message: 
===============
Drivers Enabled
===============

common:
	cpt, dpaax, ionic, octeontx, cnxk, mlx5, nfp, nitrox, 
	qat, zsda, 
bus:
	auxiliary, cdx, dpaa, fslmc, ifpga, pci, platform, uacce, 
	vdev, vmbus, 
mempool:
	bucket, cnxk, dpaa, dpaa2, octeontx, ring, stack, 
dma:
	cnxk, dpaa, dpaa2, odm, skeleton, 
net:
	af_packet, ark, atlantic, avp, axgbe, bnx2x, bnxt, bond, 
	cnxk, cxgbe, dpaa, dpaa2, ena, enetc, enetfec, enic, 
	failsafe, gve, hinic, e1000, fm10k, iavf, ice, idpf, 
	ixgbe, cpfl, ionic, memif, mlx4, mlx5, nbl, netvsc, 
	nfp, ngbe, null, octeontx, octeon_ep, pcap, pfe, qede, 
	r8169, ring, rnp, softnic, tap, thunderx, txgbe, vdev_netvsc, 
	vhost, virtio, vmxnet3, xsc, zxdh, 
raw:
	cnxk_bphy, cnxk_gpio, cnxk_rvu_lf, dpaa2_cmdif, gdtc, ntb, skeleton, 
crypto:
	bcmfs, caam_jr, ccp, cnxk, dpaa_sec, dpaa2_sec, ionic, mlx5, 
	nitrox, null, octeontx, openssl, scheduler, virtio, 
compress:
	mlx5, nitrox, octeontx, zlib, 
regex:
	mlx5, cn9k, 
ml:
	cnxk, 
vdpa:
	ifc, mlx5, nfp, 
event:
	cnxk, dpaa, dpaa2, dsw, octeontx, opdl, skeleton, sw, 
	
baseband:
	acc, fpga_5gnr_fec, fpga_lte_fec, la12xx, null, turbo_sw, 
gpu:
	
power:
	acpi, amd_pstate, cppc, intel_pstate, intel_uncore, kvm_vm, 

Message: 
=================
Content Skipped
=================

apps:
	
libs:
	
drivers:
	common/mvep:	missing dependency, "libmusdk"
	common/sfc_efx:	only supported on x86_64 and aarch64
	dma/hisi_acc:	only supported on x86_64 and aarch64
	dma/hisi_pciep:	only supported on x86_64 and aarch64
	dma/idxd:	only supported on x86
	dma/ioat:	only supported on x86
	net/af_xdp:	missing dependency, "libxdp >=1.2.2" and "libbpf"
	net/hinic3:	only supported on x86_64 and aarch64
	net/hns3:	only supported on x86_64 and aarch64
	net/intel/i40e:	not supported on LoongArch
	net/intel/ipn3ke:	missing dependency, "libfdt"
	net/mana:	only supported on x86 or arm64 Linux
	net/mvneta:	missing dependency, "libmusdk"
	net/mvpp2:	missing dependency, "libmusdk"
	net/nfb:	missing dependency, "libnfb"
	net/ntnic:	only supported on x86_64 Linux
	net/sfc:	only supported on x86_64 and aarch64
	raw/ifpga:	missing dependency, "libfdt"
	crypto/armv8:	missing dependency, "libAArch64crypto"
	crypto/ipsec_mb:	missing dependency, "libIPSec_MB"
	crypto/mvsam:	missing dependency, "libmusdk"
	crypto/uadk:	missing dependency, "libwd"
	compress/isal:	missing dependency, "libisal"
	compress/uadk:	missing dependency, "libwd"
	vdpa/sfc:	only supported on x86_64 and aarch64
	event/dlb2:	only supported on x86_64 Linux
	gpu/cuda:	missing dependency, "cuda.h"
	power/amd_uncore:	missing dependency, "libe_smi"
	

Message: DPDK build config complete:
  source path = "/home/loongson/.dpdk/dpdk"
  build path  = "/home/loongson/.dpdk/dpdk/build"
Build targets in project: 1080

Found ninja-1.11.1 at /usr/bin/ninja
WARNING: Running the setup command as `meson [options]` instead of `meson setup [options]` is ambiguous and deprecated.
meson & ninja build pass
finding context: loongarch-compilation for 162762 ...
contexts for 162762: "checkpatch" "loongarch-compilation" "loongarch-unit-testing" "github-robot: build"
test report for 162762 from loongarch-compilation existed!
send test report for series 37785 to John McNamara <john.mcnamara@intel.com>
touch: cannot touch '/home/loongson/.dpdk/dpdk-ci/tools/../reports/162762_report.txt': No such file or directory
2026-03-27T03:40:02
https://patches.dpdk.org/api/events/?category=series-completed&page=1&since=2026-03-27T03:40:02
fetched series ids: 37785 37784 37783 37782 37781 37780 37779 37778 
2026-03-28T13:00:03 /home/loongson/.dpdk/dpdk-ci/tools/test-series.sh 37785
download-series.sh: request https://patches.dpdk.org/api/series/37785
pwid(s) for series 37785: 162762 
The number of patch(es) is: 1
/home/loongson/.dpdk/dpdk-ci/tools/../series/37785/162762.patch lines: 147
download series done!
list trees for series 37785: dpdk
try to apply on dpdk ...
Switched to branch 'unused'
Deleted branch main (was 626d4e3932).
Switched to a new branch 'main'
branch 'main' set up to track 'origin/main'.
need to update git base
Already up to date.
Deleted branch s-37785 (was 0149e03317).
Switched to a new branch 's-37785'
Applying: doc: update release notes for 26.03
Insert one base commit: 37785 626d4e39327333cd5508885162e45ca7fb94ef7f
The Meson build system
Version: 1.4.1
Source dir: /home/loongson/.dpdk/dpdk
Build dir: /home/loongson/.dpdk/dpdk/build
Build type: native build
Project name: DPDK
Project version: 26.03.0-rc3
C compiler for the host machine: cc (gcc 12.3.0 "cc (GCC) 12.3.0 20230508 (Loongnix OS 12.3.0-10)")
C linker for the host machine: cc ld.bfd 2.41-5
Host machine cpu family: loongarch64
Host machine cpu: loongarch64
Message: ## Building in Developer Mode ##
Program pkg-config found: YES (/usr/bin/pkg-config)
Program check-symbols.sh found: YES (/home/loongson/.dpdk/dpdk/buildtools/check-symbols.sh)
Program options-ibverbs-static.sh found: YES (/home/loongson/.dpdk/dpdk/buildtools/options-ibverbs-static.sh)
Program python3 found: YES (/usr/bin/python3)
Program python3 (elftools) found: YES (/usr/bin/python3) modules: elftools
Message: Minimum Meson required version is 0.57.2
Program cat found: YES (/usr/bin/cat)
Compiler for C supports arguments -march=native: YES 
Checking for size of "void *" : 8 
Checking for size of "void *" : 8 (cached)
Compiler for C supports link arguments -Wl,--undefined-version: YES 
Library m found: YES
Library numa found: YES
Has header "numaif.h" : YES 
Library fdt found: NO
Library execinfo found: NO
Has header "execinfo.h" : YES 
Found pkg-config: YES (/usr/bin/pkg-config) 1.9.5
Run-time dependency libarchive found: NO (tried pkgconfig)
Run-time dependency libbsd found: NO (tried pkgconfig)
Run-time dependency jansson found: NO (tried pkgconfig)
Run-time dependency openssl found: YES 3.0.12
Run-time dependency libpcap found: YES 1.10.4
Has header "pcap.h" with dependency libpcap: YES 
Compiler for C supports arguments -Wvla: YES 
Compiler for C supports arguments -Wno-shadow: YES 
Compiler for C supports arguments -Wno-comma: NO 
Compiler for C supports arguments -Wcast-qual: YES 
Compiler for C supports arguments -Wcomma: NO 
Compiler for C supports arguments -Wdeprecated: YES 
Compiler for C supports arguments -Wformat: YES 
Compiler for C supports arguments -Wformat-nonliteral: YES 
Compiler for C supports arguments -Wformat-security: YES 
Compiler for C supports arguments -Wmissing-declarations: YES 
Compiler for C supports arguments -Wmissing-prototypes: YES 
Compiler for C supports arguments -Wnested-externs: YES 
Compiler for C supports arguments -Wold-style-definition: YES 
Compiler for C supports arguments -Wpointer-arith: YES 
Compiler for C supports arguments -Wshadow: YES 
Compiler for C supports arguments -Wsign-compare: YES 
Compiler for C supports arguments -Wstrict-prototypes: YES 
Compiler for C supports arguments -Wundef: YES 
Compiler for C supports arguments -Wwrite-strings: YES 
Compiler for C supports arguments -Wno-packed-not-aligned: YES 
Compiler for C supports arguments -Wno-missing-field-initializers: YES 
Compiler for C supports arguments -fzero-init-padding-bits=all: NO 
Message: Implementer : Generic loongarch
Message: ['-march=loongarch64']
Message: lib/log: Defining dependency "log"
Message: lib/kvargs: Defining dependency "kvargs"
Message: lib/argparse: Defining dependency "argparse"
Message: lib/telemetry: Defining dependency "telemetry"
Message: lib/pmu: Defining dependency "pmu"
Checking for function "pthread_attr_setaffinity_np" : YES 
Checking for function "getentropy" : NO 
Message: lib/eal: Defining dependency "eal"
Message: lib/ptr_compress: Defining dependency "ptr_compress"
Message: lib/ring: Defining dependency "ring"
Message: lib/rcu: Defining dependency "rcu"
Message: lib/mempool: Defining dependency "mempool"
Message: lib/mbuf: Defining dependency "mbuf"
Message: lib/net: Defining dependency "net"
Message: lib/meter: Defining dependency "meter"
Message: lib/ethdev: Defining dependency "ethdev"
Message: lib/pci: Defining dependency "pci"
Message: lib/cmdline: Defining dependency "cmdline"
Message: lib/metrics: Defining dependency "metrics"
Message: lib/hash: Defining dependency "hash"
Message: lib/timer: Defining dependency "timer"
Message: lib/acl: Defining dependency "acl"
Message: lib/bbdev: Defining dependency "bbdev"
Message: lib/bitratestats: Defining dependency "bitratestats"
Run-time dependency libelf found: YES 0.190
Message: lib/bpf: Defining dependency "bpf"
Message: lib/cfgfile: Defining dependency "cfgfile"
Message: lib/compressdev: Defining dependency "compressdev"
Message: lib/cryptodev: Defining dependency "cryptodev"
Message: lib/distributor: Defining dependency "distributor"
Message: lib/dmadev: Defining dependency "dmadev"
Message: lib/efd: Defining dependency "efd"
Message: lib/eventdev: Defining dependency "eventdev"
Message: lib/dispatcher: Defining dependency "dispatcher"
Message: lib/gpudev: Defining dependency "gpudev"
Message: lib/gro: Defining dependency "gro"
Message: lib/gso: Defining dependency "gso"
Message: lib/ip_frag: Defining dependency "ip_frag"
Message: lib/jobstats: Defining dependency "jobstats"
Message: lib/latencystats: Defining dependency "latencystats"
Message: lib/lpm: Defining dependency "lpm"
Message: lib/member: Defining dependency "member"
Message: lib/pcapng: Defining dependency "pcapng"
Message: lib/power: Defining dependency "power"
Message: lib/rawdev: Defining dependency "rawdev"
Message: lib/regexdev: Defining dependency "regexdev"
Message: lib/mldev: Defining dependency "mldev"
Message: lib/rib: Defining dependency "rib"
Message: lib/reorder: Defining dependency "reorder"
Message: lib/sched: Defining dependency "sched"
Message: lib/security: Defining dependency "security"
Message: lib/stack: Defining dependency "stack"
Has header "linux/userfaultfd.h" : YES 
Compiler for C supports arguments -fno-strict-aliasing: YES 
Compiler for C supports arguments -Wno-address-of-packed-member: YES 
Message: lib/vhost: Defining dependency "vhost"
Message: lib/ipsec: Defining dependency "ipsec"
Message: lib/pdcp: Defining dependency "pdcp"
Message: lib/fib: Defining dependency "fib"
Message: lib/port: Defining dependency "port"
Message: lib/pdump: Defining dependency "pdump"
Message: lib/table: Defining dependency "table"
Message: lib/pipeline: Defining dependency "pipeline"
Message: lib/graph: Defining dependency "graph"
Message: lib/node: Defining dependency "node"
Compiler for C supports arguments -Wno-format-truncation: YES 
Compiler for C supports arguments -Wno-address-of-packed-member: YES (cached)
Message: drivers/common/cpt: Defining dependency "common_cpt"
Compiler for C supports arguments -Wno-cast-qual: YES 
Compiler for C supports arguments -Wno-pointer-arith: YES 
Message: drivers/common/dpaax: Defining dependency "common_dpaax"
Message: drivers/common/ionic: Defining dependency "common_ionic"
Run-time dependency libmusdk found: NO (tried pkgconfig)
Message: drivers/common/octeontx: Defining dependency "common_octeontx"
Message: drivers/bus/auxiliary: Defining dependency "bus_auxiliary"
Message: drivers/bus/cdx: Defining dependency "bus_cdx"
Compiler for C supports arguments -Wno-cast-qual: YES (cached)
Compiler for C supports arguments -Wno-pointer-arith: YES (cached)
Message: drivers/bus/dpaa: Defining dependency "bus_dpaa"
Message: drivers/bus/fslmc: Defining dependency "bus_fslmc"
Message: drivers/bus/ifpga: Defining dependency "bus_ifpga"
Message: drivers/bus/pci: Defining dependency "bus_pci"
Message: drivers/bus/platform: Defining dependency "bus_platform"
Message: drivers/bus/uacce: Defining dependency "bus_uacce"
Message: drivers/bus/vdev: Defining dependency "bus_vdev"
Message: drivers/bus/vmbus: Defining dependency "bus_vmbus"
Message: drivers/common/cnxk: Defining dependency "common_cnxk"
Compiler for C supports arguments -std=c11: YES 
Compiler for C supports arguments -Wno-strict-prototypes: YES 
Compiler for C supports arguments -D_BSD_SOURCE: YES 
Compiler for C supports arguments -D_DEFAULT_SOURCE: YES 
Compiler for C supports arguments -D_XOPEN_SOURCE=600: YES 
Run-time dependency libmlx5 found: YES 1.25.54.0
Run-time dependency libibverbs found: YES 1.14.54.0
Library mtcr_ul found: NO
Header "infiniband/verbs.h" has symbol "IBV_FLOW_SPEC_ESP" with dependencies libmlx5, libibverbs: YES 
Header "infiniband/verbs.h" has symbol "IBV_RX_HASH_IPSEC_SPI" with dependencies libmlx5, libibverbs: YES 
Header "infiniband/verbs.h" has symbol "IBV_ACCESS_RELAXED_ORDERING " with dependencies libmlx5, libibverbs: YES 
Header "infiniband/mlx5dv.h" has symbol "MLX5DV_CQE_RES_FORMAT_CSUM_STRIDX" with dependencies libmlx5, libibverbs: YES 
Header "infiniband/mlx5dv.h" has symbol "MLX5DV_CONTEXT_MASK_TUNNEL_OFFLOADS" with dependencies libmlx5, libibverbs: YES 
Header "infiniband/mlx5dv.h" has symbol "MLX5DV_CONTEXT_FLAGS_MPW_ALLOWED" with dependencies libmlx5, libibverbs: YES 
Header "infiniband/mlx5dv.h" has symbol "MLX5DV_CONTEXT_FLAGS_CQE_128B_COMP" with dependencies libmlx5, libibverbs: YES 
Header "infiniband/mlx5dv.h" has symbol "MLX5DV_CQ_INIT_ATTR_FLAGS_CQE_PAD" with dependencies libmlx5, libibverbs: YES 
Header "infiniband/mlx5dv.h" has symbol "mlx5dv_create_flow_action_packet_reformat" with dependencies libmlx5, libibverbs: YES 
Header "infiniband/verbs.h" has symbol "IBV_FLOW_SPEC_MPLS" with dependencies libmlx5, libibverbs: YES 
Header "infiniband/verbs.h" has symbol "IBV_WQ_FLAGS_PCI_WRITE_END_PADDING" with dependencies libmlx5, libibverbs: YES 
Header "infiniband/verbs.h" has symbol "IBV_WQ_FLAG_RX_END_PADDING" with dependencies libmlx5, libibverbs: NO 
Header "infiniband/mlx5dv.h" has symbol "mlx5dv_query_devx_port" with dependencies libmlx5, libibverbs: NO 
Header "infiniband/mlx5dv.h" has symbol "mlx5dv_query_port" with dependencies libmlx5, libibverbs: YES 
Header "infiniband/mlx5dv.h" has symbol "mlx5dv_dr_action_create_dest_ib_port" with dependencies libmlx5, libibverbs: YES 
Header "infiniband/mlx5dv.h" has symbol "mlx5dv_devx_obj_create" with dependencies libmlx5, libibverbs: YES 
Header "infiniband/mlx5dv.h" has symbol "MLX5DV_FLOW_ACTION_COUNTERS_DEVX" with dependencies libmlx5, libibverbs: YES 
Header "infiniband/mlx5dv.h" has symbol "MLX5DV_FLOW_ACTION_DEFAULT_MISS" with dependencies libmlx5, libibverbs: YES 
Header "infiniband/mlx5dv.h" has symbol "mlx5dv_devx_obj_query_async" with dependencies libmlx5, libibverbs: YES 
Header "infiniband/mlx5dv.h" has symbol "mlx5dv_devx_qp_query" with dependencies libmlx5, libibverbs: YES 
Header "infiniband/mlx5dv.h" has symbol "mlx5dv_pp_alloc" with dependencies libmlx5, libibverbs: YES 
Header "infiniband/mlx5dv.h" has symbol "mlx5dv_dr_action_create_dest_devx_tir" with dependencies libmlx5, libibverbs: YES 
Header "infiniband/mlx5dv.h" has symbol "mlx5dv_devx_get_event" with dependencies libmlx5, libibverbs: YES 
Header "infiniband/mlx5dv.h" has symbol "mlx5dv_dr_action_create_flow_meter" with dependencies libmlx5, libibverbs: YES 
Header "infiniband/mlx5dv.h" has symbol "MLX5_MMAP_GET_NC_PAGES_CMD" with dependencies libmlx5, libibverbs: YES 
Header "infiniband/mlx5dv.h" has symbol "MLX5DV_DR_DOMAIN_TYPE_NIC_RX" with dependencies libmlx5, libibverbs: YES 
Header "infiniband/mlx5dv.h" has symbol "MLX5DV_DR_DOMAIN_TYPE_FDB" with dependencies libmlx5, libibverbs: YES 
Header "infiniband/mlx5dv.h" has symbol "mlx5dv_dr_action_create_push_vlan" with dependencies libmlx5, libibverbs: YES 
Header "infiniband/mlx5dv.h" has symbol "mlx5dv_alloc_var" with dependencies libmlx5, libibverbs: YES 
Header "infiniband/mlx5dv.h" has symbol "MLX5_OPCODE_ENHANCED_MPSW" with dependencies libmlx5, libibverbs: NO 
Header "infiniband/mlx5dv.h" has symbol "MLX5_OPCODE_SEND_EN" with dependencies libmlx5, libibverbs: NO 
Header "infiniband/mlx5dv.h" has symbol "MLX5_OPCODE_WAIT" with dependencies libmlx5, libibverbs: NO 
Header "infiniband/mlx5dv.h" has symbol "MLX5_OPCODE_ACCESS_ASO" with dependencies libmlx5, libibverbs: NO 
Header "linux/if_link.h" has symbol "IFLA_NUM_VF" with dependencies libmlx5, libibverbs: YES 
Header "linux/if_link.h" has symbol "IFLA_EXT_MASK" with dependencies libmlx5, libibverbs: YES 
Header "linux/if_link.h" has symbol "IFLA_PHYS_SWITCH_ID" with dependencies libmlx5, libibverbs: YES 
Header "linux/if_link.h" has symbol "IFLA_PHYS_PORT_NAME" with dependencies libmlx5, libibverbs: YES 
Header "rdma/rdma_netlink.h" has symbol "RDMA_NL_NLDEV" with dependencies libmlx5, libibverbs: YES 
Header "rdma/rdma_netlink.h" has symbol "RDMA_NLDEV_CMD_GET" with dependencies libmlx5, libibverbs: YES 
Header "rdma/rdma_netlink.h" has symbol "RDMA_NLDEV_CMD_PORT_GET" with dependencies libmlx5, libibverbs: YES 
Header "rdma/rdma_netlink.h" has symbol "RDMA_NLDEV_ATTR_DEV_INDEX" with dependencies libmlx5, libibverbs: YES 
Header "rdma/rdma_netlink.h" has symbol "RDMA_NLDEV_ATTR_DEV_NAME" with dependencies libmlx5, libibverbs: YES 
Header "rdma/rdma_netlink.h" has symbol "RDMA_NLDEV_ATTR_PORT_INDEX" with dependencies libmlx5, libibverbs: YES 
Header "rdma/rdma_netlink.h" has symbol "RDMA_NLDEV_ATTR_PORT_STATE" with dependencies libmlx5, libibverbs: YES 
Header "rdma/rdma_netlink.h" has symbol "RDMA_NLDEV_ATTR_NDEV_INDEX" with dependencies libmlx5, libibverbs: YES 
Header "rdma/rdma_netlink.h" has symbol "RDMA_NL_GROUP_NOTIFY" with dependencies libmlx5, libibverbs: NO 
Header "rdma/rdma_netlink.h" has symbol "RDMA_NLDEV_CMD_SYS_GET" with dependencies libmlx5, libibverbs: YES 
Header "rdma/rdma_netlink.h" has symbol "RDMA_NLDEV_SYS_ATTR_MONITOR_MODE" with dependencies libmlx5, libibverbs: NO 
Header "rdma/rdma_netlink.h" has symbol "RDMA_NLDEV_ATTR_EVENT_TYPE" with dependencies libmlx5, libibverbs: NO 
Header "rdma/rdma_netlink.h" has symbol "RDMA_NLDEV_CMD_MONITOR" with dependencies libmlx5, libibverbs: NO 
Header "infiniband/mlx5dv.h" has symbol "mlx5dv_dump_dr_domain" with dependencies libmlx5, libibverbs: YES 
Header "infiniband/mlx5dv.h" has symbol "mlx5dv_dr_action_create_flow_sampler" with dependencies libmlx5, libibverbs: YES 
Header "infiniband/mlx5dv.h" has symbol "mlx5dv_dr_domain_set_reclaim_device_memory" with dependencies libmlx5, libibverbs: YES 
Header "infiniband/mlx5dv.h" has symbol "mlx5dv_dr_action_create_dest_array" with dependencies libmlx5, libibverbs: YES 
Header "linux/devlink.h" has symbol "DEVLINK_GENL_NAME" with dependencies libmlx5, libibverbs: YES 
Header "infiniband/mlx5dv.h" has symbol "mlx5dv_dr_action_create_aso" with dependencies libmlx5, libibverbs: YES 
Header "infiniband/verbs.h" has symbol "INFINIBAND_VERBS_H" with dependencies libmlx5, libibverbs: YES 
Header "infiniband/mlx5dv.h" has symbol "MLX5_WQE_UMR_CTRL_FLAG_INLINE" with dependencies libmlx5, libibverbs: YES 
Header "infiniband/mlx5dv.h" has symbol "mlx5dv_dump_dr_rule" with dependencies libmlx5, libibverbs: YES 
Header "infiniband/mlx5dv.h" has symbol "MLX5DV_DR_ACTION_FLAGS_ASO_CT_DIRECTION_INITIATOR" with dependencies libmlx5, libibverbs: YES 
Header "infiniband/mlx5dv.h" has symbol "mlx5dv_dr_domain_allow_duplicate_rules" with dependencies libmlx5, libibverbs: YES 
Header "infiniband/verbs.h" has symbol "ibv_reg_mr_iova" with dependencies libmlx5, libibverbs: YES 
Header "infiniband/verbs.h" has symbol "ibv_import_device" with dependencies libmlx5, libibverbs: YES 
Header "infiniband/mlx5dv.h" has symbol "mlx5dv_dr_action_create_dest_root_table" with dependencies libmlx5, libibverbs: YES 
Header "infiniband/mlx5dv.h" has symbol "mlx5dv_create_steering_anchor" with dependencies libmlx5, libibverbs: YES 
Header "infiniband/verbs.h" has symbol "ibv_is_fork_initialized" with dependencies libmlx5, libibverbs: YES 
Header "infiniband/mlx5dv.h" has symbol "MLX5DV_CONTEXT_MASK_REG_C0" with dependencies libmlx5, libibverbs: YES 
Header "infiniband/mlx5dv.h" has symbol "MLX5DV_FLOW_ACTION_COUNTERS_DEVX_WITH_OFFSET" with dependencies libmlx5, libibverbs: NO 
Checking whether type "struct mlx5dv_sw_parsing_caps" has member "sw_parsing_offloads" with dependencies libmlx5, libibverbs: YES 
Checking whether type "struct ibv_counter_set_init_attr" has member "counter_set_id" with dependencies libmlx5, libibverbs: NO 
Checking whether type "struct ibv_counters_init_attr" has member "comp_mask" with dependencies libmlx5, libibverbs: YES 
Checking whether type "struct mlx5dv_devx_uar" has member "mmap_off" with dependencies libmlx5, libibverbs: YES 
Checking whether type "struct mlx5dv_flow_matcher_attr" has member "ft_type" with dependencies libmlx5, libibverbs: YES 
Configuring mlx5_autoconf.h using configuration
Message: drivers/common/mlx5: Defining dependency "common_mlx5"
Message: drivers/common/nfp: Defining dependency "common_nfp"
Message: drivers/common/nitrox: Defining dependency "common_nitrox"
Run-time dependency libcrypto found: YES 3.0.12
Library IPSec_MB found: NO
Message: drivers/common/qat: Defining dependency "common_qat"
Compiler for C supports arguments -Wdisabled-optimization: YES 
Compiler for C supports arguments -Waggregate-return: YES 
Compiler for C supports arguments -Wbad-function-cast: YES 
Compiler for C supports arguments -Wno-sign-compare: YES 
Compiler for C supports arguments -Wno-unused-parameter: YES 
Compiler for C supports arguments -Wno-unused-variable: YES 
Compiler for C supports arguments -Wno-empty-body: YES 
Compiler for C supports arguments -Wno-unused-but-set-variable: YES 
Message: drivers/common/zsda: Defining dependency "common_zsda"
Message: drivers/mempool/bucket: Defining dependency "mempool_bucket"
Message: drivers/mempool/cnxk: Defining dependency "mempool_cnxk"
Message: drivers/mempool/dpaa: Defining dependency "mempool_dpaa"
Message: drivers/mempool/dpaa2: Defining dependency "mempool_dpaa2"
Message: drivers/mempool/octeontx: Defining dependency "mempool_octeontx"
Message: drivers/mempool/ring: Defining dependency "mempool_ring"
Message: drivers/mempool/stack: Defining dependency "mempool_stack"
Compiler for C supports arguments -Wno-uninitialized: YES 
Message: drivers/dma/cnxk: Defining dependency "dma_cnxk"
Compiler for C supports arguments -Wno-pointer-arith: YES (cached)
Message: drivers/dma/dpaa: Defining dependency "dma_dpaa"
Compiler for C supports arguments -Wno-pointer-arith: YES (cached)
Message: drivers/dma/dpaa2: Defining dependency "dma_dpaa2"
Message: drivers/dma/odm: Defining dependency "dma_odm"
Message: drivers/dma/skeleton: Defining dependency "dma_skeleton"
Message: drivers/net/af_packet: Defining dependency "net_af_packet"
Run-time dependency libxdp found: NO (tried pkgconfig)
Run-time dependency libbpf found: YES 1.2.2
Has header "linux/if_xdp.h" : YES 
Has header "bpf/xsk.h" : NO 
Message: drivers/net/ark: Defining dependency "net_ark"
Message: drivers/net/atlantic: Defining dependency "net_atlantic"
Message: drivers/net/avp: Defining dependency "net_avp"
Message: drivers/net/axgbe: Defining dependency "net_axgbe"
Run-time dependency zlib found: YES 1.2.13
Message: drivers/net/bnx2x: Defining dependency "net_bnx2x"
Compiler for C supports arguments -DSUPPORT_CFA_HW_P70=1: YES 
Compiler for C supports arguments -DSUPPORT_CFA_HW_P70=1: YES (cached)
Compiler for C supports arguments -DCFA_BLD_PRINT_OBJ=1: YES 
Message: drivers/net/bnxt: Defining dependency "net_bnxt"
Message: drivers/net/bonding: Defining dependency "net_bond"
Compiler for C supports arguments -flax-vector-conversions: YES 
Compiler for C supports arguments -Wno-strict-aliasing: YES 
Message: drivers/net/cnxk: Defining dependency "net_cnxk"
Message: drivers/net/cxgbe: Defining dependency "net_cxgbe"
Compiler for C supports arguments -Wno-pointer-arith: YES (cached)
Message: drivers/net/dpaa: Defining dependency "net_dpaa"
Message: drivers/net/dpaa2: Defining dependency "net_dpaa2"
Message: drivers/net/ena: Defining dependency "net_ena"
Message: drivers/net/enetc: Defining dependency "net_enetc"
Message: drivers/net/enetfec: Defining dependency "net_enetfec"
Message: drivers/net/enic: Defining dependency "net_enic"
Message: drivers/net/failsafe: Defining dependency "net_failsafe"
Message: drivers/net/gve: Defining dependency "net_gve"
Message: drivers/net/hinic: Defining dependency "net_hinic"
Message: drivers/net/intel/e1000: Defining dependency "net_e1000"
Message: drivers/net/intel/fm10k: Defining dependency "net_fm10k"
Message: drivers/net/intel/iavf: Defining dependency "net_iavf"
Compiler for C supports arguments -Wno-unused-but-set-variable: YES (cached)
Compiler for C supports arguments -Wno-unused-parameter: YES (cached)
Compiler for C supports arguments -Wno-array-bounds: YES 
Message: drivers/net/intel/ice: Defining dependency "net_ice"
Message: drivers/net/intel/idpf: Defining dependency "net_idpf"
Message: drivers/net/intel/ixgbe: Defining dependency "net_ixgbe"
Message: drivers/net/intel/cpfl: Defining dependency "net_cpfl"
Message: drivers/net/ionic: Defining dependency "net_ionic"
Message: drivers/net/memif: Defining dependency "net_memif"
Run-time dependency libmlx4 found: YES 1.0.54.0
Dependency libibverbs found: YES 1.14.54.0 (cached)
Compiler for C supports arguments -std=c11: YES (cached)
Compiler for C supports arguments -Wno-strict-prototypes: YES (cached)
Compiler for C supports arguments -D_BSD_SOURCE: YES (cached)
Compiler for C supports arguments -D_DEFAULT_SOURCE: YES (cached)
Compiler for C supports arguments -D_XOPEN_SOURCE=600: YES (cached)
Header "infiniband/mlx4dv.h" has symbol "MLX4DV_SET_CTX_ATTR_BUF_ALLOCATORS" with dependencies libmlx4, libibverbs: YES 
Header "infiniband/mlx4dv.h" has symbol "MLX4DV_QP_MASK_UAR_MMAP_OFFSET" with dependencies libmlx4, libibverbs: YES 
Checking whether type "struct mlx4_wqe_lso_seg" has member "mss_hdr_size" with dependencies libmlx4, libibverbs: YES 
Configuring mlx4_autoconf.h using configuration
Message: drivers/net/mlx4: Defining dependency "net_mlx4"
Compiler for C supports arguments -std=c11: YES (cached)
Compiler for C supports arguments -Wno-strict-prototypes: YES (cached)
Compiler for C supports arguments -D_BSD_SOURCE: YES (cached)
Compiler for C supports arguments -D_DEFAULT_SOURCE: YES (cached)
Compiler for C supports arguments -D_XOPEN_SOURCE=600: YES (cached)
Message: drivers/net/mlx5: Defining dependency "net_mlx5"
Run-time dependency libmusdk found: NO (tried pkgconfig)
Run-time dependency libmusdk found: NO (tried pkgconfig)
Message: drivers/net/nbl: Defining dependency "net_nbl"
Message: drivers/net/netvsc: Defining dependency "net_netvsc"
Run-time dependency netcope-common found: NO (tried pkgconfig)
Message: drivers/net/nfp: Defining dependency "net_nfp"
Message: drivers/net/ngbe: Defining dependency "net_ngbe"
Message: drivers/net/null: Defining dependency "net_null"
Message: drivers/net/octeontx: Defining dependency "net_octeontx"
Compiler for C supports arguments -Wno-strict-aliasing: YES (cached)
Compiler for C supports arguments -flax-vector-conversions: YES (cached)
Message: drivers/net/octeon_ep: Defining dependency "net_octeon_ep"
Message: drivers/net/pcap: Defining dependency "net_pcap"
Compiler for C supports arguments -Wno-pointer-arith: YES (cached)
Message: drivers/net/pfe: Defining dependency "net_pfe"
Compiler for C supports arguments -Wno-unused-parameter: YES (cached)
Compiler for C supports arguments -Wno-sign-compare: YES (cached)
Compiler for C supports arguments -Wno-missing-prototypes: YES 
Compiler for C supports arguments -Wno-cast-qual: YES (cached)
Compiler for C supports arguments -Wno-unused-function: YES 
Compiler for C supports arguments -Wno-unused-variable: YES (cached)
Compiler for C supports arguments -Wno-strict-aliasing: YES (cached)
Compiler for C supports arguments -Wno-missing-prototypes: YES (cached)
Compiler for C supports arguments -Wno-unused-value: YES 
Compiler for C supports arguments -Wno-format-nonliteral: YES 
Compiler for C supports arguments -Wno-shift-negative-value: YES 
Compiler for C supports arguments -Wno-unused-but-set-variable: YES (cached)
Compiler for C supports arguments -Wno-missing-declarations: YES 
Compiler for C supports arguments -Wno-maybe-uninitialized: YES 
Compiler for C supports arguments -Wno-strict-prototypes: YES (cached)
Compiler for C supports arguments -Wno-shift-negative-value: YES (cached)
Compiler for C supports arguments -Wno-implicit-fallthrough: YES 
Compiler for C supports arguments -Wno-format-extra-args: YES 
Compiler for C supports arguments -Wno-visibility: NO 
Compiler for C supports arguments -Wno-empty-body: YES (cached)
Compiler for C supports arguments -Wno-invalid-source-encoding: NO 
Compiler for C supports arguments -Wno-sometimes-uninitialized: NO 
Compiler for C supports arguments -Wno-pointer-bool-conversion: NO 
Compiler for C supports arguments -Wno-format-nonliteral: YES (cached)
Message: drivers/net/qede: Defining dependency "net_qede"
Message: drivers/net/r8169: Defining dependency "net_r8169"
Message: drivers/net/ring: Defining dependency "net_ring"
Message: drivers/net/rnp: Defining dependency "net_rnp"
Message: drivers/net/softnic: Defining dependency "net_softnic"
Header "linux/pkt_cls.h" has symbol "TCA_FLOWER_ACT" : YES 
Dependency libbpf found: YES 1.2.2 (cached)
Program bpftool /usr/sbin/bpftool found: NO
Message: net/tap: no RSS support missing bpftool
Message: drivers/net/tap: Defining dependency "net_tap"
Compiler for C supports arguments -fno-prefetch-loop-arrays: YES 
Compiler for C supports arguments -Wno-maybe-uninitialized: YES (cached)
Message: drivers/net/thunderx: Defining dependency "net_thunderx"
Message: drivers/net/txgbe: Defining dependency "net_txgbe"
Compiler for C supports arguments -D_BSD_SOURCE: YES (cached)
Compiler for C supports arguments -D_DEFAULT_SOURCE: YES (cached)
Compiler for C supports arguments -D_XOPEN_SOURCE=600: YES (cached)
Message: drivers/net/vdev_netvsc: Defining dependency "net_vdev_netvsc"
Message: drivers/net/vhost: Defining dependency "net_vhost"
Message: drivers/net/virtio: Defining dependency "net_virtio"
Compiler for C supports arguments -Wno-unused-parameter: YES (cached)
Compiler for C supports arguments -Wno-unused-value: YES (cached)
Compiler for C supports arguments -Wno-strict-aliasing: YES (cached)
Compiler for C supports arguments -Wno-format-extra-args: YES (cached)
Message: drivers/net/vmxnet3: Defining dependency "net_vmxnet3"
Message: drivers/net/xsc: Defining dependency "net_xsc"
Message: drivers/net/zxdh: Defining dependency "net_zxdh"
Message: drivers/raw/cnxk_bphy: Defining dependency "raw_cnxk_bphy"
Message: drivers/raw/cnxk_gpio: Defining dependency "raw_cnxk_gpio"
Message: drivers/raw/cnxk_rvu_lf: Defining dependency "raw_cnxk_rvu_lf"
Message: drivers/raw/dpaa2_cmdif: Defining dependency "raw_dpaa2_cmdif"
Message: drivers/raw/gdtc: Defining dependency "raw_gdtc"
Message: drivers/raw/ntb: Defining dependency "raw_ntb"
Message: drivers/raw/skeleton: Defining dependency "raw_skeleton"
Run-time dependency libaarch64crypto found: NO (tried pkgconfig)
Message: drivers/crypto/bcmfs: Defining dependency "crypto_bcmfs"
Message: drivers/crypto/caam_jr: Defining dependency "crypto_caam_jr"
Dependency libcrypto found: YES 3.0.12 (cached)
Message: drivers/crypto/ccp: Defining dependency "crypto_ccp"
Message: drivers/crypto/cnxk: Defining dependency "crypto_cnxk"
Message: drivers/crypto/dpaa_sec: Defining dependency "crypto_dpaa_sec"
Message: drivers/crypto/dpaa2_sec: Defining dependency "crypto_dpaa2_sec"
Message: drivers/crypto/ionic: Defining dependency "crypto_ionic"
Library IPSec_MB found: NO
Compiler for C supports arguments -std=c11: YES (cached)
Compiler for C supports arguments -Wno-strict-prototypes: YES (cached)
Compiler for C supports arguments -D_BSD_SOURCE: YES (cached)
Compiler for C supports arguments -D_DEFAULT_SOURCE: YES (cached)
Compiler for C supports arguments -D_XOPEN_SOURCE=600: YES (cached)
Message: drivers/crypto/mlx5: Defining dependency "crypto_mlx5"
Run-time dependency libmusdk found: NO (tried pkgconfig)
Message: drivers/crypto/nitrox: Defining dependency "crypto_nitrox"
Message: drivers/crypto/null: Defining dependency "crypto_null"
Message: drivers/crypto/octeontx: Defining dependency "crypto_octeontx"
Dependency libcrypto found: YES 3.0.12 (cached)
Message: drivers/crypto/openssl: Defining dependency "crypto_openssl"
Message: drivers/crypto/scheduler: Defining dependency "crypto_scheduler"
Run-time dependency libwd_crypto found: NO (tried pkgconfig)
Run-time dependency libwd found: NO (tried pkgconfig)
Message: drivers/crypto/virtio: Defining dependency "crypto_virtio"
Run-time dependency libisal found: NO (tried pkgconfig)
Compiler for C supports arguments -std=c11: YES (cached)
Compiler for C supports arguments -Wno-strict-prototypes: YES (cached)
Compiler for C supports arguments -D_BSD_SOURCE: YES (cached)
Compiler for C supports arguments -D_DEFAULT_SOURCE: YES (cached)
Compiler for C supports arguments -D_XOPEN_SOURCE=600: YES (cached)
Message: drivers/compress/mlx5: Defining dependency "compress_mlx5"
Message: drivers/compress/nitrox: Defining dependency "compress_nitrox"
Message: drivers/compress/octeontx: Defining dependency "compress_octeontx"
Run-time dependency libwd_comp found: NO (tried pkgconfig)
Run-time dependency libwd found: NO (tried pkgconfig)
Dependency zlib found: YES 1.2.13 (cached)
Message: drivers/compress/zlib: Defining dependency "compress_zlib"
Compiler for C supports arguments -std=c11: YES (cached)
Compiler for C supports arguments -Wno-strict-prototypes: YES (cached)
Compiler for C supports arguments -D_BSD_SOURCE: YES (cached)
Compiler for C supports arguments -D_DEFAULT_SOURCE: YES (cached)
Compiler for C supports arguments -D_XOPEN_SOURCE=600: YES (cached)
Message: drivers/regex/mlx5: Defining dependency "regex_mlx5"
Message: drivers/regex/cn9k: Defining dependency "regex_cn9k"
Message: drivers/ml/cnxk: libarchive not found
Message: drivers/ml/cnxk: jansson not found
Found CMake: /usr/bin/cmake (3.30.5)
Run-time dependency dlpack found: NO (tried cmake)
Message: drivers/ml/cnxk: dlpack not found
Run-time dependency dmlc found: NO (tried cmake)
Message: drivers/ml/cnxk: dmlc not found
Run-time dependency tvm found: NO (tried cmake)
Message: drivers/ml/cnxk: tvm_runtime not found
Run-time dependency tvmdp found: NO (tried pkgconfig)
Message: drivers/ml/cnxk: tvmdp not found
Message: drivers/ml/cnxk: Disabled TVM model support
Message: drivers/ml/cnxk: Defining dependency "ml_cnxk"
Message: drivers/vdpa/ifc: Defining dependency "vdpa_ifc"
Compiler for C supports arguments -std=c11: YES (cached)
Compiler for C supports arguments -Wno-strict-prototypes: YES (cached)
Compiler for C supports arguments -D_BSD_SOURCE: YES (cached)
Compiler for C supports arguments -D_DEFAULT_SOURCE: YES (cached)
Compiler for C supports arguments -D_XOPEN_SOURCE=600: YES (cached)
Message: drivers/vdpa/mlx5: Defining dependency "vdpa_mlx5"
Message: drivers/vdpa/nfp: Defining dependency "vdpa_nfp"
Compiler for C supports arguments -flax-vector-conversions: YES (cached)
Compiler for C supports arguments -Wno-strict-aliasing: YES (cached)
Message: drivers/event/cnxk: Defining dependency "event_cnxk"
Message: drivers/event/dpaa: Defining dependency "event_dpaa"
Message: drivers/event/dpaa2: Defining dependency "event_dpaa2"
Compiler for C supports arguments -Wno-format-nonliteral: YES (cached)
Message: drivers/event/dsw: Defining dependency "event_dsw"
Message: drivers/event/octeontx: Defining dependency "event_octeontx"
Message: drivers/event/opdl: Defining dependency "event_opdl"
Message: drivers/event/skeleton: Defining dependency "event_skeleton"
Message: drivers/event/sw: Defining dependency "event_sw"
Run-time dependency flexran_sdk_ldpc_decoder_5gnr found: NO (tried pkgconfig and cmake)
Message: drivers/baseband/acc: Defining dependency "baseband_acc"
Message: drivers/baseband/fpga_5gnr_fec: Defining dependency "baseband_fpga_5gnr_fec"
Message: drivers/baseband/fpga_lte_fec: Defining dependency "baseband_fpga_lte_fec"
Message: drivers/baseband/la12xx: Defining dependency "baseband_la12xx"
Message: drivers/baseband/null: Defining dependency "baseband_null"
Run-time dependency flexran_sdk_turbo found: NO (tried pkgconfig and cmake)
Run-time dependency flexran_sdk_ldpc_decoder_5gnr found: NO (tried pkgconfig and cmake)
Message: drivers/baseband/turbo_sw: Defining dependency "baseband_turbo_sw"
Has header "cuda.h" : NO 
Message: drivers/power/acpi: Defining dependency "power_acpi"
Message: drivers/power/amd_pstate: Defining dependency "power_amd_pstate"
Library e_smi64 found: NO
Message: drivers/power/cppc: Defining dependency "power_cppc"
Message: drivers/power/intel_pstate: Defining dependency "power_intel_pstate"
Message: drivers/power/intel_uncore: Defining dependency "power_intel_uncore"
Message: drivers/power/kvm_vm: Defining dependency "power_kvm_vm"
Has header "sys/epoll.h" : YES 
Dependency zlib found: YES 1.2.13 (cached)
Run-time dependency pcap found: YES 1.10.4
Compiler for C supports arguments -fno-strict-aliasing: YES (cached)
Program clang found: YES (/usr/bin/clang)
Program xxd found: YES (/usr/bin/xxd)
Message: hugepage availability: true
Program test_telemetry.sh found: YES (/home/loongson/.dpdk/dpdk/app/test/suites/test_telemetry.sh)
Program doxygen found: NO
Program sphinx-build found: NO
Configuring rte_build_config.h using configuration
Message: 
=================
Applications Enabled
=================

apps:
	dumpcap, graph, pdump, proc-info, test-acl, test-bbdev, test-cmdline, test-compress-perf, 
	test-crypto-perf, test-dma-perf, test-eventdev, test-fib, test-flow-perf, test-gpudev, test-mldev, test-pipeline, 
	test-pmd, test-regex, test-sad, test-security-perf, test, 

Message: 
=================
Libraries Enabled
=================

libs:
	log, kvargs, argparse, telemetry, pmu, eal, ptr_compress, ring, 
	rcu, mempool, mbuf, net, meter, ethdev, pci, cmdline, 
	metrics, hash, timer, acl, bbdev, bitratestats, bpf, cfgfile, 
	compressdev, cryptodev, distributor, dmadev, efd, eventdev, dispatcher, gpudev, 
	gro, gso, ip_frag, jobstats, latencystats, lpm, member, pcapng, 
	power, rawdev, regexdev, mldev, rib, reorder, sched, security, 
	stack, vhost, ipsec, pdcp, fib, port, pdump, table, 
	pipeline, graph, node, 

Message: 
===============
Drivers Enabled
===============

common:
	cpt, dpaax, ionic, octeontx, cnxk, mlx5, nfp, nitrox, 
	qat, zsda, 
bus:
	auxiliary, cdx, dpaa, fslmc, ifpga, pci, platform, uacce, 
	vdev, vmbus, 
mempool:
	bucket, cnxk, dpaa, dpaa2, octeontx, ring, stack, 
dma:
	cnxk, dpaa, dpaa2, odm, skeleton, 
net:
	af_packet, ark, atlantic, avp, axgbe, bnx2x, bnxt, bond, 
	cnxk, cxgbe, dpaa, dpaa2, ena, enetc, enetfec, enic, 
	failsafe, gve, hinic, e1000, fm10k, iavf, ice, idpf, 
	ixgbe, cpfl, ionic, memif, mlx4, mlx5, nbl, netvsc, 
	nfp, ngbe, null, octeontx, octeon_ep, pcap, pfe, qede, 
	r8169, ring, rnp, softnic, tap, thunderx, txgbe, vdev_netvsc, 
	vhost, virtio, vmxnet3, xsc, zxdh, 
raw:
	cnxk_bphy, cnxk_gpio, cnxk_rvu_lf, dpaa2_cmdif, gdtc, ntb, skeleton, 
crypto:
	bcmfs, caam_jr, ccp, cnxk, dpaa_sec, dpaa2_sec, ionic, mlx5, 
	nitrox, null, octeontx, openssl, scheduler, virtio, 
compress:
	mlx5, nitrox, octeontx, zlib, 
regex:
	mlx5, cn9k, 
ml:
	cnxk, 
vdpa:
	ifc, mlx5, nfp, 
event:
	cnxk, dpaa, dpaa2, dsw, octeontx, opdl, skeleton, sw, 
	
baseband:
	acc, fpga_5gnr_fec, fpga_lte_fec, la12xx, null, turbo_sw, 
gpu:
	
power:
	acpi, amd_pstate, cppc, intel_pstate, intel_uncore, kvm_vm, 

Message: 
=================
Content Skipped
=================

apps:
	
libs:
	
drivers:
	common/mvep:	missing dependency, "libmusdk"
	common/sfc_efx:	only supported on x86_64 and aarch64
	dma/hisi_acc:	only supported on x86_64 and aarch64
	dma/hisi_pciep:	only supported on x86_64 and aarch64
	dma/idxd:	only supported on x86
	dma/ioat:	only supported on x86
	net/af_xdp:	missing dependency, "libxdp >=1.2.2" and "libbpf"
	net/hinic3:	only supported on x86_64 and aarch64
	net/hns3:	only supported on x86_64 and aarch64
	net/intel/i40e:	not supported on LoongArch
	net/intel/ipn3ke:	missing dependency, "libfdt"
	net/mana:	only supported on x86 or arm64 Linux
	net/mvneta:	missing dependency, "libmusdk"
	net/mvpp2:	missing dependency, "libmusdk"
	net/nfb:	missing dependency, "libnfb"
	net/ntnic:	only supported on x86_64 Linux
	net/sfc:	only supported on x86_64 and aarch64
	raw/ifpga:	missing dependency, "libfdt"
	crypto/armv8:	missing dependency, "libAArch64crypto"
	crypto/ipsec_mb:	missing dependency, "libIPSec_MB"
	crypto/mvsam:	missing dependency, "libmusdk"
	crypto/uadk:	missing dependency, "libwd"
	compress/isal:	missing dependency, "libisal"
	compress/uadk:	missing dependency, "libwd"
	vdpa/sfc:	only supported on x86_64 and aarch64
	event/dlb2:	only supported on x86_64 Linux
	gpu/cuda:	missing dependency, "cuda.h"
	power/amd_uncore:	missing dependency, "libe_smi"
	

Message: DPDK build config complete:
  source path = "/home/loongson/.dpdk/dpdk"
  build path  = "/home/loongson/.dpdk/dpdk/build"
Build targets in project: 1080

Found ninja-1.11.1 at /usr/bin/ninja
WARNING: Running the setup command as `meson [options]` instead of `meson setup [options]` is ambiguous and deprecated.
meson & ninja build pass
finding context: loongarch-compilation for 162762 ...
contexts for 162762: "checkpatch" "loongarch-compilation" "loongarch-unit-testing" "github-robot: build"
test report for 162762 from loongarch-compilation existed!
send test report for series 37785 to John McNamara <john.mcnamara@intel.com>
touch: cannot touch '/home/loongson/.dpdk/dpdk-ci/tools/../reports/162762_report.txt': No such file or directory
2026-03-27T03:40:02
https://patches.dpdk.org/api/events/?category=series-completed&page=1&since=2026-03-27T03:40:02
fetched series ids: 37785 37784 37783 37782 37781 37780 37779 37778 
2026-03-28T13:05:03 /home/loongson/.dpdk/dpdk-ci/tools/test-series.sh 37785
download-series.sh: request https://patches.dpdk.org/api/series/37785
pwid(s) for series 37785: 162762 
The number of patch(es) is: 1
/home/loongson/.dpdk/dpdk-ci/tools/../series/37785/162762.patch lines: 147
download series done!
list trees for series 37785: dpdk
try to apply on dpdk ...
Switched to branch 'unused'
Deleted branch main (was 626d4e3932).
Switched to a new branch 'main'
branch 'main' set up to track 'origin/main'.
need to update git base
/home/loongson/.dpdk/dpdk-ci/tools/test-series.sh: line 106: 469577 Killed                  timeout -s SIGKILL 60s git pull --rebase
2026-03-27T03:40:02
https://patches.dpdk.org/api/events/?category=series-completed&page=1&since=2026-03-27T03:40:02
fetched series ids: 37785 37784 37783 37782 37781 37780 37779 37778 
2026-03-28T13:10:03 /home/loongson/.dpdk/dpdk-ci/tools/test-series.sh 37785
download-series.sh: request https://patches.dpdk.org/api/series/37785
pwid(s) for series 37785: 162762 
The number of patch(es) is: 1
/home/loongson/.dpdk/dpdk-ci/tools/../series/37785/162762.patch lines: 147
download series done!
list trees for series 37785: dpdk
try to apply on dpdk ...
Switched to branch 'unused'
Deleted branch main (was 626d4e3932).
Switched to a new branch 'main'
branch 'main' set up to track 'origin/main'.
need to update git base
/home/loongson/.dpdk/dpdk-ci/tools/test-series.sh: line 106: 470193 Killed                  timeout -s SIGKILL 60s git pull --rebase
2026-03-27T03:40:02
https://patches.dpdk.org/api/events/?category=series-completed&page=1&since=2026-03-27T03:40:02
fetched series ids: 37785 37784 37783 37782 37781 37780 37779 37778 
2026-03-28T13:15:03 /home/loongson/.dpdk/dpdk-ci/tools/test-series.sh 37785
download-series.sh: request https://patches.dpdk.org/api/series/37785
pwid(s) for series 37785: 162762 
The number of patch(es) is: 1
/home/loongson/.dpdk/dpdk-ci/tools/../series/37785/162762.patch lines: 147
download series done!
list trees for series 37785: dpdk
try to apply on dpdk ...
Switched to branch 'unused'
Deleted branch main (was 626d4e3932).
Switched to a new branch 'main'
branch 'main' set up to track 'origin/main'.
need to update git base
Already up to date.
Deleted branch s-37785 (was 34bdc0b27a).
Switched to a new branch 's-37785'
Applying: doc: update release notes for 26.03
Insert one base commit: 37785 626d4e39327333cd5508885162e45ca7fb94ef7f
The Meson build system
Version: 1.4.1
Source dir: /home/loongson/.dpdk/dpdk
Build dir: /home/loongson/.dpdk/dpdk/build
Build type: native build
Project name: DPDK
Project version: 26.03.0-rc3
C compiler for the host machine: cc (gcc 12.3.0 "cc (GCC) 12.3.0 20230508 (Loongnix OS 12.3.0-10)")
C linker for the host machine: cc ld.bfd 2.41-5
Host machine cpu family: loongarch64
Host machine cpu: loongarch64
Message: ## Building in Developer Mode ##
Program pkg-config found: YES (/usr/bin/pkg-config)
Program check-symbols.sh found: YES (/home/loongson/.dpdk/dpdk/buildtools/check-symbols.sh)
Program options-ibverbs-static.sh found: YES (/home/loongson/.dpdk/dpdk/buildtools/options-ibverbs-static.sh)
Program python3 found: YES (/usr/bin/python3)
Program python3 (elftools) found: YES (/usr/bin/python3) modules: elftools
Message: Minimum Meson required version is 0.57.2
Program cat found: YES (/usr/bin/cat)
Compiler for C supports arguments -march=native: YES 
Checking for size of "void *" : 8 
Checking for size of "void *" : 8 (cached)
Compiler for C supports link arguments -Wl,--undefined-version: YES 
Library m found: YES
Library numa found: YES
Has header "numaif.h" : YES 
Library fdt found: NO
Library execinfo found: NO
Has header "execinfo.h" : YES 
Found pkg-config: YES (/usr/bin/pkg-config) 1.9.5
Run-time dependency libarchive found: NO (tried pkgconfig)
Run-time dependency libbsd found: NO (tried pkgconfig)
Run-time dependency jansson found: NO (tried pkgconfig)
Run-time dependency openssl found: YES 3.0.12
Run-time dependency libpcap found: YES 1.10.4
Has header "pcap.h" with dependency libpcap: YES 
Compiler for C supports arguments -Wvla: YES 
Compiler for C supports arguments -Wno-shadow: YES 
Compiler for C supports arguments -Wno-comma: NO 
Compiler for C supports arguments -Wcast-qual: YES 
Compiler for C supports arguments -Wcomma: NO 
Compiler for C supports arguments -Wdeprecated: YES 
Compiler for C supports arguments -Wformat: YES 
Compiler for C supports arguments -Wformat-nonliteral: YES 
Compiler for C supports arguments -Wformat-security: YES 
Compiler for C supports arguments -Wmissing-declarations: YES 
Compiler for C supports arguments -Wmissing-prototypes: YES 
Compiler for C supports arguments -Wnested-externs: YES 
Compiler for C supports arguments -Wold-style-definition: YES 
Compiler for C supports arguments -Wpointer-arith: YES 
Compiler for C supports arguments -Wshadow: YES 
Compiler for C supports arguments -Wsign-compare: YES 
Compiler for C supports arguments -Wstrict-prototypes: YES 
Compiler for C supports arguments -Wundef: YES 
Compiler for C supports arguments -Wwrite-strings: YES 
Compiler for C supports arguments -Wno-packed-not-aligned: YES 
Compiler for C supports arguments -Wno-missing-field-initializers: YES 
Compiler for C supports arguments -fzero-init-padding-bits=all: NO 
Message: Implementer : Generic loongarch
Message: ['-march=loongarch64']
Message: lib/log: Defining dependency "log"
Message: lib/kvargs: Defining dependency "kvargs"
Message: lib/argparse: Defining dependency "argparse"
Message: lib/telemetry: Defining dependency "telemetry"
Message: lib/pmu: Defining dependency "pmu"
Checking for function "pthread_attr_setaffinity_np" : YES 
Checking for function "getentropy" : NO 
Message: lib/eal: Defining dependency "eal"
Message: lib/ptr_compress: Defining dependency "ptr_compress"
Message: lib/ring: Defining dependency "ring"
Message: lib/rcu: Defining dependency "rcu"
Message: lib/mempool: Defining dependency "mempool"
Message: lib/mbuf: Defining dependency "mbuf"
Message: lib/net: Defining dependency "net"
Message: lib/meter: Defining dependency "meter"
Message: lib/ethdev: Defining dependency "ethdev"
Message: lib/pci: Defining dependency "pci"
Message: lib/cmdline: Defining dependency "cmdline"
Message: lib/metrics: Defining dependency "metrics"
Message: lib/hash: Defining dependency "hash"
Message: lib/timer: Defining dependency "timer"
Message: lib/acl: Defining dependency "acl"
Message: lib/bbdev: Defining dependency "bbdev"
Message: lib/bitratestats: Defining dependency "bitratestats"
Run-time dependency libelf found: YES 0.190
Message: lib/bpf: Defining dependency "bpf"
Message: lib/cfgfile: Defining dependency "cfgfile"
Message: lib/compressdev: Defining dependency "compressdev"
Message: lib/cryptodev: Defining dependency "cryptodev"
Message: lib/distributor: Defining dependency "distributor"
Message: lib/dmadev: Defining dependency "dmadev"
Message: lib/efd: Defining dependency "efd"
Message: lib/eventdev: Defining dependency "eventdev"
Message: lib/dispatcher: Defining dependency "dispatcher"
Message: lib/gpudev: Defining dependency "gpudev"
Message: lib/gro: Defining dependency "gro"
Message: lib/gso: Defining dependency "gso"
Message: lib/ip_frag: Defining dependency "ip_frag"
Message: lib/jobstats: Defining dependency "jobstats"
Message: lib/latencystats: Defining dependency "latencystats"
Message: lib/lpm: Defining dependency "lpm"
Message: lib/member: Defining dependency "member"
Message: lib/pcapng: Defining dependency "pcapng"
Message: lib/power: Defining dependency "power"
Message: lib/rawdev: Defining dependency "rawdev"
Message: lib/regexdev: Defining dependency "regexdev"
Message: lib/mldev: Defining dependency "mldev"
Message: lib/rib: Defining dependency "rib"
Message: lib/reorder: Defining dependency "reorder"
Message: lib/sched: Defining dependency "sched"
Message: lib/security: Defining dependency "security"
Message: lib/stack: Defining dependency "stack"
Has header "linux/userfaultfd.h" : YES 
Compiler for C supports arguments -fno-strict-aliasing: YES 
Compiler for C supports arguments -Wno-address-of-packed-member: YES 
Message: lib/vhost: Defining dependency "vhost"
Message: lib/ipsec: Defining dependency "ipsec"
Message: lib/pdcp: Defining dependency "pdcp"
Message: lib/fib: Defining dependency "fib"
Message: lib/port: Defining dependency "port"
Message: lib/pdump: Defining dependency "pdump"
Message: lib/table: Defining dependency "table"
Message: lib/pipeline: Defining dependency "pipeline"
Message: lib/graph: Defining dependency "graph"
Message: lib/node: Defining dependency "node"
Compiler for C supports arguments -Wno-format-truncation: YES 
Compiler for C supports arguments -Wno-address-of-packed-member: YES (cached)
Message: drivers/common/cpt: Defining dependency "common_cpt"
Compiler for C supports arguments -Wno-cast-qual: YES 
Compiler for C supports arguments -Wno-pointer-arith: YES 
Message: drivers/common/dpaax: Defining dependency "common_dpaax"
Message: drivers/common/ionic: Defining dependency "common_ionic"
Run-time dependency libmusdk found: NO (tried pkgconfig)
Message: drivers/common/octeontx: Defining dependency "common_octeontx"
Message: drivers/bus/auxiliary: Defining dependency "bus_auxiliary"
Message: drivers/bus/cdx: Defining dependency "bus_cdx"
Compiler for C supports arguments -Wno-cast-qual: YES (cached)
Compiler for C supports arguments -Wno-pointer-arith: YES (cached)
Message: drivers/bus/dpaa: Defining dependency "bus_dpaa"
Message: drivers/bus/fslmc: Defining dependency "bus_fslmc"
Message: drivers/bus/ifpga: Defining dependency "bus_ifpga"
Message: drivers/bus/pci: Defining dependency "bus_pci"
Message: drivers/bus/platform: Defining dependency "bus_platform"
Message: drivers/bus/uacce: Defining dependency "bus_uacce"
Message: drivers/bus/vdev: Defining dependency "bus_vdev"
Message: drivers/bus/vmbus: Defining dependency "bus_vmbus"
Message: drivers/common/cnxk: Defining dependency "common_cnxk"
Compiler for C supports arguments -std=c11: YES 
Compiler for C supports arguments -Wno-strict-prototypes: YES 
Compiler for C supports arguments -D_BSD_SOURCE: YES 
Compiler for C supports arguments -D_DEFAULT_SOURCE: YES 
Compiler for C supports arguments -D_XOPEN_SOURCE=600: YES 
Run-time dependency libmlx5 found: YES 1.25.54.0
Run-time dependency libibverbs found: YES 1.14.54.0
Library mtcr_ul found: NO
Header "infiniband/verbs.h" has symbol "IBV_FLOW_SPEC_ESP" with dependencies libmlx5, libibverbs: YES 
Header "infiniband/verbs.h" has symbol "IBV_RX_HASH_IPSEC_SPI" with dependencies libmlx5, libibverbs: YES 
Header "infiniband/verbs.h" has symbol "IBV_ACCESS_RELAXED_ORDERING " with dependencies libmlx5, libibverbs: YES 
Header "infiniband/mlx5dv.h" has symbol "MLX5DV_CQE_RES_FORMAT_CSUM_STRIDX" with dependencies libmlx5, libibverbs: YES 
Header "infiniband/mlx5dv.h" has symbol "MLX5DV_CONTEXT_MASK_TUNNEL_OFFLOADS" with dependencies libmlx5, libibverbs: YES 
Header "infiniband/mlx5dv.h" has symbol "MLX5DV_CONTEXT_FLAGS_MPW_ALLOWED" with dependencies libmlx5, libibverbs: YES 
Header "infiniband/mlx5dv.h" has symbol "MLX5DV_CONTEXT_FLAGS_CQE_128B_COMP" with dependencies libmlx5, libibverbs: YES 
Header "infiniband/mlx5dv.h" has symbol "MLX5DV_CQ_INIT_ATTR_FLAGS_CQE_PAD" with dependencies libmlx5, libibverbs: YES 
Header "infiniband/mlx5dv.h" has symbol "mlx5dv_create_flow_action_packet_reformat" with dependencies libmlx5, libibverbs: YES 
Header "infiniband/verbs.h" has symbol "IBV_FLOW_SPEC_MPLS" with dependencies libmlx5, libibverbs: YES 
Header "infiniband/verbs.h" has symbol "IBV_WQ_FLAGS_PCI_WRITE_END_PADDING" with dependencies libmlx5, libibverbs: YES 
Header "infiniband/verbs.h" has symbol "IBV_WQ_FLAG_RX_END_PADDING" with dependencies libmlx5, libibverbs: NO 
Header "infiniband/mlx5dv.h" has symbol "mlx5dv_query_devx_port" with dependencies libmlx5, libibverbs: NO 
Header "infiniband/mlx5dv.h" has symbol "mlx5dv_query_port" with dependencies libmlx5, libibverbs: YES 
Header "infiniband/mlx5dv.h" has symbol "mlx5dv_dr_action_create_dest_ib_port" with dependencies libmlx5, libibverbs: YES 
Header "infiniband/mlx5dv.h" has symbol "mlx5dv_devx_obj_create" with dependencies libmlx5, libibverbs: YES 
Header "infiniband/mlx5dv.h" has symbol "MLX5DV_FLOW_ACTION_COUNTERS_DEVX" with dependencies libmlx5, libibverbs: YES 
Header "infiniband/mlx5dv.h" has symbol "MLX5DV_FLOW_ACTION_DEFAULT_MISS" with dependencies libmlx5, libibverbs: YES 
Header "infiniband/mlx5dv.h" has symbol "mlx5dv_devx_obj_query_async" with dependencies libmlx5, libibverbs: YES 
Header "infiniband/mlx5dv.h" has symbol "mlx5dv_devx_qp_query" with dependencies libmlx5, libibverbs: YES 
Header "infiniband/mlx5dv.h" has symbol "mlx5dv_pp_alloc" with dependencies libmlx5, libibverbs: YES 
Header "infiniband/mlx5dv.h" has symbol "mlx5dv_dr_action_create_dest_devx_tir" with dependencies libmlx5, libibverbs: YES 
Header "infiniband/mlx5dv.h" has symbol "mlx5dv_devx_get_event" with dependencies libmlx5, libibverbs: YES 
Header "infiniband/mlx5dv.h" has symbol "mlx5dv_dr_action_create_flow_meter" with dependencies libmlx5, libibverbs: YES 
Header "infiniband/mlx5dv.h" has symbol "MLX5_MMAP_GET_NC_PAGES_CMD" with dependencies libmlx5, libibverbs: YES 
Header "infiniband/mlx5dv.h" has symbol "MLX5DV_DR_DOMAIN_TYPE_NIC_RX" with dependencies libmlx5, libibverbs: YES 
Header "infiniband/mlx5dv.h" has symbol "MLX5DV_DR_DOMAIN_TYPE_FDB" with dependencies libmlx5, libibverbs: YES 
Header "infiniband/mlx5dv.h" has symbol "mlx5dv_dr_action_create_push_vlan" with dependencies libmlx5, libibverbs: YES 
Header "infiniband/mlx5dv.h" has symbol "mlx5dv_alloc_var" with dependencies libmlx5, libibverbs: YES 
Header "infiniband/mlx5dv.h" has symbol "MLX5_OPCODE_ENHANCED_MPSW" with dependencies libmlx5, libibverbs: NO 
Header "infiniband/mlx5dv.h" has symbol "MLX5_OPCODE_SEND_EN" with dependencies libmlx5, libibverbs: NO 
Header "infiniband/mlx5dv.h" has symbol "MLX5_OPCODE_WAIT" with dependencies libmlx5, libibverbs: NO 
Header "infiniband/mlx5dv.h" has symbol "MLX5_OPCODE_ACCESS_ASO" with dependencies libmlx5, libibverbs: NO 
Header "linux/if_link.h" has symbol "IFLA_NUM_VF" with dependencies libmlx5, libibverbs: YES 
Header "linux/if_link.h" has symbol "IFLA_EXT_MASK" with dependencies libmlx5, libibverbs: YES 
Header "linux/if_link.h" has symbol "IFLA_PHYS_SWITCH_ID" with dependencies libmlx5, libibverbs: YES 
Header "linux/if_link.h" has symbol "IFLA_PHYS_PORT_NAME" with dependencies libmlx5, libibverbs: YES 
Header "rdma/rdma_netlink.h" has symbol "RDMA_NL_NLDEV" with dependencies libmlx5, libibverbs: YES 
Header "rdma/rdma_netlink.h" has symbol "RDMA_NLDEV_CMD_GET" with dependencies libmlx5, libibverbs: YES 
Header "rdma/rdma_netlink.h" has symbol "RDMA_NLDEV_CMD_PORT_GET" with dependencies libmlx5, libibverbs: YES 
Header "rdma/rdma_netlink.h" has symbol "RDMA_NLDEV_ATTR_DEV_INDEX" with dependencies libmlx5, libibverbs: YES 
Header "rdma/rdma_netlink.h" has symbol "RDMA_NLDEV_ATTR_DEV_NAME" with dependencies libmlx5, libibverbs: YES 
Header "rdma/rdma_netlink.h" has symbol "RDMA_NLDEV_ATTR_PORT_INDEX" with dependencies libmlx5, libibverbs: YES 
Header "rdma/rdma_netlink.h" has symbol "RDMA_NLDEV_ATTR_PORT_STATE" with dependencies libmlx5, libibverbs: YES 
Header "rdma/rdma_netlink.h" has symbol "RDMA_NLDEV_ATTR_NDEV_INDEX" with dependencies libmlx5, libibverbs: YES 
Header "rdma/rdma_netlink.h" has symbol "RDMA_NL_GROUP_NOTIFY" with dependencies libmlx5, libibverbs: NO 
Header "rdma/rdma_netlink.h" has symbol "RDMA_NLDEV_CMD_SYS_GET" with dependencies libmlx5, libibverbs: YES 
Header "rdma/rdma_netlink.h" has symbol "RDMA_NLDEV_SYS_ATTR_MONITOR_MODE" with dependencies libmlx5, libibverbs: NO 
Header "rdma/rdma_netlink.h" has symbol "RDMA_NLDEV_ATTR_EVENT_TYPE" with dependencies libmlx5, libibverbs: NO 
Header "rdma/rdma_netlink.h" has symbol "RDMA_NLDEV_CMD_MONITOR" with dependencies libmlx5, libibverbs: NO 
Header "infiniband/mlx5dv.h" has symbol "mlx5dv_dump_dr_domain" with dependencies libmlx5, libibverbs: YES 
Header "infiniband/mlx5dv.h" has symbol "mlx5dv_dr_action_create_flow_sampler" with dependencies libmlx5, libibverbs: YES 
Header "infiniband/mlx5dv.h" has symbol "mlx5dv_dr_domain_set_reclaim_device_memory" with dependencies libmlx5, libibverbs: YES 
Header "infiniband/mlx5dv.h" has symbol "mlx5dv_dr_action_create_dest_array" with dependencies libmlx5, libibverbs: YES 
Header "linux/devlink.h" has symbol "DEVLINK_GENL_NAME" with dependencies libmlx5, libibverbs: YES 
Header "infiniband/mlx5dv.h" has symbol "mlx5dv_dr_action_create_aso" with dependencies libmlx5, libibverbs: YES 
Header "infiniband/verbs.h" has symbol "INFINIBAND_VERBS_H" with dependencies libmlx5, libibverbs: YES 
Header "infiniband/mlx5dv.h" has symbol "MLX5_WQE_UMR_CTRL_FLAG_INLINE" with dependencies libmlx5, libibverbs: YES 
Header "infiniband/mlx5dv.h" has symbol "mlx5dv_dump_dr_rule" with dependencies libmlx5, libibverbs: YES 
Header "infiniband/mlx5dv.h" has symbol "MLX5DV_DR_ACTION_FLAGS_ASO_CT_DIRECTION_INITIATOR" with dependencies libmlx5, libibverbs: YES 
Header "infiniband/mlx5dv.h" has symbol "mlx5dv_dr_domain_allow_duplicate_rules" with dependencies libmlx5, libibverbs: YES 
Header "infiniband/verbs.h" has symbol "ibv_reg_mr_iova" with dependencies libmlx5, libibverbs: YES 
Header "infiniband/verbs.h" has symbol "ibv_import_device" with dependencies libmlx5, libibverbs: YES 
Header "infiniband/mlx5dv.h" has symbol "mlx5dv_dr_action_create_dest_root_table" with dependencies libmlx5, libibverbs: YES 
Header "infiniband/mlx5dv.h" has symbol "mlx5dv_create_steering_anchor" with dependencies libmlx5, libibverbs: YES 
Header "infiniband/verbs.h" has symbol "ibv_is_fork_initialized" with dependencies libmlx5, libibverbs: YES 
Header "infiniband/mlx5dv.h" has symbol "MLX5DV_CONTEXT_MASK_REG_C0" with dependencies libmlx5, libibverbs: YES 
Header "infiniband/mlx5dv.h" has symbol "MLX5DV_FLOW_ACTION_COUNTERS_DEVX_WITH_OFFSET" with dependencies libmlx5, libibverbs: NO 
Checking whether type "struct mlx5dv_sw_parsing_caps" has member "sw_parsing_offloads" with dependencies libmlx5, libibverbs: YES 
Checking whether type "struct ibv_counter_set_init_attr" has member "counter_set_id" with dependencies libmlx5, libibverbs: NO 
Checking whether type "struct ibv_counters_init_attr" has member "comp_mask" with dependencies libmlx5, libibverbs: YES 
Checking whether type "struct mlx5dv_devx_uar" has member "mmap_off" with dependencies libmlx5, libibverbs: YES 
Checking whether type "struct mlx5dv_flow_matcher_attr" has member "ft_type" with dependencies libmlx5, libibverbs: YES 
Configuring mlx5_autoconf.h using configuration
Message: drivers/common/mlx5: Defining dependency "common_mlx5"
Message: drivers/common/nfp: Defining dependency "common_nfp"
Message: drivers/common/nitrox: Defining dependency "common_nitrox"
Run-time dependency libcrypto found: YES 3.0.12
Library IPSec_MB found: NO
Message: drivers/common/qat: Defining dependency "common_qat"
Compiler for C supports arguments -Wdisabled-optimization: YES 
Compiler for C supports arguments -Waggregate-return: YES 
Compiler for C supports arguments -Wbad-function-cast: YES 
Compiler for C supports arguments -Wno-sign-compare: YES 
Compiler for C supports arguments -Wno-unused-parameter: YES 
Compiler for C supports arguments -Wno-unused-variable: YES 
Compiler for C supports arguments -Wno-empty-body: YES 
Compiler for C supports arguments -Wno-unused-but-set-variable: YES 
Message: drivers/common/zsda: Defining dependency "common_zsda"
Message: drivers/mempool/bucket: Defining dependency "mempool_bucket"
Message: drivers/mempool/cnxk: Defining dependency "mempool_cnxk"
Message: drivers/mempool/dpaa: Defining dependency "mempool_dpaa"
Message: drivers/mempool/dpaa2: Defining dependency "mempool_dpaa2"
Message: drivers/mempool/octeontx: Defining dependency "mempool_octeontx"
Message: drivers/mempool/ring: Defining dependency "mempool_ring"
Message: drivers/mempool/stack: Defining dependency "mempool_stack"
Compiler for C supports arguments -Wno-uninitialized: YES 
Message: drivers/dma/cnxk: Defining dependency "dma_cnxk"
Compiler for C supports arguments -Wno-pointer-arith: YES (cached)
Message: drivers/dma/dpaa: Defining dependency "dma_dpaa"
Compiler for C supports arguments -Wno-pointer-arith: YES (cached)
Message: drivers/dma/dpaa2: Defining dependency "dma_dpaa2"
Message: drivers/dma/odm: Defining dependency "dma_odm"
Message: drivers/dma/skeleton: Defining dependency "dma_skeleton"
Message: drivers/net/af_packet: Defining dependency "net_af_packet"
Run-time dependency libxdp found: NO (tried pkgconfig)
Run-time dependency libbpf found: YES 1.2.2
Has header "linux/if_xdp.h" : YES 
Has header "bpf/xsk.h" : NO 
Message: drivers/net/ark: Defining dependency "net_ark"
Message: drivers/net/atlantic: Defining dependency "net_atlantic"
Message: drivers/net/avp: Defining dependency "net_avp"
Message: drivers/net/axgbe: Defining dependency "net_axgbe"
Run-time dependency zlib found: YES 1.2.13
Message: drivers/net/bnx2x: Defining dependency "net_bnx2x"
Compiler for C supports arguments -DSUPPORT_CFA_HW_P70=1: YES 
Compiler for C supports arguments -DSUPPORT_CFA_HW_P70=1: YES (cached)
Compiler for C supports arguments -DCFA_BLD_PRINT_OBJ=1: YES 
Message: drivers/net/bnxt: Defining dependency "net_bnxt"
Message: drivers/net/bonding: Defining dependency "net_bond"
Compiler for C supports arguments -flax-vector-conversions: YES 
Compiler for C supports arguments -Wno-strict-aliasing: YES 
Message: drivers/net/cnxk: Defining dependency "net_cnxk"
Message: drivers/net/cxgbe: Defining dependency "net_cxgbe"
Compiler for C supports arguments -Wno-pointer-arith: YES (cached)
Message: drivers/net/dpaa: Defining dependency "net_dpaa"
Message: drivers/net/dpaa2: Defining dependency "net_dpaa2"
Message: drivers/net/ena: Defining dependency "net_ena"
Message: drivers/net/enetc: Defining dependency "net_enetc"
Message: drivers/net/enetfec: Defining dependency "net_enetfec"
Message: drivers/net/enic: Defining dependency "net_enic"
Message: drivers/net/failsafe: Defining dependency "net_failsafe"
Message: drivers/net/gve: Defining dependency "net_gve"
Message: drivers/net/hinic: Defining dependency "net_hinic"
Message: drivers/net/intel/e1000: Defining dependency "net_e1000"
Message: drivers/net/intel/fm10k: Defining dependency "net_fm10k"
Message: drivers/net/intel/iavf: Defining dependency "net_iavf"
Compiler for C supports arguments -Wno-unused-but-set-variable: YES (cached)
Compiler for C supports arguments -Wno-unused-parameter: YES (cached)
Compiler for C supports arguments -Wno-array-bounds: YES 
Message: drivers/net/intel/ice: Defining dependency "net_ice"
Message: drivers/net/intel/idpf: Defining dependency "net_idpf"
Message: drivers/net/intel/ixgbe: Defining dependency "net_ixgbe"
Message: drivers/net/intel/cpfl: Defining dependency "net_cpfl"
Message: drivers/net/ionic: Defining dependency "net_ionic"
Message: drivers/net/memif: Defining dependency "net_memif"
Run-time dependency libmlx4 found: YES 1.0.54.0
Dependency libibverbs found: YES 1.14.54.0 (cached)
Compiler for C supports arguments -std=c11: YES (cached)
Compiler for C supports arguments -Wno-strict-prototypes: YES (cached)
Compiler for C supports arguments -D_BSD_SOURCE: YES (cached)
Compiler for C supports arguments -D_DEFAULT_SOURCE: YES (cached)
Compiler for C supports arguments -D_XOPEN_SOURCE=600: YES (cached)
Header "infiniband/mlx4dv.h" has symbol "MLX4DV_SET_CTX_ATTR_BUF_ALLOCATORS" with dependencies libmlx4, libibverbs: YES 
Header "infiniband/mlx4dv.h" has symbol "MLX4DV_QP_MASK_UAR_MMAP_OFFSET" with dependencies libmlx4, libibverbs: YES 
Checking whether type "struct mlx4_wqe_lso_seg" has member "mss_hdr_size" with dependencies libmlx4, libibverbs: YES 
Configuring mlx4_autoconf.h using configuration
Message: drivers/net/mlx4: Defining dependency "net_mlx4"
Compiler for C supports arguments -std=c11: YES (cached)
Compiler for C supports arguments -Wno-strict-prototypes: YES (cached)
Compiler for C supports arguments -D_BSD_SOURCE: YES (cached)
Compiler for C supports arguments -D_DEFAULT_SOURCE: YES (cached)
Compiler for C supports arguments -D_XOPEN_SOURCE=600: YES (cached)
Message: drivers/net/mlx5: Defining dependency "net_mlx5"
Run-time dependency libmusdk found: NO (tried pkgconfig)
Run-time dependency libmusdk found: NO (tried pkgconfig)
Message: drivers/net/nbl: Defining dependency "net_nbl"
Message: drivers/net/netvsc: Defining dependency "net_netvsc"
Run-time dependency netcope-common found: NO (tried pkgconfig)
Message: drivers/net/nfp: Defining dependency "net_nfp"
Message: drivers/net/ngbe: Defining dependency "net_ngbe"
Message: drivers/net/null: Defining dependency "net_null"
Message: drivers/net/octeontx: Defining dependency "net_octeontx"
Compiler for C supports arguments -Wno-strict-aliasing: YES (cached)
Compiler for C supports arguments -flax-vector-conversions: YES (cached)
Message: drivers/net/octeon_ep: Defining dependency "net_octeon_ep"
Message: drivers/net/pcap: Defining dependency "net_pcap"
Compiler for C supports arguments -Wno-pointer-arith: YES (cached)
Message: drivers/net/pfe: Defining dependency "net_pfe"
Compiler for C supports arguments -Wno-unused-parameter: YES (cached)
Compiler for C supports arguments -Wno-sign-compare: YES (cached)
Compiler for C supports arguments -Wno-missing-prototypes: YES 
Compiler for C supports arguments -Wno-cast-qual: YES (cached)
Compiler for C supports arguments -Wno-unused-function: YES 
Compiler for C supports arguments -Wno-unused-variable: YES (cached)
Compiler for C supports arguments -Wno-strict-aliasing: YES (cached)
Compiler for C supports arguments -Wno-missing-prototypes: YES (cached)
Compiler for C supports arguments -Wno-unused-value: YES 
Compiler for C supports arguments -Wno-format-nonliteral: YES 
Compiler for C supports arguments -Wno-shift-negative-value: YES 
Compiler for C supports arguments -Wno-unused-but-set-variable: YES (cached)
Compiler for C supports arguments -Wno-missing-declarations: YES 
Compiler for C supports arguments -Wno-maybe-uninitialized: YES 
Compiler for C supports arguments -Wno-strict-prototypes: YES (cached)
Compiler for C supports arguments -Wno-shift-negative-value: YES (cached)
Compiler for C supports arguments -Wno-implicit-fallthrough: YES 
Compiler for C supports arguments -Wno-format-extra-args: YES 
Compiler for C supports arguments -Wno-visibility: NO 
Compiler for C supports arguments -Wno-empty-body: YES (cached)
Compiler for C supports arguments -Wno-invalid-source-encoding: NO 
Compiler for C supports arguments -Wno-sometimes-uninitialized: NO 
Compiler for C supports arguments -Wno-pointer-bool-conversion: NO 
Compiler for C supports arguments -Wno-format-nonliteral: YES (cached)
Message: drivers/net/qede: Defining dependency "net_qede"
Message: drivers/net/r8169: Defining dependency "net_r8169"
Message: drivers/net/ring: Defining dependency "net_ring"
Message: drivers/net/rnp: Defining dependency "net_rnp"
Message: drivers/net/softnic: Defining dependency "net_softnic"
Header "linux/pkt_cls.h" has symbol "TCA_FLOWER_ACT" : YES 
Dependency libbpf found: YES 1.2.2 (cached)
Program bpftool /usr/sbin/bpftool found: NO
Message: net/tap: no RSS support missing bpftool
Message: drivers/net/tap: Defining dependency "net_tap"
Compiler for C supports arguments -fno-prefetch-loop-arrays: YES 
Compiler for C supports arguments -Wno-maybe-uninitialized: YES (cached)
Message: drivers/net/thunderx: Defining dependency "net_thunderx"
Message: drivers/net/txgbe: Defining dependency "net_txgbe"
Compiler for C supports arguments -D_BSD_SOURCE: YES (cached)
Compiler for C supports arguments -D_DEFAULT_SOURCE: YES (cached)
Compiler for C supports arguments -D_XOPEN_SOURCE=600: YES (cached)
Message: drivers/net/vdev_netvsc: Defining dependency "net_vdev_netvsc"
Message: drivers/net/vhost: Defining dependency "net_vhost"
Message: drivers/net/virtio: Defining dependency "net_virtio"
Compiler for C supports arguments -Wno-unused-parameter: YES (cached)
Compiler for C supports arguments -Wno-unused-value: YES (cached)
Compiler for C supports arguments -Wno-strict-aliasing: YES (cached)
Compiler for C supports arguments -Wno-format-extra-args: YES (cached)
Message: drivers/net/vmxnet3: Defining dependency "net_vmxnet3"
Message: drivers/net/xsc: Defining dependency "net_xsc"
Message: drivers/net/zxdh: Defining dependency "net_zxdh"
Message: drivers/raw/cnxk_bphy: Defining dependency "raw_cnxk_bphy"
Message: drivers/raw/cnxk_gpio: Defining dependency "raw_cnxk_gpio"
Message: drivers/raw/cnxk_rvu_lf: Defining dependency "raw_cnxk_rvu_lf"
Message: drivers/raw/dpaa2_cmdif: Defining dependency "raw_dpaa2_cmdif"
Message: drivers/raw/gdtc: Defining dependency "raw_gdtc"
Message: drivers/raw/ntb: Defining dependency "raw_ntb"
Message: drivers/raw/skeleton: Defining dependency "raw_skeleton"
Run-time dependency libaarch64crypto found: NO (tried pkgconfig)
Message: drivers/crypto/bcmfs: Defining dependency "crypto_bcmfs"
Message: drivers/crypto/caam_jr: Defining dependency "crypto_caam_jr"
Dependency libcrypto found: YES 3.0.12 (cached)
Message: drivers/crypto/ccp: Defining dependency "crypto_ccp"
Message: drivers/crypto/cnxk: Defining dependency "crypto_cnxk"
Message: drivers/crypto/dpaa_sec: Defining dependency "crypto_dpaa_sec"
Message: drivers/crypto/dpaa2_sec: Defining dependency "crypto_dpaa2_sec"
Message: drivers/crypto/ionic: Defining dependency "crypto_ionic"
Library IPSec_MB found: NO
Compiler for C supports arguments -std=c11: YES (cached)
Compiler for C supports arguments -Wno-strict-prototypes: YES (cached)
Compiler for C supports arguments -D_BSD_SOURCE: YES (cached)
Compiler for C supports arguments -D_DEFAULT_SOURCE: YES (cached)
Compiler for C supports arguments -D_XOPEN_SOURCE=600: YES (cached)
Message: drivers/crypto/mlx5: Defining dependency "crypto_mlx5"
Run-time dependency libmusdk found: NO (tried pkgconfig)
Message: drivers/crypto/nitrox: Defining dependency "crypto_nitrox"
Message: drivers/crypto/null: Defining dependency "crypto_null"
Message: drivers/crypto/octeontx: Defining dependency "crypto_octeontx"
Dependency libcrypto found: YES 3.0.12 (cached)
Message: drivers/crypto/openssl: Defining dependency "crypto_openssl"
Message: drivers/crypto/scheduler: Defining dependency "crypto_scheduler"
Run-time dependency libwd_crypto found: NO (tried pkgconfig)
Run-time dependency libwd found: NO (tried pkgconfig)
Message: drivers/crypto/virtio: Defining dependency "crypto_virtio"
Run-time dependency libisal found: NO (tried pkgconfig)
Compiler for C supports arguments -std=c11: YES (cached)
Compiler for C supports arguments -Wno-strict-prototypes: YES (cached)
Compiler for C supports arguments -D_BSD_SOURCE: YES (cached)
Compiler for C supports arguments -D_DEFAULT_SOURCE: YES (cached)
Compiler for C supports arguments -D_XOPEN_SOURCE=600: YES (cached)
Message: drivers/compress/mlx5: Defining dependency "compress_mlx5"
Message: drivers/compress/nitrox: Defining dependency "compress_nitrox"
Message: drivers/compress/octeontx: Defining dependency "compress_octeontx"
Run-time dependency libwd_comp found: NO (tried pkgconfig)
Run-time dependency libwd found: NO (tried pkgconfig)
Dependency zlib found: YES 1.2.13 (cached)
Message: drivers/compress/zlib: Defining dependency "compress_zlib"
Compiler for C supports arguments -std=c11: YES (cached)
Compiler for C supports arguments -Wno-strict-prototypes: YES (cached)
Compiler for C supports arguments -D_BSD_SOURCE: YES (cached)
Compiler for C supports arguments -D_DEFAULT_SOURCE: YES (cached)
Compiler for C supports arguments -D_XOPEN_SOURCE=600: YES (cached)
Message: drivers/regex/mlx5: Defining dependency "regex_mlx5"
Message: drivers/regex/cn9k: Defining dependency "regex_cn9k"
Message: drivers/ml/cnxk: libarchive not found
Message: drivers/ml/cnxk: jansson not found
Found CMake: /usr/bin/cmake (3.30.5)
Run-time dependency dlpack found: NO (tried cmake)
Message: drivers/ml/cnxk: dlpack not found
Run-time dependency dmlc found: NO (tried cmake)
Message: drivers/ml/cnxk: dmlc not found
Run-time dependency tvm found: NO (tried cmake)
Message: drivers/ml/cnxk: tvm_runtime not found
Run-time dependency tvmdp found: NO (tried pkgconfig)
Message: drivers/ml/cnxk: tvmdp not found
Message: drivers/ml/cnxk: Disabled TVM model support
Message: drivers/ml/cnxk: Defining dependency "ml_cnxk"
Message: drivers/vdpa/ifc: Defining dependency "vdpa_ifc"
Compiler for C supports arguments -std=c11: YES (cached)
Compiler for C supports arguments -Wno-strict-prototypes: YES (cached)
Compiler for C supports arguments -D_BSD_SOURCE: YES (cached)
Compiler for C supports arguments -D_DEFAULT_SOURCE: YES (cached)
Compiler for C supports arguments -D_XOPEN_SOURCE=600: YES (cached)
Message: drivers/vdpa/mlx5: Defining dependency "vdpa_mlx5"
Message: drivers/vdpa/nfp: Defining dependency "vdpa_nfp"
Compiler for C supports arguments -flax-vector-conversions: YES (cached)
Compiler for C supports arguments -Wno-strict-aliasing: YES (cached)
Message: drivers/event/cnxk: Defining dependency "event_cnxk"
Message: drivers/event/dpaa: Defining dependency "event_dpaa"
Message: drivers/event/dpaa2: Defining dependency "event_dpaa2"
Compiler for C supports arguments -Wno-format-nonliteral: YES (cached)
Message: drivers/event/dsw: Defining dependency "event_dsw"
Message: drivers/event/octeontx: Defining dependency "event_octeontx"
Message: drivers/event/opdl: Defining dependency "event_opdl"
Message: drivers/event/skeleton: Defining dependency "event_skeleton"
Message: drivers/event/sw: Defining dependency "event_sw"
Run-time dependency flexran_sdk_ldpc_decoder_5gnr found: NO (tried pkgconfig and cmake)
Message: drivers/baseband/acc: Defining dependency "baseband_acc"
Message: drivers/baseband/fpga_5gnr_fec: Defining dependency "baseband_fpga_5gnr_fec"
Message: drivers/baseband/fpga_lte_fec: Defining dependency "baseband_fpga_lte_fec"
Message: drivers/baseband/la12xx: Defining dependency "baseband_la12xx"
Message: drivers/baseband/null: Defining dependency "baseband_null"
Run-time dependency flexran_sdk_turbo found: NO (tried pkgconfig and cmake)
Run-time dependency flexran_sdk_ldpc_decoder_5gnr found: NO (tried pkgconfig and cmake)
Message: drivers/baseband/turbo_sw: Defining dependency "baseband_turbo_sw"
Has header "cuda.h" : NO 
Message: drivers/power/acpi: Defining dependency "power_acpi"
Message: drivers/power/amd_pstate: Defining dependency "power_amd_pstate"
Library e_smi64 found: NO
Message: drivers/power/cppc: Defining dependency "power_cppc"
Message: drivers/power/intel_pstate: Defining dependency "power_intel_pstate"
Message: drivers/power/intel_uncore: Defining dependency "power_intel_uncore"
Message: drivers/power/kvm_vm: Defining dependency "power_kvm_vm"
Has header "sys/epoll.h" : YES 
Dependency zlib found: YES 1.2.13 (cached)
Run-time dependency pcap found: YES 1.10.4
Compiler for C supports arguments -fno-strict-aliasing: YES (cached)
Program clang found: YES (/usr/bin/clang)
Program xxd found: YES (/usr/bin/xxd)
Message: hugepage availability: true
Program test_telemetry.sh found: YES (/home/loongson/.dpdk/dpdk/app/test/suites/test_telemetry.sh)
Program doxygen found: NO
Program sphinx-build found: NO
Configuring rte_build_config.h using configuration
Message: 
=================
Applications Enabled
=================

apps:
	dumpcap, graph, pdump, proc-info, test-acl, test-bbdev, test-cmdline, test-compress-perf, 
	test-crypto-perf, test-dma-perf, test-eventdev, test-fib, test-flow-perf, test-gpudev, test-mldev, test-pipeline, 
	test-pmd, test-regex, test-sad, test-security-perf, test, 

Message: 
=================
Libraries Enabled
=================

libs:
	log, kvargs, argparse, telemetry, pmu, eal, ptr_compress, ring, 
	rcu, mempool, mbuf, net, meter, ethdev, pci, cmdline, 
	metrics, hash, timer, acl, bbdev, bitratestats, bpf, cfgfile, 
	compressdev, cryptodev, distributor, dmadev, efd, eventdev, dispatcher, gpudev, 
	gro, gso, ip_frag, jobstats, latencystats, lpm, member, pcapng, 
	power, rawdev, regexdev, mldev, rib, reorder, sched, security, 
	stack, vhost, ipsec, pdcp, fib, port, pdump, table, 
	pipeline, graph, node, 

Message: 
===============
Drivers Enabled
===============

common:
	cpt, dpaax, ionic, octeontx, cnxk, mlx5, nfp, nitrox, 
	qat, zsda, 
bus:
	auxiliary, cdx, dpaa, fslmc, ifpga, pci, platform, uacce, 
	vdev, vmbus, 
mempool:
	bucket, cnxk, dpaa, dpaa2, octeontx, ring, stack, 
dma:
	cnxk, dpaa, dpaa2, odm, skeleton, 
net:
	af_packet, ark, atlantic, avp, axgbe, bnx2x, bnxt, bond, 
	cnxk, cxgbe, dpaa, dpaa2, ena, enetc, enetfec, enic, 
	failsafe, gve, hinic, e1000, fm10k, iavf, ice, idpf, 
	ixgbe, cpfl, ionic, memif, mlx4, mlx5, nbl, netvsc, 
	nfp, ngbe, null, octeontx, octeon_ep, pcap, pfe, qede, 
	r8169, ring, rnp, softnic, tap, thunderx, txgbe, vdev_netvsc, 
	vhost, virtio, vmxnet3, xsc, zxdh, 
raw:
	cnxk_bphy, cnxk_gpio, cnxk_rvu_lf, dpaa2_cmdif, gdtc, ntb, skeleton, 
crypto:
	bcmfs, caam_jr, ccp, cnxk, dpaa_sec, dpaa2_sec, ionic, mlx5, 
	nitrox, null, octeontx, openssl, scheduler, virtio, 
compress:
	mlx5, nitrox, octeontx, zlib, 
regex:
	mlx5, cn9k, 
ml:
	cnxk, 
vdpa:
	ifc, mlx5, nfp, 
event:
	cnxk, dpaa, dpaa2, dsw, octeontx, opdl, skeleton, sw, 
	
baseband:
	acc, fpga_5gnr_fec, fpga_lte_fec, la12xx, null, turbo_sw, 
gpu:
	
power:
	acpi, amd_pstate, cppc, intel_pstate, intel_uncore, kvm_vm, 

Message: 
=================
Content Skipped
=================

apps:
	
libs:
	
drivers:
	common/mvep:	missing dependency, "libmusdk"
	common/sfc_efx:	only supported on x86_64 and aarch64
	dma/hisi_acc:	only supported on x86_64 and aarch64
	dma/hisi_pciep:	only supported on x86_64 and aarch64
	dma/idxd:	only supported on x86
	dma/ioat:	only supported on x86
	net/af_xdp:	missing dependency, "libxdp >=1.2.2" and "libbpf"
	net/hinic3:	only supported on x86_64 and aarch64
	net/hns3:	only supported on x86_64 and aarch64
	net/intel/i40e:	not supported on LoongArch
	net/intel/ipn3ke:	missing dependency, "libfdt"
	net/mana:	only supported on x86 or arm64 Linux
	net/mvneta:	missing dependency, "libmusdk"
	net/mvpp2:	missing dependency, "libmusdk"
	net/nfb:	missing dependency, "libnfb"
	net/ntnic:	only supported on x86_64 Linux
	net/sfc:	only supported on x86_64 and aarch64
	raw/ifpga:	missing dependency, "libfdt"
	crypto/armv8:	missing dependency, "libAArch64crypto"
	crypto/ipsec_mb:	missing dependency, "libIPSec_MB"
	crypto/mvsam:	missing dependency, "libmusdk"
	crypto/uadk:	missing dependency, "libwd"
	compress/isal:	missing dependency, "libisal"
	compress/uadk:	missing dependency, "libwd"
	vdpa/sfc:	only supported on x86_64 and aarch64
	event/dlb2:	only supported on x86_64 Linux
	gpu/cuda:	missing dependency, "cuda.h"
	power/amd_uncore:	missing dependency, "libe_smi"
	

Message: DPDK build config complete:
  source path = "/home/loongson/.dpdk/dpdk"
  build path  = "/home/loongson/.dpdk/dpdk/build"
Build targets in project: 1080

Found ninja-1.11.1 at /usr/bin/ninja
WARNING: Running the setup command as `meson [options]` instead of `meson setup [options]` is ambiguous and deprecated.
meson & ninja build pass
finding context: loongarch-compilation for 162762 ...
contexts for 162762: "checkpatch" "loongarch-compilation" "loongarch-unit-testing" "github-robot: build"
test report for 162762 from loongarch-compilation existed!
send test report for series 37785 to John McNamara <john.mcnamara@intel.com>
touch: cannot touch '/home/loongson/.dpdk/dpdk-ci/tools/../reports/162762_report.txt': No such file or directory
2026-03-27T03:40:02
https://patches.dpdk.org/api/events/?category=series-completed&page=1&since=2026-03-27T03:40:02
fetched series ids: 37785 37784 37783 37782 37781 37780 37779 37778 
2026-03-28T13:20:03 /home/loongson/.dpdk/dpdk-ci/tools/test-series.sh 37785
download-series.sh: request https://patches.dpdk.org/api/series/37785
pwid(s) for series 37785: 162762 
The number of patch(es) is: 1
/home/loongson/.dpdk/dpdk-ci/tools/../series/37785/162762.patch lines: 147
download series done!
list trees for series 37785: dpdk
try to apply on dpdk ...
Switched to branch 'unused'
Deleted branch main (was 626d4e3932).
Switched to a new branch 'main'
branch 'main' set up to track 'origin/main'.
need to update git base
/home/loongson/.dpdk/dpdk-ci/tools/test-series.sh: line 106: 494302 Killed                  timeout -s SIGKILL 60s git pull --rebase
2026-03-27T03:40:02
https://patches.dpdk.org/api/events/?category=series-completed&page=1&since=2026-03-27T03:40:02
fetched series ids: 37785 37784 37783 37782 37781 37780 37779 37778 
2026-03-28T13:25:03 /home/loongson/.dpdk/dpdk-ci/tools/test-series.sh 37785
download-series.sh: request https://patches.dpdk.org/api/series/37785
pwid(s) for series 37785: 162762 
The number of patch(es) is: 1
/home/loongson/.dpdk/dpdk-ci/tools/../series/37785/162762.patch lines: 147
download series done!
list trees for series 37785: dpdk
try to apply on dpdk ...
Switched to branch 'unused'
Deleted branch main (was 626d4e3932).
Switched to a new branch 'main'
branch 'main' set up to track 'origin/main'.
need to update git base
/home/loongson/.dpdk/dpdk-ci/tools/test-series.sh: line 106: 494920 Killed                  timeout -s SIGKILL 60s git pull --rebase
2026-03-27T03:40:02
https://patches.dpdk.org/api/events/?category=series-completed&page=1&since=2026-03-27T03:40:02
fetched series ids: 37785 37784 37783 37782 37781 37780 37779 37778 
2026-03-28T13:30:03 /home/loongson/.dpdk/dpdk-ci/tools/test-series.sh 37785
download-series.sh: request https://patches.dpdk.org/api/series/37785
pwid(s) for series 37785: 162762 
The number of patch(es) is: 1
/home/loongson/.dpdk/dpdk-ci/tools/../series/37785/162762.patch lines: 147
download series done!
list trees for series 37785: dpdk
try to apply on dpdk ...
Switched to branch 'unused'
Deleted branch main (was 626d4e3932).
Switched to a new branch 'main'
branch 'main' set up to track 'origin/main'.
need to update git base
Already up to date.
Deleted branch s-37785 (was f00db9c483).
Switched to a new branch 's-37785'
Applying: doc: update release notes for 26.03
Insert one base commit: 37785 626d4e39327333cd5508885162e45ca7fb94ef7f
The Meson build system
Version: 1.4.1
Source dir: /home/loongson/.dpdk/dpdk
Build dir: /home/loongson/.dpdk/dpdk/build
Build type: native build
Project name: DPDK
Project version: 26.03.0-rc3
C compiler for the host machine: cc (gcc 12.3.0 "cc (GCC) 12.3.0 20230508 (Loongnix OS 12.3.0-10)")
C linker for the host machine: cc ld.bfd 2.41-5
Host machine cpu family: loongarch64
Host machine cpu: loongarch64
Message: ## Building in Developer Mode ##
Program pkg-config found: YES (/usr/bin/pkg-config)
Program check-symbols.sh found: YES (/home/loongson/.dpdk/dpdk/buildtools/check-symbols.sh)
Program options-ibverbs-static.sh found: YES (/home/loongson/.dpdk/dpdk/buildtools/options-ibverbs-static.sh)
Program python3 found: YES (/usr/bin/python3)
Program python3 (elftools) found: YES (/usr/bin/python3) modules: elftools
Message: Minimum Meson required version is 0.57.2
Program cat found: YES (/usr/bin/cat)
Compiler for C supports arguments -march=native: YES 
Checking for size of "void *" : 8 
Checking for size of "void *" : 8 (cached)
Compiler for C supports link arguments -Wl,--undefined-version: YES 
Library m found: YES
Library numa found: YES
Has header "numaif.h" : YES 
Library fdt found: NO
Library execinfo found: NO
Has header "execinfo.h" : YES 
Found pkg-config: YES (/usr/bin/pkg-config) 1.9.5
Run-time dependency libarchive found: NO (tried pkgconfig)
Run-time dependency libbsd found: NO (tried pkgconfig)
Run-time dependency jansson found: NO (tried pkgconfig)
Run-time dependency openssl found: YES 3.0.12
Run-time dependency libpcap found: YES 1.10.4
Has header "pcap.h" with dependency libpcap: YES 
Compiler for C supports arguments -Wvla: YES 
Compiler for C supports arguments -Wno-shadow: YES 
Compiler for C supports arguments -Wno-comma: NO 
Compiler for C supports arguments -Wcast-qual: YES 
Compiler for C supports arguments -Wcomma: NO 
Compiler for C supports arguments -Wdeprecated: YES 
Compiler for C supports arguments -Wformat: YES 
Compiler for C supports arguments -Wformat-nonliteral: YES 
Compiler for C supports arguments -Wformat-security: YES 
Compiler for C supports arguments -Wmissing-declarations: YES 
Compiler for C supports arguments -Wmissing-prototypes: YES 
Compiler for C supports arguments -Wnested-externs: YES 
Compiler for C supports arguments -Wold-style-definition: YES 
Compiler for C supports arguments -Wpointer-arith: YES 
Compiler for C supports arguments -Wshadow: YES 
Compiler for C supports arguments -Wsign-compare: YES 
Compiler for C supports arguments -Wstrict-prototypes: YES 
Compiler for C supports arguments -Wundef: YES 
Compiler for C supports arguments -Wwrite-strings: YES 
Compiler for C supports arguments -Wno-packed-not-aligned: YES 
Compiler for C supports arguments -Wno-missing-field-initializers: YES 
Compiler for C supports arguments -fzero-init-padding-bits=all: NO 
Message: Implementer : Generic loongarch
Message: ['-march=loongarch64']
Message: lib/log: Defining dependency "log"
Message: lib/kvargs: Defining dependency "kvargs"
Message: lib/argparse: Defining dependency "argparse"
Message: lib/telemetry: Defining dependency "telemetry"
Message: lib/pmu: Defining dependency "pmu"
Checking for function "pthread_attr_setaffinity_np" : YES 
Checking for function "getentropy" : NO 
Message: lib/eal: Defining dependency "eal"
Message: lib/ptr_compress: Defining dependency "ptr_compress"
Message: lib/ring: Defining dependency "ring"
Message: lib/rcu: Defining dependency "rcu"
Message: lib/mempool: Defining dependency "mempool"
Message: lib/mbuf: Defining dependency "mbuf"
Message: lib/net: Defining dependency "net"
Message: lib/meter: Defining dependency "meter"
Message: lib/ethdev: Defining dependency "ethdev"
Message: lib/pci: Defining dependency "pci"
Message: lib/cmdline: Defining dependency "cmdline"
Message: lib/metrics: Defining dependency "metrics"
Message: lib/hash: Defining dependency "hash"
Message: lib/timer: Defining dependency "timer"
Message: lib/acl: Defining dependency "acl"
Message: lib/bbdev: Defining dependency "bbdev"
Message: lib/bitratestats: Defining dependency "bitratestats"
Run-time dependency libelf found: YES 0.190
Message: lib/bpf: Defining dependency "bpf"
Message: lib/cfgfile: Defining dependency "cfgfile"
Message: lib/compressdev: Defining dependency "compressdev"
Message: lib/cryptodev: Defining dependency "cryptodev"
Message: lib/distributor: Defining dependency "distributor"
Message: lib/dmadev: Defining dependency "dmadev"
Message: lib/efd: Defining dependency "efd"
Message: lib/eventdev: Defining dependency "eventdev"
Message: lib/dispatcher: Defining dependency "dispatcher"
Message: lib/gpudev: Defining dependency "gpudev"
Message: lib/gro: Defining dependency "gro"
Message: lib/gso: Defining dependency "gso"
Message: lib/ip_frag: Defining dependency "ip_frag"
Message: lib/jobstats: Defining dependency "jobstats"
Message: lib/latencystats: Defining dependency "latencystats"
Message: lib/lpm: Defining dependency "lpm"
Message: lib/member: Defining dependency "member"
Message: lib/pcapng: Defining dependency "pcapng"
Message: lib/power: Defining dependency "power"
Message: lib/rawdev: Defining dependency "rawdev"
Message: lib/regexdev: Defining dependency "regexdev"
Message: lib/mldev: Defining dependency "mldev"
Message: lib/rib: Defining dependency "rib"
Message: lib/reorder: Defining dependency "reorder"
Message: lib/sched: Defining dependency "sched"
Message: lib/security: Defining dependency "security"
Message: lib/stack: Defining dependency "stack"
Has header "linux/userfaultfd.h" : YES 
Compiler for C supports arguments -fno-strict-aliasing: YES 
Compiler for C supports arguments -Wno-address-of-packed-member: YES 
Message: lib/vhost: Defining dependency "vhost"
Message: lib/ipsec: Defining dependency "ipsec"
Message: lib/pdcp: Defining dependency "pdcp"
Message: lib/fib: Defining dependency "fib"
Message: lib/port: Defining dependency "port"
Message: lib/pdump: Defining dependency "pdump"
Message: lib/table: Defining dependency "table"
Message: lib/pipeline: Defining dependency "pipeline"
Message: lib/graph: Defining dependency "graph"
Message: lib/node: Defining dependency "node"
Compiler for C supports arguments -Wno-format-truncation: YES 
Compiler for C supports arguments -Wno-address-of-packed-member: YES (cached)
Message: drivers/common/cpt: Defining dependency "common_cpt"
Compiler for C supports arguments -Wno-cast-qual: YES 
Compiler for C supports arguments -Wno-pointer-arith: YES 
Message: drivers/common/dpaax: Defining dependency "common_dpaax"
Message: drivers/common/ionic: Defining dependency "common_ionic"
Run-time dependency libmusdk found: NO (tried pkgconfig)
Message: drivers/common/octeontx: Defining dependency "common_octeontx"
Message: drivers/bus/auxiliary: Defining dependency "bus_auxiliary"
Message: drivers/bus/cdx: Defining dependency "bus_cdx"
Compiler for C supports arguments -Wno-cast-qual: YES (cached)
Compiler for C supports arguments -Wno-pointer-arith: YES (cached)
Message: drivers/bus/dpaa: Defining dependency "bus_dpaa"
Message: drivers/bus/fslmc: Defining dependency "bus_fslmc"
Message: drivers/bus/ifpga: Defining dependency "bus_ifpga"
Message: drivers/bus/pci: Defining dependency "bus_pci"
Message: drivers/bus/platform: Defining dependency "bus_platform"
Message: drivers/bus/uacce: Defining dependency "bus_uacce"
Message: drivers/bus/vdev: Defining dependency "bus_vdev"
Message: drivers/bus/vmbus: Defining dependency "bus_vmbus"
Message: drivers/common/cnxk: Defining dependency "common_cnxk"
Compiler for C supports arguments -std=c11: YES 
Compiler for C supports arguments -Wno-strict-prototypes: YES 
Compiler for C supports arguments -D_BSD_SOURCE: YES 
Compiler for C supports arguments -D_DEFAULT_SOURCE: YES 
Compiler for C supports arguments -D_XOPEN_SOURCE=600: YES 
Run-time dependency libmlx5 found: YES 1.25.54.0
Run-time dependency libibverbs found: YES 1.14.54.0
Library mtcr_ul found: NO
Header "infiniband/verbs.h" has symbol "IBV_FLOW_SPEC_ESP" with dependencies libmlx5, libibverbs: YES 
Header "infiniband/verbs.h" has symbol "IBV_RX_HASH_IPSEC_SPI" with dependencies libmlx5, libibverbs: YES 
Header "infiniband/verbs.h" has symbol "IBV_ACCESS_RELAXED_ORDERING " with dependencies libmlx5, libibverbs: YES 
Header "infiniband/mlx5dv.h" has symbol "MLX5DV_CQE_RES_FORMAT_CSUM_STRIDX" with dependencies libmlx5, libibverbs: YES 
Header "infiniband/mlx5dv.h" has symbol "MLX5DV_CONTEXT_MASK_TUNNEL_OFFLOADS" with dependencies libmlx5, libibverbs: YES 
Header "infiniband/mlx5dv.h" has symbol "MLX5DV_CONTEXT_FLAGS_MPW_ALLOWED" with dependencies libmlx5, libibverbs: YES 
Header "infiniband/mlx5dv.h" has symbol "MLX5DV_CONTEXT_FLAGS_CQE_128B_COMP" with dependencies libmlx5, libibverbs: YES 
Header "infiniband/mlx5dv.h" has symbol "MLX5DV_CQ_INIT_ATTR_FLAGS_CQE_PAD" with dependencies libmlx5, libibverbs: YES 
Header "infiniband/mlx5dv.h" has symbol "mlx5dv_create_flow_action_packet_reformat" with dependencies libmlx5, libibverbs: YES 
Header "infiniband/verbs.h" has symbol "IBV_FLOW_SPEC_MPLS" with dependencies libmlx5, libibverbs: YES 
Header "infiniband/verbs.h" has symbol "IBV_WQ_FLAGS_PCI_WRITE_END_PADDING" with dependencies libmlx5, libibverbs: YES 
Header "infiniband/verbs.h" has symbol "IBV_WQ_FLAG_RX_END_PADDING" with dependencies libmlx5, libibverbs: NO 
Header "infiniband/mlx5dv.h" has symbol "mlx5dv_query_devx_port" with dependencies libmlx5, libibverbs: NO 
Header "infiniband/mlx5dv.h" has symbol "mlx5dv_query_port" with dependencies libmlx5, libibverbs: YES 
Header "infiniband/mlx5dv.h" has symbol "mlx5dv_dr_action_create_dest_ib_port" with dependencies libmlx5, libibverbs: YES 
Header "infiniband/mlx5dv.h" has symbol "mlx5dv_devx_obj_create" with dependencies libmlx5, libibverbs: YES 
Header "infiniband/mlx5dv.h" has symbol "MLX5DV_FLOW_ACTION_COUNTERS_DEVX" with dependencies libmlx5, libibverbs: YES 
Header "infiniband/mlx5dv.h" has symbol "MLX5DV_FLOW_ACTION_DEFAULT_MISS" with dependencies libmlx5, libibverbs: YES 
Header "infiniband/mlx5dv.h" has symbol "mlx5dv_devx_obj_query_async" with dependencies libmlx5, libibverbs: YES 
Header "infiniband/mlx5dv.h" has symbol "mlx5dv_devx_qp_query" with dependencies libmlx5, libibverbs: YES 
Header "infiniband/mlx5dv.h" has symbol "mlx5dv_pp_alloc" with dependencies libmlx5, libibverbs: YES 
Header "infiniband/mlx5dv.h" has symbol "mlx5dv_dr_action_create_dest_devx_tir" with dependencies libmlx5, libibverbs: YES 
Header "infiniband/mlx5dv.h" has symbol "mlx5dv_devx_get_event" with dependencies libmlx5, libibverbs: YES 
Header "infiniband/mlx5dv.h" has symbol "mlx5dv_dr_action_create_flow_meter" with dependencies libmlx5, libibverbs: YES 
Header "infiniband/mlx5dv.h" has symbol "MLX5_MMAP_GET_NC_PAGES_CMD" with dependencies libmlx5, libibverbs: YES 
Header "infiniband/mlx5dv.h" has symbol "MLX5DV_DR_DOMAIN_TYPE_NIC_RX" with dependencies libmlx5, libibverbs: YES 
Header "infiniband/mlx5dv.h" has symbol "MLX5DV_DR_DOMAIN_TYPE_FDB" with dependencies libmlx5, libibverbs: YES 
Header "infiniband/mlx5dv.h" has symbol "mlx5dv_dr_action_create_push_vlan" with dependencies libmlx5, libibverbs: YES 
Header "infiniband/mlx5dv.h" has symbol "mlx5dv_alloc_var" with dependencies libmlx5, libibverbs: YES 
Header "infiniband/mlx5dv.h" has symbol "MLX5_OPCODE_ENHANCED_MPSW" with dependencies libmlx5, libibverbs: NO 
Header "infiniband/mlx5dv.h" has symbol "MLX5_OPCODE_SEND_EN" with dependencies libmlx5, libibverbs: NO 
Header "infiniband/mlx5dv.h" has symbol "MLX5_OPCODE_WAIT" with dependencies libmlx5, libibverbs: NO 
Header "infiniband/mlx5dv.h" has symbol "MLX5_OPCODE_ACCESS_ASO" with dependencies libmlx5, libibverbs: NO 
Header "linux/if_link.h" has symbol "IFLA_NUM_VF" with dependencies libmlx5, libibverbs: YES 
Header "linux/if_link.h" has symbol "IFLA_EXT_MASK" with dependencies libmlx5, libibverbs: YES 
Header "linux/if_link.h" has symbol "IFLA_PHYS_SWITCH_ID" with dependencies libmlx5, libibverbs: YES 
Header "linux/if_link.h" has symbol "IFLA_PHYS_PORT_NAME" with dependencies libmlx5, libibverbs: YES 
Header "rdma/rdma_netlink.h" has symbol "RDMA_NL_NLDEV" with dependencies libmlx5, libibverbs: YES 
Header "rdma/rdma_netlink.h" has symbol "RDMA_NLDEV_CMD_GET" with dependencies libmlx5, libibverbs: YES 
Header "rdma/rdma_netlink.h" has symbol "RDMA_NLDEV_CMD_PORT_GET" with dependencies libmlx5, libibverbs: YES 
Header "rdma/rdma_netlink.h" has symbol "RDMA_NLDEV_ATTR_DEV_INDEX" with dependencies libmlx5, libibverbs: YES 
Header "rdma/rdma_netlink.h" has symbol "RDMA_NLDEV_ATTR_DEV_NAME" with dependencies libmlx5, libibverbs: YES 
Header "rdma/rdma_netlink.h" has symbol "RDMA_NLDEV_ATTR_PORT_INDEX" with dependencies libmlx5, libibverbs: YES 
Header "rdma/rdma_netlink.h" has symbol "RDMA_NLDEV_ATTR_PORT_STATE" with dependencies libmlx5, libibverbs: YES 
Header "rdma/rdma_netlink.h" has symbol "RDMA_NLDEV_ATTR_NDEV_INDEX" with dependencies libmlx5, libibverbs: YES 
Header "rdma/rdma_netlink.h" has symbol "RDMA_NL_GROUP_NOTIFY" with dependencies libmlx5, libibverbs: NO 
Header "rdma/rdma_netlink.h" has symbol "RDMA_NLDEV_CMD_SYS_GET" with dependencies libmlx5, libibverbs: YES 
Header "rdma/rdma_netlink.h" has symbol "RDMA_NLDEV_SYS_ATTR_MONITOR_MODE" with dependencies libmlx5, libibverbs: NO 
Header "rdma/rdma_netlink.h" has symbol "RDMA_NLDEV_ATTR_EVENT_TYPE" with dependencies libmlx5, libibverbs: NO 
Header "rdma/rdma_netlink.h" has symbol "RDMA_NLDEV_CMD_MONITOR" with dependencies libmlx5, libibverbs: NO 
Header "infiniband/mlx5dv.h" has symbol "mlx5dv_dump_dr_domain" with dependencies libmlx5, libibverbs: YES 
Header "infiniband/mlx5dv.h" has symbol "mlx5dv_dr_action_create_flow_sampler" with dependencies libmlx5, libibverbs: YES 
Header "infiniband/mlx5dv.h" has symbol "mlx5dv_dr_domain_set_reclaim_device_memory" with dependencies libmlx5, libibverbs: YES 
Header "infiniband/mlx5dv.h" has symbol "mlx5dv_dr_action_create_dest_array" with dependencies libmlx5, libibverbs: YES 
Header "linux/devlink.h" has symbol "DEVLINK_GENL_NAME" with dependencies libmlx5, libibverbs: YES 
Header "infiniband/mlx5dv.h" has symbol "mlx5dv_dr_action_create_aso" with dependencies libmlx5, libibverbs: YES 
Header "infiniband/verbs.h" has symbol "INFINIBAND_VERBS_H" with dependencies libmlx5, libibverbs: YES 
Header "infiniband/mlx5dv.h" has symbol "MLX5_WQE_UMR_CTRL_FLAG_INLINE" with dependencies libmlx5, libibverbs: YES 
Header "infiniband/mlx5dv.h" has symbol "mlx5dv_dump_dr_rule" with dependencies libmlx5, libibverbs: YES 
Header "infiniband/mlx5dv.h" has symbol "MLX5DV_DR_ACTION_FLAGS_ASO_CT_DIRECTION_INITIATOR" with dependencies libmlx5, libibverbs: YES 
Header "infiniband/mlx5dv.h" has symbol "mlx5dv_dr_domain_allow_duplicate_rules" with dependencies libmlx5, libibverbs: YES 
Header "infiniband/verbs.h" has symbol "ibv_reg_mr_iova" with dependencies libmlx5, libibverbs: YES 
Header "infiniband/verbs.h" has symbol "ibv_import_device" with dependencies libmlx5, libibverbs: YES 
Header "infiniband/mlx5dv.h" has symbol "mlx5dv_dr_action_create_dest_root_table" with dependencies libmlx5, libibverbs: YES 
Header "infiniband/mlx5dv.h" has symbol "mlx5dv_create_steering_anchor" with dependencies libmlx5, libibverbs: YES 
Header "infiniband/verbs.h" has symbol "ibv_is_fork_initialized" with dependencies libmlx5, libibverbs: YES 
Header "infiniband/mlx5dv.h" has symbol "MLX5DV_CONTEXT_MASK_REG_C0" with dependencies libmlx5, libibverbs: YES 
Header "infiniband/mlx5dv.h" has symbol "MLX5DV_FLOW_ACTION_COUNTERS_DEVX_WITH_OFFSET" with dependencies libmlx5, libibverbs: NO 
Checking whether type "struct mlx5dv_sw_parsing_caps" has member "sw_parsing_offloads" with dependencies libmlx5, libibverbs: YES 
Checking whether type "struct ibv_counter_set_init_attr" has member "counter_set_id" with dependencies libmlx5, libibverbs: NO 
Checking whether type "struct ibv_counters_init_attr" has member "comp_mask" with dependencies libmlx5, libibverbs: YES 
Checking whether type "struct mlx5dv_devx_uar" has member "mmap_off" with dependencies libmlx5, libibverbs: YES 
Checking whether type "struct mlx5dv_flow_matcher_attr" has member "ft_type" with dependencies libmlx5, libibverbs: YES 
Configuring mlx5_autoconf.h using configuration
Message: drivers/common/mlx5: Defining dependency "common_mlx5"
Message: drivers/common/nfp: Defining dependency "common_nfp"
Message: drivers/common/nitrox: Defining dependency "common_nitrox"
Run-time dependency libcrypto found: YES 3.0.12
Library IPSec_MB found: NO
Message: drivers/common/qat: Defining dependency "common_qat"
Compiler for C supports arguments -Wdisabled-optimization: YES 
Compiler for C supports arguments -Waggregate-return: YES 
Compiler for C supports arguments -Wbad-function-cast: YES 
Compiler for C supports arguments -Wno-sign-compare: YES 
Compiler for C supports arguments -Wno-unused-parameter: YES 
Compiler for C supports arguments -Wno-unused-variable: YES 
Compiler for C supports arguments -Wno-empty-body: YES 
Compiler for C supports arguments -Wno-unused-but-set-variable: YES 
Message: drivers/common/zsda: Defining dependency "common_zsda"
Message: drivers/mempool/bucket: Defining dependency "mempool_bucket"
Message: drivers/mempool/cnxk: Defining dependency "mempool_cnxk"
Message: drivers/mempool/dpaa: Defining dependency "mempool_dpaa"
Message: drivers/mempool/dpaa2: Defining dependency "mempool_dpaa2"
Message: drivers/mempool/octeontx: Defining dependency "mempool_octeontx"
Message: drivers/mempool/ring: Defining dependency "mempool_ring"
Message: drivers/mempool/stack: Defining dependency "mempool_stack"
Compiler for C supports arguments -Wno-uninitialized: YES 
Message: drivers/dma/cnxk: Defining dependency "dma_cnxk"
Compiler for C supports arguments -Wno-pointer-arith: YES (cached)
Message: drivers/dma/dpaa: Defining dependency "dma_dpaa"
Compiler for C supports arguments -Wno-pointer-arith: YES (cached)
Message: drivers/dma/dpaa2: Defining dependency "dma_dpaa2"
Message: drivers/dma/odm: Defining dependency "dma_odm"
Message: drivers/dma/skeleton: Defining dependency "dma_skeleton"
Message: drivers/net/af_packet: Defining dependency "net_af_packet"
Run-time dependency libxdp found: NO (tried pkgconfig)
Run-time dependency libbpf found: YES 1.2.2
Has header "linux/if_xdp.h" : YES 
Has header "bpf/xsk.h" : NO 
Message: drivers/net/ark: Defining dependency "net_ark"
Message: drivers/net/atlantic: Defining dependency "net_atlantic"
Message: drivers/net/avp: Defining dependency "net_avp"
Message: drivers/net/axgbe: Defining dependency "net_axgbe"
Run-time dependency zlib found: YES 1.2.13
Message: drivers/net/bnx2x: Defining dependency "net_bnx2x"
Compiler for C supports arguments -DSUPPORT_CFA_HW_P70=1: YES 
Compiler for C supports arguments -DSUPPORT_CFA_HW_P70=1: YES (cached)
Compiler for C supports arguments -DCFA_BLD_PRINT_OBJ=1: YES 
Message: drivers/net/bnxt: Defining dependency "net_bnxt"
Message: drivers/net/bonding: Defining dependency "net_bond"
Compiler for C supports arguments -flax-vector-conversions: YES 
Compiler for C supports arguments -Wno-strict-aliasing: YES 
Message: drivers/net/cnxk: Defining dependency "net_cnxk"
Message: drivers/net/cxgbe: Defining dependency "net_cxgbe"
Compiler for C supports arguments -Wno-pointer-arith: YES (cached)
Message: drivers/net/dpaa: Defining dependency "net_dpaa"
Message: drivers/net/dpaa2: Defining dependency "net_dpaa2"
Message: drivers/net/ena: Defining dependency "net_ena"
Message: drivers/net/enetc: Defining dependency "net_enetc"
Message: drivers/net/enetfec: Defining dependency "net_enetfec"
Message: drivers/net/enic: Defining dependency "net_enic"
Message: drivers/net/failsafe: Defining dependency "net_failsafe"
Message: drivers/net/gve: Defining dependency "net_gve"
Message: drivers/net/hinic: Defining dependency "net_hinic"
Message: drivers/net/intel/e1000: Defining dependency "net_e1000"
Message: drivers/net/intel/fm10k: Defining dependency "net_fm10k"
Message: drivers/net/intel/iavf: Defining dependency "net_iavf"
Compiler for C supports arguments -Wno-unused-but-set-variable: YES (cached)
Compiler for C supports arguments -Wno-unused-parameter: YES (cached)
Compiler for C supports arguments -Wno-array-bounds: YES 
Message: drivers/net/intel/ice: Defining dependency "net_ice"
Message: drivers/net/intel/idpf: Defining dependency "net_idpf"
Message: drivers/net/intel/ixgbe: Defining dependency "net_ixgbe"
Message: drivers/net/intel/cpfl: Defining dependency "net_cpfl"
Message: drivers/net/ionic: Defining dependency "net_ionic"
Message: drivers/net/memif: Defining dependency "net_memif"
Run-time dependency libmlx4 found: YES 1.0.54.0
Dependency libibverbs found: YES 1.14.54.0 (cached)
Compiler for C supports arguments -std=c11: YES (cached)
Compiler for C supports arguments -Wno-strict-prototypes: YES (cached)
Compiler for C supports arguments -D_BSD_SOURCE: YES (cached)
Compiler for C supports arguments -D_DEFAULT_SOURCE: YES (cached)
Compiler for C supports arguments -D_XOPEN_SOURCE=600: YES (cached)
Header "infiniband/mlx4dv.h" has symbol "MLX4DV_SET_CTX_ATTR_BUF_ALLOCATORS" with dependencies libmlx4, libibverbs: YES 
Header "infiniband/mlx4dv.h" has symbol "MLX4DV_QP_MASK_UAR_MMAP_OFFSET" with dependencies libmlx4, libibverbs: YES 
Checking whether type "struct mlx4_wqe_lso_seg" has member "mss_hdr_size" with dependencies libmlx4, libibverbs: YES 
Configuring mlx4_autoconf.h using configuration
Message: drivers/net/mlx4: Defining dependency "net_mlx4"
Compiler for C supports arguments -std=c11: YES (cached)
Compiler for C supports arguments -Wno-strict-prototypes: YES (cached)
Compiler for C supports arguments -D_BSD_SOURCE: YES (cached)
Compiler for C supports arguments -D_DEFAULT_SOURCE: YES (cached)
Compiler for C supports arguments -D_XOPEN_SOURCE=600: YES (cached)
Message: drivers/net/mlx5: Defining dependency "net_mlx5"
Run-time dependency libmusdk found: NO (tried pkgconfig)
Run-time dependency libmusdk found: NO (tried pkgconfig)
Message: drivers/net/nbl: Defining dependency "net_nbl"
Message: drivers/net/netvsc: Defining dependency "net_netvsc"
Run-time dependency netcope-common found: NO (tried pkgconfig)
Message: drivers/net/nfp: Defining dependency "net_nfp"
Message: drivers/net/ngbe: Defining dependency "net_ngbe"
Message: drivers/net/null: Defining dependency "net_null"
Message: drivers/net/octeontx: Defining dependency "net_octeontx"
Compiler for C supports arguments -Wno-strict-aliasing: YES (cached)
Compiler for C supports arguments -flax-vector-conversions: YES (cached)
Message: drivers/net/octeon_ep: Defining dependency "net_octeon_ep"
Message: drivers/net/pcap: Defining dependency "net_pcap"
Compiler for C supports arguments -Wno-pointer-arith: YES (cached)
Message: drivers/net/pfe: Defining dependency "net_pfe"
Compiler for C supports arguments -Wno-unused-parameter: YES (cached)
Compiler for C supports arguments -Wno-sign-compare: YES (cached)
Compiler for C supports arguments -Wno-missing-prototypes: YES 
Compiler for C supports arguments -Wno-cast-qual: YES (cached)
Compiler for C supports arguments -Wno-unused-function: YES 
Compiler for C supports arguments -Wno-unused-variable: YES (cached)
Compiler for C supports arguments -Wno-strict-aliasing: YES (cached)
Compiler for C supports arguments -Wno-missing-prototypes: YES (cached)
Compiler for C supports arguments -Wno-unused-value: YES 
Compiler for C supports arguments -Wno-format-nonliteral: YES 
Compiler for C supports arguments -Wno-shift-negative-value: YES 
Compiler for C supports arguments -Wno-unused-but-set-variable: YES (cached)
Compiler for C supports arguments -Wno-missing-declarations: YES 
Compiler for C supports arguments -Wno-maybe-uninitialized: YES 
Compiler for C supports arguments -Wno-strict-prototypes: YES (cached)
Compiler for C supports arguments -Wno-shift-negative-value: YES (cached)
Compiler for C supports arguments -Wno-implicit-fallthrough: YES 
Compiler for C supports arguments -Wno-format-extra-args: YES 
Compiler for C supports arguments -Wno-visibility: NO 
Compiler for C supports arguments -Wno-empty-body: YES (cached)
Compiler for C supports arguments -Wno-invalid-source-encoding: NO 
Compiler for C supports arguments -Wno-sometimes-uninitialized: NO 
Compiler for C supports arguments -Wno-pointer-bool-conversion: NO 
Compiler for C supports arguments -Wno-format-nonliteral: YES (cached)
Message: drivers/net/qede: Defining dependency "net_qede"
Message: drivers/net/r8169: Defining dependency "net_r8169"
Message: drivers/net/ring: Defining dependency "net_ring"
Message: drivers/net/rnp: Defining dependency "net_rnp"
Message: drivers/net/softnic: Defining dependency "net_softnic"
Header "linux/pkt_cls.h" has symbol "TCA_FLOWER_ACT" : YES 
Dependency libbpf found: YES 1.2.2 (cached)
Program bpftool /usr/sbin/bpftool found: NO
Message: net/tap: no RSS support missing bpftool
Message: drivers/net/tap: Defining dependency "net_tap"
Compiler for C supports arguments -fno-prefetch-loop-arrays: YES 
Compiler for C supports arguments -Wno-maybe-uninitialized: YES (cached)
Message: drivers/net/thunderx: Defining dependency "net_thunderx"
Message: drivers/net/txgbe: Defining dependency "net_txgbe"
Compiler for C supports arguments -D_BSD_SOURCE: YES (cached)
Compiler for C supports arguments -D_DEFAULT_SOURCE: YES (cached)
Compiler for C supports arguments -D_XOPEN_SOURCE=600: YES (cached)
Message: drivers/net/vdev_netvsc: Defining dependency "net_vdev_netvsc"
Message: drivers/net/vhost: Defining dependency "net_vhost"
Message: drivers/net/virtio: Defining dependency "net_virtio"
Compiler for C supports arguments -Wno-unused-parameter: YES (cached)
Compiler for C supports arguments -Wno-unused-value: YES (cached)
Compiler for C supports arguments -Wno-strict-aliasing: YES (cached)
Compiler for C supports arguments -Wno-format-extra-args: YES (cached)
Message: drivers/net/vmxnet3: Defining dependency "net_vmxnet3"
Message: drivers/net/xsc: Defining dependency "net_xsc"
Message: drivers/net/zxdh: Defining dependency "net_zxdh"
Message: drivers/raw/cnxk_bphy: Defining dependency "raw_cnxk_bphy"
Message: drivers/raw/cnxk_gpio: Defining dependency "raw_cnxk_gpio"
Message: drivers/raw/cnxk_rvu_lf: Defining dependency "raw_cnxk_rvu_lf"
Message: drivers/raw/dpaa2_cmdif: Defining dependency "raw_dpaa2_cmdif"
Message: drivers/raw/gdtc: Defining dependency "raw_gdtc"
Message: drivers/raw/ntb: Defining dependency "raw_ntb"
Message: drivers/raw/skeleton: Defining dependency "raw_skeleton"
Run-time dependency libaarch64crypto found: NO (tried pkgconfig)
Message: drivers/crypto/bcmfs: Defining dependency "crypto_bcmfs"
Message: drivers/crypto/caam_jr: Defining dependency "crypto_caam_jr"
Dependency libcrypto found: YES 3.0.12 (cached)
Message: drivers/crypto/ccp: Defining dependency "crypto_ccp"
Message: drivers/crypto/cnxk: Defining dependency "crypto_cnxk"
Message: drivers/crypto/dpaa_sec: Defining dependency "crypto_dpaa_sec"
Message: drivers/crypto/dpaa2_sec: Defining dependency "crypto_dpaa2_sec"
Message: drivers/crypto/ionic: Defining dependency "crypto_ionic"
Library IPSec_MB found: NO
Compiler for C supports arguments -std=c11: YES (cached)
Compiler for C supports arguments -Wno-strict-prototypes: YES (cached)
Compiler for C supports arguments -D_BSD_SOURCE: YES (cached)
Compiler for C supports arguments -D_DEFAULT_SOURCE: YES (cached)
Compiler for C supports arguments -D_XOPEN_SOURCE=600: YES (cached)
Message: drivers/crypto/mlx5: Defining dependency "crypto_mlx5"
Run-time dependency libmusdk found: NO (tried pkgconfig)
Message: drivers/crypto/nitrox: Defining dependency "crypto_nitrox"
Message: drivers/crypto/null: Defining dependency "crypto_null"
Message: drivers/crypto/octeontx: Defining dependency "crypto_octeontx"
Dependency libcrypto found: YES 3.0.12 (cached)
Message: drivers/crypto/openssl: Defining dependency "crypto_openssl"
Message: drivers/crypto/scheduler: Defining dependency "crypto_scheduler"
Run-time dependency libwd_crypto found: NO (tried pkgconfig)
Run-time dependency libwd found: NO (tried pkgconfig)
Message: drivers/crypto/virtio: Defining dependency "crypto_virtio"
Run-time dependency libisal found: NO (tried pkgconfig)
Compiler for C supports arguments -std=c11: YES (cached)
Compiler for C supports arguments -Wno-strict-prototypes: YES (cached)
Compiler for C supports arguments -D_BSD_SOURCE: YES (cached)
Compiler for C supports arguments -D_DEFAULT_SOURCE: YES (cached)
Compiler for C supports arguments -D_XOPEN_SOURCE=600: YES (cached)
Message: drivers/compress/mlx5: Defining dependency "compress_mlx5"
Message: drivers/compress/nitrox: Defining dependency "compress_nitrox"
Message: drivers/compress/octeontx: Defining dependency "compress_octeontx"
Run-time dependency libwd_comp found: NO (tried pkgconfig)
Run-time dependency libwd found: NO (tried pkgconfig)
Dependency zlib found: YES 1.2.13 (cached)
Message: drivers/compress/zlib: Defining dependency "compress_zlib"
Compiler for C supports arguments -std=c11: YES (cached)
Compiler for C supports arguments -Wno-strict-prototypes: YES (cached)
Compiler for C supports arguments -D_BSD_SOURCE: YES (cached)
Compiler for C supports arguments -D_DEFAULT_SOURCE: YES (cached)
Compiler for C supports arguments -D_XOPEN_SOURCE=600: YES (cached)
Message: drivers/regex/mlx5: Defining dependency "regex_mlx5"
Message: drivers/regex/cn9k: Defining dependency "regex_cn9k"
Message: drivers/ml/cnxk: libarchive not found
Message: drivers/ml/cnxk: jansson not found
Found CMake: /usr/bin/cmake (3.30.5)
Run-time dependency dlpack found: NO (tried cmake)
Message: drivers/ml/cnxk: dlpack not found
Run-time dependency dmlc found: NO (tried cmake)
Message: drivers/ml/cnxk: dmlc not found
Run-time dependency tvm found: NO (tried cmake)
Message: drivers/ml/cnxk: tvm_runtime not found
Run-time dependency tvmdp found: NO (tried pkgconfig)
Message: drivers/ml/cnxk: tvmdp not found
Message: drivers/ml/cnxk: Disabled TVM model support
Message: drivers/ml/cnxk: Defining dependency "ml_cnxk"
Message: drivers/vdpa/ifc: Defining dependency "vdpa_ifc"
Compiler for C supports arguments -std=c11: YES (cached)
Compiler for C supports arguments -Wno-strict-prototypes: YES (cached)
Compiler for C supports arguments -D_BSD_SOURCE: YES (cached)
Compiler for C supports arguments -D_DEFAULT_SOURCE: YES (cached)
Compiler for C supports arguments -D_XOPEN_SOURCE=600: YES (cached)
Message: drivers/vdpa/mlx5: Defining dependency "vdpa_mlx5"
Message: drivers/vdpa/nfp: Defining dependency "vdpa_nfp"
Compiler for C supports arguments -flax-vector-conversions: YES (cached)
Compiler for C supports arguments -Wno-strict-aliasing: YES (cached)
Message: drivers/event/cnxk: Defining dependency "event_cnxk"
Message: drivers/event/dpaa: Defining dependency "event_dpaa"
Message: drivers/event/dpaa2: Defining dependency "event_dpaa2"
Compiler for C supports arguments -Wno-format-nonliteral: YES (cached)
Message: drivers/event/dsw: Defining dependency "event_dsw"
Message: drivers/event/octeontx: Defining dependency "event_octeontx"
Message: drivers/event/opdl: Defining dependency "event_opdl"
Message: drivers/event/skeleton: Defining dependency "event_skeleton"
Message: drivers/event/sw: Defining dependency "event_sw"
Run-time dependency flexran_sdk_ldpc_decoder_5gnr found: NO (tried pkgconfig and cmake)
Message: drivers/baseband/acc: Defining dependency "baseband_acc"
Message: drivers/baseband/fpga_5gnr_fec: Defining dependency "baseband_fpga_5gnr_fec"
Message: drivers/baseband/fpga_lte_fec: Defining dependency "baseband_fpga_lte_fec"
Message: drivers/baseband/la12xx: Defining dependency "baseband_la12xx"
Message: drivers/baseband/null: Defining dependency "baseband_null"
Run-time dependency flexran_sdk_turbo found: NO (tried pkgconfig and cmake)
Run-time dependency flexran_sdk_ldpc_decoder_5gnr found: NO (tried pkgconfig and cmake)
Message: drivers/baseband/turbo_sw: Defining dependency "baseband_turbo_sw"
Has header "cuda.h" : NO 
Message: drivers/power/acpi: Defining dependency "power_acpi"
Message: drivers/power/amd_pstate: Defining dependency "power_amd_pstate"
Library e_smi64 found: NO
Message: drivers/power/cppc: Defining dependency "power_cppc"
Message: drivers/power/intel_pstate: Defining dependency "power_intel_pstate"
Message: drivers/power/intel_uncore: Defining dependency "power_intel_uncore"
Message: drivers/power/kvm_vm: Defining dependency "power_kvm_vm"
Has header "sys/epoll.h" : YES 
Dependency zlib found: YES 1.2.13 (cached)
Run-time dependency pcap found: YES 1.10.4
Compiler for C supports arguments -fno-strict-aliasing: YES (cached)
Program clang found: YES (/usr/bin/clang)
Program xxd found: YES (/usr/bin/xxd)
Message: hugepage availability: true
Program test_telemetry.sh found: YES (/home/loongson/.dpdk/dpdk/app/test/suites/test_telemetry.sh)
Program doxygen found: NO
Program sphinx-build found: NO
Configuring rte_build_config.h using configuration
Message: 
=================
Applications Enabled
=================

apps:
	dumpcap, graph, pdump, proc-info, test-acl, test-bbdev, test-cmdline, test-compress-perf, 
	test-crypto-perf, test-dma-perf, test-eventdev, test-fib, test-flow-perf, test-gpudev, test-mldev, test-pipeline, 
	test-pmd, test-regex, test-sad, test-security-perf, test, 

Message: 
=================
Libraries Enabled
=================

libs:
	log, kvargs, argparse, telemetry, pmu, eal, ptr_compress, ring, 
	rcu, mempool, mbuf, net, meter, ethdev, pci, cmdline, 
	metrics, hash, timer, acl, bbdev, bitratestats, bpf, cfgfile, 
	compressdev, cryptodev, distributor, dmadev, efd, eventdev, dispatcher, gpudev, 
	gro, gso, ip_frag, jobstats, latencystats, lpm, member, pcapng, 
	power, rawdev, regexdev, mldev, rib, reorder, sched, security, 
	stack, vhost, ipsec, pdcp, fib, port, pdump, table, 
	pipeline, graph, node, 

Message: 
===============
Drivers Enabled
===============

common:
	cpt, dpaax, ionic, octeontx, cnxk, mlx5, nfp, nitrox, 
	qat, zsda, 
bus:
	auxiliary, cdx, dpaa, fslmc, ifpga, pci, platform, uacce, 
	vdev, vmbus, 
mempool:
	bucket, cnxk, dpaa, dpaa2, octeontx, ring, stack, 
dma:
	cnxk, dpaa, dpaa2, odm, skeleton, 
net:
	af_packet, ark, atlantic, avp, axgbe, bnx2x, bnxt, bond, 
	cnxk, cxgbe, dpaa, dpaa2, ena, enetc, enetfec, enic, 
	failsafe, gve, hinic, e1000, fm10k, iavf, ice, idpf, 
	ixgbe, cpfl, ionic, memif, mlx4, mlx5, nbl, netvsc, 
	nfp, ngbe, null, octeontx, octeon_ep, pcap, pfe, qede, 
	r8169, ring, rnp, softnic, tap, thunderx, txgbe, vdev_netvsc, 
	vhost, virtio, vmxnet3, xsc, zxdh, 
raw:
	cnxk_bphy, cnxk_gpio, cnxk_rvu_lf, dpaa2_cmdif, gdtc, ntb, skeleton, 
crypto:
	bcmfs, caam_jr, ccp, cnxk, dpaa_sec, dpaa2_sec, ionic, mlx5, 
	nitrox, null, octeontx, openssl, scheduler, virtio, 
compress:
	mlx5, nitrox, octeontx, zlib, 
regex:
	mlx5, cn9k, 
ml:
	cnxk, 
vdpa:
	ifc, mlx5, nfp, 
event:
	cnxk, dpaa, dpaa2, dsw, octeontx, opdl, skeleton, sw, 
	
baseband:
	acc, fpga_5gnr_fec, fpga_lte_fec, la12xx, null, turbo_sw, 
gpu:
	
power:
	acpi, amd_pstate, cppc, intel_pstate, intel_uncore, kvm_vm, 

Message: 
=================
Content Skipped
=================

apps:
	
libs:
	
drivers:
	common/mvep:	missing dependency, "libmusdk"
	common/sfc_efx:	only supported on x86_64 and aarch64
	dma/hisi_acc:	only supported on x86_64 and aarch64
	dma/hisi_pciep:	only supported on x86_64 and aarch64
	dma/idxd:	only supported on x86
	dma/ioat:	only supported on x86
	net/af_xdp:	missing dependency, "libxdp >=1.2.2" and "libbpf"
	net/hinic3:	only supported on x86_64 and aarch64
	net/hns3:	only supported on x86_64 and aarch64
	net/intel/i40e:	not supported on LoongArch
	net/intel/ipn3ke:	missing dependency, "libfdt"
	net/mana:	only supported on x86 or arm64 Linux
	net/mvneta:	missing dependency, "libmusdk"
	net/mvpp2:	missing dependency, "libmusdk"
	net/nfb:	missing dependency, "libnfb"
	net/ntnic:	only supported on x86_64 Linux
	net/sfc:	only supported on x86_64 and aarch64
	raw/ifpga:	missing dependency, "libfdt"
	crypto/armv8:	missing dependency, "libAArch64crypto"
	crypto/ipsec_mb:	missing dependency, "libIPSec_MB"
	crypto/mvsam:	missing dependency, "libmusdk"
	crypto/uadk:	missing dependency, "libwd"
	compress/isal:	missing dependency, "libisal"
	compress/uadk:	missing dependency, "libwd"
	vdpa/sfc:	only supported on x86_64 and aarch64
	event/dlb2:	only supported on x86_64 Linux
	gpu/cuda:	missing dependency, "cuda.h"
	power/amd_uncore:	missing dependency, "libe_smi"
	

Message: DPDK build config complete:
  source path = "/home/loongson/.dpdk/dpdk"
  build path  = "/home/loongson/.dpdk/dpdk/build"
Build targets in project: 1080

Found ninja-1.11.1 at /usr/bin/ninja
WARNING: Running the setup command as `meson [options]` instead of `meson setup [options]` is ambiguous and deprecated.
meson & ninja build pass
finding context: loongarch-compilation for 162762 ...
contexts for 162762: "checkpatch" "loongarch-compilation" "loongarch-unit-testing" "github-robot: build"
test report for 162762 from loongarch-compilation existed!
send test report for series 37785 to John McNamara <john.mcnamara@intel.com>
touch: cannot touch '/home/loongson/.dpdk/dpdk-ci/tools/../reports/162762_report.txt': No such file or directory
2026-03-27T03:40:02
https://patches.dpdk.org/api/events/?category=series-completed&page=1&since=2026-03-27T03:40:02
fetched series ids: 37785 37784 37783 37782 37781 37780 37779 37778 
2026-03-28T13:35:03 /home/loongson/.dpdk/dpdk-ci/tools/test-series.sh 37785
download-series.sh: request https://patches.dpdk.org/api/series/37785
pwid(s) for series 37785: 162762 
The number of patch(es) is: 1
/home/loongson/.dpdk/dpdk-ci/tools/../series/37785/162762.patch lines: 147
download series done!
list trees for series 37785: dpdk
try to apply on dpdk ...
Switched to branch 'unused'
Deleted branch main (was 626d4e3932).
Switched to a new branch 'main'
branch 'main' set up to track 'origin/main'.
need to update git base
Already up to date.
Deleted branch s-37785 (was d1ae3e361f).
Switched to a new branch 's-37785'
Applying: doc: update release notes for 26.03
Insert one base commit: 37785 626d4e39327333cd5508885162e45ca7fb94ef7f
The Meson build system
Version: 1.4.1
Source dir: /home/loongson/.dpdk/dpdk
Build dir: /home/loongson/.dpdk/dpdk/build
Build type: native build
Project name: DPDK
Project version: 26.03.0-rc3
C compiler for the host machine: cc (gcc 12.3.0 "cc (GCC) 12.3.0 20230508 (Loongnix OS 12.3.0-10)")
C linker for the host machine: cc ld.bfd 2.41-5
Host machine cpu family: loongarch64
Host machine cpu: loongarch64
Message: ## Building in Developer Mode ##
Program pkg-config found: YES (/usr/bin/pkg-config)
Program check-symbols.sh found: YES (/home/loongson/.dpdk/dpdk/buildtools/check-symbols.sh)
Program options-ibverbs-static.sh found: YES (/home/loongson/.dpdk/dpdk/buildtools/options-ibverbs-static.sh)
Program python3 found: YES (/usr/bin/python3)
Program python3 (elftools) found: YES (/usr/bin/python3) modules: elftools
Message: Minimum Meson required version is 0.57.2
Program cat found: YES (/usr/bin/cat)
Compiler for C supports arguments -march=native: YES 
Checking for size of "void *" : 8 
Checking for size of "void *" : 8 (cached)
Compiler for C supports link arguments -Wl,--undefined-version: YES 
Library m found: YES
Library numa found: YES
Has header "numaif.h" : YES 
Library fdt found: NO
Library execinfo found: NO
Has header "execinfo.h" : YES 
Found pkg-config: YES (/usr/bin/pkg-config) 1.9.5
Run-time dependency libarchive found: NO (tried pkgconfig)
Run-time dependency libbsd found: NO (tried pkgconfig)
Run-time dependency jansson found: NO (tried pkgconfig)
Run-time dependency openssl found: YES 3.0.12
Run-time dependency libpcap found: YES 1.10.4
Has header "pcap.h" with dependency libpcap: YES 
Compiler for C supports arguments -Wvla: YES 
Compiler for C supports arguments -Wno-shadow: YES 
Compiler for C supports arguments -Wno-comma: NO 
Compiler for C supports arguments -Wcast-qual: YES 
Compiler for C supports arguments -Wcomma: NO 
Compiler for C supports arguments -Wdeprecated: YES 
Compiler for C supports arguments -Wformat: YES 
Compiler for C supports arguments -Wformat-nonliteral: YES 
Compiler for C supports arguments -Wformat-security: YES 
Compiler for C supports arguments -Wmissing-declarations: YES 
Compiler for C supports arguments -Wmissing-prototypes: YES 
Compiler for C supports arguments -Wnested-externs: YES 
Compiler for C supports arguments -Wold-style-definition: YES 
Compiler for C supports arguments -Wpointer-arith: YES 
Compiler for C supports arguments -Wshadow: YES 
Compiler for C supports arguments -Wsign-compare: YES 
Compiler for C supports arguments -Wstrict-prototypes: YES 
Compiler for C supports arguments -Wundef: YES 
Compiler for C supports arguments -Wwrite-strings: YES 
Compiler for C supports arguments -Wno-packed-not-aligned: YES 
Compiler for C supports arguments -Wno-missing-field-initializers: YES 
Compiler for C supports arguments -fzero-init-padding-bits=all: NO 
Message: Implementer : Generic loongarch
Message: ['-march=loongarch64']
Message: lib/log: Defining dependency "log"
Message: lib/kvargs: Defining dependency "kvargs"
Message: lib/argparse: Defining dependency "argparse"
Message: lib/telemetry: Defining dependency "telemetry"
Message: lib/pmu: Defining dependency "pmu"
Checking for function "pthread_attr_setaffinity_np" : YES 
Checking for function "getentropy" : NO 
Message: lib/eal: Defining dependency "eal"
Message: lib/ptr_compress: Defining dependency "ptr_compress"
Message: lib/ring: Defining dependency "ring"
Message: lib/rcu: Defining dependency "rcu"
Message: lib/mempool: Defining dependency "mempool"
Message: lib/mbuf: Defining dependency "mbuf"
Message: lib/net: Defining dependency "net"
Message: lib/meter: Defining dependency "meter"
Message: lib/ethdev: Defining dependency "ethdev"
Message: lib/pci: Defining dependency "pci"
Message: lib/cmdline: Defining dependency "cmdline"
Message: lib/metrics: Defining dependency "metrics"
Message: lib/hash: Defining dependency "hash"
Message: lib/timer: Defining dependency "timer"
Message: lib/acl: Defining dependency "acl"
Message: lib/bbdev: Defining dependency "bbdev"
Message: lib/bitratestats: Defining dependency "bitratestats"
Run-time dependency libelf found: YES 0.190
Message: lib/bpf: Defining dependency "bpf"
Message: lib/cfgfile: Defining dependency "cfgfile"
Message: lib/compressdev: Defining dependency "compressdev"
Message: lib/cryptodev: Defining dependency "cryptodev"
Message: lib/distributor: Defining dependency "distributor"
Message: lib/dmadev: Defining dependency "dmadev"
Message: lib/efd: Defining dependency "efd"
Message: lib/eventdev: Defining dependency "eventdev"
Message: lib/dispatcher: Defining dependency "dispatcher"
Message: lib/gpudev: Defining dependency "gpudev"
Message: lib/gro: Defining dependency "gro"
Message: lib/gso: Defining dependency "gso"
Message: lib/ip_frag: Defining dependency "ip_frag"
Message: lib/jobstats: Defining dependency "jobstats"
Message: lib/latencystats: Defining dependency "latencystats"
Message: lib/lpm: Defining dependency "lpm"
Message: lib/member: Defining dependency "member"
Message: lib/pcapng: Defining dependency "pcapng"
Message: lib/power: Defining dependency "power"
Message: lib/rawdev: Defining dependency "rawdev"
Message: lib/regexdev: Defining dependency "regexdev"
Message: lib/mldev: Defining dependency "mldev"
Message: lib/rib: Defining dependency "rib"
Message: lib/reorder: Defining dependency "reorder"
Message: lib/sched: Defining dependency "sched"
Message: lib/security: Defining dependency "security"
Message: lib/stack: Defining dependency "stack"
Has header "linux/userfaultfd.h" : YES 
Compiler for C supports arguments -fno-strict-aliasing: YES 
Compiler for C supports arguments -Wno-address-of-packed-member: YES 
Message: lib/vhost: Defining dependency "vhost"
Message: lib/ipsec: Defining dependency "ipsec"
Message: lib/pdcp: Defining dependency "pdcp"
Message: lib/fib: Defining dependency "fib"
Message: lib/port: Defining dependency "port"
Message: lib/pdump: Defining dependency "pdump"
Message: lib/table: Defining dependency "table"
Message: lib/pipeline: Defining dependency "pipeline"
Message: lib/graph: Defining dependency "graph"
Message: lib/node: Defining dependency "node"
Compiler for C supports arguments -Wno-format-truncation: YES 
Compiler for C supports arguments -Wno-address-of-packed-member: YES (cached)
Message: drivers/common/cpt: Defining dependency "common_cpt"
Compiler for C supports arguments -Wno-cast-qual: YES 
Compiler for C supports arguments -Wno-pointer-arith: YES 
Message: drivers/common/dpaax: Defining dependency "common_dpaax"
Message: drivers/common/ionic: Defining dependency "common_ionic"
Run-time dependency libmusdk found: NO (tried pkgconfig)
Message: drivers/common/octeontx: Defining dependency "common_octeontx"
Message: drivers/bus/auxiliary: Defining dependency "bus_auxiliary"
Message: drivers/bus/cdx: Defining dependency "bus_cdx"
Compiler for C supports arguments -Wno-cast-qual: YES (cached)
Compiler for C supports arguments -Wno-pointer-arith: YES (cached)
Message: drivers/bus/dpaa: Defining dependency "bus_dpaa"
Message: drivers/bus/fslmc: Defining dependency "bus_fslmc"
Message: drivers/bus/ifpga: Defining dependency "bus_ifpga"
Message: drivers/bus/pci: Defining dependency "bus_pci"
Message: drivers/bus/platform: Defining dependency "bus_platform"
Message: drivers/bus/uacce: Defining dependency "bus_uacce"
Message: drivers/bus/vdev: Defining dependency "bus_vdev"
Message: drivers/bus/vmbus: Defining dependency "bus_vmbus"
Message: drivers/common/cnxk: Defining dependency "common_cnxk"
Compiler for C supports arguments -std=c11: YES 
Compiler for C supports arguments -Wno-strict-prototypes: YES 
Compiler for C supports arguments -D_BSD_SOURCE: YES 
Compiler for C supports arguments -D_DEFAULT_SOURCE: YES 
Compiler for C supports arguments -D_XOPEN_SOURCE=600: YES 
Run-time dependency libmlx5 found: YES 1.25.54.0
Run-time dependency libibverbs found: YES 1.14.54.0
Library mtcr_ul found: NO
Header "infiniband/verbs.h" has symbol "IBV_FLOW_SPEC_ESP" with dependencies libmlx5, libibverbs: YES 
Header "infiniband/verbs.h" has symbol "IBV_RX_HASH_IPSEC_SPI" with dependencies libmlx5, libibverbs: YES 
Header "infiniband/verbs.h" has symbol "IBV_ACCESS_RELAXED_ORDERING " with dependencies libmlx5, libibverbs: YES 
Header "infiniband/mlx5dv.h" has symbol "MLX5DV_CQE_RES_FORMAT_CSUM_STRIDX" with dependencies libmlx5, libibverbs: YES 
Header "infiniband/mlx5dv.h" has symbol "MLX5DV_CONTEXT_MASK_TUNNEL_OFFLOADS" with dependencies libmlx5, libibverbs: YES 
Header "infiniband/mlx5dv.h" has symbol "MLX5DV_CONTEXT_FLAGS_MPW_ALLOWED" with dependencies libmlx5, libibverbs: YES 
Header "infiniband/mlx5dv.h" has symbol "MLX5DV_CONTEXT_FLAGS_CQE_128B_COMP" with dependencies libmlx5, libibverbs: YES 
Header "infiniband/mlx5dv.h" has symbol "MLX5DV_CQ_INIT_ATTR_FLAGS_CQE_PAD" with dependencies libmlx5, libibverbs: YES 
Header "infiniband/mlx5dv.h" has symbol "mlx5dv_create_flow_action_packet_reformat" with dependencies libmlx5, libibverbs: YES 
Header "infiniband/verbs.h" has symbol "IBV_FLOW_SPEC_MPLS" with dependencies libmlx5, libibverbs: YES 
Header "infiniband/verbs.h" has symbol "IBV_WQ_FLAGS_PCI_WRITE_END_PADDING" with dependencies libmlx5, libibverbs: YES 
Header "infiniband/verbs.h" has symbol "IBV_WQ_FLAG_RX_END_PADDING" with dependencies libmlx5, libibverbs: NO 
Header "infiniband/mlx5dv.h" has symbol "mlx5dv_query_devx_port" with dependencies libmlx5, libibverbs: NO 
Header "infiniband/mlx5dv.h" has symbol "mlx5dv_query_port" with dependencies libmlx5, libibverbs: YES 
Header "infiniband/mlx5dv.h" has symbol "mlx5dv_dr_action_create_dest_ib_port" with dependencies libmlx5, libibverbs: YES 
Header "infiniband/mlx5dv.h" has symbol "mlx5dv_devx_obj_create" with dependencies libmlx5, libibverbs: YES 
Header "infiniband/mlx5dv.h" has symbol "MLX5DV_FLOW_ACTION_COUNTERS_DEVX" with dependencies libmlx5, libibverbs: YES 
Header "infiniband/mlx5dv.h" has symbol "MLX5DV_FLOW_ACTION_DEFAULT_MISS" with dependencies libmlx5, libibverbs: YES 
Header "infiniband/mlx5dv.h" has symbol "mlx5dv_devx_obj_query_async" with dependencies libmlx5, libibverbs: YES 
Header "infiniband/mlx5dv.h" has symbol "mlx5dv_devx_qp_query" with dependencies libmlx5, libibverbs: YES 
Header "infiniband/mlx5dv.h" has symbol "mlx5dv_pp_alloc" with dependencies libmlx5, libibverbs: YES 
Header "infiniband/mlx5dv.h" has symbol "mlx5dv_dr_action_create_dest_devx_tir" with dependencies libmlx5, libibverbs: YES 
Header "infiniband/mlx5dv.h" has symbol "mlx5dv_devx_get_event" with dependencies libmlx5, libibverbs: YES 
Header "infiniband/mlx5dv.h" has symbol "mlx5dv_dr_action_create_flow_meter" with dependencies libmlx5, libibverbs: YES 
Header "infiniband/mlx5dv.h" has symbol "MLX5_MMAP_GET_NC_PAGES_CMD" with dependencies libmlx5, libibverbs: YES 
Header "infiniband/mlx5dv.h" has symbol "MLX5DV_DR_DOMAIN_TYPE_NIC_RX" with dependencies libmlx5, libibverbs: YES 
Header "infiniband/mlx5dv.h" has symbol "MLX5DV_DR_DOMAIN_TYPE_FDB" with dependencies libmlx5, libibverbs: YES 
Header "infiniband/mlx5dv.h" has symbol "mlx5dv_dr_action_create_push_vlan" with dependencies libmlx5, libibverbs: YES 
Header "infiniband/mlx5dv.h" has symbol "mlx5dv_alloc_var" with dependencies libmlx5, libibverbs: YES 
Header "infiniband/mlx5dv.h" has symbol "MLX5_OPCODE_ENHANCED_MPSW" with dependencies libmlx5, libibverbs: NO 
Header "infiniband/mlx5dv.h" has symbol "MLX5_OPCODE_SEND_EN" with dependencies libmlx5, libibverbs: NO 
Header "infiniband/mlx5dv.h" has symbol "MLX5_OPCODE_WAIT" with dependencies libmlx5, libibverbs: NO 
Header "infiniband/mlx5dv.h" has symbol "MLX5_OPCODE_ACCESS_ASO" with dependencies libmlx5, libibverbs: NO 
Header "linux/if_link.h" has symbol "IFLA_NUM_VF" with dependencies libmlx5, libibverbs: YES 
Header "linux/if_link.h" has symbol "IFLA_EXT_MASK" with dependencies libmlx5, libibverbs: YES 
Header "linux/if_link.h" has symbol "IFLA_PHYS_SWITCH_ID" with dependencies libmlx5, libibverbs: YES 
Header "linux/if_link.h" has symbol "IFLA_PHYS_PORT_NAME" with dependencies libmlx5, libibverbs: YES 
Header "rdma/rdma_netlink.h" has symbol "RDMA_NL_NLDEV" with dependencies libmlx5, libibverbs: YES 
Header "rdma/rdma_netlink.h" has symbol "RDMA_NLDEV_CMD_GET" with dependencies libmlx5, libibverbs: YES 
Header "rdma/rdma_netlink.h" has symbol "RDMA_NLDEV_CMD_PORT_GET" with dependencies libmlx5, libibverbs: YES 
Header "rdma/rdma_netlink.h" has symbol "RDMA_NLDEV_ATTR_DEV_INDEX" with dependencies libmlx5, libibverbs: YES 
Header "rdma/rdma_netlink.h" has symbol "RDMA_NLDEV_ATTR_DEV_NAME" with dependencies libmlx5, libibverbs: YES 
Header "rdma/rdma_netlink.h" has symbol "RDMA_NLDEV_ATTR_PORT_INDEX" with dependencies libmlx5, libibverbs: YES 
Header "rdma/rdma_netlink.h" has symbol "RDMA_NLDEV_ATTR_PORT_STATE" with dependencies libmlx5, libibverbs: YES 
Header "rdma/rdma_netlink.h" has symbol "RDMA_NLDEV_ATTR_NDEV_INDEX" with dependencies libmlx5, libibverbs: YES 
Header "rdma/rdma_netlink.h" has symbol "RDMA_NL_GROUP_NOTIFY" with dependencies libmlx5, libibverbs: NO 
Header "rdma/rdma_netlink.h" has symbol "RDMA_NLDEV_CMD_SYS_GET" with dependencies libmlx5, libibverbs: YES 
Header "rdma/rdma_netlink.h" has symbol "RDMA_NLDEV_SYS_ATTR_MONITOR_MODE" with dependencies libmlx5, libibverbs: NO 
Header "rdma/rdma_netlink.h" has symbol "RDMA_NLDEV_ATTR_EVENT_TYPE" with dependencies libmlx5, libibverbs: NO 
Header "rdma/rdma_netlink.h" has symbol "RDMA_NLDEV_CMD_MONITOR" with dependencies libmlx5, libibverbs: NO 
Header "infiniband/mlx5dv.h" has symbol "mlx5dv_dump_dr_domain" with dependencies libmlx5, libibverbs: YES 
Header "infiniband/mlx5dv.h" has symbol "mlx5dv_dr_action_create_flow_sampler" with dependencies libmlx5, libibverbs: YES 
Header "infiniband/mlx5dv.h" has symbol "mlx5dv_dr_domain_set_reclaim_device_memory" with dependencies libmlx5, libibverbs: YES 
Header "infiniband/mlx5dv.h" has symbol "mlx5dv_dr_action_create_dest_array" with dependencies libmlx5, libibverbs: YES 
Header "linux/devlink.h" has symbol "DEVLINK_GENL_NAME" with dependencies libmlx5, libibverbs: YES 
Header "infiniband/mlx5dv.h" has symbol "mlx5dv_dr_action_create_aso" with dependencies libmlx5, libibverbs: YES 
Header "infiniband/verbs.h" has symbol "INFINIBAND_VERBS_H" with dependencies libmlx5, libibverbs: YES 
Header "infiniband/mlx5dv.h" has symbol "MLX5_WQE_UMR_CTRL_FLAG_INLINE" with dependencies libmlx5, libibverbs: YES 
Header "infiniband/mlx5dv.h" has symbol "mlx5dv_dump_dr_rule" with dependencies libmlx5, libibverbs: YES 
Header "infiniband/mlx5dv.h" has symbol "MLX5DV_DR_ACTION_FLAGS_ASO_CT_DIRECTION_INITIATOR" with dependencies libmlx5, libibverbs: YES 
Header "infiniband/mlx5dv.h" has symbol "mlx5dv_dr_domain_allow_duplicate_rules" with dependencies libmlx5, libibverbs: YES 
Header "infiniband/verbs.h" has symbol "ibv_reg_mr_iova" with dependencies libmlx5, libibverbs: YES 
Header "infiniband/verbs.h" has symbol "ibv_import_device" with dependencies libmlx5, libibverbs: YES 
Header "infiniband/mlx5dv.h" has symbol "mlx5dv_dr_action_create_dest_root_table" with dependencies libmlx5, libibverbs: YES 
Header "infiniband/mlx5dv.h" has symbol "mlx5dv_create_steering_anchor" with dependencies libmlx5, libibverbs: YES 
Header "infiniband/verbs.h" has symbol "ibv_is_fork_initialized" with dependencies libmlx5, libibverbs: YES 
Header "infiniband/mlx5dv.h" has symbol "MLX5DV_CONTEXT_MASK_REG_C0" with dependencies libmlx5, libibverbs: YES 
Header "infiniband/mlx5dv.h" has symbol "MLX5DV_FLOW_ACTION_COUNTERS_DEVX_WITH_OFFSET" with dependencies libmlx5, libibverbs: NO 
Checking whether type "struct mlx5dv_sw_parsing_caps" has member "sw_parsing_offloads" with dependencies libmlx5, libibverbs: YES 
Checking whether type "struct ibv_counter_set_init_attr" has member "counter_set_id" with dependencies libmlx5, libibverbs: NO 
Checking whether type "struct ibv_counters_init_attr" has member "comp_mask" with dependencies libmlx5, libibverbs: YES 
Checking whether type "struct mlx5dv_devx_uar" has member "mmap_off" with dependencies libmlx5, libibverbs: YES 
Checking whether type "struct mlx5dv_flow_matcher_attr" has member "ft_type" with dependencies libmlx5, libibverbs: YES 
Configuring mlx5_autoconf.h using configuration
Message: drivers/common/mlx5: Defining dependency "common_mlx5"
Message: drivers/common/nfp: Defining dependency "common_nfp"
Message: drivers/common/nitrox: Defining dependency "common_nitrox"
Run-time dependency libcrypto found: YES 3.0.12
Library IPSec_MB found: NO
Message: drivers/common/qat: Defining dependency "common_qat"
Compiler for C supports arguments -Wdisabled-optimization: YES 
Compiler for C supports arguments -Waggregate-return: YES 
Compiler for C supports arguments -Wbad-function-cast: YES 
Compiler for C supports arguments -Wno-sign-compare: YES 
Compiler for C supports arguments -Wno-unused-parameter: YES 
Compiler for C supports arguments -Wno-unused-variable: YES 
Compiler for C supports arguments -Wno-empty-body: YES 
Compiler for C supports arguments -Wno-unused-but-set-variable: YES 
Message: drivers/common/zsda: Defining dependency "common_zsda"
Message: drivers/mempool/bucket: Defining dependency "mempool_bucket"
Message: drivers/mempool/cnxk: Defining dependency "mempool_cnxk"
Message: drivers/mempool/dpaa: Defining dependency "mempool_dpaa"
Message: drivers/mempool/dpaa2: Defining dependency "mempool_dpaa2"
Message: drivers/mempool/octeontx: Defining dependency "mempool_octeontx"
Message: drivers/mempool/ring: Defining dependency "mempool_ring"
Message: drivers/mempool/stack: Defining dependency "mempool_stack"
Compiler for C supports arguments -Wno-uninitialized: YES 
Message: drivers/dma/cnxk: Defining dependency "dma_cnxk"
Compiler for C supports arguments -Wno-pointer-arith: YES (cached)
Message: drivers/dma/dpaa: Defining dependency "dma_dpaa"
Compiler for C supports arguments -Wno-pointer-arith: YES (cached)
Message: drivers/dma/dpaa2: Defining dependency "dma_dpaa2"
Message: drivers/dma/odm: Defining dependency "dma_odm"
Message: drivers/dma/skeleton: Defining dependency "dma_skeleton"
Message: drivers/net/af_packet: Defining dependency "net_af_packet"
Run-time dependency libxdp found: NO (tried pkgconfig)
Run-time dependency libbpf found: YES 1.2.2
Has header "linux/if_xdp.h" : YES 
Has header "bpf/xsk.h" : NO 
Message: drivers/net/ark: Defining dependency "net_ark"
Message: drivers/net/atlantic: Defining dependency "net_atlantic"
Message: drivers/net/avp: Defining dependency "net_avp"
Message: drivers/net/axgbe: Defining dependency "net_axgbe"
Run-time dependency zlib found: YES 1.2.13
Message: drivers/net/bnx2x: Defining dependency "net_bnx2x"
Compiler for C supports arguments -DSUPPORT_CFA_HW_P70=1: YES 
Compiler for C supports arguments -DSUPPORT_CFA_HW_P70=1: YES (cached)
Compiler for C supports arguments -DCFA_BLD_PRINT_OBJ=1: YES 
Message: drivers/net/bnxt: Defining dependency "net_bnxt"
Message: drivers/net/bonding: Defining dependency "net_bond"
Compiler for C supports arguments -flax-vector-conversions: YES 
Compiler for C supports arguments -Wno-strict-aliasing: YES 
Message: drivers/net/cnxk: Defining dependency "net_cnxk"
Message: drivers/net/cxgbe: Defining dependency "net_cxgbe"
Compiler for C supports arguments -Wno-pointer-arith: YES (cached)
Message: drivers/net/dpaa: Defining dependency "net_dpaa"
Message: drivers/net/dpaa2: Defining dependency "net_dpaa2"
Message: drivers/net/ena: Defining dependency "net_ena"
Message: drivers/net/enetc: Defining dependency "net_enetc"
Message: drivers/net/enetfec: Defining dependency "net_enetfec"
Message: drivers/net/enic: Defining dependency "net_enic"
Message: drivers/net/failsafe: Defining dependency "net_failsafe"
Message: drivers/net/gve: Defining dependency "net_gve"
Message: drivers/net/hinic: Defining dependency "net_hinic"
Message: drivers/net/intel/e1000: Defining dependency "net_e1000"
Message: drivers/net/intel/fm10k: Defining dependency "net_fm10k"
Message: drivers/net/intel/iavf: Defining dependency "net_iavf"
Compiler for C supports arguments -Wno-unused-but-set-variable: YES (cached)
Compiler for C supports arguments -Wno-unused-parameter: YES (cached)
Compiler for C supports arguments -Wno-array-bounds: YES 
Message: drivers/net/intel/ice: Defining dependency "net_ice"
Message: drivers/net/intel/idpf: Defining dependency "net_idpf"
Message: drivers/net/intel/ixgbe: Defining dependency "net_ixgbe"
Message: drivers/net/intel/cpfl: Defining dependency "net_cpfl"
Message: drivers/net/ionic: Defining dependency "net_ionic"
Message: drivers/net/memif: Defining dependency "net_memif"
Run-time dependency libmlx4 found: YES 1.0.54.0
Dependency libibverbs found: YES 1.14.54.0 (cached)
Compiler for C supports arguments -std=c11: YES (cached)
Compiler for C supports arguments -Wno-strict-prototypes: YES (cached)
Compiler for C supports arguments -D_BSD_SOURCE: YES (cached)
Compiler for C supports arguments -D_DEFAULT_SOURCE: YES (cached)
Compiler for C supports arguments -D_XOPEN_SOURCE=600: YES (cached)
Header "infiniband/mlx4dv.h" has symbol "MLX4DV_SET_CTX_ATTR_BUF_ALLOCATORS" with dependencies libmlx4, libibverbs: YES 
Header "infiniband/mlx4dv.h" has symbol "MLX4DV_QP_MASK_UAR_MMAP_OFFSET" with dependencies libmlx4, libibverbs: YES 
Checking whether type "struct mlx4_wqe_lso_seg" has member "mss_hdr_size" with dependencies libmlx4, libibverbs: YES 
Configuring mlx4_autoconf.h using configuration
Message: drivers/net/mlx4: Defining dependency "net_mlx4"
Compiler for C supports arguments -std=c11: YES (cached)
Compiler for C supports arguments -Wno-strict-prototypes: YES (cached)
Compiler for C supports arguments -D_BSD_SOURCE: YES (cached)
Compiler for C supports arguments -D_DEFAULT_SOURCE: YES (cached)
Compiler for C supports arguments -D_XOPEN_SOURCE=600: YES (cached)
Message: drivers/net/mlx5: Defining dependency "net_mlx5"
Run-time dependency libmusdk found: NO (tried pkgconfig)
Run-time dependency libmusdk found: NO (tried pkgconfig)
Message: drivers/net/nbl: Defining dependency "net_nbl"
Message: drivers/net/netvsc: Defining dependency "net_netvsc"
Run-time dependency netcope-common found: NO (tried pkgconfig)
Message: drivers/net/nfp: Defining dependency "net_nfp"
Message: drivers/net/ngbe: Defining dependency "net_ngbe"
Message: drivers/net/null: Defining dependency "net_null"
Message: drivers/net/octeontx: Defining dependency "net_octeontx"
Compiler for C supports arguments -Wno-strict-aliasing: YES (cached)
Compiler for C supports arguments -flax-vector-conversions: YES (cached)
Message: drivers/net/octeon_ep: Defining dependency "net_octeon_ep"
Message: drivers/net/pcap: Defining dependency "net_pcap"
Compiler for C supports arguments -Wno-pointer-arith: YES (cached)
Message: drivers/net/pfe: Defining dependency "net_pfe"
Compiler for C supports arguments -Wno-unused-parameter: YES (cached)
Compiler for C supports arguments -Wno-sign-compare: YES (cached)
Compiler for C supports arguments -Wno-missing-prototypes: YES 
Compiler for C supports arguments -Wno-cast-qual: YES (cached)
Compiler for C supports arguments -Wno-unused-function: YES 
Compiler for C supports arguments -Wno-unused-variable: YES (cached)
Compiler for C supports arguments -Wno-strict-aliasing: YES (cached)
Compiler for C supports arguments -Wno-missing-prototypes: YES (cached)
Compiler for C supports arguments -Wno-unused-value: YES 
Compiler for C supports arguments -Wno-format-nonliteral: YES 
Compiler for C supports arguments -Wno-shift-negative-value: YES 
Compiler for C supports arguments -Wno-unused-but-set-variable: YES (cached)
Compiler for C supports arguments -Wno-missing-declarations: YES 
Compiler for C supports arguments -Wno-maybe-uninitialized: YES 
Compiler for C supports arguments -Wno-strict-prototypes: YES (cached)
Compiler for C supports arguments -Wno-shift-negative-value: YES (cached)
Compiler for C supports arguments -Wno-implicit-fallthrough: YES 
Compiler for C supports arguments -Wno-format-extra-args: YES 
Compiler for C supports arguments -Wno-visibility: NO 
Compiler for C supports arguments -Wno-empty-body: YES (cached)
Compiler for C supports arguments -Wno-invalid-source-encoding: NO 
Compiler for C supports arguments -Wno-sometimes-uninitialized: NO 
Compiler for C supports arguments -Wno-pointer-bool-conversion: NO 
Compiler for C supports arguments -Wno-format-nonliteral: YES (cached)
Message: drivers/net/qede: Defining dependency "net_qede"
Message: drivers/net/r8169: Defining dependency "net_r8169"
Message: drivers/net/ring: Defining dependency "net_ring"
Message: drivers/net/rnp: Defining dependency "net_rnp"
Message: drivers/net/softnic: Defining dependency "net_softnic"
Header "linux/pkt_cls.h" has symbol "TCA_FLOWER_ACT" : YES 
Dependency libbpf found: YES 1.2.2 (cached)
Program bpftool /usr/sbin/bpftool found: NO
Message: net/tap: no RSS support missing bpftool
Message: drivers/net/tap: Defining dependency "net_tap"
Compiler for C supports arguments -fno-prefetch-loop-arrays: YES 
Compiler for C supports arguments -Wno-maybe-uninitialized: YES (cached)
Message: drivers/net/thunderx: Defining dependency "net_thunderx"
Message: drivers/net/txgbe: Defining dependency "net_txgbe"
Compiler for C supports arguments -D_BSD_SOURCE: YES (cached)
Compiler for C supports arguments -D_DEFAULT_SOURCE: YES (cached)
Compiler for C supports arguments -D_XOPEN_SOURCE=600: YES (cached)
Message: drivers/net/vdev_netvsc: Defining dependency "net_vdev_netvsc"
Message: drivers/net/vhost: Defining dependency "net_vhost"
Message: drivers/net/virtio: Defining dependency "net_virtio"
Compiler for C supports arguments -Wno-unused-parameter: YES (cached)
Compiler for C supports arguments -Wno-unused-value: YES (cached)
Compiler for C supports arguments -Wno-strict-aliasing: YES (cached)
Compiler for C supports arguments -Wno-format-extra-args: YES (cached)
Message: drivers/net/vmxnet3: Defining dependency "net_vmxnet3"
Message: drivers/net/xsc: Defining dependency "net_xsc"
Message: drivers/net/zxdh: Defining dependency "net_zxdh"
Message: drivers/raw/cnxk_bphy: Defining dependency "raw_cnxk_bphy"
Message: drivers/raw/cnxk_gpio: Defining dependency "raw_cnxk_gpio"
Message: drivers/raw/cnxk_rvu_lf: Defining dependency "raw_cnxk_rvu_lf"
Message: drivers/raw/dpaa2_cmdif: Defining dependency "raw_dpaa2_cmdif"
Message: drivers/raw/gdtc: Defining dependency "raw_gdtc"
Message: drivers/raw/ntb: Defining dependency "raw_ntb"
Message: drivers/raw/skeleton: Defining dependency "raw_skeleton"
Run-time dependency libaarch64crypto found: NO (tried pkgconfig)
Message: drivers/crypto/bcmfs: Defining dependency "crypto_bcmfs"
Message: drivers/crypto/caam_jr: Defining dependency "crypto_caam_jr"
Dependency libcrypto found: YES 3.0.12 (cached)
Message: drivers/crypto/ccp: Defining dependency "crypto_ccp"
Message: drivers/crypto/cnxk: Defining dependency "crypto_cnxk"
Message: drivers/crypto/dpaa_sec: Defining dependency "crypto_dpaa_sec"
Message: drivers/crypto/dpaa2_sec: Defining dependency "crypto_dpaa2_sec"
Message: drivers/crypto/ionic: Defining dependency "crypto_ionic"
Library IPSec_MB found: NO
Compiler for C supports arguments -std=c11: YES (cached)
Compiler for C supports arguments -Wno-strict-prototypes: YES (cached)
Compiler for C supports arguments -D_BSD_SOURCE: YES (cached)
Compiler for C supports arguments -D_DEFAULT_SOURCE: YES (cached)
Compiler for C supports arguments -D_XOPEN_SOURCE=600: YES (cached)
Message: drivers/crypto/mlx5: Defining dependency "crypto_mlx5"
Run-time dependency libmusdk found: NO (tried pkgconfig)
Message: drivers/crypto/nitrox: Defining dependency "crypto_nitrox"
Message: drivers/crypto/null: Defining dependency "crypto_null"
Message: drivers/crypto/octeontx: Defining dependency "crypto_octeontx"
Dependency libcrypto found: YES 3.0.12 (cached)
Message: drivers/crypto/openssl: Defining dependency "crypto_openssl"
Message: drivers/crypto/scheduler: Defining dependency "crypto_scheduler"
Run-time dependency libwd_crypto found: NO (tried pkgconfig)
Run-time dependency libwd found: NO (tried pkgconfig)
Message: drivers/crypto/virtio: Defining dependency "crypto_virtio"
Run-time dependency libisal found: NO (tried pkgconfig)
Compiler for C supports arguments -std=c11: YES (cached)
Compiler for C supports arguments -Wno-strict-prototypes: YES (cached)
Compiler for C supports arguments -D_BSD_SOURCE: YES (cached)
Compiler for C supports arguments -D_DEFAULT_SOURCE: YES (cached)
Compiler for C supports arguments -D_XOPEN_SOURCE=600: YES (cached)
Message: drivers/compress/mlx5: Defining dependency "compress_mlx5"
Message: drivers/compress/nitrox: Defining dependency "compress_nitrox"
Message: drivers/compress/octeontx: Defining dependency "compress_octeontx"
Run-time dependency libwd_comp found: NO (tried pkgconfig)
Run-time dependency libwd found: NO (tried pkgconfig)
Dependency zlib found: YES 1.2.13 (cached)
Message: drivers/compress/zlib: Defining dependency "compress_zlib"
Compiler for C supports arguments -std=c11: YES (cached)
Compiler for C supports arguments -Wno-strict-prototypes: YES (cached)
Compiler for C supports arguments -D_BSD_SOURCE: YES (cached)
Compiler for C supports arguments -D_DEFAULT_SOURCE: YES (cached)
Compiler for C supports arguments -D_XOPEN_SOURCE=600: YES (cached)
Message: drivers/regex/mlx5: Defining dependency "regex_mlx5"
Message: drivers/regex/cn9k: Defining dependency "regex_cn9k"
Message: drivers/ml/cnxk: libarchive not found
Message: drivers/ml/cnxk: jansson not found
Found CMake: /usr/bin/cmake (3.30.5)
Run-time dependency dlpack found: NO (tried cmake)
Message: drivers/ml/cnxk: dlpack not found
Run-time dependency dmlc found: NO (tried cmake)
Message: drivers/ml/cnxk: dmlc not found
Run-time dependency tvm found: NO (tried cmake)
Message: drivers/ml/cnxk: tvm_runtime not found
Run-time dependency tvmdp found: NO (tried pkgconfig)
Message: drivers/ml/cnxk: tvmdp not found
Message: drivers/ml/cnxk: Disabled TVM model support
Message: drivers/ml/cnxk: Defining dependency "ml_cnxk"
Message: drivers/vdpa/ifc: Defining dependency "vdpa_ifc"
Compiler for C supports arguments -std=c11: YES (cached)
Compiler for C supports arguments -Wno-strict-prototypes: YES (cached)
Compiler for C supports arguments -D_BSD_SOURCE: YES (cached)
Compiler for C supports arguments -D_DEFAULT_SOURCE: YES (cached)
Compiler for C supports arguments -D_XOPEN_SOURCE=600: YES (cached)
Message: drivers/vdpa/mlx5: Defining dependency "vdpa_mlx5"
Message: drivers/vdpa/nfp: Defining dependency "vdpa_nfp"
Compiler for C supports arguments -flax-vector-conversions: YES (cached)
Compiler for C supports arguments -Wno-strict-aliasing: YES (cached)
Message: drivers/event/cnxk: Defining dependency "event_cnxk"
Message: drivers/event/dpaa: Defining dependency "event_dpaa"
Message: drivers/event/dpaa2: Defining dependency "event_dpaa2"
Compiler for C supports arguments -Wno-format-nonliteral: YES (cached)
Message: drivers/event/dsw: Defining dependency "event_dsw"
Message: drivers/event/octeontx: Defining dependency "event_octeontx"
Message: drivers/event/opdl: Defining dependency "event_opdl"
Message: drivers/event/skeleton: Defining dependency "event_skeleton"
Message: drivers/event/sw: Defining dependency "event_sw"
Run-time dependency flexran_sdk_ldpc_decoder_5gnr found: NO (tried pkgconfig and cmake)
Message: drivers/baseband/acc: Defining dependency "baseband_acc"
Message: drivers/baseband/fpga_5gnr_fec: Defining dependency "baseband_fpga_5gnr_fec"
Message: drivers/baseband/fpga_lte_fec: Defining dependency "baseband_fpga_lte_fec"
Message: drivers/baseband/la12xx: Defining dependency "baseband_la12xx"
Message: drivers/baseband/null: Defining dependency "baseband_null"
Run-time dependency flexran_sdk_turbo found: NO (tried pkgconfig and cmake)
Run-time dependency flexran_sdk_ldpc_decoder_5gnr found: NO (tried pkgconfig and cmake)
Message: drivers/baseband/turbo_sw: Defining dependency "baseband_turbo_sw"
Has header "cuda.h" : NO 
Message: drivers/power/acpi: Defining dependency "power_acpi"
Message: drivers/power/amd_pstate: Defining dependency "power_amd_pstate"
Library e_smi64 found: NO
Message: drivers/power/cppc: Defining dependency "power_cppc"
Message: drivers/power/intel_pstate: Defining dependency "power_intel_pstate"
Message: drivers/power/intel_uncore: Defining dependency "power_intel_uncore"
Message: drivers/power/kvm_vm: Defining dependency "power_kvm_vm"
Has header "sys/epoll.h" : YES 
Dependency zlib found: YES 1.2.13 (cached)
Run-time dependency pcap found: YES 1.10.4
Compiler for C supports arguments -fno-strict-aliasing: YES (cached)
Program clang found: YES (/usr/bin/clang)
Program xxd found: YES (/usr/bin/xxd)
Message: hugepage availability: true
Program test_telemetry.sh found: YES (/home/loongson/.dpdk/dpdk/app/test/suites/test_telemetry.sh)
Program doxygen found: NO
Program sphinx-build found: NO
Configuring rte_build_config.h using configuration
Message: 
=================
Applications Enabled
=================

apps:
	dumpcap, graph, pdump, proc-info, test-acl, test-bbdev, test-cmdline, test-compress-perf, 
	test-crypto-perf, test-dma-perf, test-eventdev, test-fib, test-flow-perf, test-gpudev, test-mldev, test-pipeline, 
	test-pmd, test-regex, test-sad, test-security-perf, test, 

Message: 
=================
Libraries Enabled
=================

libs:
	log, kvargs, argparse, telemetry, pmu, eal, ptr_compress, ring, 
	rcu, mempool, mbuf, net, meter, ethdev, pci, cmdline, 
	metrics, hash, timer, acl, bbdev, bitratestats, bpf, cfgfile, 
	compressdev, cryptodev, distributor, dmadev, efd, eventdev, dispatcher, gpudev, 
	gro, gso, ip_frag, jobstats, latencystats, lpm, member, pcapng, 
	power, rawdev, regexdev, mldev, rib, reorder, sched, security, 
	stack, vhost, ipsec, pdcp, fib, port, pdump, table, 
	pipeline, graph, node, 

Message: 
===============
Drivers Enabled
===============

common:
	cpt, dpaax, ionic, octeontx, cnxk, mlx5, nfp, nitrox, 
	qat, zsda, 
bus:
	auxiliary, cdx, dpaa, fslmc, ifpga, pci, platform, uacce, 
	vdev, vmbus, 
mempool:
	bucket, cnxk, dpaa, dpaa2, octeontx, ring, stack, 
dma:
	cnxk, dpaa, dpaa2, odm, skeleton, 
net:
	af_packet, ark, atlantic, avp, axgbe, bnx2x, bnxt, bond, 
	cnxk, cxgbe, dpaa, dpaa2, ena, enetc, enetfec, enic, 
	failsafe, gve, hinic, e1000, fm10k, iavf, ice, idpf, 
	ixgbe, cpfl, ionic, memif, mlx4, mlx5, nbl, netvsc, 
	nfp, ngbe, null, octeontx, octeon_ep, pcap, pfe, qede, 
	r8169, ring, rnp, softnic, tap, thunderx, txgbe, vdev_netvsc, 
	vhost, virtio, vmxnet3, xsc, zxdh, 
raw:
	cnxk_bphy, cnxk_gpio, cnxk_rvu_lf, dpaa2_cmdif, gdtc, ntb, skeleton, 
crypto:
	bcmfs, caam_jr, ccp, cnxk, dpaa_sec, dpaa2_sec, ionic, mlx5, 
	nitrox, null, octeontx, openssl, scheduler, virtio, 
compress:
	mlx5, nitrox, octeontx, zlib, 
regex:
	mlx5, cn9k, 
ml:
	cnxk, 
vdpa:
	ifc, mlx5, nfp, 
event:
	cnxk, dpaa, dpaa2, dsw, octeontx, opdl, skeleton, sw, 
	
baseband:
	acc, fpga_5gnr_fec, fpga_lte_fec, la12xx, null, turbo_sw, 
gpu:
	
power:
	acpi, amd_pstate, cppc, intel_pstate, intel_uncore, kvm_vm, 

Message: 
=================
Content Skipped
=================

apps:
	
libs:
	
drivers:
	common/mvep:	missing dependency, "libmusdk"
	common/sfc_efx:	only supported on x86_64 and aarch64
	dma/hisi_acc:	only supported on x86_64 and aarch64
	dma/hisi_pciep:	only supported on x86_64 and aarch64
	dma/idxd:	only supported on x86
	dma/ioat:	only supported on x86
	net/af_xdp:	missing dependency, "libxdp >=1.2.2" and "libbpf"
	net/hinic3:	only supported on x86_64 and aarch64
	net/hns3:	only supported on x86_64 and aarch64
	net/intel/i40e:	not supported on LoongArch
	net/intel/ipn3ke:	missing dependency, "libfdt"
	net/mana:	only supported on x86 or arm64 Linux
	net/mvneta:	missing dependency, "libmusdk"
	net/mvpp2:	missing dependency, "libmusdk"
	net/nfb:	missing dependency, "libnfb"
	net/ntnic:	only supported on x86_64 Linux
	net/sfc:	only supported on x86_64 and aarch64
	raw/ifpga:	missing dependency, "libfdt"
	crypto/armv8:	missing dependency, "libAArch64crypto"
	crypto/ipsec_mb:	missing dependency, "libIPSec_MB"
	crypto/mvsam:	missing dependency, "libmusdk"
	crypto/uadk:	missing dependency, "libwd"
	compress/isal:	missing dependency, "libisal"
	compress/uadk:	missing dependency, "libwd"
	vdpa/sfc:	only supported on x86_64 and aarch64
	event/dlb2:	only supported on x86_64 Linux
	gpu/cuda:	missing dependency, "cuda.h"
	power/amd_uncore:	missing dependency, "libe_smi"
	

Message: DPDK build config complete:
  source path = "/home/loongson/.dpdk/dpdk"
  build path  = "/home/loongson/.dpdk/dpdk/build"
Build targets in project: 1080

Found ninja-1.11.1 at /usr/bin/ninja
WARNING: Running the setup command as `meson [options]` instead of `meson setup [options]` is ambiguous and deprecated.
meson & ninja build pass
finding context: loongarch-compilation for 162762 ...
contexts for 162762: "checkpatch" "loongarch-compilation" "loongarch-unit-testing" "github-robot: build"
test report for 162762 from loongarch-compilation existed!
send test report for series 37785 to John McNamara <john.mcnamara@intel.com>
touch: cannot touch '/home/loongson/.dpdk/dpdk-ci/tools/../reports/162762_report.txt': No such file or directory
2026-03-27T03:40:02
https://patches.dpdk.org/api/events/?category=series-completed&page=1&since=2026-03-27T03:40:02
fetched series ids: 37785 37784 37783 37782 37781 37780 37779 37778 
2026-03-28T13:40:03 /home/loongson/.dpdk/dpdk-ci/tools/test-series.sh 37785
download-series.sh: request https://patches.dpdk.org/api/series/37785
pwid(s) for series 37785: 162762 
The number of patch(es) is: 1
/home/loongson/.dpdk/dpdk-ci/tools/../series/37785/162762.patch lines: 147
download series done!
list trees for series 37785: dpdk
try to apply on dpdk ...
Switched to branch 'unused'
Deleted branch main (was 626d4e3932).
Switched to a new branch 'main'
branch 'main' set up to track 'origin/main'.
need to update git base
/home/loongson/.dpdk/dpdk-ci/tools/test-series.sh: line 106: 542534 Killed                  timeout -s SIGKILL 60s git pull --rebase
2026-03-27T03:40:02
https://patches.dpdk.org/api/events/?category=series-completed&page=1&since=2026-03-27T03:40:02
fetched series ids: 37785 37784 37783 37782 37781 37780 37779 37778 
2026-03-28T13:45:03 /home/loongson/.dpdk/dpdk-ci/tools/test-series.sh 37785
download-series.sh: request https://patches.dpdk.org/api/series/37785
pwid(s) for series 37785: 162762 
The number of patch(es) is: 1
/home/loongson/.dpdk/dpdk-ci/tools/../series/37785/162762.patch lines: 147
download series done!
list trees for series 37785: dpdk
try to apply on dpdk ...
Switched to branch 'unused'
Deleted branch main (was 626d4e3932).
Switched to a new branch 'main'
branch 'main' set up to track 'origin/main'.
need to update git base
/home/loongson/.dpdk/dpdk-ci/tools/test-series.sh: line 106: 543140 Killed                  timeout -s SIGKILL 60s git pull --rebase
2026-03-27T03:40:02
https://patches.dpdk.org/api/events/?category=series-completed&page=1&since=2026-03-27T03:40:02
fetched series ids: 37785 37784 37783 37782 37781 37780 37779 37778 
2026-03-28T13:50:03 /home/loongson/.dpdk/dpdk-ci/tools/test-series.sh 37785
download-series.sh: request https://patches.dpdk.org/api/series/37785
pwid(s) for series 37785: 162762 
The number of patch(es) is: 1
/home/loongson/.dpdk/dpdk-ci/tools/../series/37785/162762.patch lines: 147
download series done!
list trees for series 37785: dpdk
try to apply on dpdk ...
Switched to branch 'unused'
Deleted branch main (was 626d4e3932).
Switched to a new branch 'main'
branch 'main' set up to track 'origin/main'.
need to update git base
Already up to date.
Deleted branch s-37785 (was bc89ab518f).
Switched to a new branch 's-37785'
Applying: doc: update release notes for 26.03
Insert one base commit: 37785 626d4e39327333cd5508885162e45ca7fb94ef7f
The Meson build system
Version: 1.4.1
Source dir: /home/loongson/.dpdk/dpdk
Build dir: /home/loongson/.dpdk/dpdk/build
Build type: native build
Project name: DPDK
Project version: 26.03.0-rc3
C compiler for the host machine: cc (gcc 12.3.0 "cc (GCC) 12.3.0 20230508 (Loongnix OS 12.3.0-10)")
C linker for the host machine: cc ld.bfd 2.41-5
Host machine cpu family: loongarch64
Host machine cpu: loongarch64
Message: ## Building in Developer Mode ##
Program pkg-config found: YES (/usr/bin/pkg-config)
Program check-symbols.sh found: YES (/home/loongson/.dpdk/dpdk/buildtools/check-symbols.sh)
Program options-ibverbs-static.sh found: YES (/home/loongson/.dpdk/dpdk/buildtools/options-ibverbs-static.sh)
Program python3 found: YES (/usr/bin/python3)
Program python3 (elftools) found: YES (/usr/bin/python3) modules: elftools
Message: Minimum Meson required version is 0.57.2
Program cat found: YES (/usr/bin/cat)
Compiler for C supports arguments -march=native: YES 
Checking for size of "void *" : 8 
Checking for size of "void *" : 8 (cached)
Compiler for C supports link arguments -Wl,--undefined-version: YES 
Library m found: YES
Library numa found: YES
Has header "numaif.h" : YES 
Library fdt found: NO
Library execinfo found: NO
Has header "execinfo.h" : YES 
Found pkg-config: YES (/usr/bin/pkg-config) 1.9.5
Run-time dependency libarchive found: NO (tried pkgconfig)
Run-time dependency libbsd found: NO (tried pkgconfig)
Run-time dependency jansson found: NO (tried pkgconfig)
Run-time dependency openssl found: YES 3.0.12
Run-time dependency libpcap found: YES 1.10.4
Has header "pcap.h" with dependency libpcap: YES 
Compiler for C supports arguments -Wvla: YES 
Compiler for C supports arguments -Wno-shadow: YES 
Compiler for C supports arguments -Wno-comma: NO 
Compiler for C supports arguments -Wcast-qual: YES 
Compiler for C supports arguments -Wcomma: NO 
Compiler for C supports arguments -Wdeprecated: YES 
Compiler for C supports arguments -Wformat: YES 
Compiler for C supports arguments -Wformat-nonliteral: YES 
Compiler for C supports arguments -Wformat-security: YES 
Compiler for C supports arguments -Wmissing-declarations: YES 
Compiler for C supports arguments -Wmissing-prototypes: YES 
Compiler for C supports arguments -Wnested-externs: YES 
Compiler for C supports arguments -Wold-style-definition: YES 
Compiler for C supports arguments -Wpointer-arith: YES 
Compiler for C supports arguments -Wshadow: YES 
Compiler for C supports arguments -Wsign-compare: YES 
Compiler for C supports arguments -Wstrict-prototypes: YES 
Compiler for C supports arguments -Wundef: YES 
Compiler for C supports arguments -Wwrite-strings: YES 
Compiler for C supports arguments -Wno-packed-not-aligned: YES 
Compiler for C supports arguments -Wno-missing-field-initializers: YES 
Compiler for C supports arguments -fzero-init-padding-bits=all: NO 
Message: Implementer : Generic loongarch
Message: ['-march=loongarch64']
Message: lib/log: Defining dependency "log"
Message: lib/kvargs: Defining dependency "kvargs"
Message: lib/argparse: Defining dependency "argparse"
Message: lib/telemetry: Defining dependency "telemetry"
Message: lib/pmu: Defining dependency "pmu"
Checking for function "pthread_attr_setaffinity_np" : YES 
Checking for function "getentropy" : NO 
Message: lib/eal: Defining dependency "eal"
Message: lib/ptr_compress: Defining dependency "ptr_compress"
Message: lib/ring: Defining dependency "ring"
Message: lib/rcu: Defining dependency "rcu"
Message: lib/mempool: Defining dependency "mempool"
Message: lib/mbuf: Defining dependency "mbuf"
Message: lib/net: Defining dependency "net"
Message: lib/meter: Defining dependency "meter"
Message: lib/ethdev: Defining dependency "ethdev"
Message: lib/pci: Defining dependency "pci"
Message: lib/cmdline: Defining dependency "cmdline"
Message: lib/metrics: Defining dependency "metrics"
Message: lib/hash: Defining dependency "hash"
Message: lib/timer: Defining dependency "timer"
Message: lib/acl: Defining dependency "acl"
Message: lib/bbdev: Defining dependency "bbdev"
Message: lib/bitratestats: Defining dependency "bitratestats"
Run-time dependency libelf found: YES 0.190
Message: lib/bpf: Defining dependency "bpf"
Message: lib/cfgfile: Defining dependency "cfgfile"
Message: lib/compressdev: Defining dependency "compressdev"
Message: lib/cryptodev: Defining dependency "cryptodev"
Message: lib/distributor: Defining dependency "distributor"
Message: lib/dmadev: Defining dependency "dmadev"
Message: lib/efd: Defining dependency "efd"
Message: lib/eventdev: Defining dependency "eventdev"
Message: lib/dispatcher: Defining dependency "dispatcher"
Message: lib/gpudev: Defining dependency "gpudev"
Message: lib/gro: Defining dependency "gro"
Message: lib/gso: Defining dependency "gso"
Message: lib/ip_frag: Defining dependency "ip_frag"
Message: lib/jobstats: Defining dependency "jobstats"
Message: lib/latencystats: Defining dependency "latencystats"
Message: lib/lpm: Defining dependency "lpm"
Message: lib/member: Defining dependency "member"
Message: lib/pcapng: Defining dependency "pcapng"
Message: lib/power: Defining dependency "power"
Message: lib/rawdev: Defining dependency "rawdev"
Message: lib/regexdev: Defining dependency "regexdev"
Message: lib/mldev: Defining dependency "mldev"
Message: lib/rib: Defining dependency "rib"
Message: lib/reorder: Defining dependency "reorder"
Message: lib/sched: Defining dependency "sched"
Message: lib/security: Defining dependency "security"
Message: lib/stack: Defining dependency "stack"
Has header "linux/userfaultfd.h" : YES 
Compiler for C supports arguments -fno-strict-aliasing: YES 
Compiler for C supports arguments -Wno-address-of-packed-member: YES 
Message: lib/vhost: Defining dependency "vhost"
Message: lib/ipsec: Defining dependency "ipsec"
Message: lib/pdcp: Defining dependency "pdcp"
Message: lib/fib: Defining dependency "fib"
Message: lib/port: Defining dependency "port"
Message: lib/pdump: Defining dependency "pdump"
Message: lib/table: Defining dependency "table"
Message: lib/pipeline: Defining dependency "pipeline"
Message: lib/graph: Defining dependency "graph"
Message: lib/node: Defining dependency "node"
Compiler for C supports arguments -Wno-format-truncation: YES 
Compiler for C supports arguments -Wno-address-of-packed-member: YES (cached)
Message: drivers/common/cpt: Defining dependency "common_cpt"
Compiler for C supports arguments -Wno-cast-qual: YES 
Compiler for C supports arguments -Wno-pointer-arith: YES 
Message: drivers/common/dpaax: Defining dependency "common_dpaax"
Message: drivers/common/ionic: Defining dependency "common_ionic"
Run-time dependency libmusdk found: NO (tried pkgconfig)
Message: drivers/common/octeontx: Defining dependency "common_octeontx"
Message: drivers/bus/auxiliary: Defining dependency "bus_auxiliary"
Message: drivers/bus/cdx: Defining dependency "bus_cdx"
Compiler for C supports arguments -Wno-cast-qual: YES (cached)
Compiler for C supports arguments -Wno-pointer-arith: YES (cached)
Message: drivers/bus/dpaa: Defining dependency "bus_dpaa"
Message: drivers/bus/fslmc: Defining dependency "bus_fslmc"
Message: drivers/bus/ifpga: Defining dependency "bus_ifpga"
Message: drivers/bus/pci: Defining dependency "bus_pci"
Message: drivers/bus/platform: Defining dependency "bus_platform"
Message: drivers/bus/uacce: Defining dependency "bus_uacce"
Message: drivers/bus/vdev: Defining dependency "bus_vdev"
Message: drivers/bus/vmbus: Defining dependency "bus_vmbus"
Message: drivers/common/cnxk: Defining dependency "common_cnxk"
Compiler for C supports arguments -std=c11: YES 
Compiler for C supports arguments -Wno-strict-prototypes: YES 
Compiler for C supports arguments -D_BSD_SOURCE: YES 
Compiler for C supports arguments -D_DEFAULT_SOURCE: YES 
Compiler for C supports arguments -D_XOPEN_SOURCE=600: YES 
Run-time dependency libmlx5 found: YES 1.25.54.0
Run-time dependency libibverbs found: YES 1.14.54.0
Library mtcr_ul found: NO
Header "infiniband/verbs.h" has symbol "IBV_FLOW_SPEC_ESP" with dependencies libmlx5, libibverbs: YES 
Header "infiniband/verbs.h" has symbol "IBV_RX_HASH_IPSEC_SPI" with dependencies libmlx5, libibverbs: YES 
Header "infiniband/verbs.h" has symbol "IBV_ACCESS_RELAXED_ORDERING " with dependencies libmlx5, libibverbs: YES 
Header "infiniband/mlx5dv.h" has symbol "MLX5DV_CQE_RES_FORMAT_CSUM_STRIDX" with dependencies libmlx5, libibverbs: YES 
Header "infiniband/mlx5dv.h" has symbol "MLX5DV_CONTEXT_MASK_TUNNEL_OFFLOADS" with dependencies libmlx5, libibverbs: YES 
Header "infiniband/mlx5dv.h" has symbol "MLX5DV_CONTEXT_FLAGS_MPW_ALLOWED" with dependencies libmlx5, libibverbs: YES 
Header "infiniband/mlx5dv.h" has symbol "MLX5DV_CONTEXT_FLAGS_CQE_128B_COMP" with dependencies libmlx5, libibverbs: YES 
Header "infiniband/mlx5dv.h" has symbol "MLX5DV_CQ_INIT_ATTR_FLAGS_CQE_PAD" with dependencies libmlx5, libibverbs: YES 
Header "infiniband/mlx5dv.h" has symbol "mlx5dv_create_flow_action_packet_reformat" with dependencies libmlx5, libibverbs: YES 
Header "infiniband/verbs.h" has symbol "IBV_FLOW_SPEC_MPLS" with dependencies libmlx5, libibverbs: YES 
Header "infiniband/verbs.h" has symbol "IBV_WQ_FLAGS_PCI_WRITE_END_PADDING" with dependencies libmlx5, libibverbs: YES 
Header "infiniband/verbs.h" has symbol "IBV_WQ_FLAG_RX_END_PADDING" with dependencies libmlx5, libibverbs: NO 
Header "infiniband/mlx5dv.h" has symbol "mlx5dv_query_devx_port" with dependencies libmlx5, libibverbs: NO 
Header "infiniband/mlx5dv.h" has symbol "mlx5dv_query_port" with dependencies libmlx5, libibverbs: YES 
Header "infiniband/mlx5dv.h" has symbol "mlx5dv_dr_action_create_dest_ib_port" with dependencies libmlx5, libibverbs: YES 
Header "infiniband/mlx5dv.h" has symbol "mlx5dv_devx_obj_create" with dependencies libmlx5, libibverbs: YES 
Header "infiniband/mlx5dv.h" has symbol "MLX5DV_FLOW_ACTION_COUNTERS_DEVX" with dependencies libmlx5, libibverbs: YES 
Header "infiniband/mlx5dv.h" has symbol "MLX5DV_FLOW_ACTION_DEFAULT_MISS" with dependencies libmlx5, libibverbs: YES 
Header "infiniband/mlx5dv.h" has symbol "mlx5dv_devx_obj_query_async" with dependencies libmlx5, libibverbs: YES 
Header "infiniband/mlx5dv.h" has symbol "mlx5dv_devx_qp_query" with dependencies libmlx5, libibverbs: YES 
Header "infiniband/mlx5dv.h" has symbol "mlx5dv_pp_alloc" with dependencies libmlx5, libibverbs: YES 
Header "infiniband/mlx5dv.h" has symbol "mlx5dv_dr_action_create_dest_devx_tir" with dependencies libmlx5, libibverbs: YES 
Header "infiniband/mlx5dv.h" has symbol "mlx5dv_devx_get_event" with dependencies libmlx5, libibverbs: YES 
Header "infiniband/mlx5dv.h" has symbol "mlx5dv_dr_action_create_flow_meter" with dependencies libmlx5, libibverbs: YES 
Header "infiniband/mlx5dv.h" has symbol "MLX5_MMAP_GET_NC_PAGES_CMD" with dependencies libmlx5, libibverbs: YES 
Header "infiniband/mlx5dv.h" has symbol "MLX5DV_DR_DOMAIN_TYPE_NIC_RX" with dependencies libmlx5, libibverbs: YES 
Header "infiniband/mlx5dv.h" has symbol "MLX5DV_DR_DOMAIN_TYPE_FDB" with dependencies libmlx5, libibverbs: YES 
Header "infiniband/mlx5dv.h" has symbol "mlx5dv_dr_action_create_push_vlan" with dependencies libmlx5, libibverbs: YES 
Header "infiniband/mlx5dv.h" has symbol "mlx5dv_alloc_var" with dependencies libmlx5, libibverbs: YES 
Header "infiniband/mlx5dv.h" has symbol "MLX5_OPCODE_ENHANCED_MPSW" with dependencies libmlx5, libibverbs: NO 
Header "infiniband/mlx5dv.h" has symbol "MLX5_OPCODE_SEND_EN" with dependencies libmlx5, libibverbs: NO 
Header "infiniband/mlx5dv.h" has symbol "MLX5_OPCODE_WAIT" with dependencies libmlx5, libibverbs: NO 
Header "infiniband/mlx5dv.h" has symbol "MLX5_OPCODE_ACCESS_ASO" with dependencies libmlx5, libibverbs: NO 
Header "linux/if_link.h" has symbol "IFLA_NUM_VF" with dependencies libmlx5, libibverbs: YES 
Header "linux/if_link.h" has symbol "IFLA_EXT_MASK" with dependencies libmlx5, libibverbs: YES 
Header "linux/if_link.h" has symbol "IFLA_PHYS_SWITCH_ID" with dependencies libmlx5, libibverbs: YES 
Header "linux/if_link.h" has symbol "IFLA_PHYS_PORT_NAME" with dependencies libmlx5, libibverbs: YES 
Header "rdma/rdma_netlink.h" has symbol "RDMA_NL_NLDEV" with dependencies libmlx5, libibverbs: YES 
Header "rdma/rdma_netlink.h" has symbol "RDMA_NLDEV_CMD_GET" with dependencies libmlx5, libibverbs: YES 
Header "rdma/rdma_netlink.h" has symbol "RDMA_NLDEV_CMD_PORT_GET" with dependencies libmlx5, libibverbs: YES 
Header "rdma/rdma_netlink.h" has symbol "RDMA_NLDEV_ATTR_DEV_INDEX" with dependencies libmlx5, libibverbs: YES 
Header "rdma/rdma_netlink.h" has symbol "RDMA_NLDEV_ATTR_DEV_NAME" with dependencies libmlx5, libibverbs: YES 
Header "rdma/rdma_netlink.h" has symbol "RDMA_NLDEV_ATTR_PORT_INDEX" with dependencies libmlx5, libibverbs: YES 
Header "rdma/rdma_netlink.h" has symbol "RDMA_NLDEV_ATTR_PORT_STATE" with dependencies libmlx5, libibverbs: YES 
Header "rdma/rdma_netlink.h" has symbol "RDMA_NLDEV_ATTR_NDEV_INDEX" with dependencies libmlx5, libibverbs: YES 
Header "rdma/rdma_netlink.h" has symbol "RDMA_NL_GROUP_NOTIFY" with dependencies libmlx5, libibverbs: NO 
Header "rdma/rdma_netlink.h" has symbol "RDMA_NLDEV_CMD_SYS_GET" with dependencies libmlx5, libibverbs: YES 
Header "rdma/rdma_netlink.h" has symbol "RDMA_NLDEV_SYS_ATTR_MONITOR_MODE" with dependencies libmlx5, libibverbs: NO 
Header "rdma/rdma_netlink.h" has symbol "RDMA_NLDEV_ATTR_EVENT_TYPE" with dependencies libmlx5, libibverbs: NO 
Header "rdma/rdma_netlink.h" has symbol "RDMA_NLDEV_CMD_MONITOR" with dependencies libmlx5, libibverbs: NO 
Header "infiniband/mlx5dv.h" has symbol "mlx5dv_dump_dr_domain" with dependencies libmlx5, libibverbs: YES 
Header "infiniband/mlx5dv.h" has symbol "mlx5dv_dr_action_create_flow_sampler" with dependencies libmlx5, libibverbs: YES 
Header "infiniband/mlx5dv.h" has symbol "mlx5dv_dr_domain_set_reclaim_device_memory" with dependencies libmlx5, libibverbs: YES 
Header "infiniband/mlx5dv.h" has symbol "mlx5dv_dr_action_create_dest_array" with dependencies libmlx5, libibverbs: YES 
Header "linux/devlink.h" has symbol "DEVLINK_GENL_NAME" with dependencies libmlx5, libibverbs: YES 
Header "infiniband/mlx5dv.h" has symbol "mlx5dv_dr_action_create_aso" with dependencies libmlx5, libibverbs: YES 
Header "infiniband/verbs.h" has symbol "INFINIBAND_VERBS_H" with dependencies libmlx5, libibverbs: YES 
Header "infiniband/mlx5dv.h" has symbol "MLX5_WQE_UMR_CTRL_FLAG_INLINE" with dependencies libmlx5, libibverbs: YES 
Header "infiniband/mlx5dv.h" has symbol "mlx5dv_dump_dr_rule" with dependencies libmlx5, libibverbs: YES 
Header "infiniband/mlx5dv.h" has symbol "MLX5DV_DR_ACTION_FLAGS_ASO_CT_DIRECTION_INITIATOR" with dependencies libmlx5, libibverbs: YES 
Header "infiniband/mlx5dv.h" has symbol "mlx5dv_dr_domain_allow_duplicate_rules" with dependencies libmlx5, libibverbs: YES 
Header "infiniband/verbs.h" has symbol "ibv_reg_mr_iova" with dependencies libmlx5, libibverbs: YES 
Header "infiniband/verbs.h" has symbol "ibv_import_device" with dependencies libmlx5, libibverbs: YES 
Header "infiniband/mlx5dv.h" has symbol "mlx5dv_dr_action_create_dest_root_table" with dependencies libmlx5, libibverbs: YES 
Header "infiniband/mlx5dv.h" has symbol "mlx5dv_create_steering_anchor" with dependencies libmlx5, libibverbs: YES 
Header "infiniband/verbs.h" has symbol "ibv_is_fork_initialized" with dependencies libmlx5, libibverbs: YES 
Header "infiniband/mlx5dv.h" has symbol "MLX5DV_CONTEXT_MASK_REG_C0" with dependencies libmlx5, libibverbs: YES 
Header "infiniband/mlx5dv.h" has symbol "MLX5DV_FLOW_ACTION_COUNTERS_DEVX_WITH_OFFSET" with dependencies libmlx5, libibverbs: NO 
Checking whether type "struct mlx5dv_sw_parsing_caps" has member "sw_parsing_offloads" with dependencies libmlx5, libibverbs: YES 
Checking whether type "struct ibv_counter_set_init_attr" has member "counter_set_id" with dependencies libmlx5, libibverbs: NO 
Checking whether type "struct ibv_counters_init_attr" has member "comp_mask" with dependencies libmlx5, libibverbs: YES 
Checking whether type "struct mlx5dv_devx_uar" has member "mmap_off" with dependencies libmlx5, libibverbs: YES 
Checking whether type "struct mlx5dv_flow_matcher_attr" has member "ft_type" with dependencies libmlx5, libibverbs: YES 
Configuring mlx5_autoconf.h using configuration
Message: drivers/common/mlx5: Defining dependency "common_mlx5"
Message: drivers/common/nfp: Defining dependency "common_nfp"
Message: drivers/common/nitrox: Defining dependency "common_nitrox"
Run-time dependency libcrypto found: YES 3.0.12
Library IPSec_MB found: NO
Message: drivers/common/qat: Defining dependency "common_qat"
Compiler for C supports arguments -Wdisabled-optimization: YES 
Compiler for C supports arguments -Waggregate-return: YES 
Compiler for C supports arguments -Wbad-function-cast: YES 
Compiler for C supports arguments -Wno-sign-compare: YES 
Compiler for C supports arguments -Wno-unused-parameter: YES 
Compiler for C supports arguments -Wno-unused-variable: YES 
Compiler for C supports arguments -Wno-empty-body: YES 
Compiler for C supports arguments -Wno-unused-but-set-variable: YES 
Message: drivers/common/zsda: Defining dependency "common_zsda"
Message: drivers/mempool/bucket: Defining dependency "mempool_bucket"
Message: drivers/mempool/cnxk: Defining dependency "mempool_cnxk"
Message: drivers/mempool/dpaa: Defining dependency "mempool_dpaa"
Message: drivers/mempool/dpaa2: Defining dependency "mempool_dpaa2"
Message: drivers/mempool/octeontx: Defining dependency "mempool_octeontx"
Message: drivers/mempool/ring: Defining dependency "mempool_ring"
Message: drivers/mempool/stack: Defining dependency "mempool_stack"
Compiler for C supports arguments -Wno-uninitialized: YES 
Message: drivers/dma/cnxk: Defining dependency "dma_cnxk"
Compiler for C supports arguments -Wno-pointer-arith: YES (cached)
Message: drivers/dma/dpaa: Defining dependency "dma_dpaa"
Compiler for C supports arguments -Wno-pointer-arith: YES (cached)
Message: drivers/dma/dpaa2: Defining dependency "dma_dpaa2"
Message: drivers/dma/odm: Defining dependency "dma_odm"
Message: drivers/dma/skeleton: Defining dependency "dma_skeleton"
Message: drivers/net/af_packet: Defining dependency "net_af_packet"
Run-time dependency libxdp found: NO (tried pkgconfig)
Run-time dependency libbpf found: YES 1.2.2
Has header "linux/if_xdp.h" : YES 
Has header "bpf/xsk.h" : NO 
Message: drivers/net/ark: Defining dependency "net_ark"
Message: drivers/net/atlantic: Defining dependency "net_atlantic"
Message: drivers/net/avp: Defining dependency "net_avp"
Message: drivers/net/axgbe: Defining dependency "net_axgbe"
Run-time dependency zlib found: YES 1.2.13
Message: drivers/net/bnx2x: Defining dependency "net_bnx2x"
Compiler for C supports arguments -DSUPPORT_CFA_HW_P70=1: YES 
Compiler for C supports arguments -DSUPPORT_CFA_HW_P70=1: YES (cached)
Compiler for C supports arguments -DCFA_BLD_PRINT_OBJ=1: YES 
Message: drivers/net/bnxt: Defining dependency "net_bnxt"
Message: drivers/net/bonding: Defining dependency "net_bond"
Compiler for C supports arguments -flax-vector-conversions: YES 
Compiler for C supports arguments -Wno-strict-aliasing: YES 
Message: drivers/net/cnxk: Defining dependency "net_cnxk"
Message: drivers/net/cxgbe: Defining dependency "net_cxgbe"
Compiler for C supports arguments -Wno-pointer-arith: YES (cached)
Message: drivers/net/dpaa: Defining dependency "net_dpaa"
Message: drivers/net/dpaa2: Defining dependency "net_dpaa2"
Message: drivers/net/ena: Defining dependency "net_ena"
Message: drivers/net/enetc: Defining dependency "net_enetc"
Message: drivers/net/enetfec: Defining dependency "net_enetfec"
Message: drivers/net/enic: Defining dependency "net_enic"
Message: drivers/net/failsafe: Defining dependency "net_failsafe"
Message: drivers/net/gve: Defining dependency "net_gve"
Message: drivers/net/hinic: Defining dependency "net_hinic"
Message: drivers/net/intel/e1000: Defining dependency "net_e1000"
Message: drivers/net/intel/fm10k: Defining dependency "net_fm10k"
Message: drivers/net/intel/iavf: Defining dependency "net_iavf"
Compiler for C supports arguments -Wno-unused-but-set-variable: YES (cached)
Compiler for C supports arguments -Wno-unused-parameter: YES (cached)
Compiler for C supports arguments -Wno-array-bounds: YES 
Message: drivers/net/intel/ice: Defining dependency "net_ice"
Message: drivers/net/intel/idpf: Defining dependency "net_idpf"
Message: drivers/net/intel/ixgbe: Defining dependency "net_ixgbe"
Message: drivers/net/intel/cpfl: Defining dependency "net_cpfl"
Message: drivers/net/ionic: Defining dependency "net_ionic"
Message: drivers/net/memif: Defining dependency "net_memif"
Run-time dependency libmlx4 found: YES 1.0.54.0
Dependency libibverbs found: YES 1.14.54.0 (cached)
Compiler for C supports arguments -std=c11: YES (cached)
Compiler for C supports arguments -Wno-strict-prototypes: YES (cached)
Compiler for C supports arguments -D_BSD_SOURCE: YES (cached)
Compiler for C supports arguments -D_DEFAULT_SOURCE: YES (cached)
Compiler for C supports arguments -D_XOPEN_SOURCE=600: YES (cached)
Header "infiniband/mlx4dv.h" has symbol "MLX4DV_SET_CTX_ATTR_BUF_ALLOCATORS" with dependencies libmlx4, libibverbs: YES 
Header "infiniband/mlx4dv.h" has symbol "MLX4DV_QP_MASK_UAR_MMAP_OFFSET" with dependencies libmlx4, libibverbs: YES 
Checking whether type "struct mlx4_wqe_lso_seg" has member "mss_hdr_size" with dependencies libmlx4, libibverbs: YES 
Configuring mlx4_autoconf.h using configuration
Message: drivers/net/mlx4: Defining dependency "net_mlx4"
Compiler for C supports arguments -std=c11: YES (cached)
Compiler for C supports arguments -Wno-strict-prototypes: YES (cached)
Compiler for C supports arguments -D_BSD_SOURCE: YES (cached)
Compiler for C supports arguments -D_DEFAULT_SOURCE: YES (cached)
Compiler for C supports arguments -D_XOPEN_SOURCE=600: YES (cached)
Message: drivers/net/mlx5: Defining dependency "net_mlx5"
Run-time dependency libmusdk found: NO (tried pkgconfig)
Run-time dependency libmusdk found: NO (tried pkgconfig)
Message: drivers/net/nbl: Defining dependency "net_nbl"
Message: drivers/net/netvsc: Defining dependency "net_netvsc"
Run-time dependency netcope-common found: NO (tried pkgconfig)
Message: drivers/net/nfp: Defining dependency "net_nfp"
Message: drivers/net/ngbe: Defining dependency "net_ngbe"
Message: drivers/net/null: Defining dependency "net_null"
Message: drivers/net/octeontx: Defining dependency "net_octeontx"
Compiler for C supports arguments -Wno-strict-aliasing: YES (cached)
Compiler for C supports arguments -flax-vector-conversions: YES (cached)
Message: drivers/net/octeon_ep: Defining dependency "net_octeon_ep"
Message: drivers/net/pcap: Defining dependency "net_pcap"
Compiler for C supports arguments -Wno-pointer-arith: YES (cached)
Message: drivers/net/pfe: Defining dependency "net_pfe"
Compiler for C supports arguments -Wno-unused-parameter: YES (cached)
Compiler for C supports arguments -Wno-sign-compare: YES (cached)
Compiler for C supports arguments -Wno-missing-prototypes: YES 
Compiler for C supports arguments -Wno-cast-qual: YES (cached)
Compiler for C supports arguments -Wno-unused-function: YES 
Compiler for C supports arguments -Wno-unused-variable: YES (cached)
Compiler for C supports arguments -Wno-strict-aliasing: YES (cached)
Compiler for C supports arguments -Wno-missing-prototypes: YES (cached)
Compiler for C supports arguments -Wno-unused-value: YES 
Compiler for C supports arguments -Wno-format-nonliteral: YES 
Compiler for C supports arguments -Wno-shift-negative-value: YES 
Compiler for C supports arguments -Wno-unused-but-set-variable: YES (cached)
Compiler for C supports arguments -Wno-missing-declarations: YES 
Compiler for C supports arguments -Wno-maybe-uninitialized: YES 
Compiler for C supports arguments -Wno-strict-prototypes: YES (cached)
Compiler for C supports arguments -Wno-shift-negative-value: YES (cached)
Compiler for C supports arguments -Wno-implicit-fallthrough: YES 
Compiler for C supports arguments -Wno-format-extra-args: YES 
Compiler for C supports arguments -Wno-visibility: NO 
Compiler for C supports arguments -Wno-empty-body: YES (cached)
Compiler for C supports arguments -Wno-invalid-source-encoding: NO 
Compiler for C supports arguments -Wno-sometimes-uninitialized: NO 
Compiler for C supports arguments -Wno-pointer-bool-conversion: NO 
Compiler for C supports arguments -Wno-format-nonliteral: YES (cached)
Message: drivers/net/qede: Defining dependency "net_qede"
Message: drivers/net/r8169: Defining dependency "net_r8169"
Message: drivers/net/ring: Defining dependency "net_ring"
Message: drivers/net/rnp: Defining dependency "net_rnp"
Message: drivers/net/softnic: Defining dependency "net_softnic"
Header "linux/pkt_cls.h" has symbol "TCA_FLOWER_ACT" : YES 
Dependency libbpf found: YES 1.2.2 (cached)
Program bpftool /usr/sbin/bpftool found: NO
Message: net/tap: no RSS support missing bpftool
Message: drivers/net/tap: Defining dependency "net_tap"
Compiler for C supports arguments -fno-prefetch-loop-arrays: YES 
Compiler for C supports arguments -Wno-maybe-uninitialized: YES (cached)
Message: drivers/net/thunderx: Defining dependency "net_thunderx"
Message: drivers/net/txgbe: Defining dependency "net_txgbe"
Compiler for C supports arguments -D_BSD_SOURCE: YES (cached)
Compiler for C supports arguments -D_DEFAULT_SOURCE: YES (cached)
Compiler for C supports arguments -D_XOPEN_SOURCE=600: YES (cached)
Message: drivers/net/vdev_netvsc: Defining dependency "net_vdev_netvsc"
Message: drivers/net/vhost: Defining dependency "net_vhost"
Message: drivers/net/virtio: Defining dependency "net_virtio"
Compiler for C supports arguments -Wno-unused-parameter: YES (cached)
Compiler for C supports arguments -Wno-unused-value: YES (cached)
Compiler for C supports arguments -Wno-strict-aliasing: YES (cached)
Compiler for C supports arguments -Wno-format-extra-args: YES (cached)
Message: drivers/net/vmxnet3: Defining dependency "net_vmxnet3"
Message: drivers/net/xsc: Defining dependency "net_xsc"
Message: drivers/net/zxdh: Defining dependency "net_zxdh"
Message: drivers/raw/cnxk_bphy: Defining dependency "raw_cnxk_bphy"
Message: drivers/raw/cnxk_gpio: Defining dependency "raw_cnxk_gpio"
Message: drivers/raw/cnxk_rvu_lf: Defining dependency "raw_cnxk_rvu_lf"
Message: drivers/raw/dpaa2_cmdif: Defining dependency "raw_dpaa2_cmdif"
Message: drivers/raw/gdtc: Defining dependency "raw_gdtc"
Message: drivers/raw/ntb: Defining dependency "raw_ntb"
Message: drivers/raw/skeleton: Defining dependency "raw_skeleton"
Run-time dependency libaarch64crypto found: NO (tried pkgconfig)
Message: drivers/crypto/bcmfs: Defining dependency "crypto_bcmfs"
Message: drivers/crypto/caam_jr: Defining dependency "crypto_caam_jr"
Dependency libcrypto found: YES 3.0.12 (cached)
Message: drivers/crypto/ccp: Defining dependency "crypto_ccp"
Message: drivers/crypto/cnxk: Defining dependency "crypto_cnxk"
Message: drivers/crypto/dpaa_sec: Defining dependency "crypto_dpaa_sec"
Message: drivers/crypto/dpaa2_sec: Defining dependency "crypto_dpaa2_sec"
Message: drivers/crypto/ionic: Defining dependency "crypto_ionic"
Library IPSec_MB found: NO
Compiler for C supports arguments -std=c11: YES (cached)
Compiler for C supports arguments -Wno-strict-prototypes: YES (cached)
Compiler for C supports arguments -D_BSD_SOURCE: YES (cached)
Compiler for C supports arguments -D_DEFAULT_SOURCE: YES (cached)
Compiler for C supports arguments -D_XOPEN_SOURCE=600: YES (cached)
Message: drivers/crypto/mlx5: Defining dependency "crypto_mlx5"
Run-time dependency libmusdk found: NO (tried pkgconfig)
Message: drivers/crypto/nitrox: Defining dependency "crypto_nitrox"
Message: drivers/crypto/null: Defining dependency "crypto_null"
Message: drivers/crypto/octeontx: Defining dependency "crypto_octeontx"
Dependency libcrypto found: YES 3.0.12 (cached)
Message: drivers/crypto/openssl: Defining dependency "crypto_openssl"
Message: drivers/crypto/scheduler: Defining dependency "crypto_scheduler"
Run-time dependency libwd_crypto found: NO (tried pkgconfig)
Run-time dependency libwd found: NO (tried pkgconfig)
Message: drivers/crypto/virtio: Defining dependency "crypto_virtio"
Run-time dependency libisal found: NO (tried pkgconfig)
Compiler for C supports arguments -std=c11: YES (cached)
Compiler for C supports arguments -Wno-strict-prototypes: YES (cached)
Compiler for C supports arguments -D_BSD_SOURCE: YES (cached)
Compiler for C supports arguments -D_DEFAULT_SOURCE: YES (cached)
Compiler for C supports arguments -D_XOPEN_SOURCE=600: YES (cached)
Message: drivers/compress/mlx5: Defining dependency "compress_mlx5"
Message: drivers/compress/nitrox: Defining dependency "compress_nitrox"
Message: drivers/compress/octeontx: Defining dependency "compress_octeontx"
Run-time dependency libwd_comp found: NO (tried pkgconfig)
Run-time dependency libwd found: NO (tried pkgconfig)
Dependency zlib found: YES 1.2.13 (cached)
Message: drivers/compress/zlib: Defining dependency "compress_zlib"
Compiler for C supports arguments -std=c11: YES (cached)
Compiler for C supports arguments -Wno-strict-prototypes: YES (cached)
Compiler for C supports arguments -D_BSD_SOURCE: YES (cached)
Compiler for C supports arguments -D_DEFAULT_SOURCE: YES (cached)
Compiler for C supports arguments -D_XOPEN_SOURCE=600: YES (cached)
Message: drivers/regex/mlx5: Defining dependency "regex_mlx5"
Message: drivers/regex/cn9k: Defining dependency "regex_cn9k"
Message: drivers/ml/cnxk: libarchive not found
Message: drivers/ml/cnxk: jansson not found
Found CMake: /usr/bin/cmake (3.30.5)
Run-time dependency dlpack found: NO (tried cmake)
Message: drivers/ml/cnxk: dlpack not found
Run-time dependency dmlc found: NO (tried cmake)
Message: drivers/ml/cnxk: dmlc not found
Run-time dependency tvm found: NO (tried cmake)
Message: drivers/ml/cnxk: tvm_runtime not found
Run-time dependency tvmdp found: NO (tried pkgconfig)
Message: drivers/ml/cnxk: tvmdp not found
Message: drivers/ml/cnxk: Disabled TVM model support
Message: drivers/ml/cnxk: Defining dependency "ml_cnxk"
Message: drivers/vdpa/ifc: Defining dependency "vdpa_ifc"
Compiler for C supports arguments -std=c11: YES (cached)
Compiler for C supports arguments -Wno-strict-prototypes: YES (cached)
Compiler for C supports arguments -D_BSD_SOURCE: YES (cached)
Compiler for C supports arguments -D_DEFAULT_SOURCE: YES (cached)
Compiler for C supports arguments -D_XOPEN_SOURCE=600: YES (cached)
Message: drivers/vdpa/mlx5: Defining dependency "vdpa_mlx5"
Message: drivers/vdpa/nfp: Defining dependency "vdpa_nfp"
Compiler for C supports arguments -flax-vector-conversions: YES (cached)
Compiler for C supports arguments -Wno-strict-aliasing: YES (cached)
Message: drivers/event/cnxk: Defining dependency "event_cnxk"
Message: drivers/event/dpaa: Defining dependency "event_dpaa"
Message: drivers/event/dpaa2: Defining dependency "event_dpaa2"
Compiler for C supports arguments -Wno-format-nonliteral: YES (cached)
Message: drivers/event/dsw: Defining dependency "event_dsw"
Message: drivers/event/octeontx: Defining dependency "event_octeontx"
Message: drivers/event/opdl: Defining dependency "event_opdl"
Message: drivers/event/skeleton: Defining dependency "event_skeleton"
Message: drivers/event/sw: Defining dependency "event_sw"
Run-time dependency flexran_sdk_ldpc_decoder_5gnr found: NO (tried pkgconfig and cmake)
Message: drivers/baseband/acc: Defining dependency "baseband_acc"
Message: drivers/baseband/fpga_5gnr_fec: Defining dependency "baseband_fpga_5gnr_fec"
Message: drivers/baseband/fpga_lte_fec: Defining dependency "baseband_fpga_lte_fec"
Message: drivers/baseband/la12xx: Defining dependency "baseband_la12xx"
Message: drivers/baseband/null: Defining dependency "baseband_null"
Run-time dependency flexran_sdk_turbo found: NO (tried pkgconfig and cmake)
Run-time dependency flexran_sdk_ldpc_decoder_5gnr found: NO (tried pkgconfig and cmake)
Message: drivers/baseband/turbo_sw: Defining dependency "baseband_turbo_sw"
Has header "cuda.h" : NO 
Message: drivers/power/acpi: Defining dependency "power_acpi"
Message: drivers/power/amd_pstate: Defining dependency "power_amd_pstate"
Library e_smi64 found: NO
Message: drivers/power/cppc: Defining dependency "power_cppc"
Message: drivers/power/intel_pstate: Defining dependency "power_intel_pstate"
Message: drivers/power/intel_uncore: Defining dependency "power_intel_uncore"
Message: drivers/power/kvm_vm: Defining dependency "power_kvm_vm"
Has header "sys/epoll.h" : YES 
Dependency zlib found: YES 1.2.13 (cached)
Run-time dependency pcap found: YES 1.10.4
Compiler for C supports arguments -fno-strict-aliasing: YES (cached)
Program clang found: YES (/usr/bin/clang)
Program xxd found: YES (/usr/bin/xxd)
Message: hugepage availability: true
Program test_telemetry.sh found: YES (/home/loongson/.dpdk/dpdk/app/test/suites/test_telemetry.sh)
Program doxygen found: NO
Program sphinx-build found: NO
Configuring rte_build_config.h using configuration
Message: 
=================
Applications Enabled
=================

apps:
	dumpcap, graph, pdump, proc-info, test-acl, test-bbdev, test-cmdline, test-compress-perf, 
	test-crypto-perf, test-dma-perf, test-eventdev, test-fib, test-flow-perf, test-gpudev, test-mldev, test-pipeline, 
	test-pmd, test-regex, test-sad, test-security-perf, test, 

Message: 
=================
Libraries Enabled
=================

libs:
	log, kvargs, argparse, telemetry, pmu, eal, ptr_compress, ring, 
	rcu, mempool, mbuf, net, meter, ethdev, pci, cmdline, 
	metrics, hash, timer, acl, bbdev, bitratestats, bpf, cfgfile, 
	compressdev, cryptodev, distributor, dmadev, efd, eventdev, dispatcher, gpudev, 
	gro, gso, ip_frag, jobstats, latencystats, lpm, member, pcapng, 
	power, rawdev, regexdev, mldev, rib, reorder, sched, security, 
	stack, vhost, ipsec, pdcp, fib, port, pdump, table, 
	pipeline, graph, node, 

Message: 
===============
Drivers Enabled
===============

common:
	cpt, dpaax, ionic, octeontx, cnxk, mlx5, nfp, nitrox, 
	qat, zsda, 
bus:
	auxiliary, cdx, dpaa, fslmc, ifpga, pci, platform, uacce, 
	vdev, vmbus, 
mempool:
	bucket, cnxk, dpaa, dpaa2, octeontx, ring, stack, 
dma:
	cnxk, dpaa, dpaa2, odm, skeleton, 
net:
	af_packet, ark, atlantic, avp, axgbe, bnx2x, bnxt, bond, 
	cnxk, cxgbe, dpaa, dpaa2, ena, enetc, enetfec, enic, 
	failsafe, gve, hinic, e1000, fm10k, iavf, ice, idpf, 
	ixgbe, cpfl, ionic, memif, mlx4, mlx5, nbl, netvsc, 
	nfp, ngbe, null, octeontx, octeon_ep, pcap, pfe, qede, 
	r8169, ring, rnp, softnic, tap, thunderx, txgbe, vdev_netvsc, 
	vhost, virtio, vmxnet3, xsc, zxdh, 
raw:
	cnxk_bphy, cnxk_gpio, cnxk_rvu_lf, dpaa2_cmdif, gdtc, ntb, skeleton, 
crypto:
	bcmfs, caam_jr, ccp, cnxk, dpaa_sec, dpaa2_sec, ionic, mlx5, 
	nitrox, null, octeontx, openssl, scheduler, virtio, 
compress:
	mlx5, nitrox, octeontx, zlib, 
regex:
	mlx5, cn9k, 
ml:
	cnxk, 
vdpa:
	ifc, mlx5, nfp, 
event:
	cnxk, dpaa, dpaa2, dsw, octeontx, opdl, skeleton, sw, 
	
baseband:
	acc, fpga_5gnr_fec, fpga_lte_fec, la12xx, null, turbo_sw, 
gpu:
	
power:
	acpi, amd_pstate, cppc, intel_pstate, intel_uncore, kvm_vm, 

Message: 
=================
Content Skipped
=================

apps:
	
libs:
	
drivers:
	common/mvep:	missing dependency, "libmusdk"
	common/sfc_efx:	only supported on x86_64 and aarch64
	dma/hisi_acc:	only supported on x86_64 and aarch64
	dma/hisi_pciep:	only supported on x86_64 and aarch64
	dma/idxd:	only supported on x86
	dma/ioat:	only supported on x86
	net/af_xdp:	missing dependency, "libxdp >=1.2.2" and "libbpf"
	net/hinic3:	only supported on x86_64 and aarch64
	net/hns3:	only supported on x86_64 and aarch64
	net/intel/i40e:	not supported on LoongArch
	net/intel/ipn3ke:	missing dependency, "libfdt"
	net/mana:	only supported on x86 or arm64 Linux
	net/mvneta:	missing dependency, "libmusdk"
	net/mvpp2:	missing dependency, "libmusdk"
	net/nfb:	missing dependency, "libnfb"
	net/ntnic:	only supported on x86_64 Linux
	net/sfc:	only supported on x86_64 and aarch64
	raw/ifpga:	missing dependency, "libfdt"
	crypto/armv8:	missing dependency, "libAArch64crypto"
	crypto/ipsec_mb:	missing dependency, "libIPSec_MB"
	crypto/mvsam:	missing dependency, "libmusdk"
	crypto/uadk:	missing dependency, "libwd"
	compress/isal:	missing dependency, "libisal"
	compress/uadk:	missing dependency, "libwd"
	vdpa/sfc:	only supported on x86_64 and aarch64
	event/dlb2:	only supported on x86_64 Linux
	gpu/cuda:	missing dependency, "cuda.h"
	power/amd_uncore:	missing dependency, "libe_smi"
	

Message: DPDK build config complete:
  source path = "/home/loongson/.dpdk/dpdk"
  build path  = "/home/loongson/.dpdk/dpdk/build"
Build targets in project: 1080

Found ninja-1.11.1 at /usr/bin/ninja
WARNING: Running the setup command as `meson [options]` instead of `meson setup [options]` is ambiguous and deprecated.
meson & ninja build pass
finding context: loongarch-compilation for 162762 ...
contexts for 162762: "checkpatch" "loongarch-compilation" "loongarch-unit-testing" "github-robot: build"
test report for 162762 from loongarch-compilation existed!
send test report for series 37785 to John McNamara <john.mcnamara@intel.com>
touch: cannot touch '/home/loongson/.dpdk/dpdk-ci/tools/../reports/162762_report.txt': No such file or directory
2026-03-27T03:40:02
https://patches.dpdk.org/api/events/?category=series-completed&page=1&since=2026-03-27T03:40:02
fetched series ids: 37785 37784 37783 37782 37781 37780 37779 37778 
2026-03-28T13:55:03 /home/loongson/.dpdk/dpdk-ci/tools/test-series.sh 37785
download-series.sh: request https://patches.dpdk.org/api/series/37785
pwid(s) for series 37785: 162762 
The number of patch(es) is: 1
/home/loongson/.dpdk/dpdk-ci/tools/../series/37785/162762.patch lines: 147
download series done!
list trees for series 37785: dpdk
try to apply on dpdk ...
Switched to branch 'unused'
Deleted branch main (was 626d4e3932).
Switched to a new branch 'main'
branch 'main' set up to track 'origin/main'.
need to update git base
/home/loongson/.dpdk/dpdk-ci/tools/test-series.sh: line 106: 567275 Killed                  timeout -s SIGKILL 60s git pull --rebase
2026-03-27T03:40:02
https://patches.dpdk.org/api/events/?category=series-completed&page=1&since=2026-03-27T03:40:02
fetched series ids: 37785 37784 37783 37782 37781 37780 37779 37778 
2026-03-28T14:00:02 /home/loongson/.dpdk/dpdk-ci/tools/test-series.sh 37785
download-series.sh: request https://patches.dpdk.org/api/series/37785
pwid(s) for series 37785: 162762 
The number of patch(es) is: 1
/home/loongson/.dpdk/dpdk-ci/tools/../series/37785/162762.patch lines: 147
download series done!
list trees for series 37785: dpdk
try to apply on dpdk ...
Switched to branch 'unused'
Deleted branch main (was 626d4e3932).
Switched to a new branch 'main'
branch 'main' set up to track 'origin/main'.
need to update git base
/home/loongson/.dpdk/dpdk-ci/tools/test-series.sh: line 106: 567887 Killed                  timeout -s SIGKILL 60s git pull --rebase
2026-03-27T03:40:02
https://patches.dpdk.org/api/events/?category=series-completed&page=1&since=2026-03-27T03:40:02
fetched series ids: 37785 37784 37783 37782 37781 37780 37779 37778 
2026-03-28T14:05:02 /home/loongson/.dpdk/dpdk-ci/tools/test-series.sh 37785
download-series.sh: request https://patches.dpdk.org/api/series/37785
pwid(s) for series 37785: 162762 
The number of patch(es) is: 1
/home/loongson/.dpdk/dpdk-ci/tools/../series/37785/162762.patch lines: 147
download series done!
list trees for series 37785: dpdk
try to apply on dpdk ...
Switched to branch 'unused'
Deleted branch main (was 626d4e3932).
Switched to a new branch 'main'
branch 'main' set up to track 'origin/main'.
need to update git base
/home/loongson/.dpdk/dpdk-ci/tools/test-series.sh: line 106: 568514 Killed                  timeout -s SIGKILL 60s git pull --rebase
2026-03-27T03:40:02
https://patches.dpdk.org/api/events/?category=series-completed&page=1&since=2026-03-27T03:40:02
fetched series ids: 37785 37784 37783 37782 37781 37780 37779 37778 
2026-03-28T14:10:03 /home/loongson/.dpdk/dpdk-ci/tools/test-series.sh 37785
download-series.sh: request https://patches.dpdk.org/api/series/37785
pwid(s) for series 37785: 162762 
The number of patch(es) is: 1
/home/loongson/.dpdk/dpdk-ci/tools/../series/37785/162762.patch lines: 147
download series done!
list trees for series 37785: dpdk
try to apply on dpdk ...
Switched to branch 'unused'
Deleted branch main (was 626d4e3932).
Switched to a new branch 'main'
branch 'main' set up to track 'origin/main'.
need to update git base
/home/loongson/.dpdk/dpdk-ci/tools/test-series.sh: line 106: 569128 Killed                  timeout -s SIGKILL 60s git pull --rebase
run-dpdk-ci.sh exits because loongarch-dpdk-ci.sh is running
2026-03-27T06:13:11
https://patches.dpdk.org/api/events/?category=series-completed&page=1&since=2026-03-27T06:13:11
fetched series ids: 37785 37784 37783 37782 37781 37780 37779 
2026-03-28T14:20:03 /home/loongson/.dpdk/dpdk-ci/tools/test-series.sh 37784
download-series.sh: request https://patches.dpdk.org/api/series/37784
pwid(s) for series 37784: 162761 
The number of patch(es) is: 1
/home/loongson/.dpdk/dpdk-ci/tools/../series/37784/162761.patch lines: 456
download series done!
list trees for series 37784: dpdk-next-dts
try to apply on dpdk-next-dts ...
Already on 'unused'
error: branch 'null' not found
2026-03-27T06:13:11
https://patches.dpdk.org/api/events/?category=series-completed&page=1&since=2026-03-27T06:13:11
fetched series ids: 37785 37784 37783 37782 37781 37780 37779 
2026-03-28T14:25:03 /home/loongson/.dpdk/dpdk-ci/tools/test-series.sh 37784
download-series.sh: request https://patches.dpdk.org/api/series/37784
pwid(s) for series 37784: 162761 
The number of patch(es) is: 1
/home/loongson/.dpdk/dpdk-ci/tools/../series/37784/162761.patch lines: 456
download series done!
list trees for series 37784: dpdk-next-dts
try to apply on dpdk-next-dts ...
Already on 'unused'
error: branch 'null' not found
2026-03-27T06:13:11
https://patches.dpdk.org/api/events/?category=series-completed&page=1&since=2026-03-27T06:13:11
fetched series ids: 37785 37784 37783 37782 37781 37780 37779 
2026-03-28T14:30:03 /home/loongson/.dpdk/dpdk-ci/tools/test-series.sh 37784
download-series.sh: request https://patches.dpdk.org/api/series/37784
pwid(s) for series 37784: 162761 
The number of patch(es) is: 1
/home/loongson/.dpdk/dpdk-ci/tools/../series/37784/162761.patch lines: 456
download series done!
list trees for series 37784: dpdk-next-dts
try to apply on dpdk-next-dts ...
Already on 'unused'
error: branch 'null' not found
2026-03-27T06:13:11
https://patches.dpdk.org/api/events/?category=series-completed&page=1&since=2026-03-27T06:13:11
fetched series ids: 37785 37784 37783 37782 37781 37780 37779 
2026-03-28T14:35:03 /home/loongson/.dpdk/dpdk-ci/tools/test-series.sh 37784
download-series.sh: request https://patches.dpdk.org/api/series/37784
pwid(s) for series 37784: 162761 
The number of patch(es) is: 1
/home/loongson/.dpdk/dpdk-ci/tools/../series/37784/162761.patch lines: 456
download series done!
list trees for series 37784: dpdk-next-dts
try to apply on dpdk-next-dts ...
Already on 'unused'
error: branch 'null' not found
2026-03-27T06:13:11
https://patches.dpdk.org/api/events/?category=series-completed&page=1&since=2026-03-27T06:13:11
fetched series ids: 37785 37784 37783 37782 37781 37780 37779 
2026-03-28T14:40:02 /home/loongson/.dpdk/dpdk-ci/tools/test-series.sh 37784
download-series.sh: request https://patches.dpdk.org/api/series/37784
pwid(s) for series 37784: 162761 
The number of patch(es) is: 1
/home/loongson/.dpdk/dpdk-ci/tools/../series/37784/162761.patch lines: 456
download series done!
list trees for series 37784: dpdk-next-dts
try to apply on dpdk-next-dts ...
Already on 'unused'
error: branch 'null' not found
2026-03-27T06:13:11
https://patches.dpdk.org/api/events/?category=series-completed&page=1&since=2026-03-27T06:13:11
fetched series ids: 37785 37784 37783 37782 37781 37780 37779 
2026-03-28T14:45:03 /home/loongson/.dpdk/dpdk-ci/tools/test-series.sh 37784
download-series.sh: request https://patches.dpdk.org/api/series/37784
pwid(s) for series 37784: 162761 
The number of patch(es) is: 1
/home/loongson/.dpdk/dpdk-ci/tools/../series/37784/162761.patch lines: 456
download series done!
list trees for series 37784: dpdk-next-dts
try to apply on dpdk-next-dts ...
Already on 'unused'
error: branch 'null' not found
2026-03-27T06:13:11
https://patches.dpdk.org/api/events/?category=series-completed&page=1&since=2026-03-27T06:13:11
fetched series ids: 37785 37784 37783 37782 37781 37780 37779 
2026-03-28T14:50:03 /home/loongson/.dpdk/dpdk-ci/tools/test-series.sh 37784
download-series.sh: request https://patches.dpdk.org/api/series/37784
pwid(s) for series 37784: 162761 
The number of patch(es) is: 1
/home/loongson/.dpdk/dpdk-ci/tools/../series/37784/162761.patch lines: 456
download series done!
list trees for series 37784: dpdk-next-dts
try to apply on dpdk-next-dts ...
Already on 'unused'
error: branch 'null' not found
2026-03-27T06:13:11
https://patches.dpdk.org/api/events/?category=series-completed&page=1&since=2026-03-27T06:13:11
fetched series ids: 37785 37784 37783 37782 37781 37780 37779 
2026-03-28T14:55:03 /home/loongson/.dpdk/dpdk-ci/tools/test-series.sh 37784
download-series.sh: request https://patches.dpdk.org/api/series/37784
pwid(s) for series 37784: 162761 
The number of patch(es) is: 1
/home/loongson/.dpdk/dpdk-ci/tools/../series/37784/162761.patch lines: 456
download series done!
list trees for series 37784: dpdk-next-dts
try to apply on dpdk-next-dts ...
Already on 'unused'
error: branch 'null' not found
2026-03-27T06:13:11
https://patches.dpdk.org/api/events/?category=series-completed&page=1&since=2026-03-27T06:13:11
fetched series ids: 37785 37784 37783 37782 37781 37780 37779 
2026-03-28T15:00:03 /home/loongson/.dpdk/dpdk-ci/tools/test-series.sh 37784
download-series.sh: request https://patches.dpdk.org/api/series/37784
pwid(s) for series 37784: 162761 
The number of patch(es) is: 1
/home/loongson/.dpdk/dpdk-ci/tools/../series/37784/162761.patch lines: 456
download series done!
list trees for series 37784: dpdk-next-dts
try to apply on dpdk-next-dts ...
Already on 'unused'
error: branch 'null' not found
run-dpdk-ci.sh exits because loongarch-dpdk-ci.sh is running
run-dpdk-ci.sh exits because loongarch-dpdk-ci.sh is running
run-dpdk-ci.sh exits because loongarch-dpdk-ci.sh is running
2026-03-27T07:04:02
https://patches.dpdk.org/api/events/?category=series-completed&page=1&since=2026-03-27T07:04:02
fetched series ids: 37785 37784 37783 37782 37781 37780 37779 
2026-03-28T15:20:03 /home/loongson/.dpdk/dpdk-ci/tools/test-series.sh 37782
download-series.sh: request https://patches.dpdk.org/api/series/37782
pwid(s) for series 37782: 162751 162752 162753 162754 
The number of patch(es) is: 4
/home/loongson/.dpdk/dpdk-ci/tools/../series/37782/162751.patch lines: 159
/home/loongson/.dpdk/dpdk-ci/tools/../series/37782/162752.patch lines: 117
/home/loongson/.dpdk/dpdk-ci/tools/../series/37782/162753.patch lines: 142
/home/loongson/.dpdk/dpdk-ci/tools/../series/37782/162754.patch lines: 129
download series done!
list trees for series 37782: dpdk-next-net-intel
try to apply on dpdk-next-net-intel ...
Already on 'unused'
error: branch 'next-net-intel-for-next-net' not found
2026-03-27T07:04:02
https://patches.dpdk.org/api/events/?category=series-completed&page=1&since=2026-03-27T07:04:02
fetched series ids: 37785 37784 37783 37782 37781 37780 37779 
2026-03-28T15:25:03 /home/loongson/.dpdk/dpdk-ci/tools/test-series.sh 37782
download-series.sh: request https://patches.dpdk.org/api/series/37782
pwid(s) for series 37782: 162751 162752 162753 162754 
The number of patch(es) is: 4
/home/loongson/.dpdk/dpdk-ci/tools/../series/37782/162751.patch lines: 159
/home/loongson/.dpdk/dpdk-ci/tools/../series/37782/162752.patch lines: 117
/home/loongson/.dpdk/dpdk-ci/tools/../series/37782/162753.patch lines: 142
/home/loongson/.dpdk/dpdk-ci/tools/../series/37782/162754.patch lines: 129
download series done!
list trees for series 37782: dpdk-next-net-intel
try to apply on dpdk-next-net-intel ...
Already on 'unused'
error: branch 'next-net-intel-for-next-net' not found
2026-03-27T07:04:02
https://patches.dpdk.org/api/events/?category=series-completed&page=1&since=2026-03-27T07:04:02
fetched series ids: 37785 37784 37783 37782 37781 37780 37779 
2026-03-28T15:30:02 /home/loongson/.dpdk/dpdk-ci/tools/test-series.sh 37782
download-series.sh: request https://patches.dpdk.org/api/series/37782
pwid(s) for series 37782: 162751 162752 162753 162754 
The number of patch(es) is: 4
/home/loongson/.dpdk/dpdk-ci/tools/../series/37782/162751.patch lines: 159
/home/loongson/.dpdk/dpdk-ci/tools/../series/37782/162752.patch lines: 117
/home/loongson/.dpdk/dpdk-ci/tools/../series/37782/162753.patch lines: 142
/home/loongson/.dpdk/dpdk-ci/tools/../series/37782/162754.patch lines: 129
download series done!
list trees for series 37782: dpdk-next-net-intel
try to apply on dpdk-next-net-intel ...
Already on 'unused'
error: branch 'next-net-intel-for-next-net' not found
2026-03-27T07:04:02
https://patches.dpdk.org/api/events/?category=series-completed&page=1&since=2026-03-27T07:04:02
fetched series ids: 37786 37785 37784 37783 37782 37781 37780 37779 
2026-03-28T15:35:03 /home/loongson/.dpdk/dpdk-ci/tools/test-series.sh 37786
download-series.sh: request https://patches.dpdk.org/api/series/37786
pwid(s) for series 37786: 162763 
The number of patch(es) is: 1
/home/loongson/.dpdk/dpdk-ci/tools/../series/37786/162763.patch lines: 98
download series done!
list trees for series 37786: dpdk-next-net
try to apply on dpdk-next-net ...
Already on 'unused'
error: branch 'next-net-for-main' not found
